quality (node 24)	Run npm test	﻿2026-09-05T13:20:06.8826692Z ##[group]Run npm test
quality (node 24)	Run npm test	2026-09-05T13:20:06.8827069Z ^[[36;1mnpm test^[[0m
quality (node 24)	Run npm test	2026-09-05T13:20:06.8850382Z shell: /usr/bin/bash -e {0}
quality (node 24)	Run npm test	2026-09-05T13:20:06.8851035Z env:
quality (node 24)	Run npm test	2026-09-05T13:20:06.8851307Z   NODE_VERSION: 24
quality (node 24)	Run npm test	2026-09-05T13:20:06.8851630Z ##[endgroup]
quality (node 24)	Run npm test	2026-09-05T13:20:06.9715158Z 
quality (node 24)	Run npm test	2026-09-05T13:20:06.9715954Z > motion5@0.0.0 test
quality (node 24)	Run npm test	2026-09-05T13:20:06.9716725Z > vitest run
quality (node 24)	Run npm test	2026-09-05T13:20:06.9717070Z 
quality (node 24)	Run npm test	2026-09-05T13:20:07.2448146Z 
quality (node 24)	Run npm test	2026-09-05T13:20:07.2452496Z ^[[1m^[[30m^[[46m RUN ^[[49m^[[39m^[[22m ^[[36mv4.1.10 ^[[39m^[[90m/home/runner/work/motion5/motion5^[[39m
quality (node 24)	Run npm test	2026-09-05T13:20:07.2453450Z 
quality (node 24)	Run npm test	2026-09-05T13:20:07.5908418Z  ^[[32m✓^[[39m packages/core/test/unit/scripts/evidence-case-ids.test.ts ^[[2m(^[[22m^[[2m5 tests^[[22m^[[2m)^[[22m^[[32m 40^[[2mms^[[22m^[[39m
quality (node 24)	Run npm test	2026-09-05T13:20:07.8324246Z  ^[[32m✓^[[39m packages/core/test/unit/plugins/pivot-offset-solve.test.ts ^[[2m(^[[22m^[[2m10 tests^[[22m^[[2m)^[[22m^[[32m 29^[[2mms^[[22m^[[39m
quality (node 24)	Run npm test	2026-09-05T13:20:07.8473744Z  ^[[31m❯^[[39m packages/core/test/unit/runtime/structural-commit-path.test.ts ^[[2m(^[[22m^[[2m22 tests^[[22m^[[2m | ^[[22m^[[31m1 failed^[[39m^[[2m)^[[22m^[[32m 43^[[2mms^[[22m^[[39m
quality (node 24)	Run npm test	2026-09-05T13:20:07.8476428Z      ^[[32m✓^[[39m RA-1 creates the Motion before the graph is asked and destroys it on refusal^[[32m 8^[[2mms^[[22m^[[39m
quality (node 24)	Run npm test	2026-09-05T13:20:07.8477829Z      ^[[32m✓^[[39m RA-2 reports a createMotion failure verbatim and rolls nothing back^[[32m 2^[[2mms^[[22m^[[39m
quality (node 24)	Run npm test	2026-09-05T13:20:07.8479238Z      ^[[32m✓^[[39m RA-3 compiles a new Track, then registers it with its Motion, then mounts it^[[32m 3^[[2mms^[[22m^[[39m
quality (node 24)	Run npm test	2026-09-05T13:20:07.8480551Z      ^[[32m✓^[[39m RA-4 disposes the compiled Track and registers nothing when the graph refuses^[[32m 1^[[2mms^[[22m^[[39m
quality (node 24)	Run npm test	2026-09-05T13:20:07.8482121Z      ^[[32m✓^[[39m RA-5 drops the entry before the removal hooks run, and runs them in order^[[32m 1^[[2mms^[[22m^[[39m
quality (node 24)	Run npm test	2026-09-05T13:20:07.8483476Z      ^[[32m✓^[[39m RA-6 refuses a Motion that still owns tracks and reaches no hook^[[32m 1^[[2mms^[[22m^[[39m
quality (node 24)	Run npm test	2026-09-05T13:20:07.8484708Z      ^[[32m✓^[[39m RA-7 leaves the retained definitions and the committed graph agreeing^[[32m 2^[[2mms^[[22m^[[39m
quality (node 24)	Run npm test	2026-09-05T13:20:07.8486035Z      ^[[32m✓^[[39m RA-114 refuses the commit a hook disposed, rolls it back, then tears down once^[[32m 1^[[2mms^[[22m^[[39m
quality (node 24)	Run npm test	2026-09-05T13:20:07.8487405Z      ^[[32m✓^[[39m RA-115 keeps a hook's own failure ahead of the disposal it also asked for^[[32m 1^[[2mms^[[22m^[[39m
quality (node 24)	Run npm test	2026-09-05T13:20:07.8488849Z      ^[[32m✓^[[39m RA-116 answers as disposed from the call rather than from the teardown^[[32m 1^[[2mms^[[22m^[[39m
quality (node 24)	Run npm test	2026-09-05T13:20:07.8490144Z      ^[[32m✓^[[39m RA-117 finishes the settle steps a settle hook disposed through, and skips the flush^[[32m 1^[[2mms^[[22m^[[39m
quality (node 24)	Run npm test	2026-09-05T13:20:07.8492374Z      ^[[32m✓^[[39m RA-118 refuses a structural entry point re-entered from inside a commit's effects^[[32m 1^[[2mms^[[22m^[[39m
quality (node 24)	Run npm test	2026-09-05T13:20:07.8493742Z      ^[[32m✓^[[39m RA-119 leaves the calling commit whole when its hook keeps the refusal to itself^[[32m 1^[[2mms^[[22m^[[39m
quality (node 24)	Run npm test	2026-09-05T13:20:07.8495158Z      ^[[32m✓^[[39m RA-120 refuses a removal of the node the commit it re-entered is replacing^[[32m 1^[[2mms^[[22m^[[39m
quality (node 24)	Run npm test	2026-09-05T13:20:07.8496562Z      ^[[32m✓^[[39m RA-121 refuses a re-entry from a settle step, and finishes the phase it interrupted^[[32m 1^[[2mms^[[22m^[[39m
quality (node 24)	Run npm test	2026-09-05T13:20:07.8498218Z      ^[[32m✓^[[39m RA-122 leaves a hook's reads answering, and its commit accepted once the commit returned^[[32m 1^[[2mms^[[22m^[[39m
quality (node 24)	Run npm test	2026-09-05T13:20:07.8499633Z      ^[[32m✓^[[39m RA-134 refuses a mount of the node the commit is adding, so its settle step still owns it^[[32m 1^[[2mms^[[22m^[[39m
quality (node 24)	Run npm test	2026-09-05T13:20:07.8501295Z      ^[[32m✓^[[39m RA-135 leaves a hook's reads answering, and publishes the commit's own flush exactly once^[[32m 1^[[2mms^[[22m^[[39m
quality (node 24)	Run npm test	2026-09-05T13:20:07.8503111Z      ^[[32m✓^[[39m RA-136 refuses a live write from inside a commit before its seam is reached^[[32m 1^[[2mms^[[22m^[[39m
quality (node 24)	Run npm test	2026-09-05T13:20:07.8504413Z      ^[[32m✓^[[39m RA-137 refuses a tier 0 edit from inside a commit that is moving the motions half^[[32m 1^[[2mms^[[22m^[[39m
quality (node 24)	Run npm test	2026-09-05T13:20:07.8505492Z ^[[31m     ^[[31m×^[[31m RA-138 answers the condition that is true rather than an absence that is not^[[39m^[[32m 10^[[2mms^[[22m^[[39m
quality (node 24)	Run npm test	2026-09-05T13:20:07.8507186Z      ^[[32m✓^[[39m RA-139 leaves every write path working outside a commit, and a reading hook untouched^[[32m 2^[[2mms^[[22m^[[39m
quality (node 24)	Run npm test	2026-09-05T13:20:07.9723578Z ^[[90mstderr^[[2m | packages/core/test/integration/phase7-walker-demo.test.ts^[[2m > ^[[22m^[[2mPhase 7: Walker Demo Integration Suite^[[2m > ^[[22m^[[2m9. Use React usePatch hook at the React boundary
quality (node 24)	Run npm test	2026-09-05T13:20:07.9752337Z ^[[22m^[[39mreact-test-renderer is deprecated. See https://react.dev/warnings/react-test-renderer
quality (node 24)	Run npm test	2026-09-05T13:20:07.9781816Z An update to Root inside a test was not wrapped in act(...).
quality (node 24)	Run npm test	2026-09-05T13:20:07.9782447Z 
quality (node 24)	Run npm test	2026-09-05T13:20:07.9783812Z When testing, code that causes React state updates should be wrapped into act(...):
quality (node 24)	Run npm test	2026-09-05T13:20:07.9784438Z 
quality (node 24)	Run npm test	2026-09-05T13:20:07.9784712Z act(() => {
quality (node 24)	Run npm test	2026-09-05T13:20:07.9785314Z   /* fire events that update state */
quality (node 24)	Run npm test	2026-09-05T13:20:07.9785961Z });
quality (node 24)	Run npm test	2026-09-05T13:20:07.9786467Z /* assert on the output */
quality (node 24)	Run npm test	2026-09-05T13:20:07.9786809Z 
quality (node 24)	Run npm test	2026-09-05T13:20:07.9787691Z This ensures that you're testing the behavior the user would see in the browser. Learn more at https://react.dev/link/wrap-tests-with-act
quality (node 24)	Run npm test	2026-09-05T13:20:07.9788409Z 
quality (node 24)	Run npm test	2026-09-05T13:20:07.9951328Z  ^[[32m✓^[[39m packages/core/test/integration/phase7-walker-demo.test.ts ^[[2m(^[[22m^[[2m13 tests^[[22m^[[2m)^[[22m^[[32m 106^[[2mms^[[22m^[[39m
quality (node 24)	Run npm test	2026-09-05T13:20:08.1089742Z  ^[[32m✓^[[39m packages/core/test/unit/runtime/schema-transaction.test.ts ^[[2m(^[[22m^[[2m9 tests^[[22m^[[2m)^[[22m^[[32m 28^[[2mms^[[22m^[[39m
quality (node 24)	Run npm test	2026-09-05T13:20:08.1355332Z  ^[[32m✓^[[39m packages/core/test/unit/runtime/keyframe-property-edit.test.ts ^[[2m(^[[22m^[[2m8 tests^[[22m^[[2m)^[[22m^[[32m 59^[[2mms^[[22m^[[39m
quality (node 24)	Run npm test	2026-09-05T13:20:08.3111753Z  ^[[32m✓^[[39m packages/core/test/unit/graph/resolve-solvers.test.ts ^[[2m(^[[22m^[[2m10 tests^[[22m^[[2m)^[[22m^[[32m 24^[[2mms^[[22m^[[39m
quality (node 24)	Run npm test	2026-09-05T13:20:08.3245447Z  ^[[32m✓^[[39m packages/core/test/unit/runtime/live-value-updates.test.ts ^[[2m(^[[22m^[[2m12 tests^[[22m^[[2m)^[[22m^[[32m 51^[[2mms^[[22m^[[39m
quality (node 24)	Run npm test	2026-09-05T13:20:08.3662297Z  ^[[32m✓^[[39m packages/core/test/unit/runtime/handle-base.test.ts ^[[2m(^[[22m^[[2m9 tests^[[22m^[[2m)^[[22m^[[32m 17^[[2mms^[[22m^[[39m
quality (node 24)	Run npm test	2026-09-05T13:20:08.5600596Z  ^[[32m✓^[[39m packages/core/test/unit/runtime/plugin-group-edit.test.ts ^[[2m(^[[22m^[[2m9 tests^[[22m^[[2m)^[[22m^[[32m 25^[[2mms^[[22m^[[39m
quality (node 24)	Run npm test	2026-09-05T13:20:08.5972161Z  ^[[32m✓^[[39m packages/core/test/unit/runtime/plugin-require-edit.test.ts ^[[2m(^[[22m^[[2m9 tests^[[22m^[[2m)^[[22m^[[32m 30^[[2mms^[[22m^[[39m
quality (node 24)	Run npm test	2026-09-05T13:20:08.6283066Z  ^[[32m✓^[[39m packages/core/test/integration/bare-authored-leaf.test.ts ^[[2m(^[[22m^[[2m12 tests^[[22m^[[2m)^[[22m^[[32m 53^[[2mms^[[22m^[[39m
quality (node 24)	Run npm test	2026-09-05T13:20:08.8081339Z  ^[[32m✓^[[39m packages/core/test/unit/domain/dict-valued-requirements.test.ts ^[[2m(^[[22m^[[2m12 tests^[[22m^[[2m)^[[22m^[[32m 13^[[2mms^[[22m^[[39m
quality (node 24)	Run npm test	2026-09-05T13:20:08.8189308Z  ^[[32m✓^[[39m packages/core/test/unit/runtime/structural-commit-flush.test.ts ^[[2m(^[[22m^[[2m9 tests^[[22m^[[2m)^[[22m^[[32m 25^[[2mms^[[22m^[[39m
quality (node 24)	Run npm test	2026-09-05T13:20:08.8657909Z  ^[[32m✓^[[39m packages/core/test/integration/t4-runtime-motion-parity.test.ts ^[[2m(^[[22m^[[2m7 tests^[[22m^[[2m)^[[22m^[[32m 33^[[2mms^[[22m^[[39m
quality (node 24)	Run npm test	2026-09-05T13:20:09.0517226Z  ^[[32m✓^[[39m packages/core/test/unit/runtime/immediate-verb-refusal.test.ts ^[[2m(^[[22m^[[2m7 tests^[[22m^[[2m)^[[22m^[[32m 22^[[2mms^[[22m^[[39m
quality (node 24)	Run npm test	2026-09-05T13:20:09.0616233Z  ^[[32m✓^[[39m packages/core/test/unit/runtime/commit-write-cost.test.ts ^[[2m(^[[22m^[[2m6 tests^[[22m^[[2m)^[[22m^[[32m 29^[[2mms^[[22m^[[39m
quality (node 24)	Run npm test	2026-09-05T13:20:09.2335069Z  ^[[32m✓^[[39m packages/core/test/unit/plugins/fabrik-solve.test.ts ^[[2m(^[[22m^[[2m8 tests^[[22m^[[2m)^[[22m^[[32m 23^[[2mms^[[22m^[[39m
quality (node 24)	Run npm test	2026-09-05T13:20:09.2663790Z  ^[[32m✓^[[39m packages/core/test/unit/runtime/motion-driver-edit.test.ts ^[[2m(^[[22m^[[2m9 tests^[[22m^[[2m)^[[22m^[[32m 16^[[2mms^[[22m^[[39m
quality (node 24)	Run npm test	2026-09-05T13:20:09.4896769Z  ^[[32m✓^[[39m packages/core/test/integration/engine-teardown-ownership.test.ts ^[[2m(^[[22m^[[2m6 tests^[[22m^[[2m)^[[22m^[[32m 18^[[2mms^[[22m^[[39m
quality (node 24)	Run npm test	2026-09-05T13:20:09.4962795Z  ^[[32m✓^[[39m packages/core/test/unit/runtime/recompile-predicate.test.ts ^[[2m(^[[22m^[[2m5 tests^[[22m^[[2m)^[[22m^[[32m 37^[[2mms^[[22m^[[39m
quality (node 24)	Run npm test	2026-09-05T13:20:09.6779959Z  ^[[32m✓^[[39m packages/core/test/unit/runtime/publisher-solver-members.test.ts ^[[2m(^[[22m^[[2m6 tests^[[22m^[[2m)^[[22m^[[32m 11^[[2mms^[[22m^[[39m
quality (node 24)	Run npm test	2026-09-05T13:20:09.7147233Z  ^[[32m✓^[[39m packages/core/test/unit/runtime/stale-track-handle.test.ts ^[[2m(^[[22m^[[2m8 tests^[[22m^[[2m)^[[22m^[[32m 23^[[2mms^[[22m^[[39m
quality (node 24)	Run npm test	2026-09-05T13:20:09.8498828Z  ^[[32m✓^[[39m packages/core/test/unit/scripts/apply-ai-edit.test.ts ^[[2m(^[[22m^[[2m19 tests^[[22m^[[2m)^[[22m^[[33m 836^[[2mms^[[22m^[[39m
quality (node 24)	Run npm test	2026-09-05T13:20:09.8782592Z  ^[[32m✓^[[39m packages/core/test/unit/graph/solver-goals.test.ts ^[[2m(^[[22m^[[2m11 tests^[[22m^[[2m)^[[22m^[[32m 21^[[2mms^[[22m^[[39m
quality (node 24)	Run npm test	2026-09-05T13:20:09.9633306Z  ^[[32m✓^[[39m packages/core/test/integration/plugin-group-values-section.test.ts ^[[2m(^[[22m^[[2m13 tests^[[22m^[[2m)^[[22m^[[32m 32^[[2mms^[[22m^[[39m
quality (node 24)	Run npm test	2026-09-05T13:20:10.1011918Z  ^[[32m✓^[[39m packages/core/test/unit/scripts/read-budget-scan.test.ts ^[[2m(^[[22m^[[2m18 tests^[[22m^[[2m)^[[22m^[[32m 48^[[2mms^[[22m^[[39m
quality (node 24)	Run npm test	2026-09-05T13:20:10.1982879Z  ^[[32m✓^[[39m packages/core/test/unit/domain/plugins.test.ts ^[[2m(^[[22m^[[2m19 tests^[[22m^[[2m)^[[22m^[[32m 13^[[2mms^[[22m^[[39m
quality (node 24)	Run npm test	2026-09-05T13:20:10.2270928Z  ^[[32m✓^[[39m packages/core/test/contract/gsap-patch-keys.test.ts ^[[2m(^[[22m^[[2m11 tests^[[22m^[[2m)^[[22m^[[32m 35^[[2mms^[[22m^[[39m
quality (node 24)	Run npm test	2026-09-05T13:20:10.3590952Z  ^[[32m✓^[[39m packages/core/test/integration/trigger-time-loop.test.ts ^[[2m(^[[22m^[[2m11 tests^[[22m^[[2m)^[[22m^[[32m 38^[[2mms^[[22m^[[39m
quality (node 24)	Run npm test	2026-09-05T13:20:10.3715246Z  ^[[32m✓^[[39m packages/core/test/unit/domain/track-live-values.test.ts ^[[2m(^[[22m^[[2m7 tests^[[22m^[[2m)^[[22m^[[32m 13^[[2mms^[[22m^[[39m
quality (node 24)	Run npm test	2026-09-05T13:20:10.4537342Z  ^[[32m✓^[[39m packages/core/test/unit/runtime/snapshot-one-walk.test.ts ^[[2m(^[[22m^[[2m3 tests^[[22m^[[2m)^[[22m^[[32m 21^[[2mms^[[22m^[[39m
quality (node 24)	Run npm test	2026-09-05T13:20:10.5589088Z  ^[[32m✓^[[39m packages/core/test/integration/authored-leaf-reader.test.ts ^[[2m(^[[22m^[[2m4 tests^[[22m^[[2m)^[[22m^[[32m 10^[[2mms^[[22m^[[39m
quality (node 24)	Run npm test	2026-09-05T13:20:10.6321224Z  ^[[32m✓^[[39m packages/core/test/unit/scripts/boundary-scan.test.ts ^[[2m(^[[22m^[[2m18 tests^[[22m^[[2m)^[[22m^[[32m 99^[[2mms^[[22m^[[39m
quality (node 24)	Run npm test	2026-09-05T13:20:10.6605733Z  ^[[32m✓^[[39m packages/core/test/unit/runtime/declined-build-write-drop.test.ts ^[[2m(^[[22m^[[2m3 tests^[[22m^[[2m)^[[22m^[[32m 22^[[2mms^[[22m^[[39m
quality (node 24)	Run npm test	2026-09-05T13:20:10.7295197Z  ^[[32m✓^[[39m packages/core/test/unit/graph/solved-pivot-offset.test.ts ^[[2m(^[[22m^[[2m3 tests^[[22m^[[2m)^[[22m^[[32m 8^[[2mms^[[22m^[[39m
quality (node 24)	Run npm test	2026-09-05T13:20:10.8153111Z  ^[[32m✓^[[39m packages/core/test/unit/domain/motion-track-resolution.test.ts ^[[2m(^[[22m^[[2m12 tests^[[22m^[[2m)^[[22m^[[32m 11^[[2mms^[[22m^[[39m
quality (node 24)	Run npm test	2026-09-05T13:20:10.8641090Z  ^[[32m✓^[[39m packages/core/test/unit/graph/solved-rotation-weight.test.ts ^[[2m(^[[22m^[[2m5 tests^[[22m^[[2m)^[[22m^[[32m 13^[[2mms^[[22m^[[39m
quality (node 24)	Run npm test	2026-09-05T13:20:10.9931772Z  ^[[32m✓^[[39m packages/core/test/integration/solver-member-cache.test.ts ^[[2m(^[[22m^[[2m4 tests^[[22m^[[2m)^[[22m^[[32m 42^[[2mms^[[22m^[[39m
quality (node 24)	Run npm test	2026-09-05T13:20:11.0653142Z  ^[[32m✓^[[39m packages/core/test/unit/runtime/clock-consumer-error-boundary.test.ts ^[[2m(^[[22m^[[2m7 tests^[[22m^[[2m)^[[22m^[[32m 16^[[2mms^[[22m^[[39m
quality (node 24)	Run npm test	2026-09-05T13:20:11.1213061Z  ^[[32m✓^[[39m packages/core/test/integration/ik-fabrik-chain.test.ts ^[[2m(^[[22m^[[2m2 tests^[[22m^[[2m)^[[22m^[[32m 42^[[2mms^[[22m^[[39m
quality (node 24)	Run npm test	2026-09-05T13:20:11.2424775Z  ^[[32m✓^[[39m packages/core/test/unit/graph/graph-dependants.test.ts ^[[2m(^[[22m^[[2m5 tests^[[22m^[[2m)^[[22m^[[32m 9^[[2mms^[[22m^[[39m
quality (node 24)	Run npm test	2026-09-05T13:20:11.2830417Z  ^[[32m✓^[[39m packages/core/test/integration/ik-two-bone.test.ts ^[[2m(^[[22m^[[2m4 tests^[[22m^[[2m)^[[22m^[[32m 42^[[2mms^[[22m^[[39m
quality (node 24)	Run npm test	2026-09-05T13:20:11.3502944Z  ^[[32m✓^[[39m packages/core/test/unit/runtime/dependants-of-reverse-topology.test.ts ^[[2m(^[[22m^[[2m3 tests^[[22m^[[2m)^[[22m^[[32m 13^[[2mms^[[22m^[[39m
quality (node 24)	Run npm test	2026-09-05T13:20:11.4460311Z  ^[[32m✓^[[39m packages/core/test/integration/rollback-error-precedence.test.ts ^[[2m(^[[22m^[[2m3 tests^[[22m^[[2m)^[[22m^[[32m 15^[[2mms^[[22m^[[39m
quality (node 24)	Run npm test	2026-09-05T13:20:11.5064312Z  ^[[32m✓^[[39m packages/core/test/unit/runtime/removal-flush-seed.test.ts ^[[2m(^[[22m^[[2m2 tests^[[22m^[[2m)^[[22m^[[32m 14^[[2mms^[[22m^[[39m
quality (node 24)	Run npm test	2026-09-05T13:20:11.5573155Z  ^[[32m✓^[[39m packages/core/test/unit/domain/motion-dispose-ownership.test.ts ^[[2m(^[[22m^[[2m5 tests^[[22m^[[2m)^[[22m^[[32m 11^[[2mms^[[22m^[[39m
quality (node 24)	Run npm test	2026-09-05T13:20:11.6637919Z  ^[[32m✓^[[39m packages/core/test/unit/adapters/incremental-graph-builder-eviction.test.ts ^[[2m(^[[22m^[[2m7 tests^[[22m^[[2m)^[[22m^[[32m 18^[[2mms^[[22m^[[39m
quality (node 24)	Run npm test	2026-09-05T13:20:11.7146346Z  ^[[32m✓^[[39m packages/core/test/unit/graph/finalize-graph.test.ts ^[[2m(^[[22m^[[2m4 tests^[[22m^[[2m)^[[22m^[[32m 11^[[2mms^[[22m^[[39m
quality (node 24)	Run npm test	2026-09-05T13:20:11.7851110Z  ^[[32m✓^[[39m packages/core/test/contract/microtask-scheduler.test.ts ^[[2m(^[[22m^[[2m8 tests^[[22m^[[2m)^[[22m^[[32m 13^[[2mms^[[22m^[[39m
quality (node 24)	Run npm test	2026-09-05T13:20:11.8904996Z  ^[[32m✓^[[39m packages/core/test/unit/domain/motion-track-mutation-atomicity.test.ts ^[[2m(^[[22m^[[2m6 tests^[[22m^[[2m)^[[22m^[[32m 8^[[2mms^[[22m^[[39m
quality (node 24)	Run npm test	2026-09-05T13:20:11.8965949Z  ^[[32m✓^[[39m packages/core/test/integration/adoption.test.ts ^[[2m(^[[22m^[[2m10 tests^[[22m^[[2m)^[[22m^[[32m 25^[[2mms^[[22m^[[39m
quality (node 24)	Run npm test	2026-09-05T13:20:11.9576409Z  ^[[32m✓^[[39m packages/core/test/contract/v5-validator.test.ts ^[[2m(^[[22m^[[2m14 tests^[[22m^[[2m)^[[22m^[[32m 13^[[2mms^[[22m^[[39m
quality (node 24)	Run npm test	2026-09-05T13:20:12.0712840Z  ^[[32m✓^[[39m packages/core/test/unit/plugins/fabrik-dispatch.test.ts ^[[2m(^[[22m^[[2m3 tests^[[22m^[[2m)^[[22m^[[32m 7^[[2mms^[[22m^[[39m
quality (node 24)	Run npm test	2026-09-05T13:20:12.1159553Z  ^[[32m✓^[[39m packages/core/test/unit/plugins/ik-solve.test.ts ^[[2m(^[[22m^[[2m6 tests^[[22m^[[2m)^[[22m^[[32m 6^[[2mms^[[22m^[[39m
quality (node 24)	Run npm test	2026-09-05T13:20:12.1612258Z  ^[[32m✓^[[39m packages/core/test/unit/runtime/mount-flush-seed.test.ts ^[[2m(^[[22m^[[2m3 tests^[[22m^[[2m)^[[22m^[[32m 27^[[2mms^[[22m^[[39m
quality (node 24)	Run npm test	2026-09-05T13:20:12.3029792Z  ^[[32m✓^[[39m packages/core/test/unit/graph/incremental-cache.test.ts ^[[2m(^[[22m^[[2m6 tests^[[22m^[[2m)^[[22m^[[32m 15^[[2mms^[[22m^[[39m
quality (node 24)	Run npm test	2026-09-05T13:20:12.3102820Z  ^[[32m✓^[[39m packages/core/test/integration/motion-trigger-types.test.ts ^[[2m(^[[22m^[[2m4 tests^[[22m^[[2m)^[[22m^[[32m 24^[[2mms^[[22m^[[39m
quality (node 24)	Run npm test	2026-09-05T13:20:12.4213743Z  ^[[32m✓^[[39m packages/core/test/integration/plugin-owned-requirements.test.ts ^[[2m(^[[22m^[[2m6 tests^[[22m^[[2m)^[[22m^[[32m 39^[[2mms^[[22m^[[39m
quality (node 24)	Run npm test	2026-09-05T13:20:12.4666820Z  ^[[32m✓^[[39m packages/core/test/unit/plugins/fk-solved-weight.test.ts ^[[2m(^[[22m^[[2m7 tests^[[22m^[[2m)^[[22m^[[32m 10^[[2mms^[[22m^[[39m
quality (node 24)	Run npm test	2026-09-05T13:20:12.5393658Z  ^[[32m✓^[[39m packages/core/test/integration/phase0-red-baseline.test.ts ^[[2m(^[[22m^[[2m5 tests^[[22m^[[2m)^[[22m^[[32m 24^[[2mms^[[22m^[[39m
quality (node 24)	Run npm test	2026-09-05T13:20:12.6196078Z  ^[[32m✓^[[39m packages/core/test/unit/scripts/source-region-anchors.test.ts ^[[2m(^[[22m^[[2m3 tests^[[22m^[[2m)^[[22m^[[32m 33^[[2mms^[[22m^[[39m
quality (node 24)	Run npm test	2026-09-05T13:20:12.6759351Z  ^[[32m✓^[[39m packages/core/test/integration/replace-track-transactionality.test.ts ^[[2m(^[[22m^[[2m4 tests^[[22m^[[2m)^[[22m^[[32m 26^[[2mms^[[22m^[[39m
quality (node 24)	Run npm test	2026-09-05T13:20:12.7221367Z  ^[[32m✓^[[39m packages/core/test/unit/graph/single-input-channel.test.ts ^[[2m(^[[22m^[[2m7 tests^[[22m^[[2m)^[[22m^[[32m 11^[[2mms^[[22m^[[39m
quality (node 24)	Run npm test	2026-09-05T13:20:12.8263153Z  ^[[32m✓^[[39m packages/core/test/integration/phase4-dynamic-lifecycle.test.ts ^[[2m(^[[22m^[[2m6 tests^[[22m^[[2m)^[[22m^[[32m 19^[[2mms^[[22m^[[39m
quality (node 24)	Run npm test	2026-09-05T13:20:12.8972411Z  ^[[32m✓^[[39m packages/core/test/unit/domain/track-compose-from.test.ts ^[[2m(^[[22m^[[2m7 tests^[[22m^[[2m)^[[22m^[[32m 11^[[2mms^[[22m^[[39m
quality (node 24)	Run npm test	2026-09-05T13:20:12.9042604Z  ^[[32m✓^[[39m packages/core/test/contract/trigger-factory.test.ts ^[[2m(^[[22m^[[2m9 tests^[[22m^[[2m)^[[22m^[[32m 12^[[2mms^[[22m^[[39m
quality (node 24)	Run npm test	2026-09-05T13:20:12.9813121Z  ^[[32m✓^[[39m packages/core/test/unit/graph/arity-lift.test.ts ^[[2m(^[[22m^[[2m2 tests^[[22m^[[2m)^[[22m^[[32m 8^[[2mms^[[22m^[[39m
quality (node 24)	Run npm test	2026-09-05T13:20:13.0877807Z  ^[[32m✓^[[39m packages/core/test/unit/domain/track.test.ts ^[[2m(^[[22m^[[2m9 tests^[[22m^[[2m)^[[22m^[[32m 12^[[2mms^[[22m^[[39m
quality (node 24)	Run npm test	2026-09-05T13:20:13.1022922Z  ^[[32m✓^[[39m packages/core/test/unit/domain/plugin-contribution-contract.test.ts ^[[2m(^[[22m^[[2m6 tests^[[22m^[[2m)^[[22m^[[32m 9^[[2mms^[[22m^[[39m
quality (node 24)	Run npm test	2026-09-05T13:20:13.1609045Z  ^[[32m✓^[[39m packages/core/test/unit/plugins/fk-pivot-offset.test.ts ^[[2m(^[[22m^[[2m6 tests^[[22m^[[2m)^[[22m^[[32m 9^[[2mms^[[22m^[[39m
quality (node 24)	Run npm test	2026-09-05T13:20:13.2973806Z  ^[[32m✓^[[39m packages/core/test/contract/gsap-one-tween.test.ts ^[[2m(^[[22m^[[2m11 tests^[[22m^[[2m)^[[22m^[[32m 22^[[2mms^[[22m^[[39m
quality (node 24)	Run npm test	2026-09-05T13:20:13.3692880Z  ^[[32m✓^[[39m packages/core/test/unit/runtime/track-staging.test.ts ^[[2m(^[[22m^[[2m4 tests^[[22m^[[2m)^[[22m^[[32m 10^[[2mms^[[22m^[[39m
quality (node 24)	Run npm test	2026-09-05T13:20:13.5035705Z  ^[[32m✓^[[39m packages/core/test/integration/trigger-time.test.ts ^[[2m(^[[22m^[[2m7 tests^[[22m^[[2m)^[[22m^[[32m 21^[[2mms^[[22m^[[39m
quality (node 24)	Run npm test	2026-09-05T13:20:13.5621563Z  ^[[32m✓^[[39m packages/core/test/unit/runtime/publisher-reentrancy.test.ts ^[[2m(^[[22m^[[2m5 tests^[[22m^[[2m)^[[22m^[[32m 10^[[2mms^[[22m^[[39m
quality (node 24)	Run npm test	2026-09-05T13:20:13.6964999Z  ^[[32m✓^[[39m packages/core/test/unit/domain/authored-group-values-one-reader.test.ts ^[[2m(^[[22m^[[2m3 tests^[[22m^[[2m)^[[22m^[[32m 7^[[2mms^[[22m^[[39m
quality (node 24)	Run npm test	2026-09-05T13:20:13.7307934Z  ^[[32m✓^[[39m packages/core/test/unit/domain/motion.test.ts ^[[2m(^[[22m^[[2m11 tests^[[22m^[[2m)^[[22m^[[32m 15^[[2mms^[[22m^[[39m
quality (node 24)	Run npm test	2026-09-05T13:20:13.9113124Z  ^[[32m✓^[[39m packages/core/test/unit/runtime/patch-registry.test.ts ^[[2m(^[[22m^[[2m10 tests^[[22m^[[2m)^[[22m^[[32m 10^[[2mms^[[22m^[[39m
quality (node 24)	Run npm test	2026-09-05T13:20:14.0573282Z  ^[[32m✓^[[39m packages/core/test/integration/ik-multi-goal.test.ts ^[[2m(^[[22m^[[2m2 tests^[[22m^[[2m)^[[22m^[[32m 39^[[2mms^[[22m^[[39m
quality (node 24)	Run npm test	2026-09-05T13:20:14.1566271Z  ^[[32m✓^[[39m packages/core/test/unit/graph/observation-state.test.ts ^[[2m(^[[22m^[[2m8 tests^[[22m^[[2m)^[[22m^[[32m 10^[[2mms^[[22m^[[39m
quality (node 24)	Run npm test	2026-09-05T13:20:14.2893453Z  ^[[32m✓^[[39m packages/core/test/integration/trigger-scroll.test.ts ^[[2m(^[[22m^[[2m6 tests^[[22m^[[2m)^[[22m^[[32m 26^[[2mms^[[22m^[[39m
quality (node 24)	Run npm test	2026-09-05T13:20:14.4502814Z  ^[[32m✓^[[39m packages/core/test/integration/mutation-transactionality.test.ts ^[[2m(^[[22m^[[2m3 tests^[[22m^[[2m)^[[22m^[[32m 32^[[2mms^[[22m^[[39m
quality (node 24)	Run npm test	2026-09-05T13:20:14.5842568Z  ^[[32m✓^[[39m packages/core/test/integration/engine-x3-contribution.test.ts ^[[2m(^[[22m^[[2m5 tests^[[22m^[[2m)^[[22m^[[32m 37^[[2mms^[[22m^[[39m
quality (node 24)	Run npm test	2026-09-05T13:20:14.6625006Z  ^[[32m✓^[[39m packages/core/test/unit/adapters/time-loop-cycle.test.ts ^[[2m(^[[22m^[[2m10 tests^[[22m^[[2m)^[[22m^[[32m 11^[[2mms^[[22m^[[39m
quality (node 24)	Run npm test	2026-09-05T13:20:14.8703469Z  ^[[32m✓^[[39m packages/core/test/integration/per-plugin-key-ownership.test.ts ^[[2m(^[[22m^[[2m4 tests^[[22m^[[2m)^[[22m^[[32m 35^[[2mms^[[22m^[[39m
quality (node 24)	Run npm test	2026-09-05T13:20:14.9105246Z  ^[[32m✓^[[39m packages/core/test/integration/phase3-trigger-port.test.ts ^[[2m(^[[22m^[[2m5 tests^[[22m^[[2m)^[[22m^[[32m 18^[[2mms^[[22m^[[39m
quality (node 24)	Run npm test	2026-09-05T13:20:15.0829725Z  ^[[32m✓^[[39m packages/core/test/unit/runtime/publisher-snapshot-memo.test.ts ^[[2m(^[[22m^[[2m4 tests^[[22m^[[2m)^[[22m^[[32m 12^[[2mms^[[22m^[[39m
quality (node 24)	Run npm test	2026-09-05T13:20:15.2164413Z  ^[[32m✓^[[39m packages/core/test/unit/runtime/live-value-animated.test.ts ^[[2m(^[[22m^[[2m3 tests^[[22m^[[2m)^[[22m^[[32m 42^[[2mms^[[22m^[[39m
quality (node 24)	Run npm test	2026-09-05T13:20:15.2889551Z  ^[[32m✓^[[39m packages/core/test/integration/p2-runtime-smells.test.ts ^[[2m(^[[22m^[[2m6 tests^[[22m^[[2m)^[[22m^[[32m 12^[[2mms^[[22m^[[39m
quality (node 24)	Run npm test	2026-09-05T13:20:15.4591604Z  ^[[32m✓^[[39m packages/core/test/unit/graph/solver-goal-required.test.ts ^[[2m(^[[22m^[[2m2 tests^[[22m^[[2m)^[[22m^[[32m 11^[[2mms^[[22m^[[39m
quality (node 24)	Run npm test	2026-09-05T13:20:15.5131437Z  ^[[32m✓^[[39m packages/core/test/unit/graph/observation-target-removal.test.ts ^[[2m(^[[22m^[[2m5 tests^[[22m^[[2m)^[[22m^[[32m 9^[[2mms^[[22m^[[39m
quality (node 24)	Run npm test	2026-09-05T13:20:15.7235301Z  ^[[32m✓^[[39m packages/core/test/contract/validation-owner.test.ts ^[[2m(^[[22m^[[2m6 tests^[[22m^[[2m)^[[22m^[[32m 14^[[2mms^[[22m^[[39m
quality (node 24)	Run npm test	2026-09-05T13:20:15.7424712Z  ^[[32m✓^[[39m packages/core/test/integration/option-c-track-resolution.test.ts ^[[2m(^[[22m^[[2m5 tests^[[22m^[[2m)^[[22m^[[32m 31^[[2mms^[[22m^[[39m
quality (node 24)	Run npm test	2026-09-05T13:20:15.8569795Z  ^[[32m✓^[[39m packages/core/test/unit/scripts/public-declaration-surface.test.ts ^[[2m(^[[22m^[[2m3 tests^[[22m^[[2m)^[[22m^[[33m 2593^[[2mms^[[22m^[[39m
quality (node 24)	Run npm test	2026-09-05T13:20:15.8572244Z      ^[[33m^[[2m✓^[[22m^[[39m scans the emitted entry declaration closure, not just source strings ^[[33m 2589^[[2mms^[[22m^[[39m
quality (node 24)	Run npm test	2026-09-05T13:20:15.9025778Z  ^[[32m✓^[[39m packages/core/test/unit/domain/plugin-requirements.test.ts ^[[2m(^[[22m^[[2m6 tests^[[22m^[[2m)^[[22m^[[32m 10^[[2mms^[[22m^[[39m
quality (node 24)	Run npm test	2026-09-05T13:20:15.9742887Z  ^[[32m✓^[[39m packages/core/test/integration/phase2-motion-scheduling.test.ts ^[[2m(^[[22m^[[2m5 tests^[[22m^[[2m)^[[22m^[[32m 14^[[2mms^[[22m^[[39m
quality (node 24)	Run npm test	2026-09-05T13:20:16.0268281Z  ^[[32m✓^[[39m packages/core/test/unit/plugins/angle-blend.test.ts ^[[2m(^[[22m^[[2m4 tests^[[22m^[[2m)^[[22m^[[32m 5^[[2mms^[[22m^[[39m
quality (node 24)	Run npm test	2026-09-05T13:20:16.1398354Z  ^[[32m✓^[[39m packages/core/test/unit/plugins/fabrik-arity-one.test.ts ^[[2m(^[[22m^[[2m1 test^[[22m^[[2m)^[[22m^[[32m 7^[[2mms^[[22m^[[39m
quality (node 24)	Run npm test	2026-09-05T13:20:16.1489831Z  ^[[32m✓^[[39m packages/core/test/integration/live-value-composition.test.ts ^[[2m(^[[22m^[[2m2 tests^[[22m^[[2m)^[[22m^[[32m 36^[[2mms^[[22m^[[39m
quality (node 24)	Run npm test	2026-09-05T13:20:16.2509160Z  ^[[32m✓^[[39m packages/core/test/integration/unified-mutation-surface.test.ts ^[[2m(^[[22m^[[2m5 tests^[[22m^[[2m)^[[22m^[[32m 24^[[2mms^[[22m^[[39m
quality (node 24)	Run npm test	2026-09-05T13:20:16.3602752Z  ^[[32m✓^[[39m packages/core/test/integration/runtime-motion-lifecycle.test.ts ^[[2m(^[[22m^[[2m6 tests^[[22m^[[2m)^[[22m^[[32m 26^[[2mms^[[22m^[[39m
quality (node 24)	Run npm test	2026-09-05T13:20:16.3672035Z  ^[[32m✓^[[39m packages/core/test/unit/runtime/clock-tick-identity.test.ts ^[[2m(^[[22m^[[2m4 tests^[[22m^[[2m)^[[22m^[[32m 17^[[2mms^[[22m^[[39m
quality (node 24)	Run npm test	2026-09-05T13:20:16.4398631Z  ^[[32m✓^[[39m packages/core/test/contract/gsap-equivalence.test.ts ^[[2m(^[[22m^[[2m6 tests^[[22m^[[2m)^[[22m^[[32m 17^[[2mms^[[22m^[[39m
quality (node 24)	Run npm test	2026-09-05T13:20:16.5519718Z  ^[[32m✓^[[39m packages/core/test/unit/runtime/patch-registry-structural-change.test.ts ^[[2m(^[[22m^[[2m7 tests^[[22m^[[2m)^[[22m^[[32m 8^[[2mms^[[22m^[[39m
quality (node 24)	Run npm test	2026-09-05T13:20:16.6016836Z  ^[[32m✓^[[39m packages/core/test/integration/observation-identity.test.ts ^[[2m(^[[22m^[[2m5 tests^[[22m^[[2m)^[[22m^[[32m 26^[[2mms^[[22m^[[39m
quality (node 24)	Run npm test	2026-09-05T13:20:16.6212958Z  ^[[32m✓^[[39m packages/core/test/integration/cross-motion.test.ts ^[[2m(^[[22m^[[2m3 tests^[[22m^[[2m)^[[22m^[[32m 9^[[2mms^[[22m^[[39m
quality (node 24)	Run npm test	2026-09-05T13:20:16.7676130Z  ^[[32m✓^[[39m packages/core/test/unit/graph/ir-validation.test.ts ^[[2m(^[[22m^[[2m6 tests^[[22m^[[2m)^[[22m^[[32m 9^[[2mms^[[22m^[[39m
quality (node 24)	Run npm test	2026-09-05T13:20:16.8003074Z  ^[[32m✓^[[39m packages/core/test/integration/issue-114-motion-track-regressions.test.ts ^[[2m(^[[22m^[[2m5 tests^[[22m^[[2m)^[[22m^[[32m 22^[[2mms^[[22m^[[39m
quality (node 24)	Run npm test	2026-09-05T13:20:16.8032292Z  ^[[32m✓^[[39m packages/core/test/unit/graph/order.test.ts ^[[2m(^[[22m^[[2m8 tests^[[22m^[[2m)^[[22m^[[32m 10^[[2mms^[[22m^[[39m
quality (node 24)	Run npm test	2026-09-05T13:20:16.9472771Z  ^[[32m✓^[[39m packages/core/test/unit/domain/motion-progress-range.test.ts ^[[2m(^[[22m^[[2m4 tests^[[22m^[[2m)^[[22m^[[32m 9^[[2mms^[[22m^[[39m
quality (node 24)	Run npm test	2026-09-05T13:20:17.0138890Z  ^[[32m✓^[[39m packages/core/test/integration/diagnostics.test.ts ^[[2m(^[[22m^[[2m4 tests^[[22m^[[2m)^[[22m^[[32m 9^[[2mms^[[22m^[[39m
quality (node 24)	Run npm test	2026-09-05T13:20:17.1551863Z  ^[[32m✓^[[39m packages/core/test/unit/adapters/trigger-factory-no-fallback.test.ts ^[[2m(^[[22m^[[2m3 tests^[[22m^[[2m)^[[22m^[[32m 6^[[2mms^[[22m^[[39m
quality (node 24)	Run npm test	2026-09-05T13:20:17.2280168Z  ^[[32m✓^[[39m packages/core/test/unit/runtime/composition-output-shape.test.ts ^[[2m(^[[22m^[[2m3 tests^[[22m^[[2m)^[[22m^[[32m 11^[[2mms^[[22m^[[39m
quality (node 24)	Run npm test	2026-09-05T13:20:17.3772762Z  ^[[32m✓^[[39m packages/core/test/contract/gsap-authored-duration.test.ts ^[[2m(^[[22m^[[2m5 tests^[[22m^[[2m)^[[22m^[[32m 23^[[2mms^[[22m^[[39m
quality (node 24)	Run npm test	2026-09-05T13:20:17.4554638Z  ^[[32m✓^[[39m packages/core/test/unit/runtime/scheduler-reentrancy.test.ts ^[[2m(^[[22m^[[2m4 tests^[[22m^[[2m)^[[22m^[[32m 16^[[2mms^[[22m^[[39m
quality (node 24)	Run npm test	2026-09-05T13:20:17.5752017Z  ^[[32m✓^[[39m packages/core/test/contract/project-templates-removal.test.ts ^[[2m(^[[22m^[[2m2 tests^[[22m^[[2m)^[[22m^[[32m 6^[[2mms^[[22m^[[39m
quality (node 24)	Run npm test	2026-09-05T13:20:17.6586110Z  ^[[32m✓^[[39m packages/core/test/unit/runtime/patch-registry-subscriber-errors.test.ts ^[[2m(^[[22m^[[2m4 tests^[[22m^[[2m)^[[22m^[[32m 8^[[2mms^[[22m^[[39m
quality (node 24)	Run npm test	2026-09-05T13:20:17.8614444Z  ^[[32m✓^[[39m packages/core/test/integration/adopted-track-immutability.test.ts ^[[2m(^[[22m^[[2m4 tests^[[22m^[[2m)^[[22m^[[32m 23^[[2mms^[[22m^[[39m
quality (node 24)	Run npm test	2026-09-05T13:20:17.8931994Z  ^[[32m✓^[[39m packages/core/test/unit/adapters/scroll-trigger-gsap.test.ts ^[[2m(^[[22m^[[2m4 tests^[[22m^[[2m)^[[22m^[[32m 10^[[2mms^[[22m^[[39m
quality (node 24)	Run npm test	2026-09-05T13:20:18.0882583Z  ^[[32m✓^[[39m packages/core/test/integration/publisher-output-merge-consistency.test.ts ^[[2m(^[[22m^[[2m2 tests^[[22m^[[2m)^[[22m^[[32m 8^[[2mms^[[22m^[[39m
quality (node 24)	Run npm test	2026-09-05T13:20:18.1390527Z  ^[[32m✓^[[39m packages/core/test/unit/runtime/publisher-requirement-inputs.test.ts ^[[2m(^[[22m^[[2m2 tests^[[22m^[[2m)^[[22m^[[32m 7^[[2mms^[[22m^[[39m
quality (node 24)	Run npm test	2026-09-05T13:20:18.3491163Z  ^[[32m✓^[[39m packages/core/test/integration/replace-motion-track.test.ts ^[[2m(^[[22m^[[2m3 tests^[[22m^[[2m)^[[22m^[[32m 25^[[2mms^[[22m^[[39m
quality (node 24)	Run npm test	2026-09-05T13:20:18.3852924Z  ^[[32m✓^[[39m packages/core/test/integration/keyframe-groups.test.ts ^[[2m(^[[22m^[[2m3 tests^[[22m^[[2m)^[[22m^[[32m 29^[[2mms^[[22m^[[39m
quality (node 24)	Run npm test	2026-09-05T13:20:18.5634582Z  ^[[32m✓^[[39m packages/core/test/unit/scripts/session-status-shape.test.ts ^[[2m(^[[22m^[[2m3 tests^[[22m^[[2m)^[[22m^[[32m 9^[[2mms^[[22m^[[39m
quality (node 24)	Run npm test	2026-09-05T13:20:18.6005940Z  ^[[32m✓^[[39m packages/core/test/integration/engine-headless.test.ts ^[[2m(^[[22m^[[2m4 tests^[[22m^[[2m)^[[22m^[[32m 22^[[2mms^[[22m^[[39m
quality (node 24)	Run npm test	2026-09-05T13:20:18.8143094Z  ^[[32m✓^[[39m packages/core/test/integration/internal-key-strip.test.ts ^[[2m(^[[22m^[[2m3 tests^[[22m^[[2m)^[[22m^[[32m 16^[[2mms^[[22m^[[39m
quality (node 24)	Run npm test	2026-09-05T13:20:18.8525092Z  ^[[32m✓^[[39m packages/core/test/integration/handle-adoption.test.ts ^[[2m(^[[22m^[[2m4 tests^[[22m^[[2m)^[[22m^[[32m 25^[[2mms^[[22m^[[39m
quality (node 24)	Run npm test	2026-09-05T13:20:19.0502054Z  ^[[32m✓^[[39m packages/core/test/contract/ports.test.ts ^[[2m(^[[22m^[[2m7 tests^[[22m^[[2m)^[[22m^[[32m 10^[[2mms^[[22m^[[39m
quality (node 24)	Run npm test	2026-09-05T13:20:19.0503808Z  ^[[32m✓^[[39m packages/core/test/integration/remount.test.ts ^[[2m(^[[22m^[[2m2 tests^[[22m^[[2m)^[[22m^[[32m 20^[[2mms^[[22m^[[39m
quality (node 24)	Run npm test	2026-09-05T13:20:19.2898076Z  ^[[32m✓^[[39m packages/core/test/unit/graph/edge-order.test.ts ^[[2m(^[[22m^[[2m2 tests^[[22m^[[2m)^[[22m^[[32m 15^[[2mms^[[22m^[[39m
quality (node 24)	Run npm test	2026-09-05T13:20:19.3403263Z ^[[90mstderr^[[2m | packages/react/test/public-hook-render.test.ts^[[2m > ^[[22m^[[2mReact public hook render/update (C2)^[[2m > ^[[22m^[[2mrenders the current patch and updates after publication
quality (node 24)	Run npm test	2026-09-05T13:20:19.3432391Z ^[[22m^[[39mreact-test-renderer is deprecated. See https://react.dev/warnings/react-test-renderer
quality (node 24)	Run npm test	2026-09-05T13:20:19.3461993Z An update to Root inside a test was not wrapped in act(...).
quality (node 24)	Run npm test	2026-09-05T13:20:19.3491037Z 
quality (node 24)	Run npm test	2026-09-05T13:20:19.3492104Z When testing, code that causes React state updates should be wrapped into act(...):
quality (node 24)	Run npm test	2026-09-05T13:20:19.3521069Z 
quality (node 24)	Run npm test	2026-09-05T13:20:19.3551638Z act(() => {
quality (node 24)	Run npm test	2026-09-05T13:20:19.3581607Z   /* fire events that update state */
quality (node 24)	Run npm test	2026-09-05T13:20:19.3582127Z });
quality (node 24)	Run npm test	2026-09-05T13:20:19.3583293Z  ^[[32m✓^[[39m packages/react/test/public-hook-render.test.ts ^[[2m(^[[22m^[[2m2 tests^[[22m^[[2m)^[[22m^[[32m 31^[[2mms^[[22m^[[39m
quality (node 24)	Run npm test	2026-09-05T13:20:19.3584219Z /* assert on the output */
quality (node 24)	Run npm test	2026-09-05T13:20:19.3584562Z 
quality (node 24)	Run npm test	2026-09-05T13:20:19.3629117Z This ensures that you're testing the behavior the user would see in the browser. Learn more at https://react.dev/link/wrap-tests-with-act
quality (node 24)	Run npm test	2026-09-05T13:20:19.3651303Z 
quality (node 24)	Run npm test	2026-09-05T13:20:19.3692381Z ^[[90mstderr^[[2m | packages/react/test/public-hook-render.test.ts^[[2m > ^[[22m^[[2mReact public hook render/update (C2)^[[2m > ^[[22m^[[2mH-4 hands a consumer the same stripped values the publisher retained
quality (node 24)	Run npm test	2026-09-05T13:20:19.3714805Z ^[[22m^[[39mreact-test-renderer is deprecated. See https://react.dev/warnings/react-test-renderer
quality (node 24)	Run npm test	2026-09-05T13:20:19.3802068Z An update to Root inside a test was not wrapped in act(...).
quality (node 24)	Run npm test	2026-09-05T13:20:19.3818538Z 
quality (node 24)	Run npm test	2026-09-05T13:20:19.3826920Z When testing, code that causes React state updates should be wrapped into act(...):
quality (node 24)	Run npm test	2026-09-05T13:20:19.3827537Z 
quality (node 24)	Run npm test	2026-09-05T13:20:19.3827855Z act(() => {
quality (node 24)	Run npm test	2026-09-05T13:20:19.3828801Z   /* fire events that update state */
quality (node 24)	Run npm test	2026-09-05T13:20:19.3841970Z });
quality (node 24)	Run npm test	2026-09-05T13:20:19.3842684Z /* assert on the output */
quality (node 24)	Run npm test	2026-09-05T13:20:19.3843220Z 
quality (node 24)	Run npm test	2026-09-05T13:20:19.3844219Z This ensures that you're testing the behavior the user would see in the browser. Learn more at https://react.dev/link/wrap-tests-with-act
quality (node 24)	Run npm test	2026-09-05T13:20:19.3845233Z 
quality (node 24)	Run npm test	2026-09-05T13:20:19.4765051Z  ^[[32m✓^[[39m packages/core/test/unit/graph/references.test.ts ^[[2m(^[[22m^[[2m7 tests^[[22m^[[2m)^[[22m^[[32m 8^[[2mms^[[22m^[[39m
quality (node 24)	Run npm test	2026-09-05T13:20:19.5538938Z  ^[[32m✓^[[39m packages/core/test/integration/graph-publisher.test.ts ^[[2m(^[[22m^[[2m3 tests^[[22m^[[2m)^[[22m^[[32m 9^[[2mms^[[22m^[[39m
quality (node 24)	Run npm test	2026-09-05T13:20:19.6544047Z  ^[[32m✓^[[39m packages/core/test/integration/project-runtime.test.ts ^[[2m(^[[22m^[[2m4 tests^[[22m^[[2m)^[[22m^[[32m 9^[[2mms^[[22m^[[39m
quality (node 24)	Run npm test	2026-09-05T13:20:19.7472027Z  ^[[32m✓^[[39m packages/core/test/contract/adapters.test.ts ^[[2m(^[[22m^[[2m4 tests^[[22m^[[2m)^[[22m^[[32m 7^[[2mms^[[22m^[[39m
quality (node 24)	Run npm test	2026-09-05T13:20:19.8496293Z  ^[[32m✓^[[39m packages/core/test/integration/flush-output-merge.test.ts ^[[2m(^[[22m^[[2m2 tests^[[22m^[[2m)^[[22m^[[32m 6^[[2mms^[[22m^[[39m
quality (node 24)	Run npm test	2026-09-05T13:20:19.9241708Z  ^[[32m✓^[[39m packages/core/test/integration/graph-runtime.test.ts ^[[2m(^[[22m^[[2m4 tests^[[22m^[[2m)^[[22m^[[32m 11^[[2mms^[[22m^[[39m
quality (node 24)	Run npm test	2026-09-05T13:20:20.0968040Z  ^[[32m✓^[[39m packages/core/test/contract/gsap-absolute-stops.test.ts ^[[2m(^[[22m^[[2m3 tests^[[22m^[[2m)^[[22m^[[32m 21^[[2mms^[[22m^[[39m
quality (node 24)	Run npm test	2026-09-05T13:20:20.1213037Z  ^[[32m✓^[[39m packages/core/test/integration/graph-rollback.test.ts ^[[2m(^[[22m^[[2m4 tests^[[22m^[[2m)^[[22m^[[32m 12^[[2mms^[[22m^[[39m
quality (node 24)	Run npm test	2026-09-05T13:20:20.2828337Z  ^[[32m✓^[[39m packages/core/test/unit/plugins/fk-solver-override.test.ts ^[[2m(^[[22m^[[2m3 tests^[[22m^[[2m)^[[22m^[[32m 6^[[2mms^[[22m^[[39m
quality (node 24)	Run npm test	2026-09-05T13:20:20.3864973Z  ^[[32m✓^[[39m packages/core/test/integration/engine-load-validation.test.ts ^[[2m(^[[22m^[[2m4 tests^[[22m^[[2m)^[[22m^[[32m 16^[[2mms^[[22m^[[39m
quality (node 24)	Run npm test	2026-09-05T13:20:20.4582826Z  ^[[32m✓^[[39m packages/core/test/migration/v4-to-v5.test.ts ^[[2m(^[[22m^[[2m6 tests^[[22m^[[2m)^[[22m^[[32m 8^[[2mms^[[22m^[[39m
quality (node 24)	Run npm test	2026-09-05T13:20:20.5923268Z  ^[[32m✓^[[39m packages/core/test/integration/partial-seed-inputs.test.ts ^[[2m(^[[22m^[[2m1 test^[[22m^[[2m)^[[22m^[[32m 6^[[2mms^[[22m^[[39m
quality (node 24)	Run npm test	2026-09-05T13:20:20.6461942Z  ^[[32m✓^[[39m packages/core/test/contract/graph-builder-incremental.test.ts ^[[2m(^[[22m^[[2m3 tests^[[22m^[[2m)^[[22m^[[32m 7^[[2mms^[[22m^[[39m
quality (node 24)	Run npm test	2026-09-05T13:20:20.8201464Z  ^[[32m✓^[[39m packages/core/test/integration/dom-patch-apply.test.ts ^[[2m(^[[22m^[[2m2 tests^[[22m^[[2m)^[[22m^[[32m 7^[[2mms^[[22m^[[39m
quality (node 24)	Run npm test	2026-09-05T13:20:20.8533980Z  ^[[32m✓^[[39m packages/core/test/integration/single-input-channel.test.ts ^[[2m(^[[22m^[[2m1 test^[[22m^[[2m)^[[22m^[[32m 32^[[2mms^[[22m^[[39m
quality (node 24)	Run npm test	2026-09-05T13:20:20.9936733Z  ^[[32m✓^[[39m packages/core/test/unit/domain/track-node-id.test.ts ^[[2m(^[[22m^[[2m3 tests^[[22m^[[2m)^[[22m^[[32m 5^[[2mms^[[22m^[[39m
quality (node 24)	Run npm test	2026-09-05T13:20:21.0276413Z  ^[[32m✓^[[39m packages/core/test/unit/runtime/patch-registry-listener-snapshot.test.ts ^[[2m(^[[22m^[[2m3 tests^[[22m^[[2m)^[[22m^[[32m 4^[[2mms^[[22m^[[39m
quality (node 24)	Run npm test	2026-09-05T13:20:21.1687896Z  ^[[32m✓^[[39m packages/core/test/unit/domain/time-driver.test.ts ^[[2m(^[[22m^[[2m3 tests^[[22m^[[2m)^[[22m^[[32m 6^[[2mms^[[22m^[[39m
quality (node 24)	Run npm test	2026-09-05T13:20:21.2610351Z  ^[[32m✓^[[39m packages/core/test/integration/adopt-destroy-readopt.test.ts ^[[2m(^[[22m^[[2m1 test^[[22m^[[2m)^[[22m^[[32m 20^[[2mms^[[22m^[[39m
quality (node 24)	Run npm test	2026-09-05T13:20:21.3355002Z  ^[[32m✓^[[39m packages/core/test/unit/graph/edge-key-separator.test.ts ^[[2m(^[[22m^[[2m2 tests^[[22m^[[2m)^[[22m^[[32m 5^[[2mms^[[22m^[[39m
quality (node 24)	Run npm test	2026-09-05T13:20:21.4610540Z  ^[[32m✓^[[39m packages/core/test/unit/scripts/governance-gates.test.ts ^[[2m(^[[22m^[[2m5 tests^[[22m^[[2m)^[[22m^[[32m 17^[[2mms^[[22m^[[39m
quality (node 24)	Run npm test	2026-09-05T13:20:21.5175169Z  ^[[32m✓^[[39m packages/core/test/unit/graph/requirement-edge-construction.test.ts ^[[2m(^[[22m^[[2m3 tests^[[22m^[[2m)^[[22m^[[32m 8^[[2mms^[[22m^[[39m
quality (node 24)	Run npm test	2026-09-05T13:20:21.6768273Z ^[[90mstderr^[[2m | packages/react/test/public-package-surface.test.ts^[[2m > ^[[22m^[[2mReact public package surface (C2)^[[2m > ^[[22m^[[2mrenders and updates through the package entry alone
quality (node 24)	Run npm test	2026-09-05T13:20:21.6792788Z ^[[22m^[[39mreact-test-renderer is deprecated. See https://react.dev/warnings/react-test-renderer
quality (node 24)	Run npm test	2026-09-05T13:20:21.6822041Z An update to Root inside a test was not wrapped in act(...).
quality (node 24)	Run npm test	2026-09-05T13:20:21.6832951Z 
quality (node 24)	Run npm test	2026-09-05T13:20:21.6842398Z When testing, code that causes React state updates should be wrapped into act(...):
quality (node 24)	Run npm test	2026-09-05T13:20:21.6842989Z 
quality (node 24)	Run npm test	2026-09-05T13:20:21.6845910Z act(() => {
quality (node 24)	Run npm test	2026-09-05T13:20:21.6846795Z  ^[[32m✓^[[39m packages/react/test/public-package-surface.test.ts ^[[2m(^[[22m^[[2m1 test^[[22m^[[2m)^[[22m^[[32m 16^[[2mms^[[22m^[[39m
quality (node 24)	Run npm test	2026-09-05T13:20:21.6847566Z   /* fire events that update state */
quality (node 24)	Run npm test	2026-09-05T13:20:21.6849745Z });
quality (node 24)	Run npm test	2026-09-05T13:20:21.6850845Z /* assert on the output */
quality (node 24)	Run npm test	2026-09-05T13:20:21.6851370Z 
quality (node 24)	Run npm test	2026-09-05T13:20:21.6851971Z This ensures that you're testing the behavior the user would see in the browser. Learn more at https://react.dev/link/wrap-tests-with-act
quality (node 24)	Run npm test	2026-09-05T13:20:21.6852607Z 
quality (node 24)	Run npm test	2026-09-05T13:20:21.7236051Z  ^[[32m✓^[[39m packages/core/test/integration/motion-trigger-lifecycle.test.ts ^[[2m(^[[22m^[[2m1 test^[[22m^[[2m)^[[22m^[[32m 6^[[2mms^[[22m^[[39m
quality (node 24)	Run npm test	2026-09-05T13:20:21.8700075Z  ^[[32m✓^[[39m packages/react/test/patch-store-lifecycle.test.ts ^[[2m(^[[22m^[[2m2 tests^[[22m^[[2m)^[[22m^[[32m 5^[[2mms^[[22m^[[39m
quality (node 24)	Run npm test	2026-09-05T13:20:21.9393320Z  ^[[32m✓^[[39m packages/core/test/unit/domain/plugin-contribution-completeness.test.ts ^[[2m(^[[22m^[[2m3 tests^[[22m^[[2m)^[[22m^[[32m 8^[[2mms^[[22m^[[39m
quality (node 24)	Run npm test	2026-09-05T13:20:22.0780660Z  ^[[32m✓^[[39m packages/core/test/unit/domain/s7-plugin-evidence.test.ts ^[[2m(^[[22m^[[2m3 tests^[[22m^[[2m)^[[22m^[[32m 9^[[2mms^[[22m^[[39m
quality (node 24)	Run npm test	2026-09-05T13:20:22.1323087Z  ^[[32m✓^[[39m packages/react/test/patch-store-destroy.test.ts ^[[2m(^[[22m^[[2m3 tests^[[22m^[[2m)^[[22m^[[32m 7^[[2mms^[[22m^[[39m
quality (node 24)	Run npm test	2026-09-05T13:20:22.2773366Z  ^[[32m✓^[[39m packages/core/test/contract/gsap-sparse-percent-map.test.ts ^[[2m(^[[22m^[[2m3 tests^[[22m^[[2m)^[[22m^[[32m 16^[[2mms^[[22m^[[39m
quality (node 24)	Run npm test	2026-09-05T13:20:22.3273582Z  ^[[32m✓^[[39m packages/core/test/integration/dom-plugin-metadata.test.ts ^[[2m(^[[22m^[[2m1 test^[[22m^[[2m)^[[22m^[[32m 6^[[2mms^[[22m^[[39m
quality (node 24)	Run npm test	2026-09-05T13:20:22.4532698Z  ^[[32m✓^[[39m packages/core/test/unit/scripts/public-port-types.test.ts ^[[2m(^[[22m^[[2m2 tests^[[22m^[[2m)^[[22m^[[33m 5514^[[2mms^[[22m^[[39m
quality (node 24)	Run npm test	2026-09-05T13:20:22.4534775Z      ^[[33m^[[2m✓^[[22m^[[39m K-9 names all five port contracts from the entry declarations ^[[33m 1532^[[2mms^[[22m^[[39m
quality (node 24)	Run npm test	2026-09-05T13:20:22.4536153Z      ^[[33m^[[2m✓^[[22m^[[39m K-10 still cannot name a runtime internal through the same entry ^[[33m 1435^[[2mms^[[22m^[[39m
quality (node 24)	Run npm test	2026-09-05T13:20:22.4943733Z  ^[[32m✓^[[39m packages/core/test/contract/gsap-paused-timeline.test.ts ^[[2m(^[[22m^[[2m2 tests^[[22m^[[2m)^[[22m^[[32m 8^[[2mms^[[22m^[[39m
quality (node 24)	Run npm test	2026-09-05T13:20:22.5791312Z  ^[[32m✓^[[39m packages/core/test/integration/end-to-end.test.ts ^[[2m(^[[22m^[[2m1 test^[[22m^[[2m)^[[22m^[[32m 17^[[2mms^[[22m^[[39m
quality (node 24)	Run npm test	2026-09-05T13:20:22.5889211Z  ^[[32m✓^[[39m packages/core/test/unit/engine/motion-entry-shape.test.ts ^[[2m(^[[22m^[[2m3 tests^[[22m^[[2m)^[[22m^[[32m 5^[[2mms^[[22m^[[39m
quality (node 24)	Run npm test	2026-09-05T13:20:22.6683574Z  ^[[32m✓^[[39m packages/core/test/integration/contract-baseline.test.ts ^[[2m(^[[22m^[[2m5 tests^[[22m^[[2m)^[[22m^[[32m 16^[[2mms^[[22m^[[39m
quality (node 24)	Run npm test	2026-09-05T13:20:22.7382988Z  ^[[32m✓^[[39m packages/core/test/unit/domain/lifecycle.test.ts ^[[2m(^[[22m^[[2m5 tests^[[22m^[[2m)^[[22m^[[32m 6^[[2mms^[[22m^[[39m
quality (node 24)	Run npm test	2026-09-05T13:20:22.7627452Z  ^[[32m✓^[[39m packages/core/test/unit/graph/edge-key-canonical.test.ts ^[[2m(^[[22m^[[2m3 tests^[[22m^[[2m)^[[22m^[[32m 5^[[2mms^[[22m^[[39m
quality (node 24)	Run npm test	2026-09-05T13:20:22.8750389Z  ^[[32m✓^[[39m packages/core/test/unit/scripts/acceptance-scan.test.ts ^[[2m(^[[22m^[[2m3 tests^[[22m^[[2m)^[[22m^[[32m 24^[[2mms^[[22m^[[39m
quality (node 24)	Run npm test	2026-09-05T13:20:22.9133094Z  ^[[32m✓^[[39m packages/core/test/unit/graph/ids.test.ts ^[[2m(^[[22m^[[2m5 tests^[[22m^[[2m)^[[22m^[[32m 8^[[2mms^[[22m^[[39m
quality (node 24)	Run npm test	2026-09-05T13:20:22.9706565Z  ^[[32m✓^[[39m packages/core/test/integration/project-handle-surface.test.ts ^[[2m(^[[22m^[[2m1 test^[[22m^[[2m)^[[22m^[[32m 12^[[2mms^[[22m^[[39m
quality (node 24)	Run npm test	2026-09-05T13:20:23.0310336Z  ^[[32m✓^[[39m packages/core/test/unit/domain/values.test.ts ^[[2m(^[[22m^[[2m6 tests^[[22m^[[2m)^[[22m^[[32m 7^[[2mms^[[22m^[[39m
quality (node 24)	Run npm test	2026-09-05T13:20:23.0745382Z  ^[[32m✓^[[39m packages/core/test/unit/runtime/patch-registry-retention.test.ts ^[[2m(^[[22m^[[2m2 tests^[[22m^[[2m)^[[22m^[[32m 5^[[2mms^[[22m^[[39m
quality (node 24)	Run npm test	2026-09-05T13:20:23.1334160Z  ^[[32m✓^[[39m packages/core/test/unit/adapters/scroll-trigger-range.test.ts ^[[2m(^[[22m^[[2m1 test^[[22m^[[2m)^[[22m^[[32m 3^[[2mms^[[22m^[[39m
quality (node 24)	Run npm test	2026-09-05T13:20:23.2037593Z  ^[[32m✓^[[39m packages/core/test/unit/scripts/mutation-config.test.ts ^[[2m(^[[22m^[[2m1 test^[[22m^[[2m)^[[22m^[[32m 5^[[2mms^[[22m^[[39m
quality (node 24)	Run npm test	2026-09-05T13:20:23.2304664Z  ^[[32m✓^[[39m packages/core/test/integration/dom-transform-removal.test.ts ^[[2m(^[[22m^[[2m2 tests^[[22m^[[2m)^[[22m^[[32m 6^[[2mms^[[22m^[[39m
quality (node 24)	Run npm test	2026-09-05T13:20:23.3064728Z  ^[[32m✓^[[39m packages/react/test/patch-store.test.ts ^[[2m(^[[22m^[[2m1 test^[[22m^[[2m)^[[22m^[[32m 6^[[2mms^[[22m^[[39m
quality (node 24)	Run npm test	2026-09-05T13:20:23.3842100Z  ^[[32m✓^[[39m packages/core/test/contract/s4-validation-owner.test.ts ^[[2m(^[[22m^[[2m2 tests^[[22m^[[2m)^[[22m^[[32m 5^[[2mms^[[22m^[[39m
quality (node 24)	Run npm test	2026-09-05T13:20:23.4069146Z  ^[[32m✓^[[39m packages/core/test/unit/scripts/s7-recovery-audit.test.ts ^[[2m(^[[22m^[[2m1 test^[[22m^[[2m)^[[22m^[[32m 5^[[2mms^[[22m^[[39m
quality (node 24)	Run npm test	2026-09-05T13:20:23.4814725Z  ^[[32m✓^[[39m packages/core/test/integration/membership-gating.test.ts ^[[2m(^[[22m^[[2m1 test^[[22m^[[2m)^[[22m^[[32m 9^[[2mms^[[22m^[[39m
quality (node 24)	Run npm test	2026-09-05T13:20:23.6068653Z  ^[[32m✓^[[39m packages/core/test/integration/runtime-motion-trigger-validation.test.ts ^[[2m(^[[22m^[[2m1 test^[[22m^[[2m)^[[22m^[[32m 11^[[2mms^[[22m^[[39m
quality (node 24)	Run npm test	2026-09-05T13:20:23.6366554Z  ^[[32m✓^[[39m packages/core/test/integration/plugin-use-contract.test.ts ^[[2m(^[[22m^[[2m1 test^[[22m^[[2m)^[[22m^[[32m 6^[[2mms^[[22m^[[39m
quality (node 24)	Run npm test	2026-09-05T13:20:23.6680947Z  ^[[32m✓^[[39m packages/core/test/contract/gsap-multi-stop.test.ts ^[[2m(^[[22m^[[2m1 test^[[22m^[[2m)^[[22m^[[32m 6^[[2mms^[[22m^[[39m
quality (node 24)	Run npm test	2026-09-05T13:20:23.7995280Z  ^[[32m✓^[[39m packages/core/test/integration/golden-roundtrip.test.ts ^[[2m(^[[22m^[[2m1 test^[[22m^[[2m)^[[22m^[[32m 11^[[2mms^[[22m^[[39m
quality (node 24)	Run npm test	2026-09-05T13:20:23.8147877Z  ^[[32m✓^[[39m packages/core/test/unit/placeholder.test.ts ^[[2m(^[[22m^[[2m2 tests^[[22m^[[2m)^[[22m^[[32m 3^[[2mms^[[22m^[[39m
quality (node 24)	Run npm test	2026-09-05T13:20:23.8344466Z  ^[[32m✓^[[39m packages/react/test/public-hook.test.ts ^[[2m(^[[22m^[[2m1 test^[[22m^[[2m)^[[22m^[[32m 2^[[2mms^[[22m^[[39m
quality (node 24)	Run npm test	2026-09-05T13:20:23.8390280Z 
quality (node 24)	Run npm test	2026-09-05T13:20:23.8391738Z ^[[31m⎯⎯⎯⎯⎯⎯⎯^[[39m^[[1m^[[41m Failed Tests 1 ^[[49m^[[22m^[[31m⎯⎯⎯⎯⎯⎯⎯^[[39m
quality (node 24)	Run npm test	2026-09-05T13:20:23.8392151Z 
quality (node 24)	Run npm test	2026-09-05T13:20:23.8394233Z ^[[41m^[[1m FAIL ^[[22m^[[49m packages/core/test/unit/runtime/structural-commit-path.test.ts^[[2m > ^[[22ma structural change runs one transaction, in one order^[[2m > ^[[22mRA-138 answers the condition that is true rather than an absence that is not
quality (node 24)	Run npm test	2026-09-05T13:20:23.8398767Z ^[[31m^[[1mAssertionError^[[22m: expected [ …(3) ] to deeply equal [ …(3) ]^[[39m
quality (node 24)	Run npm test	2026-09-05T13:20:23.8399247Z 
quality (node 24)	Run npm test	2026-09-05T13:20:23.8399441Z ^[[32m- Expected^[[39m
quality (node 24)	Run npm test	2026-09-05T13:20:23.8400054Z ^[[31m+ Received^[[39m
quality (node 24)	Run npm test	2026-09-05T13:20:23.8400322Z 
quality (node 24)	Run npm test	2026-09-05T13:20:23.8400557Z ^[[2m  [^[[22m
quality (node 24)	Run npm test	2026-09-05T13:20:23.8401481Z ^[[32m-   "adding schema-commit-reentrant: A structural commit is already in flight. Ask for it once this one has returned.",^[[39m
quality (node 24)	Run npm test	2026-09-05T13:20:23.8402479Z ^[[32m-   "stale schema-commit-reentrant: A structural commit is already in flight. Ask for it once this one has returned.",^[[39m
quality (node 24)	Run npm test	2026-09-05T13:20:23.8403482Z ^[[32m-   "keyframe schema-commit-reentrant: A structural commit is already in flight. Ask for it once this one has returned.",^[[39m
quality (node 24)	Run npm test	2026-09-05T13:20:23.8404218Z ^[[31m+   "adding Unknown graph node \"hero/hand\".",^[[39m
quality (node 24)	Run npm test	2026-09-05T13:20:23.8404789Z ^[[31m+   "stale Track \"hero/arm\" is no longer live.",^[[39m
quality (node 24)	Run npm test	2026-09-05T13:20:23.8405328Z ^[[31m+   "keyframe Track \"hero/arm\" is no longer live.",^[[39m
quality (node 24)	Run npm test	2026-09-05T13:20:23.8405715Z ^[[2m  ]^[[22m
quality (node 24)	Run npm test	2026-09-05T13:20:23.8405886Z 
quality (node 24)	Run npm test	2026-09-05T13:20:23.8406400Z ^[[36m ^[[2m❯^[[22m packages/core/test/unit/runtime/structural-commit-path.test.ts:^[[2m1064:22^[[22m^[[39m
quality (node 24)	Run npm test	2026-09-05T13:20:23.8516702Z     ^[[90m1062|^[[39m     // in id qualification. The other two report a staleness, which is…
quality (node 24)	Run npm test	2026-09-05T13:20:23.8518009Z     ^[[90m1063|^[[39m     ^[[90m// the reason the call may not run.^[[39m
quality (node 24)	Run npm test	2026-09-05T13:20:23.8519134Z     ^[[90m1064|^[[39m     ^[[34mexpect^[[39m(observed)^[[33m.^[[39m^[[34mtoEqual^[[39m([
quality (node 24)	Run npm test	2026-09-05T13:20:23.8519986Z     ^[[90m   |^[[39m                      ^[[31m^^[[39m
quality (node 24)	Run npm test	2026-09-05T13:20:23.8521333Z     ^[[90m1065|^[[39m       ^[[32m`adding ^[[39m^[[36m${^[[39m^[[33mREENTRANT^[[39m^[[36m}^[[39m^[[32m`^[[39m^[[33m,^[[39m
quality (node 24)	Run npm test	2026-09-05T13:20:23.8522618Z     ^[[90m1066|^[[39m       ^[[32m`stale ^[[39m^[[36m${^[[39m^[[33mREENTRANT^[[39m^[[36m}^[[39m^[[32m`^[[39m^[[33m,^[[39m
quality (node 24)	Run npm test	2026-09-05T13:20:23.8523118Z 
quality (node 24)	Run npm test	2026-09-05T13:20:23.8523302Z 
quality (node 24)	Run npm test	2026-09-05T13:20:23.8523790Z ^[[31m^[[2m⎯⎯⎯⎯⎯⎯⎯⎯⎯⎯⎯⎯⎯⎯⎯⎯⎯⎯⎯⎯⎯⎯⎯⎯[1/1]⎯^[[22m^[[39m
quality (node 24)	Run npm test	2026-09-05T13:20:23.8524295Z 
quality (node 24)	Run npm test	2026-09-05T13:20:23.8530922Z ^[[2m Test Files ^[[22m ^[[1m^[[31m1 failed^[[39m^[[22m^[[2m | ^[[22m^[[1m^[[32m185 passed^[[39m^[[22m^[[90m (186)^[[39m
quality (node 24)	Run npm test	2026-09-05T13:20:23.8541306Z ^[[2m      Tests ^[[22m ^[[1m^[[31m1 failed^[[39m^[[22m^[[2m | ^[[22m^[[1m^[[32m967 passed^[[39m^[[22m^[[90m (968)^[[39m
quality (node 24)	Run npm test	2026-09-05T13:20:23.8542224Z ^[[2m   Start at ^[[22m 13:20:07
quality (node 24)	Run npm test	2026-09-05T13:20:23.8545430Z ^[[2m   Duration ^[[22m 16.57s^[[2m (transform 2.42s, setup 987ms, import 9.33s, tests 12.18s, environment 20ms)^[[22m
quality (node 24)	Run npm test	2026-09-05T13:20:23.8547538Z 
quality (node 24)	Run npm test	2026-09-05T13:20:23.8574523Z 
quality (node 24)	Run npm test	2026-09-05T13:20:23.8599892Z ##[error]AssertionError: expected [ …(3) ] to deeply equal [ …(3) ]
quality (node 24)	Run npm test	
quality (node 24)	Run npm test	- Expected
quality (node 24)	Run npm test	+ Received
quality (node 24)	Run npm test	
quality (node 24)	Run npm test	  [
quality (node 24)	Run npm test	-   "adding schema-commit-reentrant: A structural commit is already in flight. Ask for it once this one has returned.",
quality (node 24)	Run npm test	-   "stale schema-commit-reentrant: A structural commit is already in flight. Ask for it once this one has returned.",
quality (node 24)	Run npm test	-   "keyframe schema-commit-reentrant: A structural commit is already in flight. Ask for it once this one has returned.",
quality (node 24)	Run npm test	+   "adding Unknown graph node \"hero/hand\".",
quality (node 24)	Run npm test	+   "stale Track \"hero/arm\" is no longer live.",
quality (node 24)	Run npm test	+   "keyframe Track \"hero/arm\" is no longer live.",
quality (node 24)	Run npm test	  ]
quality (node 24)	Run npm test	
quality (node 24)	Run npm test	 ❯ packages/core/test/unit/runtime/structural-commit-path.test.ts:1064:22
quality (node 24)	Run npm test	
quality (node 24)	Run npm test	
quality (node 24)	Run npm test	2026-09-05T13:20:23.9150073Z ##[error]Process completed with exit code 1.
