
[1m[30m[46m RUN [49m[39m[22m [36mv4.1.10 [39m[90m/home/runner/work/motion5/motion5[39m

 [31m❯[39m packages/react/test/public-package-surface.test.ts [2m([22m[2m0 test[22m[2m)[22m
 [31m❯[39m packages/react/test/public-hook.test.ts [2m([22m[2m0 test[22m[2m)[22m
 [31m❯[39m packages/react/test/public-hook-render.test.ts [2m([22m[2m0 test[22m[2m)[22m

[31m⎯⎯⎯⎯⎯⎯[39m[1m[41m Failed Suites 3 [49m[22m[31m⎯⎯⎯⎯⎯⎯⎯[39m

[41m[1m FAIL [22m[49m packages/react/test/public-hook-render.test.ts[2m [ packages/react/test/public-hook-render.test.ts ][22m
[31m[1mError[22m: Cannot find package 'react-test-renderer' imported from /home/runner/work/motion5/motion5/packages/react/test/public-hook-render.test.ts[39m
[36m [2m❯[22m packages/react/test/public-hook-render.test.ts:[2m1:1[22m[39m
    [90m  1|[39m [35mimport[39m { act[33m,[39m create } [35mfrom[39m [32m"react-test-renderer"[39m[33m;[39m
    [90m   |[39m [31m^[39m
    [90m  2|[39m [35mimport[39m { describe[33m,[39m expect[33m,[39m it } [35mfrom[39m [32m"vitest"[39m[33m;[39m
    [90m  3|[39m [35mimport[39m { createElement } [35mfrom[39m [32m"react"[39m[33m;[39m

[31m[2m⎯⎯⎯⎯⎯⎯⎯⎯⎯⎯⎯⎯⎯⎯⎯⎯⎯⎯⎯⎯⎯⎯⎯⎯[1/3]⎯[22m[39m

[41m[1m FAIL [22m[49m packages/react/test/public-hook.test.ts[2m [ packages/react/test/public-hook.test.ts ][22m
[31m[1mError[22m: Cannot find module '../src/index' imported from /home/runner/work/motion5/motion5/packages/react/test/public-hook.test.ts[39m
[36m [2m❯[22m packages/react/test/public-hook.test.ts:[2m2:1[22m[39m
    [90m  1|[39m [35mimport[39m { describe[33m,[39m expect[33m,[39m it } [35mfrom[39m [32m"vitest"[39m[33m;[39m
    [90m  2|[39m [35mimport[39m { usePatch } [35mfrom[39m [32m"../src/index"[39m[33m;[39m
    [90m   |[39m [31m^[39m
    [90m  3|[39m
    [90m  4|[39m [34mdescribe[39m([32m"React public surface (C2)"[39m[33m,[39m () [33m=>[39m {

[31m[2m⎯⎯⎯⎯⎯⎯⎯⎯⎯⎯⎯⎯⎯⎯⎯⎯⎯⎯⎯⎯⎯⎯⎯⎯[2/3]⎯[22m[39m

[41m[1m FAIL [22m[49m packages/react/test/public-package-surface.test.ts[2m [ packages/react/test/public-package-surface.test.ts ][22m
[31m[1mError[22m: Cannot find package 'react' imported from /home/runner/work/motion5/motion5/packages/react/test/public-package-surface.test.ts[39m
[36m [2m❯[22m packages/react/test/public-package-surface.test.ts:[2m1:1[22m[39m
    [90m  1|[39m [35mimport[39m { createElement } [35mfrom[39m [32m"react"[39m[33m;[39m
    [90m   |[39m [31m^[39m
    [90m  2|[39m [35mimport[39m { act[33m,[39m create } [35mfrom[39m [32m"react-test-renderer"[39m[33m;[39m
    [90m  3|[39m [35mimport[39m { describe[33m,[39m expect[33m,[39m it } [35mfrom[39m [32m"vitest"[39m[33m;[39m

[31m[2m⎯⎯⎯⎯⎯⎯⎯⎯⎯⎯⎯⎯⎯⎯⎯⎯⎯⎯⎯⎯⎯⎯⎯⎯[3/3]⎯[22m[39m


[2m Test Files [22m [1m[31m3 failed[39m[22m[90m (3)[39m
[2m      Tests [22m [2mno tests[22m
[2m   Start at [22m 15:31:51
[2m   Duration [22m 229ms[2m (transform 77ms, setup 0ms, import 0ms, tests 0ms, environment 0ms)[22m


::error file=/home/runner/work/motion5/motion5/packages/react/test/public-hook-render.test.ts,title=packages/react/test/public-hook-render.test.ts,line=1,column=1::Error: Cannot find package 'react-test-renderer' imported from /home/runner/work/motion5/motion5/packages/react/test/public-hook-render.test.ts%0A ❯ packages/react/test/public-hook-render.test.ts:1:1%0A%0A⎯⎯⎯⎯⎯⎯⎯⎯⎯⎯⎯⎯⎯⎯⎯⎯⎯⎯⎯⎯⎯⎯⎯⎯⎯⎯⎯⎯⎯⎯%0ASerialized Error: { code: 'ERR_MODULE_NOT_FOUND' }%0A

::error file=/home/runner/work/motion5/motion5/packages/react/test/public-hook.test.ts,title=packages/react/test/public-hook.test.ts,line=2,column=1::Error: Cannot find module '../src/index' imported from /home/runner/work/motion5/motion5/packages/react/test/public-hook.test.ts%0A ❯ packages/react/test/public-hook.test.ts:2:1%0A%0A⎯⎯⎯⎯⎯⎯⎯⎯⎯⎯⎯⎯⎯⎯⎯⎯⎯⎯⎯⎯⎯⎯⎯⎯⎯⎯⎯⎯⎯⎯%0ASerialized Error: { code: 'ERR_MODULE_NOT_FOUND' }%0A

::error file=/home/runner/work/motion5/motion5/packages/react/test/public-package-surface.test.ts,title=packages/react/test/public-package-surface.test.ts,line=1,column=1::Error: Cannot find package 'react' imported from /home/runner/work/motion5/motion5/packages/react/test/public-package-surface.test.ts%0A ❯ packages/react/test/public-package-surface.test.ts:1:1%0A%0A⎯⎯⎯⎯⎯⎯⎯⎯⎯⎯⎯⎯⎯⎯⎯⎯⎯⎯⎯⎯⎯⎯⎯⎯⎯⎯⎯⎯⎯⎯%0ASerialized Error: { code: 'ERR_MODULE_NOT_FOUND' }%0A
