prettier --write (same-repository PR)	Set up job	﻿2026-08-12T13:24:06.0762366Z Current runner version: '2.336.0'
prettier --write (same-repository PR)	Set up job	2026-08-12T13:24:06.0784529Z ##[group]Runner Image Provisioner
prettier --write (same-repository PR)	Set up job	2026-08-12T13:24:06.0785335Z Hosted Compute Agent
prettier --write (same-repository PR)	Set up job	2026-08-12T13:24:06.0785773Z Version: 20260707.563
prettier --write (same-repository PR)	Set up job	2026-08-12T13:24:06.0786353Z Commit: 02667638d2b423fbc733a8e32a88b44996a3ba6e
prettier --write (same-repository PR)	Set up job	2026-08-12T13:24:06.0786924Z Build Date: 2026-07-07T19:33:50Z
prettier --write (same-repository PR)	Set up job	2026-08-12T13:24:06.0787507Z Worker ID: {f489d806-f0a6-4544-b70a-fc527d870c34}
prettier --write (same-repository PR)	Set up job	2026-08-12T13:24:06.0788109Z Azure Region: westus
prettier --write (same-repository PR)	Set up job	2026-08-12T13:24:06.0788556Z ##[endgroup]
prettier --write (same-repository PR)	Set up job	2026-08-12T13:24:06.0789710Z ##[group]Operating System
prettier --write (same-repository PR)	Set up job	2026-08-12T13:24:06.0790208Z Ubuntu
prettier --write (same-repository PR)	Set up job	2026-08-12T13:24:06.0790616Z 24.04.4
prettier --write (same-repository PR)	Set up job	2026-08-12T13:24:06.0791109Z LTS
prettier --write (same-repository PR)	Set up job	2026-08-12T13:24:06.0791521Z ##[endgroup]
prettier --write (same-repository PR)	Set up job	2026-08-12T13:24:06.0791984Z ##[group]Runner Image
prettier --write (same-repository PR)	Set up job	2026-08-12T13:24:06.0792483Z Image: ubuntu-24.04
prettier --write (same-repository PR)	Set up job	2026-08-12T13:24:06.0792934Z Version: 20260720.247.2
prettier --write (same-repository PR)	Set up job	2026-08-12T13:24:06.0793831Z Included Software: https://github.com/actions/runner-images/blob/ubuntu24/20260720.247/images/ubuntu/Ubuntu2404-Readme.md
prettier --write (same-repository PR)	Set up job	2026-08-12T13:24:06.0795242Z Image Release: https://github.com/actions/runner-images/releases/tag/ubuntu24%2F20260720.247
prettier --write (same-repository PR)	Set up job	2026-08-12T13:24:06.0796113Z ##[endgroup]
prettier --write (same-repository PR)	Set up job	2026-08-12T13:24:06.0797062Z ##[group]GITHUB_TOKEN Permissions
prettier --write (same-repository PR)	Set up job	2026-08-12T13:24:06.0798841Z Contents: write
prettier --write (same-repository PR)	Set up job	2026-08-12T13:24:06.0799337Z Metadata: read
prettier --write (same-repository PR)	Set up job	2026-08-12T13:24:06.0799839Z PullRequests: read
prettier --write (same-repository PR)	Set up job	2026-08-12T13:24:06.0800317Z ##[endgroup]
prettier --write (same-repository PR)	Set up job	2026-08-12T13:24:06.0801960Z Secret source: Actions
prettier --write (same-repository PR)	Set up job	2026-08-12T13:24:06.0803104Z Prepare workflow directory
prettier --write (same-repository PR)	Set up job	2026-08-12T13:24:06.1661899Z Prepare all required actions
prettier --write (same-repository PR)	Set up job	2026-08-12T13:24:06.1705543Z Getting action download info
prettier --write (same-repository PR)	Set up job	2026-08-12T13:24:06.5077401Z Download action repository 'actions/checkout@v4' (SHA:11d5960a326750d5838078e36cf38b85af677262)
prettier --write (same-repository PR)	Set up job	2026-08-12T13:24:07.2413566Z Download action repository 'actions/setup-node@v4' (SHA:49933ea5288caeca8642d1e84afbd3f7d6820020)
prettier --write (same-repository PR)	Set up job	2026-08-12T13:24:07.5787713Z Complete job name: prettier --write (same-repository PR)
prettier --write (same-repository PR)	Run actions/checkout@v4	﻿2026-08-12T13:24:07.6481237Z Node 20 is being deprecated. This workflow is running with Node 24 by default. If you need to temporarily use Node 20, you can set the ACTIONS_ALLOW_USE_UNSECURE_NODE_VERSION=true environment variable. For more information see: https://github.blog/changelog/2025-09-19-deprecation-of-node-20-on-github-actions-runners/
prettier --write (same-repository PR)	Run actions/checkout@v4	2026-08-12T13:24:07.6490168Z ##[group]Run actions/checkout@v4
prettier --write (same-repository PR)	Run actions/checkout@v4	2026-08-12T13:24:07.6491452Z with:
prettier --write (same-repository PR)	Run actions/checkout@v4	2026-08-12T13:24:07.6492079Z   ref: fix/E3-mutation-gate
prettier --write (same-repository PR)	Run actions/checkout@v4	2026-08-12T13:24:07.6492842Z   repository: chahyasantoso/motion5
prettier --write (same-repository PR)	Run actions/checkout@v4	2026-08-12T13:24:07.6493685Z   fetch-depth: 0
prettier --write (same-repository PR)	Run actions/checkout@v4	2026-08-12T13:24:07.6500270Z   token: ***
prettier --write (same-repository PR)	Run actions/checkout@v4	2026-08-12T13:24:07.6500893Z   ssh-strict: true
prettier --write (same-repository PR)	Run actions/checkout@v4	2026-08-12T13:24:07.6501527Z   ssh-user: git
prettier --write (same-repository PR)	Run actions/checkout@v4	2026-08-12T13:24:07.6502173Z   persist-credentials: true
prettier --write (same-repository PR)	Run actions/checkout@v4	2026-08-12T13:24:07.6502893Z   clean: true
prettier --write (same-repository PR)	Run actions/checkout@v4	2026-08-12T13:24:07.6503528Z   sparse-checkout-cone-mode: true
prettier --write (same-repository PR)	Run actions/checkout@v4	2026-08-12T13:24:07.6504420Z   fetch-tags: false
prettier --write (same-repository PR)	Run actions/checkout@v4	2026-08-12T13:24:07.6505096Z   show-progress: true
prettier --write (same-repository PR)	Run actions/checkout@v4	2026-08-12T13:24:07.6505742Z   lfs: false
prettier --write (same-repository PR)	Run actions/checkout@v4	2026-08-12T13:24:07.6506396Z   submodules: false
prettier --write (same-repository PR)	Run actions/checkout@v4	2026-08-12T13:24:07.6507071Z   set-safe-directory: true
prettier --write (same-repository PR)	Run actions/checkout@v4	2026-08-12T13:24:07.6507816Z   allow-unsafe-pr-checkout: false
prettier --write (same-repository PR)	Run actions/checkout@v4	2026-08-12T13:24:07.6508890Z ##[endgroup]
prettier --write (same-repository PR)	Run actions/checkout@v4	2026-08-12T13:24:07.7362577Z Syncing repository: chahyasantoso/motion5
prettier --write (same-repository PR)	Run actions/checkout@v4	2026-08-12T13:24:07.7365023Z ##[group]Getting Git version info
prettier --write (same-repository PR)	Run actions/checkout@v4	2026-08-12T13:24:07.7366074Z Working directory is '/home/runner/work/motion5/motion5'
prettier --write (same-repository PR)	Run actions/checkout@v4	2026-08-12T13:24:07.7367551Z [command]/usr/bin/git version
prettier --write (same-repository PR)	Run actions/checkout@v4	2026-08-12T13:24:07.7406234Z git version 2.54.0
prettier --write (same-repository PR)	Run actions/checkout@v4	2026-08-12T13:24:07.7422946Z ##[endgroup]
prettier --write (same-repository PR)	Run actions/checkout@v4	2026-08-12T13:24:07.7436171Z Temporarily overriding HOME='/home/runner/work/_temp/e96e26dd-352c-4e27-8110-0173b651d6ac' before making global git config changes
prettier --write (same-repository PR)	Run actions/checkout@v4	2026-08-12T13:24:07.7439320Z Adding repository directory to the temporary git global config as a safe directory
prettier --write (same-repository PR)	Run actions/checkout@v4	2026-08-12T13:24:07.7441884Z [command]/usr/bin/git config --global --add safe.directory /home/runner/work/motion5/motion5
prettier --write (same-repository PR)	Run actions/checkout@v4	2026-08-12T13:24:07.7472394Z Deleting the contents of '/home/runner/work/motion5/motion5'
prettier --write (same-repository PR)	Run actions/checkout@v4	2026-08-12T13:24:07.7478474Z ##[group]Initializing the repository
prettier --write (same-repository PR)	Run actions/checkout@v4	2026-08-12T13:24:07.7481586Z [command]/usr/bin/git init /home/runner/work/motion5/motion5
prettier --write (same-repository PR)	Run actions/checkout@v4	2026-08-12T13:24:07.8091661Z hint: Using 'master' as the name for the initial branch. This default branch name
prettier --write (same-repository PR)	Run actions/checkout@v4	2026-08-12T13:24:07.8093974Z hint: will change to "main" in Git 3.0. To configure the initial branch name
prettier --write (same-repository PR)	Run actions/checkout@v4	2026-08-12T13:24:07.8095829Z hint: to use in all of your new repositories, which will suppress this warning,
prettier --write (same-repository PR)	Run actions/checkout@v4	2026-08-12T13:24:07.8097356Z hint: call:
prettier --write (same-repository PR)	Run actions/checkout@v4	2026-08-12T13:24:07.8097954Z hint:
prettier --write (same-repository PR)	Run actions/checkout@v4	2026-08-12T13:24:07.8098868Z hint: 	git config --global init.defaultBranch <name>
prettier --write (same-repository PR)	Run actions/checkout@v4	2026-08-12T13:24:07.8100193Z hint:
prettier --write (same-repository PR)	Run actions/checkout@v4	2026-08-12T13:24:07.8101221Z hint: Names commonly chosen instead of 'master' are 'main', 'trunk' and
prettier --write (same-repository PR)	Run actions/checkout@v4	2026-08-12T13:24:07.8102577Z hint: 'development'. The just-created branch can be renamed via this command:
prettier --write (same-repository PR)	Run actions/checkout@v4	2026-08-12T13:24:07.8103679Z hint:
prettier --write (same-repository PR)	Run actions/checkout@v4	2026-08-12T13:24:07.8104404Z hint: 	git branch -m <name>
prettier --write (same-repository PR)	Run actions/checkout@v4	2026-08-12T13:24:07.8105161Z hint:
prettier --write (same-repository PR)	Run actions/checkout@v4	2026-08-12T13:24:07.8106093Z hint: Disable this message with "git config set advice.defaultBranchName false"
prettier --write (same-repository PR)	Run actions/checkout@v4	2026-08-12T13:24:07.8107698Z Initialized empty Git repository in /home/runner/work/motion5/motion5/.git/
prettier --write (same-repository PR)	Run actions/checkout@v4	2026-08-12T13:24:07.8110291Z [command]/usr/bin/git remote add origin https://github.com/chahyasantoso/motion5
prettier --write (same-repository PR)	Run actions/checkout@v4	2026-08-12T13:24:07.8134037Z ##[endgroup]
prettier --write (same-repository PR)	Run actions/checkout@v4	2026-08-12T13:24:07.8135305Z ##[group]Disabling automatic garbage collection
prettier --write (same-repository PR)	Run actions/checkout@v4	2026-08-12T13:24:07.8136963Z [command]/usr/bin/git config --local gc.auto 0
prettier --write (same-repository PR)	Run actions/checkout@v4	2026-08-12T13:24:07.8167971Z ##[endgroup]
prettier --write (same-repository PR)	Run actions/checkout@v4	2026-08-12T13:24:07.8169324Z ##[group]Setting up auth
prettier --write (same-repository PR)	Run actions/checkout@v4	2026-08-12T13:24:07.8173043Z [command]/usr/bin/git config --local --name-only --get-regexp core\.sshCommand
prettier --write (same-repository PR)	Run actions/checkout@v4	2026-08-12T13:24:07.8204024Z [command]/usr/bin/git submodule foreach --recursive sh -c "git config --local --name-only --get-regexp 'core\.sshCommand' && git config --local --unset-all 'core.sshCommand' || :"
prettier --write (same-repository PR)	Run actions/checkout@v4	2026-08-12T13:24:08.1286869Z [command]/usr/bin/git config --local --name-only --get-regexp http\.https\:\/\/github\.com\/\.extraheader
prettier --write (same-repository PR)	Run actions/checkout@v4	2026-08-12T13:24:08.1318331Z [command]/usr/bin/git submodule foreach --recursive sh -c "git config --local --name-only --get-regexp 'http\.https\:\/\/github\.com\/\.extraheader' && git config --local --unset-all 'http.https://github.com/.extraheader' || :"
prettier --write (same-repository PR)	Run actions/checkout@v4	2026-08-12T13:24:08.1522098Z [command]/usr/bin/git config --local --name-only --get-regexp ^includeIf\.gitdir:
prettier --write (same-repository PR)	Run actions/checkout@v4	2026-08-12T13:24:08.1554131Z [command]/usr/bin/git submodule foreach --recursive git config --local --show-origin --name-only --get-regexp remote.origin.url
prettier --write (same-repository PR)	Run actions/checkout@v4	2026-08-12T13:24:08.1759085Z [command]/usr/bin/git config --local http.https://github.com/.extraheader AUTHORIZATION: basic ***
prettier --write (same-repository PR)	Run actions/checkout@v4	2026-08-12T13:24:08.1904965Z ##[endgroup]
prettier --write (same-repository PR)	Run actions/checkout@v4	2026-08-12T13:24:08.1906141Z ##[group]Fetching the repository
prettier --write (same-repository PR)	Run actions/checkout@v4	2026-08-12T13:24:08.1913269Z [command]/usr/bin/git -c protocol.version=2 fetch --prune --no-recurse-submodules origin +refs/heads/*:refs/remotes/origin/* +refs/tags/*:refs/tags/*
prettier --write (same-repository PR)	Run actions/checkout@v4	2026-08-12T13:24:09.5746855Z From https://github.com/chahyasantoso/motion5
prettier --write (same-repository PR)	Run actions/checkout@v4	2026-08-12T13:24:09.5747772Z  * [new branch]      chore/format-31354308601 -> origin/chore/format-31354308601
prettier --write (same-repository PR)	Run actions/checkout@v4	2026-08-12T13:24:09.5748356Z  * [new branch]      chore/r6-core-package-boundary -> origin/chore/r6-core-package-boundary
prettier --write (same-repository PR)	Run actions/checkout@v4	2026-08-12T13:24:09.5748800Z  * [new branch]      ci-logs                -> origin/ci-logs
prettier --write (same-repository PR)	Run actions/checkout@v4	2026-08-12T13:24:09.5749168Z  * [new branch]      ci/archive-workflow    -> origin/ci/archive-workflow
prettier --write (same-repository PR)	Run actions/checkout@v4	2026-08-12T13:24:09.5749619Z  * [new branch]      ci/auto-format-pr-branches -> origin/ci/auto-format-pr-branches
prettier --write (same-repository PR)	Run actions/checkout@v4	2026-08-12T13:24:09.5750075Z  * [new branch]      docs/detailed-plan-and-trd -> origin/docs/detailed-plan-and-trd
prettier --write (same-repository PR)	Run actions/checkout@v4	2026-08-12T13:24:09.5750576Z  * [new branch]      docs/p0-06-trd-and-detailed-plan -> origin/docs/p0-06-trd-and-detailed-plan
prettier --write (same-repository PR)	Run actions/checkout@v4	2026-08-12T13:24:09.5751104Z  * [new branch]      docs/phase3-implementation-review -> origin/docs/phase3-implementation-review
prettier --write (same-repository PR)	Run actions/checkout@v4	2026-08-12T13:24:09.5751685Z  * [new branch]      docs/r9-status-and-plan-truth-pass -> origin/docs/r9-status-and-plan-truth-pass
prettier --write (same-repository PR)	Run actions/checkout@v4	2026-08-12T13:24:09.5752569Z  * [new branch]      docs/repo-review-and-remediation-plan -> origin/docs/repo-review-and-remediation-plan
prettier --write (same-repository PR)	Run actions/checkout@v4	2026-08-12T13:24:09.5753121Z  * [new branch]      feat/p0-04-ports-and-fakes -> origin/feat/p0-04-ports-and-fakes
prettier --write (same-repository PR)	Run actions/checkout@v4	2026-08-12T13:24:09.5753682Z  * [new branch]      feat/p0-05-golden-fixtures-and-integration -> origin/feat/p0-05-golden-fixtures-and-integration
prettier --write (same-repository PR)	Run actions/checkout@v4	2026-08-12T13:24:09.5754626Z  * [new branch]      feat/p1-01-immutable-value-snapshots -> origin/feat/p1-01-immutable-value-snapshots
prettier --write (same-repository PR)	Run actions/checkout@v4	2026-08-12T13:24:09.5755242Z  * [new branch]      feat/p1-02-plugin-registry -> origin/feat/p1-02-plugin-registry
prettier --write (same-repository PR)	Run actions/checkout@v4	2026-08-12T13:24:09.5755720Z  * [new branch]      feat/p1-03-track-leaf  -> origin/feat/p1-03-track-leaf
prettier --write (same-repository PR)	Run actions/checkout@v4	2026-08-12T13:24:09.5756190Z  * [new branch]      feat/p1-04-lifecycle-primitives -> origin/feat/p1-04-lifecycle-primitives
prettier --write (same-repository PR)	Run actions/checkout@v4	2026-08-12T13:24:09.5756662Z  * [new branch]      feat/p1-05-motion-scheduling -> origin/feat/p1-05-motion-scheduling
prettier --write (same-repository PR)	Run actions/checkout@v4	2026-08-12T13:24:09.5757136Z  * [new branch]      feat/p1-06-trigger-delegates -> origin/feat/p1-06-trigger-delegates
prettier --write (same-repository PR)	Run actions/checkout@v4	2026-08-12T13:24:09.5757572Z  * [new branch]      feat/p2-01-qualified-ids -> origin/feat/p2-01-qualified-ids
prettier --write (same-repository PR)	Run actions/checkout@v4	2026-08-12T13:24:09.5758035Z  * [new branch]      feat/p2-02-03-graph-ir-validation -> origin/feat/p2-02-03-graph-ir-validation
prettier --write (same-repository PR)	Run actions/checkout@v4	2026-08-12T13:24:09.5758566Z  * [new branch]      feat/p2-04-cycle-detection-and-order -> origin/feat/p2-04-cycle-detection-and-order
prettier --write (same-repository PR)	Run actions/checkout@v4	2026-08-12T13:24:09.5759129Z  * [new branch]      feat/p2-05-stable-observation-state -> origin/feat/p2-05-stable-observation-state
prettier --write (same-repository PR)	Run actions/checkout@v4	2026-08-12T13:24:09.5759694Z  * [new branch]      feat/p2-06-graph-binding-transactions -> origin/feat/p2-06-graph-binding-transactions
prettier --write (same-repository PR)	Run actions/checkout@v4	2026-08-12T13:24:09.5760243Z  * [new branch]      feat/p2-07-boundary-scan-ci-gate -> origin/feat/p2-07-boundary-scan-ci-gate
prettier --write (same-repository PR)	Run actions/checkout@v4	2026-08-12T13:24:09.5760700Z  * [new branch]      feat/p3-01-patch-registry -> origin/feat/p3-01-patch-registry
prettier --write (same-repository PR)	Run actions/checkout@v4	2026-08-12T13:24:09.5761427Z  * [new branch]      feat/p3-02-03-publisher-failure-semantics -> origin/feat/p3-02-03-publisher-failure-semantics
prettier --write (same-repository PR)	Run actions/checkout@v4	2026-08-12T13:24:09.5761952Z  * [new branch]      feat/p3-04-graph-runtime -> origin/feat/p3-04-graph-runtime
prettier --write (same-repository PR)	Run actions/checkout@v4	2026-08-12T13:24:09.5762378Z  * [new branch]      feat/p3-05-project-runtime -> origin/feat/p3-05-project-runtime
prettier --write (same-repository PR)	Run actions/checkout@v4	2026-08-12T13:24:09.5762969Z  * [new branch]      feat/p3-06-07-engine-and-benchmarks -> origin/feat/p3-06-07-engine-and-benchmarks
prettier --write (same-repository PR)	Run actions/checkout@v4	2026-08-12T13:24:09.5763496Z  * [new branch]      feat/p4-01-02-adapters -> origin/feat/p4-01-02-adapters
prettier --write (same-repository PR)	Run actions/checkout@v4	2026-08-12T13:24:09.5763975Z  * [new branch]      feat/p4-03-04-react-consumer-boundary -> origin/feat/p4-03-04-react-consumer-boundary
prettier --write (same-repository PR)	Run actions/checkout@v4	2026-08-12T13:24:09.5764816Z  * [new branch]      feat/p4-05-current-main-integration-build -> origin/feat/p4-05-current-main-integration-build
prettier --write (same-repository PR)	Run actions/checkout@v4	2026-08-12T13:24:09.5765408Z  * [new branch]      feat/p4-05-integration-build-gate -> origin/feat/p4-05-integration-build-gate
prettier --write (same-repository PR)	Run actions/checkout@v4	2026-08-12T13:24:09.5765944Z  * [new branch]      feat/r5-engine-compose-resolver -> origin/feat/r5-engine-compose-resolver
prettier --write (same-repository PR)	Run actions/checkout@v4	2026-08-12T13:24:09.5766495Z  * [new branch]      feat/r8-dom-adapter-target-resolution -> origin/feat/r8-dom-adapter-target-resolution
prettier --write (same-repository PR)	Run actions/checkout@v4	2026-08-12T13:24:09.5767005Z  * [new branch]      fix/A3-publisher-reentrancy -> origin/fix/A3-publisher-reentrancy
prettier --write (same-repository PR)	Run actions/checkout@v4	2026-08-12T13:24:09.5767424Z  * [new branch]      fix/A3-red-evidence    -> origin/fix/A3-red-evidence
prettier --write (same-repository PR)	Run actions/checkout@v4	2026-08-12T13:24:09.5767827Z  * [new branch]      fix/B1-track-contribution -> origin/fix/B1-track-contribution
prettier --write (same-repository PR)	Run actions/checkout@v4	2026-08-12T13:24:09.5768390Z  * [new branch]      fix/B2-gsap-stop-compilation -> origin/fix/B2-gsap-stop-compilation
prettier --write (same-repository PR)	Run actions/checkout@v4	2026-08-12T13:24:09.5768895Z  * [new branch]      fix/B2-gsap-stop-compilation-clean -> origin/fix/B2-gsap-stop-compilation-clean
prettier --write (same-repository PR)	Run actions/checkout@v4	2026-08-12T13:24:09.5769437Z  * [new branch]      fix/B2-gsap-stop-compilation-repair -> origin/fix/B2-gsap-stop-compilation-repair
prettier --write (same-repository PR)	Run actions/checkout@v4	2026-08-12T13:24:09.5769933Z  * [new branch]      fix/C1-react-store-lifecycle -> origin/fix/C1-react-store-lifecycle
prettier --write (same-repository PR)	Run actions/checkout@v4	2026-08-12T13:24:09.5770509Z  * [new branch]      fix/C2-react-public-surface -> origin/fix/C2-react-public-surface
prettier --write (same-repository PR)	Run actions/checkout@v4	2026-08-12T13:24:09.5770923Z  * [new branch]      fix/C3-dom-contract    -> origin/fix/C3-dom-contract
prettier --write (same-repository PR)	Run actions/checkout@v4	2026-08-12T13:24:09.5771322Z  * [new branch]      fix/D1-boundary-discovery -> origin/fix/D1-boundary-discovery
prettier --write (same-repository PR)	Run actions/checkout@v4	2026-08-12T13:24:09.5771761Z  * [new branch]      fix/D2-boundary-self-test -> origin/fix/D2-boundary-self-test
prettier --write (same-repository PR)	Run actions/checkout@v4	2026-08-12T13:24:09.5772182Z  * [new branch]      fix/D3-evidence-gates  -> origin/fix/D3-evidence-gates
prettier --write (same-repository PR)	Run actions/checkout@v4	2026-08-12T13:24:09.5772619Z  * [new branch]      fix/D3-evidence-gates-rescue -> origin/fix/D3-evidence-gates-rescue
prettier --write (same-repository PR)	Run actions/checkout@v4	2026-08-12T13:24:09.5773071Z  * [new branch]      fix/D3-evidence-gates-v2 -> origin/fix/D3-evidence-gates-v2
prettier --write (same-repository PR)	Run actions/checkout@v4	2026-08-12T13:24:09.5773536Z  * [new branch]      fix/E1-required-build-rescue -> origin/fix/E1-required-build-rescue
prettier --write (same-repository PR)	Run actions/checkout@v4	2026-08-12T13:24:09.5774009Z  * [new branch]      fix/E1-required-build-v2 -> origin/fix/E1-required-build-v2
prettier --write (same-repository PR)	Run actions/checkout@v4	2026-08-12T13:24:09.5774726Z  * [new branch]      fix/E2-end-to-end-proof-rescue -> origin/fix/E2-end-to-end-proof-rescue
prettier --write (same-repository PR)	Run actions/checkout@v4	2026-08-12T13:24:09.5775210Z  * [new branch]      fix/E3-mutation-gate   -> origin/fix/E3-mutation-gate
prettier --write (same-repository PR)	Run actions/checkout@v4	2026-08-12T13:24:09.5775709Z  * [new branch]      fix/r1-publisher-input-resolution -> origin/fix/r1-publisher-input-resolution
prettier --write (same-repository PR)	Run actions/checkout@v4	2026-08-12T13:24:09.5776213Z  * [new branch]      fix/r2-output-edge-merge -> origin/fix/r2-output-edge-merge
prettier --write (same-repository PR)	Run actions/checkout@v4	2026-08-12T13:24:09.5776696Z  * [new branch]      fix/r3-track-input-recompute -> origin/fix/r3-track-input-recompute
prettier --write (same-repository PR)	Run actions/checkout@v4	2026-08-12T13:24:09.5777208Z  * [new branch]      fix/r4-membership-gates-seeds -> origin/fix/r4-membership-gates-seeds
prettier --write (same-repository PR)	Run actions/checkout@v4	2026-08-12T13:24:09.5777828Z  * [new branch]      fix/r7-boundary-scan-coverage-and-self-test -> origin/fix/r7-boundary-scan-coverage-and-self-test
prettier --write (same-repository PR)	Run actions/checkout@v4	2026-08-12T13:24:09.5778337Z  * [new branch]      main                   -> origin/main
prettier --write (same-repository PR)	Run actions/checkout@v4	2026-08-12T13:24:09.5778739Z  * [new branch]      merge/E2-clean-into-rescue -> origin/merge/E2-clean-into-rescue
prettier --write (same-repository PR)	Run actions/checkout@v4	2026-08-12T13:24:09.5779369Z  * [new branch]      phase-0r1-gsap-contract-proof -> origin/phase-0r1-gsap-contract-proof
prettier --write (same-repository PR)	Run actions/checkout@v4	2026-08-12T13:24:09.5779869Z  * [new branch]      phase-0r2-1r1-gap-closure -> origin/phase-0r2-1r1-gap-closure
prettier --write (same-repository PR)	Run actions/checkout@v4	2026-08-12T13:24:09.5780342Z  * [new branch]      phase-0r2-stop-validation -> origin/phase-0r2-stop-validation
prettier --write (same-repository PR)	Run actions/checkout@v4	2026-08-12T13:24:09.5780833Z  * [new branch]      phase-1r1-plugin-compilation -> origin/phase-1r1-plugin-compilation
prettier --write (same-repository PR)	Run actions/checkout@v4	2026-08-12T13:24:09.5781397Z  * [new branch]      phase-1r2-track-compiler-lifetime -> origin/phase-1r2-track-compiler-lifetime
prettier --write (same-repository PR)	Run actions/checkout@v4	2026-08-12T13:24:09.5782009Z  * [new branch]      phase-1r3-progress-invalidation -> origin/phase-1r3-progress-invalidation
prettier --write (same-repository PR)	Run actions/checkout@v4	2026-08-12T13:24:09.5782576Z  * [new branch]      rescue/restore-motionpath-parity -> origin/rescue/restore-motionpath-parity
prettier --write (same-repository PR)	Run actions/checkout@v4	2026-08-12T13:24:09.5783158Z  * [new branch]      restore-motionpath-value-pipeline -> origin/restore-motionpath-value-pipeline
prettier --write (same-repository PR)	Run actions/checkout@v4	2026-08-12T13:24:09.5844716Z ##[endgroup]
prettier --write (same-repository PR)	Run actions/checkout@v4	2026-08-12T13:24:09.5845390Z ##[group]Determining the checkout info
prettier --write (same-repository PR)	Run actions/checkout@v4	2026-08-12T13:24:09.5849520Z [command]/usr/bin/git branch --list --remote origin/fix/E3-mutation-gate
prettier --write (same-repository PR)	Run actions/checkout@v4	2026-08-12T13:24:09.5873661Z   origin/fix/E3-mutation-gate
prettier --write (same-repository PR)	Run actions/checkout@v4	2026-08-12T13:24:09.5879008Z ##[endgroup]
prettier --write (same-repository PR)	Run actions/checkout@v4	2026-08-12T13:24:09.5883374Z [command]/usr/bin/git sparse-checkout disable
prettier --write (same-repository PR)	Run actions/checkout@v4	2026-08-12T13:24:09.7345863Z [command]/usr/bin/git config --local --unset-all extensions.worktreeConfig
prettier --write (same-repository PR)	Run actions/checkout@v4	2026-08-12T13:24:09.8027092Z ##[group]Checking out the ref
prettier --write (same-repository PR)	Run actions/checkout@v4	2026-08-12T13:24:09.8031900Z [command]/usr/bin/git checkout --progress --force -B fix/E3-mutation-gate refs/remotes/origin/fix/E3-mutation-gate
prettier --write (same-repository PR)	Run actions/checkout@v4	2026-08-12T13:24:09.8139082Z Switched to a new branch 'fix/E3-mutation-gate'
prettier --write (same-repository PR)	Run actions/checkout@v4	2026-08-12T13:24:09.8141019Z branch 'fix/E3-mutation-gate' set up to track 'origin/fix/E3-mutation-gate'.
prettier --write (same-repository PR)	Run actions/checkout@v4	2026-08-12T13:24:09.8145603Z ##[endgroup]
prettier --write (same-repository PR)	Run actions/checkout@v4	2026-08-12T13:24:09.8180424Z [command]/usr/bin/git log -1 --format=%H
prettier --write (same-repository PR)	Run actions/checkout@v4	2026-08-12T13:24:09.8206693Z 45c8c5662a5d36eedc32dccd25b50d68888456fa
prettier --write (same-repository PR)	Run actions/setup-node@v4	﻿2026-08-12T13:24:09.8488579Z Node 20 is being deprecated. This workflow is running with Node 24 by default. If you need to temporarily use Node 20, you can set the ACTIONS_ALLOW_USE_UNSECURE_NODE_VERSION=true environment variable. For more information see: https://github.blog/changelog/2025-09-19-deprecation-of-node-20-on-github-actions-runners/
prettier --write (same-repository PR)	Run actions/setup-node@v4	2026-08-12T13:24:09.8489885Z ##[group]Run actions/setup-node@v4
prettier --write (same-repository PR)	Run actions/setup-node@v4	2026-08-12T13:24:09.8490087Z with:
prettier --write (same-repository PR)	Run actions/setup-node@v4	2026-08-12T13:24:09.8490254Z   node-version: 24
prettier --write (same-repository PR)	Run actions/setup-node@v4	2026-08-12T13:24:09.8490422Z   cache: npm
prettier --write (same-repository PR)	Run actions/setup-node@v4	2026-08-12T13:24:09.8490584Z   always-auth: false
prettier --write (same-repository PR)	Run actions/setup-node@v4	2026-08-12T13:24:09.8490757Z   check-latest: false
prettier --write (same-repository PR)	Run actions/setup-node@v4	2026-08-12T13:24:09.8492633Z   token: ***
prettier --write (same-repository PR)	Run actions/setup-node@v4	2026-08-12T13:24:09.8492798Z ##[endgroup]
prettier --write (same-repository PR)	Run actions/setup-node@v4	2026-08-12T13:24:10.0079361Z Found in cache @ /opt/hostedtoolcache/node/24.18.0/x64
prettier --write (same-repository PR)	Run actions/setup-node@v4	2026-08-12T13:24:10.0083572Z (node:2041) [DEP0040] DeprecationWarning: The `punycode` module is deprecated. Please use a userland alternative instead.
prettier --write (same-repository PR)	Run actions/setup-node@v4	2026-08-12T13:24:10.0084392Z (Use `node --trace-deprecation ...` to show where the warning was created)
prettier --write (same-repository PR)	Run actions/setup-node@v4	2026-08-12T13:24:10.0086044Z ##[group]Environment details
prettier --write (same-repository PR)	Run actions/setup-node@v4	2026-08-12T13:24:11.6265692Z node: v24.18.0
prettier --write (same-repository PR)	Run actions/setup-node@v4	2026-08-12T13:24:11.6265965Z npm: 11.16.0
prettier --write (same-repository PR)	Run actions/setup-node@v4	2026-08-12T13:24:11.6266257Z yarn: 1.22.22
prettier --write (same-repository PR)	Run actions/setup-node@v4	2026-08-12T13:24:11.6267203Z ##[endgroup]
prettier --write (same-repository PR)	Run actions/setup-node@v4	2026-08-12T13:24:11.6310454Z [command]/opt/hostedtoolcache/node/24.18.0/x64/bin/npm config get cache
prettier --write (same-repository PR)	Run actions/setup-node@v4	2026-08-12T13:24:11.8326352Z /home/runner/.npm
prettier --write (same-repository PR)	Run actions/setup-node@v4	2026-08-12T13:24:12.7422573Z Cache hit for: node-cache-Linux-x64-npm-3c2bed2e4d5560c16cd47e37968a04b8819d6133a5ba040e0974537bdfacd89f
prettier --write (same-repository PR)	Run actions/setup-node@v4	2026-08-12T13:24:12.7505902Z (node:2041) [DEP0169] DeprecationWarning: `url.parse()` behavior is not standardized and prone to errors that have security implications. Use the WHATWG URL API instead. CVEs are not issued for `url.parse()` vulnerabilities.
prettier --write (same-repository PR)	Run actions/setup-node@v4	2026-08-12T13:24:14.0332465Z Received 824992 of 30185120 (2.7%), 0.8 MBs/sec
prettier --write (same-repository PR)	Run actions/setup-node@v4	2026-08-12T13:24:14.3223501Z Received 30185120 of 30185120 (100.0%), 22.3 MBs/sec
prettier --write (same-repository PR)	Run actions/setup-node@v4	2026-08-12T13:24:14.3223971Z Cache Size: ~29 MB (30185120 B)
prettier --write (same-repository PR)	Run actions/setup-node@v4	2026-08-12T13:24:14.3244656Z [command]/usr/bin/tar -xf /home/runner/work/_temp/e6f5f3f0-57fd-4cc9-8aa6-796b29d259ad/cache.tzst -P -C /home/runner/work/motion5/motion5 --use-compress-program unzstd
prettier --write (same-repository PR)	Run actions/setup-node@v4	2026-08-12T13:24:14.3898484Z Cache restored successfully
prettier --write (same-repository PR)	Run actions/setup-node@v4	2026-08-12T13:24:14.3914599Z Cache restored from key: node-cache-Linux-x64-npm-3c2bed2e4d5560c16cd47e37968a04b8819d6133a5ba040e0974537bdfacd89f
prettier --write (same-repository PR)	Install locked dependencies	﻿2026-08-12T13:24:14.4065036Z ##[group]Run npm ci --ignore-scripts --no-audit --no-fund
prettier --write (same-repository PR)	Install locked dependencies	2026-08-12T13:24:14.4065438Z ^[[36;1mnpm ci --ignore-scripts --no-audit --no-fund^[[0m
prettier --write (same-repository PR)	Install locked dependencies	2026-08-12T13:24:14.4520625Z shell: /usr/bin/bash -e {0}
prettier --write (same-repository PR)	Install locked dependencies	2026-08-12T13:24:14.4520881Z ##[endgroup]
prettier --write (same-repository PR)	Install locked dependencies	2026-08-12T13:24:17.8808348Z 
prettier --write (same-repository PR)	Install locked dependencies	2026-08-12T13:24:17.8813658Z added 219 packages in 3s
prettier --write (same-repository PR)	Apply formatter	﻿2026-08-12T13:24:17.9292956Z ##[group]Run npm run format
prettier --write (same-repository PR)	Apply formatter	2026-08-12T13:24:17.9293202Z ^[[36;1mnpm run format^[[0m
prettier --write (same-repository PR)	Apply formatter	2026-08-12T13:24:17.9332190Z shell: /usr/bin/bash -e {0}
prettier --write (same-repository PR)	Apply formatter	2026-08-12T13:24:17.9332405Z ##[endgroup]
prettier --write (same-repository PR)	Apply formatter	2026-08-12T13:24:18.0442404Z 
prettier --write (same-repository PR)	Apply formatter	2026-08-12T13:24:18.0443065Z > motion5@0.0.0 format
prettier --write (same-repository PR)	Apply formatter	2026-08-12T13:24:18.0443428Z > prettier . --write
prettier --write (same-repository PR)	Apply formatter	2026-08-12T13:24:18.0443610Z 
prettier --write (same-repository PR)	Apply formatter	2026-08-12T13:24:18.1703900Z ^[[90m.github/pull_request_template.md^[[39m 28ms (unchanged)
prettier --write (same-repository PR)	Apply formatter	2026-08-12T13:24:18.1949426Z ^[[90m.github/workflows/archive-ci-logs.yml^[[39m 22ms (unchanged)
prettier --write (same-repository PR)	Apply formatter	2026-08-12T13:24:18.2048540Z ^[[90m.github/workflows/bootstrap-lockfile.yml^[[39m 5ms (unchanged)
prettier --write (same-repository PR)	Apply formatter	2026-08-12T13:24:18.2152343Z ^[[90m.github/workflows/ci.yml^[[39m 9ms (unchanged)
prettier --write (same-repository PR)	Apply formatter	2026-08-12T13:24:18.2209820Z ^[[90m.github/workflows/format-manual.yml^[[39m 4ms (unchanged)
prettier --write (same-repository PR)	Apply formatter	2026-08-12T13:24:18.2253313Z ^[[90m.github/workflows/format.yml^[[39m 3ms (unchanged)
prettier --write (same-repository PR)	Apply formatter	2026-08-12T13:24:18.2423992Z ^[[90m.github/workflows/recovery-audit.yml^[[39m 11ms (unchanged)
prettier --write (same-repository PR)	Apply formatter	2026-08-12T13:24:18.2785642Z ^[[90m.prettierrc.json^[[39m 31ms (unchanged)
prettier --write (same-repository PR)	Apply formatter	2026-08-12T13:24:18.2847321Z ^[[90mdocs/acceptance-map.json^[[39m 2ms (unchanged)
prettier --write (same-repository PR)	Apply formatter	2026-08-12T13:24:18.3608144Z ^[[90mdocs/ARCHITECTURE.md^[[39m 75ms (unchanged)
prettier --write (same-repository PR)	Apply formatter	2026-08-12T13:24:18.3851034Z ^[[90mdocs/AUTHORED-SCHEMA.md^[[39m 23ms (unchanged)
prettier --write (same-repository PR)	Apply formatter	2026-08-12T13:24:18.3956679Z ^[[90mdocs/CI-WORKFLOW.md^[[39m 9ms (unchanged)
prettier --write (same-repository PR)	Apply formatter	2026-08-12T13:24:18.4317533Z ^[[90mdocs/DECISIONS.md^[[39m 34ms (unchanged)
prettier --write (same-repository PR)	Apply formatter	2026-08-12T13:24:18.4363777Z ^[[90mdocs/FORMATTING.md^[[39m 3ms (unchanged)
prettier --write (same-repository PR)	Apply formatter	2026-08-12T13:24:18.5231690Z ^[[90mdocs/IMPLEMENTATION-PLAN.md^[[39m 85ms (unchanged)
prettier --write (same-repository PR)	Apply formatter	2026-08-12T13:24:18.5433909Z ^[[90mdocs/IMPLEMENTOR-BRIEF-MOTIONPATH-TO-MOTION5.md^[[39m 19ms (unchanged)
prettier --write (same-repository PR)	Apply formatter	2026-08-12T13:24:18.5547213Z ^[[90mdocs/MIGRATION-V4-TO-V5.md^[[39m 10ms (unchanged)
prettier --write (same-repository PR)	Apply formatter	2026-08-12T13:24:18.5787382Z ^[[90mdocs/PHASE-3-4-CONSOLIDATED-AUDIT.md^[[39m 23ms (unchanged)
prettier --write (same-repository PR)	Apply formatter	2026-08-12T13:24:18.5933150Z ^[[90mdocs/PHASE-3-4-RECOVERY-PLAN.md^[[39m 13ms (unchanged)
prettier --write (same-repository PR)	Apply formatter	2026-08-12T13:24:18.6040742Z ^[[90mdocs/PHASE-3-IMPLEMENTATION-REVIEW.md^[[39m 8ms (unchanged)
prettier --write (same-repository PR)	Apply formatter	2026-08-12T13:24:18.6968531Z ^[[90mdocs/PHASE-4-IMPLEMENTATION-REVIEW.md^[[39m 92ms (unchanged)
prettier --write (same-repository PR)	Apply formatter	2026-08-12T13:24:18.7085902Z ^[[90mdocs/PR-WORKFLOW.md^[[39m 6ms (unchanged)
prettier --write (same-repository PR)	Apply formatter	2026-08-12T13:24:18.7266017Z ^[[90mdocs/PRD.md^[[39m 14ms (unchanged)
prettier --write (same-repository PR)	Apply formatter	2026-08-12T13:24:18.7332165Z ^[[90mdocs/README.md^[[39m 7ms (unchanged)
prettier --write (same-repository PR)	Apply formatter	2026-08-12T13:24:18.7388998Z ^[[90mdocs/SESSION-STATUS.md^[[39m 4ms (unchanged)
prettier --write (same-repository PR)	Apply formatter	2026-08-12T13:24:18.7447547Z ^[[90mdocs/TESTING-STRATEGY.md^[[39m 5ms (unchanged)
prettier --write (same-repository PR)	Apply formatter	2026-08-12T13:24:18.7949454Z ^[[90mdocs/TRD.md^[[39m 49ms (unchanged)
prettier --write (same-repository PR)	Apply formatter	2026-08-12T13:24:18.7993860Z ^[[90mpackage.json^[[39m 1ms (unchanged)
prettier --write (same-repository PR)	Apply formatter	2026-08-12T13:24:18.8027055Z ^[[90mpackages/core/package.json^[[39m 1ms (unchanged)
prettier --write (same-repository PR)	Apply formatter	2026-08-12T13:24:18.8151066Z ^[[90mpackages/core/src/adapters/browser-clock.ts^[[39m 10ms (unchanged)
prettier --write (same-repository PR)	Apply formatter	2026-08-12T13:24:18.8285125Z ^[[90mpackages/core/src/adapters/dom.ts^[[39m 11ms (unchanged)
prettier --write (same-repository PR)	Apply formatter	2026-08-12T13:24:18.8502571Z ^[[90mpackages/core/src/adapters/interpolator/gsap.ts^[[39m 19ms (unchanged)
prettier --write (same-repository PR)	Apply formatter	2026-08-12T13:24:18.8595830Z ^[[90mpackages/core/src/contract/golden.ts^[[39m 6ms (unchanged)
prettier --write (same-repository PR)	Apply formatter	2026-08-12T13:24:18.8669264Z ^[[90mpackages/core/src/contract/migrate-v4-to-v5.ts^[[39m 6ms (unchanged)
prettier --write (same-repository PR)	Apply formatter	2026-08-12T13:24:18.8712930Z ^[[90mpackages/core/src/contract/v5.ts^[[39m 3ms (unchanged)
prettier --write (same-repository PR)	Apply formatter	2026-08-12T13:24:18.9130677Z ^[[90mpackages/core/src/contract/validate-v5.ts^[[39m 41ms (unchanged)
prettier --write (same-repository PR)	Apply formatter	2026-08-12T13:24:18.9385736Z ^[[90mpackages/core/src/domain/lifecycle.ts^[[39m 7ms (unchanged)
prettier --write (same-repository PR)	Apply formatter	2026-08-12T13:24:18.9496731Z ^[[90mpackages/core/src/domain/motion.ts^[[39m 13ms (unchanged)
prettier --write (same-repository PR)	Apply formatter	2026-08-12T13:24:18.9673096Z ^[[90mpackages/core/src/domain/plugins.ts^[[39m 17ms (unchanged)
prettier --write (same-repository PR)	Apply formatter	2026-08-12T13:24:18.9754744Z ^[[90mpackages/core/src/domain/track.ts^[[39m 7ms (unchanged)
prettier --write (same-repository PR)	Apply formatter	2026-08-12T13:24:18.9825567Z ^[[90mpackages/core/src/domain/triggers.ts^[[39m 6ms (unchanged)
prettier --write (same-repository PR)	Apply formatter	2026-08-12T13:24:18.9899641Z ^[[90mpackages/core/src/domain/values.ts^[[39m 6ms (unchanged)
prettier --write (same-repository PR)	Apply formatter	2026-08-12T13:24:19.0032925Z ^[[90mpackages/core/src/engine.ts^[[39m 7ms (unchanged)
prettier --write (same-repository PR)	Apply formatter	2026-08-12T13:24:19.0137407Z ^[[90mpackages/core/src/graph/binding.ts^[[39m 6ms (unchanged)
prettier --write (same-repository PR)	Apply formatter	2026-08-12T13:24:19.0172413Z ^[[90mpackages/core/src/graph/compare.ts^[[39m 1ms (unchanged)
prettier --write (same-repository PR)	Apply formatter	2026-08-12T13:24:19.0256102Z ^[[90mpackages/core/src/graph/ids.ts^[[39m 6ms (unchanged)
prettier --write (same-repository PR)	Apply formatter	2026-08-12T13:24:19.0415901Z ^[[90mpackages/core/src/graph/ir.ts^[[39m 15ms (unchanged)
prettier --write (same-repository PR)	Apply formatter	2026-08-12T13:24:19.0566196Z ^[[90mpackages/core/src/graph/observation-state.ts^[[39m 14ms (unchanged)
prettier --write (same-repository PR)	Apply formatter	2026-08-12T13:24:19.0673727Z ^[[90mpackages/core/src/graph/order.ts^[[39m 10ms (unchanged)
prettier --write (same-repository PR)	Apply formatter	2026-08-12T13:24:19.0780906Z ^[[90mpackages/core/src/index.ts^[[39m 2ms (unchanged)
prettier --write (same-repository PR)	Apply formatter	2026-08-12T13:24:19.0834877Z ^[[90mpackages/core/src/internal.ts^[[39m 1ms (unchanged)
prettier --write (same-repository PR)	Apply formatter	2026-08-12T13:24:19.0886260Z ^[[90mpackages/core/src/ports/clock.ts^[[39m 3ms (unchanged)
prettier --write (same-repository PR)	Apply formatter	2026-08-12T13:24:19.0959342Z ^[[90mpackages/core/src/ports/fakes.ts^[[39m 6ms (unchanged)
prettier --write (same-repository PR)	Apply formatter	2026-08-12T13:24:19.0981357Z ^[[90mpackages/core/src/ports/interpolator.ts^[[39m 1ms (unchanged)
prettier --write (same-repository PR)	Apply formatter	2026-08-12T13:24:19.1002387Z ^[[90mpackages/core/src/ports/scheduler.ts^[[39m 1ms (unchanged)
prettier --write (same-repository PR)	Apply formatter	2026-08-12T13:24:19.1125335Z ^[[90mpackages/core/src/runtime/graph-publisher.ts^[[39m 10ms (unchanged)
prettier --write (same-repository PR)	Apply formatter	2026-08-12T13:24:19.1225387Z ^[[90mpackages/core/src/runtime/graph-runtime.ts^[[39m 7ms (unchanged)
prettier --write (same-repository PR)	Apply formatter	2026-08-12T13:24:19.1319121Z ^[[90mpackages/core/src/runtime/patch-registry.ts^[[39m 8ms (unchanged)
prettier --write (same-repository PR)	Apply formatter	2026-08-12T13:24:19.1371797Z ^[[90mpackages/core/src/runtime/project-runtime.ts^[[39m 4ms (unchanged)
prettier --write (same-repository PR)	Apply formatter	2026-08-12T13:24:19.1470306Z ^[[90mpackages/core/test/contract/adapters.test.ts^[[39m 7ms (unchanged)
prettier --write (same-repository PR)	Apply formatter	2026-08-12T13:24:19.1536840Z ^[[90mpackages/core/test/contract/gsap-multi-stop.test.ts^[[39m 5ms (unchanged)
prettier --write (same-repository PR)	Apply formatter	2026-08-12T13:24:19.1611953Z ^[[90mpackages/core/test/contract/ports.test.ts^[[39m 6ms (unchanged)
prettier --write (same-repository PR)	Apply formatter	2026-08-12T13:24:19.1725398Z ^[[90mpackages/core/test/contract/v5-validator.test.ts^[[39m 10ms (unchanged)
prettier --write (same-repository PR)	Apply formatter	2026-08-12T13:24:19.1767503Z ^[[90mpackages/core/test/fixtures/v5-contract.ts^[[39m 2ms (unchanged)
prettier --write (same-repository PR)	Apply formatter	2026-08-12T13:24:19.1817699Z ^[[90mpackages/core/test/integration/contract-baseline.test.ts^[[39m 3ms (unchanged)
prettier --write (same-repository PR)	Apply formatter	2026-08-12T13:24:19.1899822Z ^[[90mpackages/core/test/integration/dom-patch-apply.test.ts^[[39m 7ms (unchanged)
prettier --write (same-repository PR)	Apply formatter	2026-08-12T13:24:19.1959623Z ^[[90mpackages/core/test/integration/end-to-end.test.ts^[[39m 5ms (unchanged)
prettier --write (same-repository PR)	Apply formatter	2026-08-12T13:24:19.2022223Z ^[[90mpackages/core/test/integration/engine-headless.test.ts^[[39m 5ms (unchanged)
prettier --write (same-repository PR)	Apply formatter	2026-08-12T13:24:19.2179802Z ^[[90mpackages/core/test/integration/flush-output-merge.test.ts^[[39m 7ms (unchanged)
prettier --write (same-repository PR)	Apply formatter	2026-08-12T13:24:19.2197683Z ^[[90mpackages/core/test/integration/golden-roundtrip.test.ts^[[39m 1ms (unchanged)
prettier --write (same-repository PR)	Apply formatter	2026-08-12T13:24:19.2261303Z ^[[90mpackages/core/test/integration/graph-publisher.test.ts^[[39m 5ms (unchanged)
prettier --write (same-repository PR)	Apply formatter	2026-08-12T13:24:19.2321758Z ^[[90mpackages/core/test/integration/graph-rollback.test.ts^[[39m 5ms (unchanged)
prettier --write (same-repository PR)	Apply formatter	2026-08-12T13:24:19.2385451Z ^[[90mpackages/core/test/integration/graph-runtime.test.ts^[[39m 5ms (unchanged)
prettier --write (same-repository PR)	Apply formatter	2026-08-12T13:24:19.2441467Z ^[[90mpackages/core/test/integration/membership-gating.test.ts^[[39m 3ms (unchanged)
prettier --write (same-repository PR)	Apply formatter	2026-08-12T13:24:19.2487950Z ^[[90mpackages/core/test/integration/partial-seed-inputs.test.ts^[[39m 4ms (unchanged)
prettier --write (same-repository PR)	Apply formatter	2026-08-12T13:24:19.2530172Z ^[[90mpackages/core/test/integration/project-runtime.test.ts^[[39m 3ms (unchanged)
prettier --write (same-repository PR)	Apply formatter	2026-08-12T13:24:19.2600998Z ^[[90mpackages/core/test/integration/publisher-output-merge-consistency.test.ts^[[39m 6ms (unchanged)
prettier --write (same-repository PR)	Apply formatter	2026-08-12T13:24:19.2672775Z ^[[90mpackages/core/test/migration/v4-to-v5.test.ts^[[39m 5ms (unchanged)
prettier --write (same-repository PR)	Apply formatter	2026-08-12T13:24:19.2747641Z ^[[90mpackages/core/test/unit/domain/lifecycle.test.ts^[[39m 4ms (unchanged)
prettier --write (same-repository PR)	Apply formatter	2026-08-12T13:24:19.2873907Z ^[[90mpackages/core/test/unit/domain/motion.test.ts^[[39m 10ms (unchanged)
prettier --write (same-repository PR)	Apply formatter	2026-08-12T13:24:19.2985389Z ^[[90mpackages/core/test/unit/domain/plugins.test.ts^[[39m 10ms (unchanged)
prettier --write (same-repository PR)	Apply formatter	2026-08-12T13:24:19.3034305Z ^[[90mpackages/core/test/unit/domain/track-contribution.test.ts^[[39m 3ms (unchanged)
prettier --write (same-repository PR)	Apply formatter	2026-08-12T13:24:19.3146888Z ^[[90mpackages/core/test/unit/domain/track.test.ts^[[39m 8ms (unchanged)
prettier --write (same-repository PR)	Apply formatter	2026-08-12T13:24:19.3201096Z ^[[90mpackages/core/test/unit/domain/triggers.test.ts^[[39m 4ms (unchanged)
prettier --write (same-repository PR)	Apply formatter	2026-08-12T13:24:19.3253727Z ^[[90mpackages/core/test/unit/domain/values.test.ts^[[39m 4ms (unchanged)
prettier --write (same-repository PR)	Apply formatter	2026-08-12T13:24:19.3323785Z ^[[90mpackages/core/test/unit/graph/ids.test.ts^[[39m 4ms (unchanged)
prettier --write (same-repository PR)	Apply formatter	2026-08-12T13:24:19.3576350Z ^[[90mpackages/core/test/unit/graph/ir-validation.test.ts^[[39m 11ms (unchanged)
prettier --write (same-repository PR)	Apply formatter	2026-08-12T13:24:19.3721756Z ^[[90mpackages/core/test/unit/graph/observation-state.test.ts^[[39m 9ms (unchanged)
prettier --write (same-repository PR)	Apply formatter	2026-08-12T13:24:19.3793414Z ^[[90mpackages/core/test/unit/graph/order.test.ts^[[39m 6ms (unchanged)
prettier --write (same-repository PR)	Apply formatter	2026-08-12T13:24:19.3812518Z ^[[90mpackages/core/test/unit/placeholder.test.ts^[[39m 1ms (unchanged)
prettier --write (same-repository PR)	Apply formatter	2026-08-12T13:24:19.3889055Z ^[[90mpackages/core/test/unit/runtime/patch-registry-subscriber-errors.test.ts^[[39m 6ms (unchanged)
prettier --write (same-repository PR)	Apply formatter	2026-08-12T13:24:19.3943214Z ^[[90mpackages/core/test/unit/runtime/patch-registry.test.ts^[[39m 4ms (unchanged)
prettier --write (same-repository PR)	Apply formatter	2026-08-12T13:24:19.4032941Z ^[[90mpackages/core/test/unit/runtime/publisher-reentrancy.test.ts^[[39m 8ms (unchanged)
prettier --write (same-repository PR)	Apply formatter	2026-08-12T13:24:19.4091856Z ^[[90mpackages/core/test/unit/scripts/acceptance-scan.test.ts^[[39m 4ms (unchanged)
prettier --write (same-repository PR)	Apply formatter	2026-08-12T13:24:19.4148962Z ^[[90mpackages/core/test/unit/scripts/boundary-scan.test.ts^[[39m 5ms (unchanged)
prettier --write (same-repository PR)	Apply formatter	2026-08-12T13:24:19.4196141Z ^[[90mpackages/core/test/unit/scripts/mutation-config.test.ts^[[39m 2ms (unchanged)
prettier --write (same-repository PR)	Apply formatter	2026-08-12T13:24:19.4221267Z ^[[90mpackages/react/package.json^[[39m 1ms (unchanged)
prettier --write (same-repository PR)	Apply formatter	2026-08-12T13:24:19.4252595Z ^[[90mpackages/react/src/index.ts^[[39m 1ms (unchanged)
prettier --write (same-repository PR)	Apply formatter	2026-08-12T13:24:19.4289948Z ^[[90mpackages/react/src/patch-store.ts^[[39m 3ms (unchanged)
prettier --write (same-repository PR)	Apply formatter	2026-08-12T13:24:19.4355950Z ^[[90mpackages/react/test/patch-store-lifecycle.test.ts^[[39m 5ms (unchanged)
prettier --write (same-repository PR)	Apply formatter	2026-08-12T13:24:19.4385681Z ^[[90mpackages/react/test/patch-store.test.ts^[[39m 2ms (unchanged)
prettier --write (same-repository PR)	Apply formatter	2026-08-12T13:24:19.4416084Z ^[[90mpackages/react/test/public-hook-render.test.ts^[[39m 2ms (unchanged)
prettier --write (same-repository PR)	Apply formatter	2026-08-12T13:24:19.4432589Z ^[[90mpackages/react/test/public-hook.test.ts^[[39m 1ms (unchanged)
prettier --write (same-repository PR)	Apply formatter	2026-08-12T13:24:19.4478095Z ^[[90mpackages/react/test/public-package-surface.test.ts^[[39m 4ms (unchanged)
prettier --write (same-repository PR)	Apply formatter	2026-08-12T13:24:19.4500486Z ^[[90mperformance/budgets.json^[[39m 1ms (unchanged)
prettier --write (same-repository PR)	Apply formatter	2026-08-12T13:24:19.4577355Z ^[[90mperformance/graph-benchmark.mjs^[[39m 7ms (unchanged)
prettier --write (same-repository PR)	Apply formatter	2026-08-12T13:24:19.4642790Z ^[[90mprogress/A3.md^[[39m 5ms (unchanged)
prettier --write (same-repository PR)	Apply formatter	2026-08-12T13:24:19.4685226Z ^[[90mprogress/B1.md^[[39m 3ms (unchanged)
prettier --write (same-repository PR)	Apply formatter	2026-08-12T13:24:19.4742893Z ^[[90mprogress/B2.md^[[39m 5ms (unchanged)
prettier --write (same-repository PR)	Apply formatter	2026-08-12T13:24:19.4825682Z ^[[90mprogress/C1.md^[[39m 3ms (unchanged)
prettier --write (same-repository PR)	Apply formatter	2026-08-12T13:24:19.4908997Z ^[[90mprogress/C2.md^[[39m 7ms (unchanged)
prettier --write (same-repository PR)	Apply formatter	2026-08-12T13:24:19.4946731Z ^[[90mprogress/C3.md^[[39m 3ms (unchanged)
prettier --write (same-repository PR)	Apply formatter	2026-08-12T13:24:19.4973475Z ^[[90mprogress/D1.md^[[39m 2ms (unchanged)
prettier --write (same-repository PR)	Apply formatter	2026-08-12T13:24:19.5049797Z ^[[90mprogress/D2.md^[[39m 7ms (unchanged)
prettier --write (same-repository PR)	Apply formatter	2026-08-12T13:24:19.5080354Z ^[[90mprogress/D3.md^[[39m 2ms (unchanged)
prettier --write (same-repository PR)	Apply formatter	2026-08-12T13:24:19.5111860Z ^[[90mprogress/E1.md^[[39m 2ms (unchanged)
prettier --write (same-repository PR)	Apply formatter	2026-08-12T13:24:19.5141704Z ^[[90mprogress/E3.md^[[39m 2ms (unchanged)
prettier --write (same-repository PR)	Apply formatter	2026-08-12T13:24:19.5205200Z ^[[90mprogress/README.md^[[39m 5ms (unchanged)
prettier --write (same-repository PR)	Apply formatter	2026-08-12T13:24:19.5266841Z ^[[90mprogress/STATUS.md^[[39m 4ms (unchanged)
prettier --write (same-repository PR)	Apply formatter	2026-08-12T13:24:19.5315242Z ^[[90mprogress/W0-baseline.md^[[39m 3ms (unchanged)
prettier --write (same-repository PR)	Apply formatter	2026-08-12T13:24:19.5395744Z ^[[90mREADME.md^[[39m 7ms (unchanged)
prettier --write (same-repository PR)	Apply formatter	2026-08-12T13:24:19.5445994Z ^[[90mRECOVERY.md^[[39m 4ms (unchanged)
prettier --write (same-repository PR)	Apply formatter	2026-08-12T13:24:19.5474684Z ^[[90mscripts/acceptance-scan.d.mts^[[39m 1ms (unchanged)
prettier --write (same-repository PR)	Apply formatter	2026-08-12T13:24:19.5523985Z ^[[90mscripts/acceptance-scan.mjs^[[39m 4ms (unchanged)
prettier --write (same-repository PR)	Apply formatter	2026-08-12T13:24:19.5545534Z ^[[90mscripts/boundary-scan-fixtures.ts^[[39m 1ms (unchanged)
prettier --write (same-repository PR)	Apply formatter	2026-08-12T13:24:19.5561813Z ^[[90mscripts/boundary-scan.d.mts^[[39m 1ms (unchanged)
prettier --write (same-repository PR)	Apply formatter	2026-08-12T13:24:19.5675916Z ^[[90mscripts/boundary-scan.mjs^[[39m 10ms (unchanged)
prettier --write (same-repository PR)	Apply formatter	2026-08-12T13:24:19.5744950Z ^[[90mstryker.config.json^[[39m 1ms (unchanged)
prettier --write (same-repository PR)	Apply formatter	2026-08-12T13:24:19.5760062Z ^[[90mtsconfig.json^[[39m 1ms (unchanged)
prettier --write (same-repository PR)	Apply formatter	2026-08-12T13:24:19.5783969Z ^[[90mvitest.stryker.config.ts^[[39m 1ms (unchanged)
prettier --write (same-repository PR)	Apply formatter	2026-08-12T13:24:19.6051390Z ^[[90mWAVE-PLAN.md^[[39m 26ms (unchanged)
prettier --write (same-repository PR)	Commit formatting changes	﻿2026-08-12T13:24:19.6436979Z ##[group]Run if git diff --quiet; then
prettier --write (same-repository PR)	Commit formatting changes	2026-08-12T13:24:19.6437282Z ^[[36;1mif git diff --quiet; then^[[0m
prettier --write (same-repository PR)	Commit formatting changes	2026-08-12T13:24:19.6437512Z ^[[36;1m  echo "No formatting drift."^[[0m
prettier --write (same-repository PR)	Commit formatting changes	2026-08-12T13:24:19.6437720Z ^[[36;1m  exit 0^[[0m
prettier --write (same-repository PR)	Commit formatting changes	2026-08-12T13:24:19.6437897Z ^[[36;1mfi^[[0m
prettier --write (same-repository PR)	Commit formatting changes	2026-08-12T13:24:19.6438097Z ^[[36;1mgit config user.name "github-actions[bot]"^[[0m
prettier --write (same-repository PR)	Commit formatting changes	2026-08-12T13:24:19.6438453Z ^[[36;1mgit config user.email "41898282+github-actions[bot]@users.noreply.github.com"^[[0m
prettier --write (same-repository PR)	Commit formatting changes	2026-08-12T13:24:19.6438804Z ^[[36;1mgit add -A^[[0m
prettier --write (same-repository PR)	Commit formatting changes	2026-08-12T13:24:19.6439018Z ^[[36;1mgit commit -m "chore: apply prettier"^[[0m
prettier --write (same-repository PR)	Commit formatting changes	2026-08-12T13:24:19.6439278Z ^[[36;1mgit push origin "HEAD:${TARGET_BRANCH}"^[[0m
prettier --write (same-repository PR)	Commit formatting changes	2026-08-12T13:24:19.6478740Z shell: /usr/bin/bash -e {0}
prettier --write (same-repository PR)	Commit formatting changes	2026-08-12T13:24:19.6478958Z env:
prettier --write (same-repository PR)	Commit formatting changes	2026-08-12T13:24:19.6479128Z   TARGET_BRANCH: fix/E3-mutation-gate
prettier --write (same-repository PR)	Commit formatting changes	2026-08-12T13:24:19.6479344Z ##[endgroup]
prettier --write (same-repository PR)	Commit formatting changes	2026-08-12T13:24:19.6572654Z No formatting drift.
prettier --write (same-repository PR)	Post Run actions/setup-node@v4	﻿2026-08-12T13:24:19.6644742Z Node 20 is being deprecated. This workflow is running with Node 24 by default. If you need to temporarily use Node 20, you can set the ACTIONS_ALLOW_USE_UNSECURE_NODE_VERSION=true environment variable. For more information see: https://github.blog/changelog/2025-09-19-deprecation-of-node-20-on-github-actions-runners/
prettier --write (same-repository PR)	Post Run actions/setup-node@v4	2026-08-12T13:24:19.6645862Z Post job cleanup.
prettier --write (same-repository PR)	Post Run actions/setup-node@v4	2026-08-12T13:24:19.7655326Z (node:2135) [DEP0040] DeprecationWarning: The `punycode` module is deprecated. Please use a userland alternative instead.
prettier --write (same-repository PR)	Post Run actions/setup-node@v4	2026-08-12T13:24:19.7656080Z (Use `node --trace-deprecation ...` to show where the warning was created)
prettier --write (same-repository PR)	Post Run actions/setup-node@v4	2026-08-12T13:24:19.7658975Z Cache hit occurred on the primary key node-cache-Linux-x64-npm-3c2bed2e4d5560c16cd47e37968a04b8819d6133a5ba040e0974537bdfacd89f, not saving cache.
prettier --write (same-repository PR)	Post Run actions/checkout@v4	﻿2026-08-12T13:24:19.7781411Z Node 20 is being deprecated. This workflow is running with Node 24 by default. If you need to temporarily use Node 20, you can set the ACTIONS_ALLOW_USE_UNSECURE_NODE_VERSION=true environment variable. For more information see: https://github.blog/changelog/2025-09-19-deprecation-of-node-20-on-github-actions-runners/
prettier --write (same-repository PR)	Post Run actions/checkout@v4	2026-08-12T13:24:19.7782460Z Post job cleanup.
prettier --write (same-repository PR)	Post Run actions/checkout@v4	2026-08-12T13:24:19.8453115Z [command]/usr/bin/git version
prettier --write (same-repository PR)	Post Run actions/checkout@v4	2026-08-12T13:24:19.8488965Z git version 2.54.0
prettier --write (same-repository PR)	Post Run actions/checkout@v4	2026-08-12T13:24:19.8551483Z Temporarily overriding HOME='/home/runner/work/_temp/23ac16a2-a43a-4214-913d-c71047839b67' before making global git config changes
prettier --write (same-repository PR)	Post Run actions/checkout@v4	2026-08-12T13:24:19.8552687Z Adding repository directory to the temporary git global config as a safe directory
prettier --write (same-repository PR)	Post Run actions/checkout@v4	2026-08-12T13:24:19.8555532Z [command]/usr/bin/git config --global --add safe.directory /home/runner/work/motion5/motion5
prettier --write (same-repository PR)	Post Run actions/checkout@v4	2026-08-12T13:24:19.8589702Z [command]/usr/bin/git config --local --name-only --get-regexp core\.sshCommand
prettier --write (same-repository PR)	Post Run actions/checkout@v4	2026-08-12T13:24:19.8620553Z [command]/usr/bin/git submodule foreach --recursive sh -c "git config --local --name-only --get-regexp 'core\.sshCommand' && git config --local --unset-all 'core.sshCommand' || :"
prettier --write (same-repository PR)	Post Run actions/checkout@v4	2026-08-12T13:24:19.8824978Z [command]/usr/bin/git config --local --name-only --get-regexp http\.https\:\/\/github\.com\/\.extraheader
prettier --write (same-repository PR)	Post Run actions/checkout@v4	2026-08-12T13:24:19.8846550Z http.https://github.com/.extraheader
prettier --write (same-repository PR)	Post Run actions/checkout@v4	2026-08-12T13:24:19.8857195Z [command]/usr/bin/git config --local --unset-all http.https://github.com/.extraheader
prettier --write (same-repository PR)	Post Run actions/checkout@v4	2026-08-12T13:24:19.8884889Z [command]/usr/bin/git submodule foreach --recursive sh -c "git config --local --name-only --get-regexp 'http\.https\:\/\/github\.com\/\.extraheader' && git config --local --unset-all 'http.https://github.com/.extraheader' || :"
prettier --write (same-repository PR)	Post Run actions/checkout@v4	2026-08-12T13:24:19.9094396Z [command]/usr/bin/git config --local --name-only --get-regexp ^includeIf\.gitdir:
prettier --write (same-repository PR)	Post Run actions/checkout@v4	2026-08-12T13:24:19.9126903Z [command]/usr/bin/git submodule foreach --recursive git config --local --show-origin --name-only --get-regexp remote.origin.url
prettier --write (same-repository PR)	Complete job	﻿2026-08-12T13:24:19.9446223Z Cleaning up orphan processes
prettier --write (same-repository PR)	Complete job	2026-08-12T13:24:19.9691421Z ##[warning]Node.js 20 is deprecated. The following actions target Node.js 20 but are being forced to run on Node.js 24: actions/checkout@v4, actions/setup-node@v4. For more information see: https://github.blog/changelog/2025-09-19-deprecation-of-node-20-on-github-actions-runners/
