prettier --write (same-repository PR)	Set up job	﻿2026-08-12T07:09:00.5343897Z Current runner version: '2.336.0'
prettier --write (same-repository PR)	Set up job	2026-08-12T07:09:00.5372065Z ##[group]Runner Image Provisioner
prettier --write (same-repository PR)	Set up job	2026-08-12T07:09:00.5373012Z Hosted Compute Agent
prettier --write (same-repository PR)	Set up job	2026-08-12T07:09:00.5373566Z Version: 20260707.563
prettier --write (same-repository PR)	Set up job	2026-08-12T07:09:00.5374636Z Commit: 02667638d2b423fbc733a8e32a88b44996a3ba6e
prettier --write (same-repository PR)	Set up job	2026-08-12T07:09:00.5375531Z Build Date: 2026-07-07T19:33:50Z
prettier --write (same-repository PR)	Set up job	2026-08-12T07:09:00.5376274Z Worker ID: {54762290-ae9a-4530-bc2b-76a9a49a3598}
prettier --write (same-repository PR)	Set up job	2026-08-12T07:09:00.5377023Z Azure Region: westcentralus
prettier --write (same-repository PR)	Set up job	2026-08-12T07:09:00.5377703Z ##[endgroup]
prettier --write (same-repository PR)	Set up job	2026-08-12T07:09:00.5379340Z ##[group]Operating System
prettier --write (same-repository PR)	Set up job	2026-08-12T07:09:00.5380016Z Ubuntu
prettier --write (same-repository PR)	Set up job	2026-08-12T07:09:00.5380531Z 24.04.4
prettier --write (same-repository PR)	Set up job	2026-08-12T07:09:00.5381108Z LTS
prettier --write (same-repository PR)	Set up job	2026-08-12T07:09:00.5381625Z ##[endgroup]
prettier --write (same-repository PR)	Set up job	2026-08-12T07:09:00.5382253Z ##[group]Runner Image
prettier --write (same-repository PR)	Set up job	2026-08-12T07:09:00.5382896Z Image: ubuntu-24.04
prettier --write (same-repository PR)	Set up job	2026-08-12T07:09:00.5383453Z Version: 20260720.247.2
prettier --write (same-repository PR)	Set up job	2026-08-12T07:09:00.5384950Z Included Software: https://github.com/actions/runner-images/blob/ubuntu24/20260720.247/images/ubuntu/Ubuntu2404-Readme.md
prettier --write (same-repository PR)	Set up job	2026-08-12T07:09:00.5386725Z Image Release: https://github.com/actions/runner-images/releases/tag/ubuntu24%2F20260720.247
prettier --write (same-repository PR)	Set up job	2026-08-12T07:09:00.5387845Z ##[endgroup]
prettier --write (same-repository PR)	Set up job	2026-08-12T07:09:00.5389063Z ##[group]GITHUB_TOKEN Permissions
prettier --write (same-repository PR)	Set up job	2026-08-12T07:09:00.5391259Z Contents: write
prettier --write (same-repository PR)	Set up job	2026-08-12T07:09:00.5391885Z Metadata: read
prettier --write (same-repository PR)	Set up job	2026-08-12T07:09:00.5392555Z PullRequests: read
prettier --write (same-repository PR)	Set up job	2026-08-12T07:09:00.5393162Z ##[endgroup]
prettier --write (same-repository PR)	Set up job	2026-08-12T07:09:00.5395682Z Secret source: Actions
prettier --write (same-repository PR)	Set up job	2026-08-12T07:09:00.5396921Z Prepare workflow directory
prettier --write (same-repository PR)	Set up job	2026-08-12T07:09:00.5746241Z Prepare all required actions
prettier --write (same-repository PR)	Set up job	2026-08-12T07:09:00.5795158Z Getting action download info
prettier --write (same-repository PR)	Set up job	2026-08-12T07:09:00.9175581Z Download action repository 'actions/checkout@v4' (SHA:11d5960a326750d5838078e36cf38b85af677262)
prettier --write (same-repository PR)	Set up job	2026-08-12T07:09:01.5866295Z Download action repository 'actions/setup-node@v4' (SHA:49933ea5288caeca8642d1e84afbd3f7d6820020)
prettier --write (same-repository PR)	Set up job	2026-08-12T07:09:01.8409525Z Complete job name: prettier --write (same-repository PR)
prettier --write (same-repository PR)	Run actions/checkout@v4	﻿2026-08-12T07:09:01.9271172Z Node 20 is being deprecated. This workflow is running with Node 24 by default. If you need to temporarily use Node 20, you can set the ACTIONS_ALLOW_USE_UNSECURE_NODE_VERSION=true environment variable. For more information see: https://github.blog/changelog/2025-09-19-deprecation-of-node-20-on-github-actions-runners/
prettier --write (same-repository PR)	Run actions/checkout@v4	2026-08-12T07:09:01.9281089Z ##[group]Run actions/checkout@v4
prettier --write (same-repository PR)	Run actions/checkout@v4	2026-08-12T07:09:01.9281963Z with:
prettier --write (same-repository PR)	Run actions/checkout@v4	2026-08-12T07:09:01.9282501Z   ref: fix/E2-end-to-end-proof-rescue
prettier --write (same-repository PR)	Run actions/checkout@v4	2026-08-12T07:09:01.9283146Z   repository: chahyasantoso/motion5
prettier --write (same-repository PR)	Run actions/checkout@v4	2026-08-12T07:09:01.9283746Z   fetch-depth: 0
prettier --write (same-repository PR)	Run actions/checkout@v4	2026-08-12T07:09:01.9288086Z   token: ***
prettier --write (same-repository PR)	Run actions/checkout@v4	2026-08-12T07:09:01.9288582Z   ssh-strict: true
prettier --write (same-repository PR)	Run actions/checkout@v4	2026-08-12T07:09:01.9289077Z   ssh-user: git
prettier --write (same-repository PR)	Run actions/checkout@v4	2026-08-12T07:09:01.9289588Z   persist-credentials: true
prettier --write (same-repository PR)	Run actions/checkout@v4	2026-08-12T07:09:01.9290137Z   clean: true
prettier --write (same-repository PR)	Run actions/checkout@v4	2026-08-12T07:09:01.9290637Z   sparse-checkout-cone-mode: true
prettier --write (same-repository PR)	Run actions/checkout@v4	2026-08-12T07:09:01.9291238Z   fetch-tags: false
prettier --write (same-repository PR)	Run actions/checkout@v4	2026-08-12T07:09:01.9291770Z   show-progress: true
prettier --write (same-repository PR)	Run actions/checkout@v4	2026-08-12T07:09:01.9292290Z   lfs: false
prettier --write (same-repository PR)	Run actions/checkout@v4	2026-08-12T07:09:01.9292829Z   submodules: false
prettier --write (same-repository PR)	Run actions/checkout@v4	2026-08-12T07:09:01.9293341Z   set-safe-directory: true
prettier --write (same-repository PR)	Run actions/checkout@v4	2026-08-12T07:09:01.9293915Z   allow-unsafe-pr-checkout: false
prettier --write (same-repository PR)	Run actions/checkout@v4	2026-08-12T07:09:01.9294949Z ##[endgroup]
prettier --write (same-repository PR)	Run actions/checkout@v4	2026-08-12T07:09:02.0388132Z Syncing repository: chahyasantoso/motion5
prettier --write (same-repository PR)	Run actions/checkout@v4	2026-08-12T07:09:02.0391312Z ##[group]Getting Git version info
prettier --write (same-repository PR)	Run actions/checkout@v4	2026-08-12T07:09:02.0392587Z Working directory is '/home/runner/work/motion5/motion5'
prettier --write (same-repository PR)	Run actions/checkout@v4	2026-08-12T07:09:02.0394701Z [command]/usr/bin/git version
prettier --write (same-repository PR)	Run actions/checkout@v4	2026-08-12T07:09:02.0449499Z git version 2.54.0
prettier --write (same-repository PR)	Run actions/checkout@v4	2026-08-12T07:09:02.0483125Z ##[endgroup]
prettier --write (same-repository PR)	Run actions/checkout@v4	2026-08-12T07:09:02.0492034Z Temporarily overriding HOME='/home/runner/work/_temp/8a09e000-ad7a-4470-a94f-08e967c22b93' before making global git config changes
prettier --write (same-repository PR)	Run actions/checkout@v4	2026-08-12T07:09:02.0494955Z Adding repository directory to the temporary git global config as a safe directory
prettier --write (same-repository PR)	Run actions/checkout@v4	2026-08-12T07:09:02.0498892Z [command]/usr/bin/git config --global --add safe.directory /home/runner/work/motion5/motion5
prettier --write (same-repository PR)	Run actions/checkout@v4	2026-08-12T07:09:02.0556847Z Deleting the contents of '/home/runner/work/motion5/motion5'
prettier --write (same-repository PR)	Run actions/checkout@v4	2026-08-12T07:09:02.0561506Z ##[group]Initializing the repository
prettier --write (same-repository PR)	Run actions/checkout@v4	2026-08-12T07:09:02.0567133Z [command]/usr/bin/git init /home/runner/work/motion5/motion5
prettier --write (same-repository PR)	Run actions/checkout@v4	2026-08-12T07:09:02.0665582Z hint: Using 'master' as the name for the initial branch. This default branch name
prettier --write (same-repository PR)	Run actions/checkout@v4	2026-08-12T07:09:02.0667111Z hint: will change to "main" in Git 3.0. To configure the initial branch name
prettier --write (same-repository PR)	Run actions/checkout@v4	2026-08-12T07:09:02.0668546Z hint: to use in all of your new repositories, which will suppress this warning,
prettier --write (same-repository PR)	Run actions/checkout@v4	2026-08-12T07:09:02.0669417Z hint: call:
prettier --write (same-repository PR)	Run actions/checkout@v4	2026-08-12T07:09:02.0669901Z hint:
prettier --write (same-repository PR)	Run actions/checkout@v4	2026-08-12T07:09:02.0670531Z hint: 	git config --global init.defaultBranch <name>
prettier --write (same-repository PR)	Run actions/checkout@v4	2026-08-12T07:09:02.0671240Z hint:
prettier --write (same-repository PR)	Run actions/checkout@v4	2026-08-12T07:09:02.0671913Z hint: Names commonly chosen instead of 'master' are 'main', 'trunk' and
prettier --write (same-repository PR)	Run actions/checkout@v4	2026-08-12T07:09:02.0672983Z hint: 'development'. The just-created branch can be renamed via this command:
prettier --write (same-repository PR)	Run actions/checkout@v4	2026-08-12T07:09:02.0673863Z hint:
prettier --write (same-repository PR)	Run actions/checkout@v4	2026-08-12T07:09:02.0674623Z hint: 	git branch -m <name>
prettier --write (same-repository PR)	Run actions/checkout@v4	2026-08-12T07:09:02.0675312Z hint:
prettier --write (same-repository PR)	Run actions/checkout@v4	2026-08-12T07:09:02.0676022Z hint: Disable this message with "git config set advice.defaultBranchName false"
prettier --write (same-repository PR)	Run actions/checkout@v4	2026-08-12T07:09:02.0682622Z Initialized empty Git repository in /home/runner/work/motion5/motion5/.git/
prettier --write (same-repository PR)	Run actions/checkout@v4	2026-08-12T07:09:02.0694185Z [command]/usr/bin/git remote add origin https://github.com/chahyasantoso/motion5
prettier --write (same-repository PR)	Run actions/checkout@v4	2026-08-12T07:09:02.0746580Z ##[endgroup]
prettier --write (same-repository PR)	Run actions/checkout@v4	2026-08-12T07:09:02.0748104Z ##[group]Disabling automatic garbage collection
prettier --write (same-repository PR)	Run actions/checkout@v4	2026-08-12T07:09:02.0751598Z [command]/usr/bin/git config --local gc.auto 0
prettier --write (same-repository PR)	Run actions/checkout@v4	2026-08-12T07:09:02.0786128Z ##[endgroup]
prettier --write (same-repository PR)	Run actions/checkout@v4	2026-08-12T07:09:02.0787684Z ##[group]Setting up auth
prettier --write (same-repository PR)	Run actions/checkout@v4	2026-08-12T07:09:02.0794328Z [command]/usr/bin/git config --local --name-only --get-regexp core\.sshCommand
prettier --write (same-repository PR)	Run actions/checkout@v4	2026-08-12T07:09:02.0832554Z [command]/usr/bin/git submodule foreach --recursive sh -c "git config --local --name-only --get-regexp 'core\.sshCommand' && git config --local --unset-all 'core.sshCommand' || :"
prettier --write (same-repository PR)	Run actions/checkout@v4	2026-08-12T07:09:02.1216374Z [command]/usr/bin/git config --local --name-only --get-regexp http\.https\:\/\/github\.com\/\.extraheader
prettier --write (same-repository PR)	Run actions/checkout@v4	2026-08-12T07:09:02.1258712Z [command]/usr/bin/git submodule foreach --recursive sh -c "git config --local --name-only --get-regexp 'http\.https\:\/\/github\.com\/\.extraheader' && git config --local --unset-all 'http.https://github.com/.extraheader' || :"
prettier --write (same-repository PR)	Run actions/checkout@v4	2026-08-12T07:09:02.1499059Z [command]/usr/bin/git config --local --name-only --get-regexp ^includeIf\.gitdir:
prettier --write (same-repository PR)	Run actions/checkout@v4	2026-08-12T07:09:02.1540679Z [command]/usr/bin/git submodule foreach --recursive git config --local --show-origin --name-only --get-regexp remote.origin.url
prettier --write (same-repository PR)	Run actions/checkout@v4	2026-08-12T07:09:02.1776550Z [command]/usr/bin/git config --local http.https://github.com/.extraheader AUTHORIZATION: basic ***
prettier --write (same-repository PR)	Run actions/checkout@v4	2026-08-12T07:09:02.1817960Z ##[endgroup]
prettier --write (same-repository PR)	Run actions/checkout@v4	2026-08-12T07:09:02.1819288Z ##[group]Fetching the repository
prettier --write (same-repository PR)	Run actions/checkout@v4	2026-08-12T07:09:02.1828215Z [command]/usr/bin/git -c protocol.version=2 fetch --prune --no-recurse-submodules origin +refs/heads/*:refs/remotes/origin/* +refs/tags/*:refs/tags/*
prettier --write (same-repository PR)	Run actions/checkout@v4	2026-08-12T07:09:03.5921576Z From https://github.com/chahyasantoso/motion5
prettier --write (same-repository PR)	Run actions/checkout@v4	2026-08-12T07:09:03.5922769Z  * [new branch]      chore/format-31354308601 -> origin/chore/format-31354308601
prettier --write (same-repository PR)	Run actions/checkout@v4	2026-08-12T07:09:03.5923441Z  * [new branch]      chore/r6-core-package-boundary -> origin/chore/r6-core-package-boundary
prettier --write (same-repository PR)	Run actions/checkout@v4	2026-08-12T07:09:03.5924034Z  * [new branch]      ci-logs                -> origin/ci-logs
prettier --write (same-repository PR)	Run actions/checkout@v4	2026-08-12T07:09:03.5924868Z  * [new branch]      ci/archive-workflow    -> origin/ci/archive-workflow
prettier --write (same-repository PR)	Run actions/checkout@v4	2026-08-12T07:09:03.5925735Z  * [new branch]      ci/auto-format-pr-branches -> origin/ci/auto-format-pr-branches
prettier --write (same-repository PR)	Run actions/checkout@v4	2026-08-12T07:09:03.5926378Z  * [new branch]      docs/detailed-plan-and-trd -> origin/docs/detailed-plan-and-trd
prettier --write (same-repository PR)	Run actions/checkout@v4	2026-08-12T07:09:03.5927070Z  * [new branch]      docs/p0-06-trd-and-detailed-plan -> origin/docs/p0-06-trd-and-detailed-plan
prettier --write (same-repository PR)	Run actions/checkout@v4	2026-08-12T07:09:03.5927819Z  * [new branch]      docs/phase3-implementation-review -> origin/docs/phase3-implementation-review
prettier --write (same-repository PR)	Run actions/checkout@v4	2026-08-12T07:09:03.5928587Z  * [new branch]      docs/r9-status-and-plan-truth-pass -> origin/docs/r9-status-and-plan-truth-pass
prettier --write (same-repository PR)	Run actions/checkout@v4	2026-08-12T07:09:03.5929718Z  * [new branch]      docs/repo-review-and-remediation-plan -> origin/docs/repo-review-and-remediation-plan
prettier --write (same-repository PR)	Run actions/checkout@v4	2026-08-12T07:09:03.5930486Z  * [new branch]      feat/p0-04-ports-and-fakes -> origin/feat/p0-04-ports-and-fakes
prettier --write (same-repository PR)	Run actions/checkout@v4	2026-08-12T07:09:03.5931222Z  * [new branch]      feat/p0-05-golden-fixtures-and-integration -> origin/feat/p0-05-golden-fixtures-and-integration
prettier --write (same-repository PR)	Run actions/checkout@v4	2026-08-12T07:09:03.5932049Z  * [new branch]      feat/p1-01-immutable-value-snapshots -> origin/feat/p1-01-immutable-value-snapshots
prettier --write (same-repository PR)	Run actions/checkout@v4	2026-08-12T07:09:03.5932792Z  * [new branch]      feat/p1-02-plugin-registry -> origin/feat/p1-02-plugin-registry
prettier --write (same-repository PR)	Run actions/checkout@v4	2026-08-12T07:09:03.5933399Z  * [new branch]      feat/p1-03-track-leaf  -> origin/feat/p1-03-track-leaf
prettier --write (same-repository PR)	Run actions/checkout@v4	2026-08-12T07:09:03.5934009Z  * [new branch]      feat/p1-04-lifecycle-primitives -> origin/feat/p1-04-lifecycle-primitives
prettier --write (same-repository PR)	Run actions/checkout@v4	2026-08-12T07:09:03.5934969Z  * [new branch]      feat/p1-05-motion-scheduling -> origin/feat/p1-05-motion-scheduling
prettier --write (same-repository PR)	Run actions/checkout@v4	2026-08-12T07:09:03.5935627Z  * [new branch]      feat/p1-06-trigger-delegates -> origin/feat/p1-06-trigger-delegates
prettier --write (same-repository PR)	Run actions/checkout@v4	2026-08-12T07:09:03.5936223Z  * [new branch]      feat/p2-01-qualified-ids -> origin/feat/p2-01-qualified-ids
prettier --write (same-repository PR)	Run actions/checkout@v4	2026-08-12T07:09:03.5936860Z  * [new branch]      feat/p2-02-03-graph-ir-validation -> origin/feat/p2-02-03-graph-ir-validation
prettier --write (same-repository PR)	Run actions/checkout@v4	2026-08-12T07:09:03.5937582Z  * [new branch]      feat/p2-04-cycle-detection-and-order -> origin/feat/p2-04-cycle-detection-and-order
prettier --write (same-repository PR)	Run actions/checkout@v4	2026-08-12T07:09:03.5938351Z  * [new branch]      feat/p2-05-stable-observation-state -> origin/feat/p2-05-stable-observation-state
prettier --write (same-repository PR)	Run actions/checkout@v4	2026-08-12T07:09:03.5939107Z  * [new branch]      feat/p2-06-graph-binding-transactions -> origin/feat/p2-06-graph-binding-transactions
prettier --write (same-repository PR)	Run actions/checkout@v4	2026-08-12T07:09:03.5939845Z  * [new branch]      feat/p2-07-boundary-scan-ci-gate -> origin/feat/p2-07-boundary-scan-ci-gate
prettier --write (same-repository PR)	Run actions/checkout@v4	2026-08-12T07:09:03.5940472Z  * [new branch]      feat/p3-01-patch-registry -> origin/feat/p3-01-patch-registry
prettier --write (same-repository PR)	Run actions/checkout@v4	2026-08-12T07:09:03.5941803Z  * [new branch]      feat/p3-02-03-publisher-failure-semantics -> origin/feat/p3-02-03-publisher-failure-semantics
prettier --write (same-repository PR)	Run actions/checkout@v4	2026-08-12T07:09:03.5942525Z  * [new branch]      feat/p3-04-graph-runtime -> origin/feat/p3-04-graph-runtime
prettier --write (same-repository PR)	Run actions/checkout@v4	2026-08-12T07:09:03.5943120Z  * [new branch]      feat/p3-05-project-runtime -> origin/feat/p3-05-project-runtime
prettier --write (same-repository PR)	Run actions/checkout@v4	2026-08-12T07:09:03.5943870Z  * [new branch]      feat/p3-06-07-engine-and-benchmarks -> origin/feat/p3-06-07-engine-and-benchmarks
prettier --write (same-repository PR)	Run actions/checkout@v4	2026-08-12T07:09:03.5944823Z  * [new branch]      feat/p4-01-02-adapters -> origin/feat/p4-01-02-adapters
prettier --write (same-repository PR)	Run actions/checkout@v4	2026-08-12T07:09:03.5945487Z  * [new branch]      feat/p4-03-04-react-consumer-boundary -> origin/feat/p4-03-04-react-consumer-boundary
prettier --write (same-repository PR)	Run actions/checkout@v4	2026-08-12T07:09:03.5946293Z  * [new branch]      feat/p4-05-current-main-integration-build -> origin/feat/p4-05-current-main-integration-build
prettier --write (same-repository PR)	Run actions/checkout@v4	2026-08-12T07:09:03.5947090Z  * [new branch]      feat/p4-05-integration-build-gate -> origin/feat/p4-05-integration-build-gate
prettier --write (same-repository PR)	Run actions/checkout@v4	2026-08-12T07:09:03.5947817Z  * [new branch]      feat/r5-engine-compose-resolver -> origin/feat/r5-engine-compose-resolver
prettier --write (same-repository PR)	Run actions/checkout@v4	2026-08-12T07:09:03.5948559Z  * [new branch]      feat/r8-dom-adapter-target-resolution -> origin/feat/r8-dom-adapter-target-resolution
prettier --write (same-repository PR)	Run actions/checkout@v4	2026-08-12T07:09:03.5949333Z  * [new branch]      fix/A3-publisher-reentrancy -> origin/fix/A3-publisher-reentrancy
prettier --write (same-repository PR)	Run actions/checkout@v4	2026-08-12T07:09:03.5950065Z  * [new branch]      fix/A3-red-evidence    -> origin/fix/A3-red-evidence
prettier --write (same-repository PR)	Run actions/checkout@v4	2026-08-12T07:09:03.5950617Z  * [new branch]      fix/B1-track-contribution -> origin/fix/B1-track-contribution
prettier --write (same-repository PR)	Run actions/checkout@v4	2026-08-12T07:09:03.5951231Z  * [new branch]      fix/B2-gsap-stop-compilation -> origin/fix/B2-gsap-stop-compilation
prettier --write (same-repository PR)	Run actions/checkout@v4	2026-08-12T07:09:03.5951917Z  * [new branch]      fix/B2-gsap-stop-compilation-clean -> origin/fix/B2-gsap-stop-compilation-clean
prettier --write (same-repository PR)	Run actions/checkout@v4	2026-08-12T07:09:03.5952655Z  * [new branch]      fix/B2-gsap-stop-compilation-repair -> origin/fix/B2-gsap-stop-compilation-repair
prettier --write (same-repository PR)	Run actions/checkout@v4	2026-08-12T07:09:03.5953337Z  * [new branch]      fix/C1-react-store-lifecycle -> origin/fix/C1-react-store-lifecycle
prettier --write (same-repository PR)	Run actions/checkout@v4	2026-08-12T07:09:03.5954181Z  * [new branch]      fix/C2-react-public-surface -> origin/fix/C2-react-public-surface
prettier --write (same-repository PR)	Run actions/checkout@v4	2026-08-12T07:09:03.5955134Z  * [new branch]      fix/C3-dom-contract    -> origin/fix/C3-dom-contract
prettier --write (same-repository PR)	Run actions/checkout@v4	2026-08-12T07:09:03.5955699Z  * [new branch]      fix/D1-boundary-discovery -> origin/fix/D1-boundary-discovery
prettier --write (same-repository PR)	Run actions/checkout@v4	2026-08-12T07:09:03.5956297Z  * [new branch]      fix/D2-boundary-self-test -> origin/fix/D2-boundary-self-test
prettier --write (same-repository PR)	Run actions/checkout@v4	2026-08-12T07:09:03.5956870Z  * [new branch]      fix/D3-evidence-gates  -> origin/fix/D3-evidence-gates
prettier --write (same-repository PR)	Run actions/checkout@v4	2026-08-12T07:09:03.5957478Z  * [new branch]      fix/D3-evidence-gates-rescue -> origin/fix/D3-evidence-gates-rescue
prettier --write (same-repository PR)	Run actions/checkout@v4	2026-08-12T07:09:03.5958098Z  * [new branch]      fix/D3-evidence-gates-v2 -> origin/fix/D3-evidence-gates-v2
prettier --write (same-repository PR)	Run actions/checkout@v4	2026-08-12T07:09:03.5958731Z  * [new branch]      fix/E1-required-build-rescue -> origin/fix/E1-required-build-rescue
prettier --write (same-repository PR)	Run actions/checkout@v4	2026-08-12T07:09:03.5959365Z  * [new branch]      fix/E1-required-build-v2 -> origin/fix/E1-required-build-v2
prettier --write (same-repository PR)	Run actions/checkout@v4	2026-08-12T07:09:03.5960042Z  * [new branch]      fix/E2-end-to-end-proof-rescue -> origin/fix/E2-end-to-end-proof-rescue
prettier --write (same-repository PR)	Run actions/checkout@v4	2026-08-12T07:09:03.5960789Z  * [new branch]      fix/r1-publisher-input-resolution -> origin/fix/r1-publisher-input-resolution
prettier --write (same-repository PR)	Run actions/checkout@v4	2026-08-12T07:09:03.5961465Z  * [new branch]      fix/r2-output-edge-merge -> origin/fix/r2-output-edge-merge
prettier --write (same-repository PR)	Run actions/checkout@v4	2026-08-12T07:09:03.5962097Z  * [new branch]      fix/r3-track-input-recompute -> origin/fix/r3-track-input-recompute
prettier --write (same-repository PR)	Run actions/checkout@v4	2026-08-12T07:09:03.5962775Z  * [new branch]      fix/r4-membership-gates-seeds -> origin/fix/r4-membership-gates-seeds
prettier --write (same-repository PR)	Run actions/checkout@v4	2026-08-12T07:09:03.5963602Z  * [new branch]      fix/r7-boundary-scan-coverage-and-self-test -> origin/fix/r7-boundary-scan-coverage-and-self-test
prettier --write (same-repository PR)	Run actions/checkout@v4	2026-08-12T07:09:03.5964292Z  * [new branch]      main                   -> origin/main
prettier --write (same-repository PR)	Run actions/checkout@v4	2026-08-12T07:09:03.5965230Z  * [new branch]      phase-0r1-gsap-contract-proof -> origin/phase-0r1-gsap-contract-proof
prettier --write (same-repository PR)	Run actions/checkout@v4	2026-08-12T07:09:03.5966084Z  * [new branch]      phase-0r2-1r1-gap-closure -> origin/phase-0r2-1r1-gap-closure
prettier --write (same-repository PR)	Run actions/checkout@v4	2026-08-12T07:09:03.5966730Z  * [new branch]      phase-0r2-stop-validation -> origin/phase-0r2-stop-validation
prettier --write (same-repository PR)	Run actions/checkout@v4	2026-08-12T07:09:03.5967392Z  * [new branch]      phase-1r1-plugin-compilation -> origin/phase-1r1-plugin-compilation
prettier --write (same-repository PR)	Run actions/checkout@v4	2026-08-12T07:09:03.5968144Z  * [new branch]      phase-1r2-track-compiler-lifetime -> origin/phase-1r2-track-compiler-lifetime
prettier --write (same-repository PR)	Run actions/checkout@v4	2026-08-12T07:09:03.5968911Z  * [new branch]      phase-1r3-progress-invalidation -> origin/phase-1r3-progress-invalidation
prettier --write (same-repository PR)	Run actions/checkout@v4	2026-08-12T07:09:03.5969687Z  * [new branch]      rescue/restore-motionpath-parity -> origin/rescue/restore-motionpath-parity
prettier --write (same-repository PR)	Run actions/checkout@v4	2026-08-12T07:09:03.5970527Z  * [new branch]      restore-motionpath-value-pipeline -> origin/restore-motionpath-value-pipeline
prettier --write (same-repository PR)	Run actions/checkout@v4	2026-08-12T07:09:03.6050554Z ##[endgroup]
prettier --write (same-repository PR)	Run actions/checkout@v4	2026-08-12T07:09:03.6051343Z ##[group]Determining the checkout info
prettier --write (same-repository PR)	Run actions/checkout@v4	2026-08-12T07:09:03.6058636Z [command]/usr/bin/git branch --list --remote origin/fix/E2-end-to-end-proof-rescue
prettier --write (same-repository PR)	Run actions/checkout@v4	2026-08-12T07:09:03.6094983Z   origin/fix/E2-end-to-end-proof-rescue
prettier --write (same-repository PR)	Run actions/checkout@v4	2026-08-12T07:09:03.6105845Z ##[endgroup]
prettier --write (same-repository PR)	Run actions/checkout@v4	2026-08-12T07:09:03.6107786Z [command]/usr/bin/git sparse-checkout disable
prettier --write (same-repository PR)	Run actions/checkout@v4	2026-08-12T07:09:03.6161254Z [command]/usr/bin/git config --local --unset-all extensions.worktreeConfig
prettier --write (same-repository PR)	Run actions/checkout@v4	2026-08-12T07:09:03.6192312Z ##[group]Checking out the ref
prettier --write (same-repository PR)	Run actions/checkout@v4	2026-08-12T07:09:03.6196275Z [command]/usr/bin/git checkout --progress --force -B fix/E2-end-to-end-proof-rescue refs/remotes/origin/fix/E2-end-to-end-proof-rescue
prettier --write (same-repository PR)	Run actions/checkout@v4	2026-08-12T07:09:03.6329228Z Switched to a new branch 'fix/E2-end-to-end-proof-rescue'
prettier --write (same-repository PR)	Run actions/checkout@v4	2026-08-12T07:09:03.6332714Z branch 'fix/E2-end-to-end-proof-rescue' set up to track 'origin/fix/E2-end-to-end-proof-rescue'.
prettier --write (same-repository PR)	Run actions/checkout@v4	2026-08-12T07:09:03.6338667Z ##[endgroup]
prettier --write (same-repository PR)	Run actions/checkout@v4	2026-08-12T07:09:03.6387646Z [command]/usr/bin/git log -1 --format=%H
prettier --write (same-repository PR)	Run actions/checkout@v4	2026-08-12T07:09:03.6417523Z 3a58476ea92ac98eeca26d29461fc312e307dbc9
prettier --write (same-repository PR)	Run actions/setup-node@v4	﻿2026-08-12T07:09:03.6760328Z Node 20 is being deprecated. This workflow is running with Node 24 by default. If you need to temporarily use Node 20, you can set the ACTIONS_ALLOW_USE_UNSECURE_NODE_VERSION=true environment variable. For more information see: https://github.blog/changelog/2025-09-19-deprecation-of-node-20-on-github-actions-runners/
prettier --write (same-repository PR)	Run actions/setup-node@v4	2026-08-12T07:09:03.6762463Z ##[group]Run actions/setup-node@v4
prettier --write (same-repository PR)	Run actions/setup-node@v4	2026-08-12T07:09:03.6762796Z with:
prettier --write (same-repository PR)	Run actions/setup-node@v4	2026-08-12T07:09:03.6763043Z   node-version: 24
prettier --write (same-repository PR)	Run actions/setup-node@v4	2026-08-12T07:09:03.6763300Z   cache: npm
prettier --write (same-repository PR)	Run actions/setup-node@v4	2026-08-12T07:09:03.6763550Z   always-auth: false
prettier --write (same-repository PR)	Run actions/setup-node@v4	2026-08-12T07:09:03.6763826Z   check-latest: false
prettier --write (same-repository PR)	Run actions/setup-node@v4	2026-08-12T07:09:03.6766898Z   token: ***
prettier --write (same-repository PR)	Run actions/setup-node@v4	2026-08-12T07:09:03.6767169Z ##[endgroup]
prettier --write (same-repository PR)	Run actions/setup-node@v4	2026-08-12T07:09:03.8302753Z Found in cache @ /opt/hostedtoolcache/node/24.18.0/x64
prettier --write (same-repository PR)	Run actions/setup-node@v4	2026-08-12T07:09:03.8306851Z (node:3084) [DEP0040] DeprecationWarning: The `punycode` module is deprecated. Please use a userland alternative instead.
prettier --write (same-repository PR)	Run actions/setup-node@v4	2026-08-12T07:09:03.8308388Z (Use `node --trace-deprecation ...` to show where the warning was created)
prettier --write (same-repository PR)	Run actions/setup-node@v4	2026-08-12T07:09:03.8310429Z ##[group]Environment details
prettier --write (same-repository PR)	Run actions/setup-node@v4	2026-08-12T07:09:06.7119902Z node: v24.18.0
prettier --write (same-repository PR)	Run actions/setup-node@v4	2026-08-12T07:09:06.7120241Z npm: 11.16.0
prettier --write (same-repository PR)	Run actions/setup-node@v4	2026-08-12T07:09:06.7120441Z yarn: 1.22.22
prettier --write (same-repository PR)	Run actions/setup-node@v4	2026-08-12T07:09:06.7121128Z ##[endgroup]
prettier --write (same-repository PR)	Run actions/setup-node@v4	2026-08-12T07:09:06.7165993Z [command]/opt/hostedtoolcache/node/24.18.0/x64/bin/npm config get cache
prettier --write (same-repository PR)	Run actions/setup-node@v4	2026-08-12T07:09:07.0138035Z /home/runner/.npm
prettier --write (same-repository PR)	Run actions/setup-node@v4	2026-08-12T07:09:07.2312419Z Cache hit for: node-cache-Linux-x64-npm-8fd21980c56e1531048f0bccbf8860b09c4f44035a216fedc1d0a678b1093d45
prettier --write (same-repository PR)	Run actions/setup-node@v4	2026-08-12T07:09:07.2436611Z (node:3084) [DEP0169] DeprecationWarning: `url.parse()` behavior is not standardized and prone to errors that have security implications. Use the WHATWG URL API instead. CVEs are not issued for `url.parse()` vulnerabilities.
prettier --write (same-repository PR)	Run actions/setup-node@v4	2026-08-12T07:09:08.4187346Z Received 22865211 of 22865211 (100.0%), 22.5 MBs/sec
prettier --write (same-repository PR)	Run actions/setup-node@v4	2026-08-12T07:09:08.4188123Z Cache Size: ~22 MB (22865211 B)
prettier --write (same-repository PR)	Run actions/setup-node@v4	2026-08-12T07:09:08.4215630Z [command]/usr/bin/tar -xf /home/runner/work/_temp/c584bcec-9637-463c-aa17-63092d4e8905/cache.tzst -P -C /home/runner/work/motion5/motion5 --use-compress-program unzstd
prettier --write (same-repository PR)	Run actions/setup-node@v4	2026-08-12T07:09:08.4712192Z Cache restored successfully
prettier --write (same-repository PR)	Run actions/setup-node@v4	2026-08-12T07:09:08.4726917Z Cache restored from key: node-cache-Linux-x64-npm-8fd21980c56e1531048f0bccbf8860b09c4f44035a216fedc1d0a678b1093d45
prettier --write (same-repository PR)	Install locked dependencies	﻿2026-08-12T07:09:08.4910346Z ##[group]Run npm ci --ignore-scripts --no-audit --no-fund
prettier --write (same-repository PR)	Install locked dependencies	2026-08-12T07:09:08.4910864Z ^[[36;1mnpm ci --ignore-scripts --no-audit --no-fund^[[0m
prettier --write (same-repository PR)	Install locked dependencies	2026-08-12T07:09:08.5023036Z shell: /usr/bin/bash -e {0}
prettier --write (same-repository PR)	Install locked dependencies	2026-08-12T07:09:08.5023322Z ##[endgroup]
prettier --write (same-repository PR)	Install locked dependencies	2026-08-12T07:09:10.9563278Z 
prettier --write (same-repository PR)	Install locked dependencies	2026-08-12T07:09:10.9570088Z added 58 packages in 2s
prettier --write (same-repository PR)	Apply formatter	﻿2026-08-12T07:09:11.0053762Z ##[group]Run npm run format
prettier --write (same-repository PR)	Apply formatter	2026-08-12T07:09:11.0054084Z ^[[36;1mnpm run format^[[0m
prettier --write (same-repository PR)	Apply formatter	2026-08-12T07:09:11.0101436Z shell: /usr/bin/bash -e {0}
prettier --write (same-repository PR)	Apply formatter	2026-08-12T07:09:11.0101714Z ##[endgroup]
prettier --write (same-repository PR)	Apply formatter	2026-08-12T07:09:11.1153825Z 
prettier --write (same-repository PR)	Apply formatter	2026-08-12T07:09:11.1154819Z > motion5@0.0.0 format
prettier --write (same-repository PR)	Apply formatter	2026-08-12T07:09:11.1155456Z > prettier . --write
prettier --write (same-repository PR)	Apply formatter	2026-08-12T07:09:11.1155735Z 
prettier --write (same-repository PR)	Apply formatter	2026-08-12T07:09:11.3040181Z ^[[90m.github/pull_request_template.md^[[39m 35ms (unchanged)
prettier --write (same-repository PR)	Apply formatter	2026-08-12T07:09:11.3359933Z ^[[90m.github/workflows/archive-ci-logs.yml^[[39m 28ms (unchanged)
prettier --write (same-repository PR)	Apply formatter	2026-08-12T07:09:11.3457075Z ^[[90m.github/workflows/bootstrap-lockfile.yml^[[39m 7ms (unchanged)
prettier --write (same-repository PR)	Apply formatter	2026-08-12T07:09:11.3614710Z ^[[90m.github/workflows/ci.yml^[[39m 12ms (unchanged)
prettier --write (same-repository PR)	Apply formatter	2026-08-12T07:09:11.3703263Z ^[[90m.github/workflows/format-manual.yml^[[39m 7ms (unchanged)
prettier --write (same-repository PR)	Apply formatter	2026-08-12T07:09:11.3810964Z ^[[90m.github/workflows/format.yml^[[39m 4ms (unchanged)
prettier --write (same-repository PR)	Apply formatter	2026-08-12T07:09:11.4017750Z ^[[90m.github/workflows/recovery-audit.yml^[[39m 19ms (unchanged)
prettier --write (same-repository PR)	Apply formatter	2026-08-12T07:09:11.4399378Z ^[[90m.prettierrc.json^[[39m 33ms (unchanged)
prettier --write (same-repository PR)	Apply formatter	2026-08-12T07:09:11.4499810Z ^[[90mdocs/acceptance-map.json^[[39m 4ms (unchanged)
prettier --write (same-repository PR)	Apply formatter	2026-08-12T07:09:11.5525889Z ^[[90mdocs/ARCHITECTURE.md^[[39m 99ms (unchanged)
prettier --write (same-repository PR)	Apply formatter	2026-08-12T07:09:11.5862399Z ^[[90mdocs/AUTHORED-SCHEMA.md^[[39m 32ms (unchanged)
prettier --write (same-repository PR)	Apply formatter	2026-08-12T07:09:11.6027400Z ^[[90mdocs/CI-WORKFLOW.md^[[39m 14ms (unchanged)
prettier --write (same-repository PR)	Apply formatter	2026-08-12T07:09:11.6540644Z ^[[90mdocs/DECISIONS.md^[[39m 47ms (unchanged)
prettier --write (same-repository PR)	Apply formatter	2026-08-12T07:09:11.6608134Z ^[[90mdocs/FORMATTING.md^[[39m 5ms (unchanged)
prettier --write (same-repository PR)	Apply formatter	2026-08-12T07:09:11.7840176Z ^[[90mdocs/IMPLEMENTATION-PLAN.md^[[39m 121ms (unchanged)
prettier --write (same-repository PR)	Apply formatter	2026-08-12T07:09:11.8068467Z ^[[90mdocs/IMPLEMENTOR-BRIEF-MOTIONPATH-TO-MOTION5.md^[[39m 21ms (unchanged)
prettier --write (same-repository PR)	Apply formatter	2026-08-12T07:09:11.8219756Z ^[[90mdocs/MIGRATION-V4-TO-V5.md^[[39m 13ms (unchanged)
prettier --write (same-repository PR)	Apply formatter	2026-08-12T07:09:11.8523133Z ^[[90mdocs/PHASE-3-4-CONSOLIDATED-AUDIT.md^[[39m 29ms (unchanged)
prettier --write (same-repository PR)	Apply formatter	2026-08-12T07:09:11.8774508Z ^[[90mdocs/PHASE-3-4-RECOVERY-PLAN.md^[[39m 23ms (unchanged)
prettier --write (same-repository PR)	Apply formatter	2026-08-12T07:09:11.8909484Z ^[[90mdocs/PHASE-3-IMPLEMENTATION-REVIEW.md^[[39m 10ms (unchanged)
prettier --write (same-repository PR)	Apply formatter	2026-08-12T07:09:12.0103637Z ^[[90mdocs/PHASE-4-IMPLEMENTATION-REVIEW.md^[[39m 118ms (unchanged)
prettier --write (same-repository PR)	Apply formatter	2026-08-12T07:09:12.0252785Z ^[[90mdocs/PR-WORKFLOW.md^[[39m 7ms (unchanged)
prettier --write (same-repository PR)	Apply formatter	2026-08-12T07:09:12.0475020Z ^[[90mdocs/PRD.md^[[39m 18ms (unchanged)
prettier --write (same-repository PR)	Apply formatter	2026-08-12T07:09:12.0572513Z ^[[90mdocs/README.md^[[39m 8ms (unchanged)
prettier --write (same-repository PR)	Apply formatter	2026-08-12T07:09:12.0638798Z ^[[90mdocs/SESSION-STATUS.md^[[39m 5ms (unchanged)
prettier --write (same-repository PR)	Apply formatter	2026-08-12T07:09:12.0715341Z ^[[90mdocs/TESTING-STRATEGY.md^[[39m 6ms (unchanged)
prettier --write (same-repository PR)	Apply formatter	2026-08-12T07:09:12.1367524Z ^[[90mdocs/TRD.md^[[39m 64ms (unchanged)
prettier --write (same-repository PR)	Apply formatter	2026-08-12T07:09:12.1420267Z ^[[90mpackage.json^[[39m 2ms (unchanged)
prettier --write (same-repository PR)	Apply formatter	2026-08-12T07:09:12.1473638Z ^[[90mpackages/core/package.json^[[39m 1ms (unchanged)
prettier --write (same-repository PR)	Apply formatter	2026-08-12T07:09:12.1659490Z ^[[90mpackages/core/src/adapters/browser-clock.ts^[[39m 14ms (unchanged)
prettier --write (same-repository PR)	Apply formatter	2026-08-12T07:09:12.1865895Z ^[[90mpackages/core/src/adapters/dom.ts^[[39m 19ms (unchanged)
prettier --write (same-repository PR)	Apply formatter	2026-08-12T07:09:12.2109371Z ^[[90mpackages/core/src/adapters/interpolator/gsap.ts^[[39m 21ms (unchanged)
prettier --write (same-repository PR)	Apply formatter	2026-08-12T07:09:12.2246984Z ^[[90mpackages/core/src/contract/golden.ts^[[39m 10ms (unchanged)
prettier --write (same-repository PR)	Apply formatter	2026-08-12T07:09:12.2348821Z ^[[90mpackages/core/src/contract/migrate-v4-to-v5.ts^[[39m 8ms (unchanged)
prettier --write (same-repository PR)	Apply formatter	2026-08-12T07:09:12.2419750Z ^[[90mpackages/core/src/contract/v5.ts^[[39m 6ms (unchanged)
prettier --write (same-repository PR)	Apply formatter	2026-08-12T07:09:12.2987688Z ^[[90mpackages/core/src/contract/validate-v5.ts^[[39m 55ms (unchanged)
prettier --write (same-repository PR)	Apply formatter	2026-08-12T07:09:12.3196239Z ^[[90mpackages/core/src/domain/lifecycle.ts^[[39m 10ms (unchanged)
prettier --write (same-repository PR)	Apply formatter	2026-08-12T07:09:12.3377242Z ^[[90mpackages/core/src/domain/motion.ts^[[39m 15ms (unchanged)
prettier --write (same-repository PR)	Apply formatter	2026-08-12T07:09:12.3627006Z ^[[90mpackages/core/src/domain/plugins.ts^[[39m 23ms (unchanged)
prettier --write (same-repository PR)	Apply formatter	2026-08-12T07:09:12.3739605Z ^[[90mpackages/core/src/domain/track.ts^[[39m 10ms (unchanged)
prettier --write (same-repository PR)	Apply formatter	2026-08-12T07:09:12.3835138Z ^[[90mpackages/core/src/domain/triggers.ts^[[39m 8ms (unchanged)
prettier --write (same-repository PR)	Apply formatter	2026-08-12T07:09:12.3987507Z ^[[90mpackages/core/src/domain/values.ts^[[39m 10ms (unchanged)
prettier --write (same-repository PR)	Apply formatter	2026-08-12T07:09:12.4195756Z ^[[90mpackages/core/src/engine.ts^[[39m 11ms (unchanged)
prettier --write (same-repository PR)	Apply formatter	2026-08-12T07:09:12.4335542Z ^[[90mpackages/core/src/graph/binding.ts^[[39m 10ms (unchanged)
prettier --write (same-repository PR)	Apply formatter	2026-08-12T07:09:12.4388677Z ^[[90mpackages/core/src/graph/compare.ts^[[39m 2ms (unchanged)
prettier --write (same-repository PR)	Apply formatter	2026-08-12T07:09:12.4471052Z ^[[90mpackages/core/src/graph/ids.ts^[[39m 7ms (unchanged)
prettier --write (same-repository PR)	Apply formatter	2026-08-12T07:09:12.4668484Z ^[[90mpackages/core/src/graph/ir.ts^[[39m 18ms (unchanged)
prettier --write (same-repository PR)	Apply formatter	2026-08-12T07:09:12.4886496Z ^[[90mpackages/core/src/graph/observation-state.ts^[[39m 20ms (unchanged)
prettier --write (same-repository PR)	Apply formatter	2026-08-12T07:09:12.5028649Z ^[[90mpackages/core/src/graph/order.ts^[[39m 13ms (unchanged)
prettier --write (same-repository PR)	Apply formatter	2026-08-12T07:09:12.5116936Z ^[[90mpackages/core/src/index.ts^[[39m 2ms (unchanged)
prettier --write (same-repository PR)	Apply formatter	2026-08-12T07:09:12.5139410Z ^[[90mpackages/core/src/internal.ts^[[39m 1ms (unchanged)
prettier --write (same-repository PR)	Apply formatter	2026-08-12T07:09:12.5217338Z ^[[90mpackages/core/src/ports/clock.ts^[[39m 5ms (unchanged)
prettier --write (same-repository PR)	Apply formatter	2026-08-12T07:09:12.5327092Z ^[[90mpackages/core/src/ports/fakes.ts^[[39m 9ms (unchanged)
prettier --write (same-repository PR)	Apply formatter	2026-08-12T07:09:12.5358650Z ^[[90mpackages/core/src/ports/interpolator.ts^[[39m 2ms (unchanged)
prettier --write (same-repository PR)	Apply formatter	2026-08-12T07:09:12.5390913Z ^[[90mpackages/core/src/ports/scheduler.ts^[[39m 2ms (unchanged)
prettier --write (same-repository PR)	Apply formatter	2026-08-12T07:09:12.5578203Z ^[[90mpackages/core/src/runtime/graph-publisher.ts^[[39m 15ms (unchanged)
prettier --write (same-repository PR)	Apply formatter	2026-08-12T07:09:12.5712748Z ^[[90mpackages/core/src/runtime/graph-runtime.ts^[[39m 12ms (unchanged)
prettier --write (same-repository PR)	Apply formatter	2026-08-12T07:09:12.5846724Z ^[[90mpackages/core/src/runtime/patch-registry.ts^[[39m 12ms (unchanged)
prettier --write (same-repository PR)	Apply formatter	2026-08-12T07:09:12.6017432Z ^[[90mpackages/core/src/runtime/project-runtime.ts^[[39m 6ms (unchanged)
prettier --write (same-repository PR)	Apply formatter	2026-08-12T07:09:12.6137052Z ^[[90mpackages/core/test/contract/adapters.test.ts^[[39m 8ms (unchanged)
prettier --write (same-repository PR)	Apply formatter	2026-08-12T07:09:12.6191381Z ^[[90mpackages/core/test/contract/gsap-multi-stop.test.ts^[[39m 4ms (unchanged)
prettier --write (same-repository PR)	Apply formatter	2026-08-12T07:09:12.6276336Z ^[[90mpackages/core/test/contract/ports.test.ts^[[39m 7ms (unchanged)
prettier --write (same-repository PR)	Apply formatter	2026-08-12T07:09:12.6496174Z ^[[90mpackages/core/test/contract/v5-validator.test.ts^[[39m 17ms (unchanged)
prettier --write (same-repository PR)	Apply formatter	2026-08-12T07:09:12.6571430Z ^[[90mpackages/core/test/fixtures/v5-contract.ts^[[39m 3ms (unchanged)
prettier --write (same-repository PR)	Apply formatter	2026-08-12T07:09:12.6636819Z ^[[90mpackages/core/test/integration/contract-baseline.test.ts^[[39m 3ms (unchanged)
prettier --write (same-repository PR)	Apply formatter	2026-08-12T07:09:12.6733945Z ^[[90mpackages/core/test/integration/dom-patch-apply.test.ts^[[39m 8ms (unchanged)
prettier --write (same-repository PR)	Apply formatter	2026-08-12T07:09:12.6804281Z ^[[90mpackages/core/test/integration/end-to-end.test.ts^[[39m 6ms (unchanged)
prettier --write (same-repository PR)	Apply formatter	2026-08-12T07:09:12.6878985Z ^[[90mpackages/core/test/integration/engine-headless.test.ts^[[39m 6ms (unchanged)
prettier --write (same-repository PR)	Apply formatter	2026-08-12T07:09:12.6965953Z ^[[90mpackages/core/test/integration/flush-output-merge.test.ts^[[39m 7ms (unchanged)
prettier --write (same-repository PR)	Apply formatter	2026-08-12T07:09:12.7006695Z ^[[90mpackages/core/test/integration/golden-roundtrip.test.ts^[[39m 2ms (unchanged)
prettier --write (same-repository PR)	Apply formatter	2026-08-12T07:09:12.7149521Z ^[[90mpackages/core/test/integration/graph-publisher.test.ts^[[39m 12ms (unchanged)
prettier --write (same-repository PR)	Apply formatter	2026-08-12T07:09:12.7256021Z ^[[90mpackages/core/test/integration/graph-rollback.test.ts^[[39m 9ms (unchanged)
prettier --write (same-repository PR)	Apply formatter	2026-08-12T07:09:12.7388011Z ^[[90mpackages/core/test/integration/graph-runtime.test.ts^[[39m 12ms (unchanged)
prettier --write (same-repository PR)	Apply formatter	2026-08-12T07:09:12.7446097Z ^[[90mpackages/core/test/integration/membership-gating.test.ts^[[39m 4ms (unchanged)
prettier --write (same-repository PR)	Apply formatter	2026-08-12T07:09:12.7537849Z ^[[90mpackages/core/test/integration/partial-seed-inputs.test.ts^[[39m 7ms (unchanged)
prettier --write (same-repository PR)	Apply formatter	2026-08-12T07:09:12.7632110Z ^[[90mpackages/core/test/integration/project-runtime.test.ts^[[39m 6ms (unchanged)
prettier --write (same-repository PR)	Apply formatter	2026-08-12T07:09:12.7748127Z ^[[90mpackages/core/test/integration/publisher-output-merge-consistency.test.ts^[[39m 10ms (unchanged)
prettier --write (same-repository PR)	Apply formatter	2026-08-12T07:09:12.8035413Z ^[[90mpackages/core/test/migration/v4-to-v5.test.ts^[[39m 8ms (unchanged)
prettier --write (same-repository PR)	Apply formatter	2026-08-12T07:09:12.8132046Z ^[[90mpackages/core/test/unit/domain/lifecycle.test.ts^[[39m 5ms (unchanged)
prettier --write (same-repository PR)	Apply formatter	2026-08-12T07:09:12.8247618Z ^[[90mpackages/core/test/unit/domain/motion.test.ts^[[39m 9ms (unchanged)
prettier --write (same-repository PR)	Apply formatter	2026-08-12T07:09:12.8389286Z ^[[90mpackages/core/test/unit/domain/plugins.test.ts^[[39m 12ms (unchanged)
prettier --write (same-repository PR)	Apply formatter	2026-08-12T07:09:12.8438582Z ^[[90mpackages/core/test/unit/domain/track-contribution.test.ts^[[39m 4ms (unchanged)
prettier --write (same-repository PR)	Apply formatter	2026-08-12T07:09:12.8594776Z ^[[90mpackages/core/test/unit/domain/track.test.ts^[[39m 13ms (unchanged)
prettier --write (same-repository PR)	Apply formatter	2026-08-12T07:09:12.8680398Z ^[[90mpackages/core/test/unit/domain/triggers.test.ts^[[39m 7ms (unchanged)
prettier --write (same-repository PR)	Apply formatter	2026-08-12T07:09:12.8796372Z ^[[90mpackages/core/test/unit/domain/values.test.ts^[[39m 8ms (unchanged)
prettier --write (same-repository PR)	Apply formatter	2026-08-12T07:09:12.8953476Z ^[[90mpackages/core/test/unit/graph/ids.test.ts^[[39m 6ms (unchanged)
prettier --write (same-repository PR)	Apply formatter	2026-08-12T07:09:12.9083465Z ^[[90mpackages/core/test/unit/graph/ir-validation.test.ts^[[39m 11ms (unchanged)
prettier --write (same-repository PR)	Apply formatter	2026-08-12T07:09:12.9204081Z ^[[90mpackages/core/test/unit/graph/observation-state.test.ts^[[39m 11ms (unchanged)
prettier --write (same-repository PR)	Apply formatter	2026-08-12T07:09:12.9309283Z ^[[90mpackages/core/test/unit/graph/order.test.ts^[[39m 9ms (unchanged)
prettier --write (same-repository PR)	Apply formatter	2026-08-12T07:09:12.9334893Z ^[[90mpackages/core/test/unit/placeholder.test.ts^[[39m 1ms (unchanged)
prettier --write (same-repository PR)	Apply formatter	2026-08-12T07:09:12.9442057Z ^[[90mpackages/core/test/unit/runtime/patch-registry-subscriber-errors.test.ts^[[39m 8ms (unchanged)
prettier --write (same-repository PR)	Apply formatter	2026-08-12T07:09:12.9521740Z ^[[90mpackages/core/test/unit/runtime/patch-registry.test.ts^[[39m 7ms (unchanged)
prettier --write (same-repository PR)	Apply formatter	2026-08-12T07:09:12.9660849Z ^[[90mpackages/core/test/unit/runtime/publisher-reentrancy.test.ts^[[39m 13ms (unchanged)
prettier --write (same-repository PR)	Apply formatter	2026-08-12T07:09:12.9731698Z ^[[90mpackages/core/test/unit/scripts/acceptance-scan.test.ts^[[39m 4ms (unchanged)
prettier --write (same-repository PR)	Apply formatter	2026-08-12T07:09:12.9873556Z ^[[90mpackages/core/test/unit/scripts/boundary-scan.test.ts^[[39m 7ms (unchanged)
prettier --write (same-repository PR)	Apply formatter	2026-08-12T07:09:12.9912424Z ^[[90mpackages/react/package.json^[[39m 1ms (unchanged)
prettier --write (same-repository PR)	Apply formatter	2026-08-12T07:09:12.9965858Z ^[[90mpackages/react/src/index.ts^[[39m 3ms (unchanged)
prettier --write (same-repository PR)	Apply formatter	2026-08-12T07:09:13.0008046Z ^[[90mpackages/react/src/patch-store.ts^[[39m 3ms (unchanged)
prettier --write (same-repository PR)	Apply formatter	2026-08-12T07:09:13.0090385Z ^[[90mpackages/react/test/patch-store-lifecycle.test.ts^[[39m 5ms (unchanged)
prettier --write (same-repository PR)	Apply formatter	2026-08-12T07:09:13.0163011Z ^[[90mpackages/react/test/patch-store.test.ts^[[39m 5ms (unchanged)
prettier --write (same-repository PR)	Apply formatter	2026-08-12T07:09:13.0211084Z ^[[90mpackages/react/test/public-hook-render.test.ts^[[39m 3ms (unchanged)
prettier --write (same-repository PR)	Apply formatter	2026-08-12T07:09:13.0233640Z ^[[90mpackages/react/test/public-hook.test.ts^[[39m 1ms (unchanged)
prettier --write (same-repository PR)	Apply formatter	2026-08-12T07:09:13.0295956Z ^[[90mpackages/react/test/public-package-surface.test.ts^[[39m 5ms (unchanged)
prettier --write (same-repository PR)	Apply formatter	2026-08-12T07:09:13.0349594Z ^[[90mperformance/budgets.json^[[39m 1ms (unchanged)
prettier --write (same-repository PR)	Apply formatter	2026-08-12T07:09:13.0458950Z ^[[90mperformance/graph-benchmark.mjs^[[39m 10ms (unchanged)
prettier --write (same-repository PR)	Apply formatter	2026-08-12T07:09:13.0536915Z ^[[90mprogress/A3.md^[[39m 5ms (unchanged)
prettier --write (same-repository PR)	Apply formatter	2026-08-12T07:09:13.0613735Z ^[[90mprogress/B1.md^[[39m 6ms (unchanged)
prettier --write (same-repository PR)	Apply formatter	2026-08-12T07:09:13.0726405Z ^[[90mprogress/B2.md^[[39m 10ms (unchanged)
prettier --write (same-repository PR)	Apply formatter	2026-08-12T07:09:13.0794626Z ^[[90mprogress/C1.md^[[39m 5ms (unchanged)
prettier --write (same-repository PR)	Apply formatter	2026-08-12T07:09:13.0932198Z ^[[90mprogress/C2.md^[[39m 12ms (unchanged)
prettier --write (same-repository PR)	Apply formatter	2026-08-12T07:09:13.0995555Z ^[[90mprogress/C3.md^[[39m 5ms (unchanged)
prettier --write (same-repository PR)	Apply formatter	2026-08-12T07:09:13.1042931Z ^[[90mprogress/D1.md^[[39m 3ms (unchanged)
prettier --write (same-repository PR)	Apply formatter	2026-08-12T07:09:13.1213364Z ^[[90mprogress/D2.md^[[39m 16ms (unchanged)
prettier --write (same-repository PR)	Apply formatter	2026-08-12T07:09:13.1342561Z ^[[90mprogress/D3.md^[[39m 4ms (unchanged)
prettier --write (same-repository PR)	Apply formatter	2026-08-12T07:09:13.1385690Z ^[[90mprogress/E1.md^[[39m 3ms (unchanged)
prettier --write (same-repository PR)	Apply formatter	2026-08-12T07:09:13.1425766Z ^[[90mprogress/E2.md^[[39m 3ms (unchanged)
prettier --write (same-repository PR)	Apply formatter	2026-08-12T07:09:13.1535391Z ^[[90mprogress/README.md^[[39m 8ms (unchanged)
prettier --write (same-repository PR)	Apply formatter	2026-08-12T07:09:13.1662343Z ^[[90mprogress/STATUS.md^[[39m 12ms (unchanged)
prettier --write (same-repository PR)	Apply formatter	2026-08-12T07:09:13.1724271Z ^[[90mprogress/W0-baseline.md^[[39m 5ms (unchanged)
prettier --write (same-repository PR)	Apply formatter	2026-08-12T07:09:13.1843674Z ^[[90mREADME.md^[[39m 11ms (unchanged)
prettier --write (same-repository PR)	Apply formatter	2026-08-12T07:09:13.1912765Z ^[[90mRECOVERY.md^[[39m 6ms (unchanged)
prettier --write (same-repository PR)	Apply formatter	2026-08-12T07:09:13.1952931Z ^[[90mscripts/acceptance-scan.d.mts^[[39m 2ms (unchanged)
prettier --write (same-repository PR)	Apply formatter	2026-08-12T07:09:13.2045807Z ^[[90mscripts/acceptance-scan.mjs^[[39m 6ms (unchanged)
prettier --write (same-repository PR)	Apply formatter	2026-08-12T07:09:13.2075605Z ^[[90mscripts/boundary-scan-fixtures.ts^[[39m 1ms (unchanged)
prettier --write (same-repository PR)	Apply formatter	2026-08-12T07:09:13.2113167Z ^[[90mscripts/boundary-scan.d.mts^[[39m 2ms (unchanged)
prettier --write (same-repository PR)	Apply formatter	2026-08-12T07:09:13.2268603Z ^[[90mscripts/boundary-scan.mjs^[[39m 15ms (unchanged)
prettier --write (same-repository PR)	Apply formatter	2026-08-12T07:09:13.2295503Z ^[[90mtsconfig.json^[[39m 1ms (unchanged)
prettier --write (same-repository PR)	Apply formatter	2026-08-12T07:09:13.2544194Z ^[[90mWAVE-PLAN.md^[[39m 24ms (unchanged)
prettier --write (same-repository PR)	Commit formatting changes	﻿2026-08-12T07:09:13.3099434Z ##[group]Run if git diff --quiet; then
prettier --write (same-repository PR)	Commit formatting changes	2026-08-12T07:09:13.3099819Z ^[[36;1mif git diff --quiet; then^[[0m
prettier --write (same-repository PR)	Commit formatting changes	2026-08-12T07:09:13.3100108Z ^[[36;1m  echo "No formatting drift."^[[0m
prettier --write (same-repository PR)	Commit formatting changes	2026-08-12T07:09:13.3100383Z ^[[36;1m  exit 0^[[0m
prettier --write (same-repository PR)	Commit formatting changes	2026-08-12T07:09:13.3100583Z ^[[36;1mfi^[[0m
prettier --write (same-repository PR)	Commit formatting changes	2026-08-12T07:09:13.3100826Z ^[[36;1mgit config user.name "github-actions[bot]"^[[0m
prettier --write (same-repository PR)	Commit formatting changes	2026-08-12T07:09:13.3101294Z ^[[36;1mgit config user.email "41898282+github-actions[bot]@users.noreply.github.com"^[[0m
prettier --write (same-repository PR)	Commit formatting changes	2026-08-12T07:09:13.3101717Z ^[[36;1mgit add -A^[[0m
prettier --write (same-repository PR)	Commit formatting changes	2026-08-12T07:09:13.3101967Z ^[[36;1mgit commit -m "chore: apply prettier"^[[0m
prettier --write (same-repository PR)	Commit formatting changes	2026-08-12T07:09:13.3102293Z ^[[36;1mgit push origin "HEAD:${TARGET_BRANCH}"^[[0m
prettier --write (same-repository PR)	Commit formatting changes	2026-08-12T07:09:13.3146702Z shell: /usr/bin/bash -e {0}
prettier --write (same-repository PR)	Commit formatting changes	2026-08-12T07:09:13.3146963Z env:
prettier --write (same-repository PR)	Commit formatting changes	2026-08-12T07:09:13.3147207Z   TARGET_BRANCH: fix/E2-end-to-end-proof-rescue
prettier --write (same-repository PR)	Commit formatting changes	2026-08-12T07:09:13.3147516Z ##[endgroup]
prettier --write (same-repository PR)	Commit formatting changes	2026-08-12T07:09:13.3255986Z No formatting drift.
prettier --write (same-repository PR)	Post Run actions/setup-node@v4	﻿2026-08-12T07:09:13.3347059Z Node 20 is being deprecated. This workflow is running with Node 24 by default. If you need to temporarily use Node 20, you can set the ACTIONS_ALLOW_USE_UNSECURE_NODE_VERSION=true environment variable. For more information see: https://github.blog/changelog/2025-09-19-deprecation-of-node-20-on-github-actions-runners/
prettier --write (same-repository PR)	Post Run actions/setup-node@v4	2026-08-12T07:09:13.3348322Z Post job cleanup.
prettier --write (same-repository PR)	Post Run actions/setup-node@v4	2026-08-12T07:09:13.4618605Z (node:3172) [DEP0040] DeprecationWarning: The `punycode` module is deprecated. Please use a userland alternative instead.
prettier --write (same-repository PR)	Post Run actions/setup-node@v4	2026-08-12T07:09:13.4619645Z (Use `node --trace-deprecation ...` to show where the warning was created)
prettier --write (same-repository PR)	Post Run actions/setup-node@v4	2026-08-12T07:09:13.4622876Z Cache hit occurred on the primary key node-cache-Linux-x64-npm-8fd21980c56e1531048f0bccbf8860b09c4f44035a216fedc1d0a678b1093d45, not saving cache.
prettier --write (same-repository PR)	Post Run actions/checkout@v4	﻿2026-08-12T07:09:13.4770773Z Node 20 is being deprecated. This workflow is running with Node 24 by default. If you need to temporarily use Node 20, you can set the ACTIONS_ALLOW_USE_UNSECURE_NODE_VERSION=true environment variable. For more information see: https://github.blog/changelog/2025-09-19-deprecation-of-node-20-on-github-actions-runners/
prettier --write (same-repository PR)	Post Run actions/checkout@v4	2026-08-12T07:09:13.4772039Z Post job cleanup.
prettier --write (same-repository PR)	Post Run actions/checkout@v4	2026-08-12T07:09:13.5645321Z [command]/usr/bin/git version
prettier --write (same-repository PR)	Post Run actions/checkout@v4	2026-08-12T07:09:13.5675632Z git version 2.54.0
prettier --write (same-repository PR)	Post Run actions/checkout@v4	2026-08-12T07:09:13.5716732Z Temporarily overriding HOME='/home/runner/work/_temp/b85fabc5-f453-4688-90fd-2e046cf3c462' before making global git config changes
prettier --write (same-repository PR)	Post Run actions/checkout@v4	2026-08-12T07:09:13.5718748Z Adding repository directory to the temporary git global config as a safe directory
prettier --write (same-repository PR)	Post Run actions/checkout@v4	2026-08-12T07:09:13.5724159Z [command]/usr/bin/git config --global --add safe.directory /home/runner/work/motion5/motion5
prettier --write (same-repository PR)	Post Run actions/checkout@v4	2026-08-12T07:09:13.5763415Z [command]/usr/bin/git config --local --name-only --get-regexp core\.sshCommand
prettier --write (same-repository PR)	Post Run actions/checkout@v4	2026-08-12T07:09:13.5801533Z [command]/usr/bin/git submodule foreach --recursive sh -c "git config --local --name-only --get-regexp 'core\.sshCommand' && git config --local --unset-all 'core.sshCommand' || :"
prettier --write (same-repository PR)	Post Run actions/checkout@v4	2026-08-12T07:09:13.6067349Z [command]/usr/bin/git config --local --name-only --get-regexp http\.https\:\/\/github\.com\/\.extraheader
prettier --write (same-repository PR)	Post Run actions/checkout@v4	2026-08-12T07:09:13.6098759Z http.https://github.com/.extraheader
prettier --write (same-repository PR)	Post Run actions/checkout@v4	2026-08-12T07:09:13.6113086Z [command]/usr/bin/git config --local --unset-all http.https://github.com/.extraheader
prettier --write (same-repository PR)	Post Run actions/checkout@v4	2026-08-12T07:09:13.6152453Z [command]/usr/bin/git submodule foreach --recursive sh -c "git config --local --name-only --get-regexp 'http\.https\:\/\/github\.com\/\.extraheader' && git config --local --unset-all 'http.https://github.com/.extraheader' || :"
prettier --write (same-repository PR)	Post Run actions/checkout@v4	2026-08-12T07:09:13.6412279Z [command]/usr/bin/git config --local --name-only --get-regexp ^includeIf\.gitdir:
prettier --write (same-repository PR)	Post Run actions/checkout@v4	2026-08-12T07:09:13.6452836Z [command]/usr/bin/git submodule foreach --recursive git config --local --show-origin --name-only --get-regexp remote.origin.url
prettier --write (same-repository PR)	Complete job	﻿2026-08-12T07:09:13.6839180Z Cleaning up orphan processes
prettier --write (same-repository PR)	Complete job	2026-08-12T07:09:13.7106155Z ##[warning]Node.js 20 is deprecated. The following actions target Node.js 20 but are being forced to run on Node.js 24: actions/checkout@v4, actions/setup-node@v4. For more information see: https://github.blog/changelog/2025-09-19-deprecation-of-node-20-on-github-actions-runners/
