quality (node 24)	Run npm test	﻿2026-09-05T08:03:06.7348427Z ##[group]Run npm test
quality (node 24)	Run npm test	2026-09-05T08:03:06.7348734Z ^[[36;1mnpm test^[[0m
quality (node 24)	Run npm test	2026-09-05T08:03:06.7386656Z shell: /usr/bin/bash -e {0}
quality (node 24)	Run npm test	2026-09-05T08:03:06.7386928Z env:
quality (node 24)	Run npm test	2026-09-05T08:03:06.7387126Z   NODE_VERSION: 24
quality (node 24)	Run npm test	2026-09-05T08:03:06.7387337Z ##[endgroup]
quality (node 24)	Run npm test	2026-09-05T08:03:06.8437580Z 
quality (node 24)	Run npm test	2026-09-05T08:03:06.8437977Z > motion5@0.0.0 test
quality (node 24)	Run npm test	2026-09-05T08:03:06.8438494Z > vitest run
quality (node 24)	Run npm test	2026-09-05T08:03:06.8438746Z 
quality (node 24)	Run npm test	2026-09-05T08:03:07.1351708Z 
quality (node 24)	Run npm test	2026-09-05T08:03:07.1356009Z ^[[1m^[[30m^[[46m RUN ^[[49m^[[39m^[[22m ^[[36mv4.1.10 ^[[39m^[[90m/home/runner/work/motion5/motion5^[[39m
quality (node 24)	Run npm test	2026-09-05T08:03:07.1356986Z 
quality (node 24)	Run npm test	2026-09-05T08:03:07.5391309Z  ^[[32m✓^[[39m packages/core/test/unit/scripts/evidence-case-ids.test.ts ^[[2m(^[[22m^[[2m5 tests^[[22m^[[2m)^[[22m^[[32m 49^[[2mms^[[22m^[[39m
quality (node 24)	Run npm test	2026-09-05T08:03:07.7870274Z  ^[[32m✓^[[39m packages/core/test/unit/plugins/pivot-offset-solve.test.ts ^[[2m(^[[22m^[[2m10 tests^[[22m^[[2m)^[[22m^[[32m 28^[[2mms^[[22m^[[39m
quality (node 24)	Run npm test	2026-09-05T08:03:07.8372483Z  ^[[31m❯^[[39m packages/core/test/unit/runtime/structural-commit-path.test.ts ^[[2m(^[[22m^[[2m11 tests^[[22m^[[2m | ^[[22m^[[31m3 failed^[[39m^[[2m)^[[22m^[[32m 41^[[2mms^[[22m^[[39m
quality (node 24)	Run npm test	2026-09-05T08:03:07.8375232Z      ^[[32m✓^[[39m RA-1 creates the Motion before the graph is asked and destroys it on refusal^[[32m 8^[[2mms^[[22m^[[39m
quality (node 24)	Run npm test	2026-09-05T08:03:07.8396917Z      ^[[32m✓^[[39m RA-2 reports a createMotion failure verbatim and rolls nothing back^[[32m 2^[[2mms^[[22m^[[39m
quality (node 24)	Run npm test	2026-09-05T08:03:07.8403628Z      ^[[32m✓^[[39m RA-3 compiles a new Track, then registers it with its Motion, then mounts it^[[32m 4^[[2mms^[[22m^[[39m
quality (node 24)	Run npm test	2026-09-05T08:03:07.8405779Z      ^[[32m✓^[[39m RA-4 disposes the compiled Track and registers nothing when the graph refuses^[[32m 1^[[2mms^[[22m^[[39m
quality (node 24)	Run npm test	2026-09-05T08:03:07.8407232Z      ^[[32m✓^[[39m RA-5 drops the entry before the removal hooks run, and runs them in order^[[32m 1^[[2mms^[[22m^[[39m
quality (node 24)	Run npm test	2026-09-05T08:03:07.8408569Z      ^[[32m✓^[[39m RA-6 refuses a Motion that still owns tracks and reaches no hook^[[32m 1^[[2mms^[[22m^[[39m
quality (node 24)	Run npm test	2026-09-05T08:03:07.8410315Z      ^[[32m✓^[[39m RA-7 leaves the retained definitions and the committed graph agreeing^[[32m 2^[[2mms^[[22m^[[39m
quality (node 24)	Run npm test	2026-09-05T08:03:07.8412384Z ^[[31m     ^[[31m×^[[31m RA-114 refuses the commit a hook disposed, rolls it back, then tears down once^[[39m^[[32m 10^[[2mms^[[22m^[[39m
quality (node 24)	Run npm test	2026-09-05T08:03:07.8414417Z ^[[31m     ^[[31m×^[[31m RA-115 keeps a hook's own failure ahead of the disposal it also asked for^[[39m^[[32m 6^[[2mms^[[22m^[[39m
quality (node 24)	Run npm test	2026-09-05T08:03:07.8415827Z      ^[[32m✓^[[39m RA-116 answers as disposed from the call rather than from the teardown^[[32m 1^[[2mms^[[22m^[[39m
quality (node 24)	Run npm test	2026-09-05T08:03:07.8417517Z ^[[31m     ^[[31m×^[[31m RA-117 finishes the settle steps a settle hook disposed through, and skips the flush^[[39m^[[32m 2^[[2mms^[[22m^[[39m
quality (node 24)	Run npm test	2026-09-05T08:03:07.9816844Z ^[[90mstderr^[[2m | packages/core/test/integration/phase7-walker-demo.test.ts^[[2m > ^[[22m^[[2mPhase 7: Walker Demo Integration Suite^[[2m > ^[[22m^[[2m9. Use React usePatch hook at the React boundary
quality (node 24)	Run npm test	2026-09-05T08:03:07.9819298Z ^[[22m^[[39mreact-test-renderer is deprecated. See https://react.dev/warnings/react-test-renderer
quality (node 24)	Run npm test	2026-09-05T08:03:07.9853739Z An update to Root inside a test was not wrapped in act(...).
quality (node 24)	Run npm test	2026-09-05T08:03:07.9854923Z 
quality (node 24)	Run npm test	2026-09-05T08:03:07.9855870Z When testing, code that causes React state updates should be wrapped into act(...):
quality (node 24)	Run npm test	2026-09-05T08:03:07.9856821Z 
quality (node 24)	Run npm test	2026-09-05T08:03:07.9857250Z act(() => {
quality (node 24)	Run npm test	2026-09-05T08:03:07.9857942Z   /* fire events that update state */
quality (node 24)	Run npm test	2026-09-05T08:03:07.9858694Z });
quality (node 24)	Run npm test	2026-09-05T08:03:07.9859331Z /* assert on the output */
quality (node 24)	Run npm test	2026-09-05T08:03:07.9859901Z 
quality (node 24)	Run npm test	2026-09-05T08:03:07.9861308Z This ensures that you're testing the behavior the user would see in the browser. Learn more at https://react.dev/link/wrap-tests-with-act
quality (node 24)	Run npm test	2026-09-05T08:03:07.9862650Z 
quality (node 24)	Run npm test	2026-09-05T08:03:08.0049904Z  ^[[32m✓^[[39m packages/core/test/integration/phase7-walker-demo.test.ts ^[[2m(^[[22m^[[2m13 tests^[[22m^[[2m)^[[22m^[[32m 117^[[2mms^[[22m^[[39m
quality (node 24)	Run npm test	2026-09-05T08:03:08.0708932Z  ^[[32m✓^[[39m packages/core/test/unit/runtime/schema-transaction.test.ts ^[[2m(^[[22m^[[2m9 tests^[[22m^[[2m)^[[22m^[[32m 35^[[2mms^[[22m^[[39m
quality (node 24)	Run npm test	2026-09-05T08:03:08.1817453Z  ^[[32m✓^[[39m packages/core/test/unit/runtime/keyframe-property-edit.test.ts ^[[2m(^[[22m^[[2m8 tests^[[22m^[[2m)^[[22m^[[32m 67^[[2mms^[[22m^[[39m
quality (node 24)	Run npm test	2026-09-05T08:03:08.2335986Z  ^[[32m✓^[[39m packages/core/test/unit/graph/resolve-solvers.test.ts ^[[2m(^[[22m^[[2m10 tests^[[22m^[[2m)^[[22m^[[32m 29^[[2mms^[[22m^[[39m
quality (node 24)	Run npm test	2026-09-05T08:03:08.3496782Z  ^[[32m✓^[[39m packages/core/test/unit/runtime/handle-base.test.ts ^[[2m(^[[22m^[[2m9 tests^[[22m^[[2m)^[[22m^[[32m 25^[[2mms^[[22m^[[39m
quality (node 24)	Run npm test	2026-09-05T08:03:08.4324173Z  ^[[32m✓^[[39m packages/core/test/unit/runtime/plugin-group-edit.test.ts ^[[2m(^[[22m^[[2m9 tests^[[22m^[[2m)^[[22m^[[32m 35^[[2mms^[[22m^[[39m
quality (node 24)	Run npm test	2026-09-05T08:03:08.5653051Z  ^[[32m✓^[[39m packages/core/test/integration/bare-authored-leaf.test.ts ^[[2m(^[[22m^[[2m12 tests^[[22m^[[2m)^[[22m^[[32m 52^[[2mms^[[22m^[[39m
quality (node 24)	Run npm test	2026-09-05T08:03:08.6478447Z  ^[[32m✓^[[39m packages/core/test/unit/runtime/plugin-require-edit.test.ts ^[[2m(^[[22m^[[2m9 tests^[[22m^[[2m)^[[22m^[[32m 37^[[2mms^[[22m^[[39m
quality (node 24)	Run npm test	2026-09-05T08:03:08.6846141Z  ^[[32m✓^[[39m packages/core/test/unit/domain/dict-valued-requirements.test.ts ^[[2m(^[[22m^[[2m12 tests^[[22m^[[2m)^[[22m^[[32m 16^[[2mms^[[22m^[[39m
quality (node 24)	Run npm test	2026-09-05T08:03:08.8333245Z  ^[[32m✓^[[39m packages/core/test/integration/t4-runtime-motion-parity.test.ts ^[[2m(^[[22m^[[2m7 tests^[[22m^[[2m)^[[22m^[[32m 31^[[2mms^[[22m^[[39m
quality (node 24)	Run npm test	2026-09-05T08:03:08.9161449Z  ^[[32m✓^[[39m packages/core/test/unit/runtime/commit-write-cost.test.ts ^[[2m(^[[22m^[[2m6 tests^[[22m^[[2m)^[[22m^[[32m 25^[[2mms^[[22m^[[39m
quality (node 24)	Run npm test	2026-09-05T08:03:08.9466332Z  ^[[32m✓^[[39m packages/core/test/unit/runtime/immediate-verb-refusal.test.ts ^[[2m(^[[22m^[[2m7 tests^[[22m^[[2m)^[[22m^[[32m 23^[[2mms^[[22m^[[39m
quality (node 24)	Run npm test	2026-09-05T08:03:09.1465941Z  ^[[32m✓^[[39m packages/core/test/unit/plugins/fabrik-solve.test.ts ^[[2m(^[[22m^[[2m8 tests^[[22m^[[2m)^[[22m^[[32m 28^[[2mms^[[22m^[[39m
quality (node 24)	Run npm test	2026-09-05T08:03:09.2469925Z  ^[[32m✓^[[39m packages/core/test/unit/runtime/recompile-predicate.test.ts ^[[2m(^[[22m^[[2m5 tests^[[22m^[[2m)^[[22m^[[32m 49^[[2mms^[[22m^[[39m
quality (node 24)	Run npm test	2026-09-05T08:03:09.3938016Z  ^[[32m✓^[[39m packages/core/test/integration/engine-teardown-ownership.test.ts ^[[2m(^[[22m^[[2m6 tests^[[22m^[[2m)^[[22m^[[32m 17^[[2mms^[[22m^[[39m
quality (node 24)	Run npm test	2026-09-05T08:03:09.4996700Z  ^[[32m✓^[[39m packages/core/test/unit/runtime/stale-track-handle.test.ts ^[[2m(^[[22m^[[2m8 tests^[[22m^[[2m)^[[22m^[[32m 27^[[2mms^[[22m^[[39m
quality (node 24)	Run npm test	2026-09-05T08:03:09.6142209Z  ^[[32m✓^[[39m packages/core/test/unit/runtime/publisher-solver-members.test.ts ^[[2m(^[[22m^[[2m6 tests^[[22m^[[2m)^[[22m^[[32m 16^[[2mms^[[22m^[[39m
quality (node 24)	Run npm test	2026-09-05T08:03:09.6967690Z  ^[[32m✓^[[39m packages/core/test/unit/graph/solver-goals.test.ts ^[[2m(^[[22m^[[2m11 tests^[[22m^[[2m)^[[22m^[[32m 19^[[2mms^[[22m^[[39m
quality (node 24)	Run npm test	2026-09-05T08:03:09.9079001Z  ^[[32m✓^[[39m packages/core/test/integration/plugin-group-values-section.test.ts ^[[2m(^[[22m^[[2m13 tests^[[22m^[[2m)^[[22m^[[32m 46^[[2mms^[[22m^[[39m
quality (node 24)	Run npm test	2026-09-05T08:03:09.9621416Z  ^[[32m✓^[[39m packages/core/test/unit/runtime/live-value-updates.test.ts ^[[2m(^[[22m^[[2m9 tests^[[22m^[[2m)^[[22m^[[32m 52^[[2mms^[[22m^[[39m
quality (node 24)	Run npm test	2026-09-05T08:03:10.1205763Z  ^[[32m✓^[[39m packages/core/test/unit/scripts/apply-ai-edit.test.ts ^[[2m(^[[22m^[[2m19 tests^[[22m^[[2m)^[[22m^[[33m 1078^[[2mms^[[22m^[[39m
quality (node 24)	Run npm test	2026-09-05T08:03:10.1666312Z  ^[[32m✓^[[39m packages/core/test/unit/scripts/read-budget-scan.test.ts ^[[2m(^[[22m^[[2m18 tests^[[22m^[[2m)^[[22m^[[32m 65^[[2mms^[[22m^[[39m
quality (node 24)	Run npm test	2026-09-05T08:03:10.3487142Z  ^[[32m✓^[[39m packages/core/test/unit/domain/plugins.test.ts ^[[2m(^[[22m^[[2m19 tests^[[22m^[[2m)^[[22m^[[32m 17^[[2mms^[[22m^[[39m
quality (node 24)	Run npm test	2026-09-05T08:03:10.4096289Z  ^[[32m✓^[[39m packages/core/test/contract/gsap-patch-keys.test.ts ^[[2m(^[[22m^[[2m11 tests^[[22m^[[2m)^[[22m^[[32m 47^[[2mms^[[22m^[[39m
quality (node 24)	Run npm test	2026-09-05T08:03:10.5057365Z  ^[[32m✓^[[39m packages/core/test/integration/trigger-time-loop.test.ts ^[[2m(^[[22m^[[2m11 tests^[[22m^[[2m)^[[22m^[[32m 46^[[2mms^[[22m^[[39m
quality (node 24)	Run npm test	2026-09-05T08:03:10.5446032Z  ^[[32m✓^[[39m packages/core/test/unit/domain/track-live-values.test.ts ^[[2m(^[[22m^[[2m7 tests^[[22m^[[2m)^[[22m^[[32m 15^[[2mms^[[22m^[[39m
quality (node 24)	Run npm test	2026-09-05T08:03:10.6772164Z  ^[[32m✓^[[39m packages/core/test/unit/runtime/motion-driver-edit.test.ts ^[[2m(^[[22m^[[2m6 tests^[[22m^[[2m)^[[22m^[[32m 20^[[2mms^[[22m^[[39m
quality (node 24)	Run npm test	2026-09-05T08:03:10.7563432Z  ^[[32m✓^[[39m packages/core/test/unit/runtime/snapshot-one-walk.test.ts ^[[2m(^[[22m^[[2m3 tests^[[22m^[[2m)^[[22m^[[32m 27^[[2mms^[[22m^[[39m
quality (node 24)	Run npm test	2026-09-05T08:03:10.8859144Z  ^[[32m✓^[[39m packages/core/test/unit/scripts/boundary-scan.test.ts ^[[2m(^[[22m^[[2m18 tests^[[22m^[[2m)^[[22m^[[32m 146^[[2mms^[[22m^[[39m
quality (node 24)	Run npm test	2026-09-05T08:03:10.9135952Z  ^[[32m✓^[[39m packages/core/test/integration/authored-leaf-reader.test.ts ^[[2m(^[[22m^[[2m4 tests^[[22m^[[2m)^[[22m^[[32m 12^[[2mms^[[22m^[[39m
quality (node 24)	Run npm test	2026-09-05T08:03:11.0011318Z  ^[[32m✓^[[39m packages/core/test/unit/runtime/declined-build-write-drop.test.ts ^[[2m(^[[22m^[[2m3 tests^[[22m^[[2m)^[[22m^[[32m 19^[[2mms^[[22m^[[39m
quality (node 24)	Run npm test	2026-09-05T08:03:11.1027982Z  ^[[32m✓^[[39m packages/core/test/unit/graph/solved-pivot-offset.test.ts ^[[2m(^[[22m^[[2m3 tests^[[22m^[[2m)^[[22m^[[32m 11^[[2mms^[[22m^[[39m
quality (node 24)	Run npm test	2026-09-05T08:03:11.1392505Z  ^[[32m✓^[[39m packages/core/test/unit/domain/motion-track-resolution.test.ts ^[[2m(^[[22m^[[2m12 tests^[[22m^[[2m)^[[22m^[[32m 13^[[2mms^[[22m^[[39m
quality (node 24)	Run npm test	2026-09-05T08:03:11.2126065Z  ^[[32m✓^[[39m packages/core/test/unit/graph/solved-rotation-weight.test.ts ^[[2m(^[[22m^[[2m5 tests^[[22m^[[2m)^[[22m^[[32m 17^[[2mms^[[22m^[[39m
quality (node 24)	Run npm test	2026-09-05T08:03:11.3866231Z  ^[[32m✓^[[39m packages/core/test/integration/solver-member-cache.test.ts ^[[2m(^[[22m^[[2m4 tests^[[22m^[[2m)^[[22m^[[32m 56^[[2mms^[[22m^[[39m
quality (node 24)	Run npm test	2026-09-05T08:03:11.4508138Z  ^[[32m✓^[[39m packages/core/test/unit/runtime/clock-consumer-error-boundary.test.ts ^[[2m(^[[22m^[[2m7 tests^[[22m^[[2m)^[[22m^[[32m 22^[[2mms^[[22m^[[39m
quality (node 24)	Run npm test	2026-09-05T08:03:11.4778320Z  ^[[32m✓^[[39m packages/core/test/integration/ik-fabrik-chain.test.ts ^[[2m(^[[22m^[[2m2 tests^[[22m^[[2m)^[[22m^[[32m 41^[[2mms^[[22m^[[39m
quality (node 24)	Run npm test	2026-09-05T08:03:11.6835483Z  ^[[32m✓^[[39m packages/core/test/unit/graph/graph-dependants.test.ts ^[[2m(^[[22m^[[2m5 tests^[[22m^[[2m)^[[22m^[[32m 15^[[2mms^[[22m^[[39m
quality (node 24)	Run npm test	2026-09-05T08:03:11.7072497Z  ^[[32m✓^[[39m packages/core/test/integration/ik-two-bone.test.ts ^[[2m(^[[22m^[[2m4 tests^[[22m^[[2m)^[[22m^[[32m 45^[[2mms^[[22m^[[39m
quality (node 24)	Run npm test	2026-09-05T08:03:11.7444317Z  ^[[32m✓^[[39m packages/core/test/unit/runtime/dependants-of-reverse-topology.test.ts ^[[2m(^[[22m^[[2m3 tests^[[22m^[[2m)^[[22m^[[32m 12^[[2mms^[[22m^[[39m
quality (node 24)	Run npm test	2026-09-05T08:03:11.9426179Z  ^[[32m✓^[[39m packages/core/test/unit/runtime/removal-flush-seed.test.ts ^[[2m(^[[22m^[[2m2 tests^[[22m^[[2m)^[[22m^[[32m 15^[[2mms^[[22m^[[39m
quality (node 24)	Run npm test	2026-09-05T08:03:11.9570355Z  ^[[32m✓^[[39m packages/core/test/integration/rollback-error-precedence.test.ts ^[[2m(^[[22m^[[2m3 tests^[[22m^[[2m)^[[22m^[[32m 16^[[2mms^[[22m^[[39m
quality (node 24)	Run npm test	2026-09-05T08:03:12.0191949Z  ^[[32m✓^[[39m packages/core/test/unit/domain/motion-dispose-ownership.test.ts ^[[2m(^[[22m^[[2m5 tests^[[22m^[[2m)^[[22m^[[32m 19^[[2mms^[[22m^[[39m
quality (node 24)	Run npm test	2026-09-05T08:03:12.1736637Z  ^[[32m✓^[[39m packages/core/test/unit/graph/finalize-graph.test.ts ^[[2m(^[[22m^[[2m4 tests^[[22m^[[2m)^[[22m^[[32m 17^[[2mms^[[22m^[[39m
quality (node 24)	Run npm test	2026-09-05T08:03:12.1873465Z  ^[[32m✓^[[39m packages/core/test/unit/adapters/incremental-graph-builder-eviction.test.ts ^[[2m(^[[22m^[[2m7 tests^[[22m^[[2m)^[[22m^[[32m 17^[[2mms^[[22m^[[39m
quality (node 24)	Run npm test	2026-09-05T08:03:12.2970867Z  ^[[32m✓^[[39m packages/core/test/contract/microtask-scheduler.test.ts ^[[2m(^[[22m^[[2m8 tests^[[22m^[[2m)^[[22m^[[32m 17^[[2mms^[[22m^[[39m
quality (node 24)	Run npm test	2026-09-05T08:03:12.4017894Z  ^[[32m✓^[[39m packages/core/test/unit/domain/motion-track-mutation-atomicity.test.ts ^[[2m(^[[22m^[[2m6 tests^[[22m^[[2m)^[[22m^[[32m 13^[[2mms^[[22m^[[39m
quality (node 24)	Run npm test	2026-09-05T08:03:12.4409369Z  ^[[32m✓^[[39m packages/core/test/integration/adoption.test.ts ^[[2m(^[[22m^[[2m10 tests^[[22m^[[2m)^[[22m^[[32m 32^[[2mms^[[22m^[[39m
quality (node 24)	Run npm test	2026-09-05T08:03:12.5148278Z  ^[[32m✓^[[39m packages/core/test/contract/v5-validator.test.ts ^[[2m(^[[22m^[[2m14 tests^[[22m^[[2m)^[[22m^[[32m 21^[[2mms^[[22m^[[39m
quality (node 24)	Run npm test	2026-09-05T08:03:12.6127955Z  ^[[32m✓^[[39m packages/core/test/unit/plugins/fabrik-dispatch.test.ts ^[[2m(^[[22m^[[2m3 tests^[[22m^[[2m)^[[22m^[[32m 12^[[2mms^[[22m^[[39m
quality (node 24)	Run npm test	2026-09-05T08:03:12.7038616Z  ^[[32m✓^[[39m packages/core/test/unit/plugins/ik-solve.test.ts ^[[2m(^[[22m^[[2m6 tests^[[22m^[[2m)^[[22m^[[32m 10^[[2mms^[[22m^[[39m
quality (node 24)	Run npm test	2026-09-05T08:03:12.7171229Z  ^[[32m✓^[[39m packages/core/test/unit/runtime/mount-flush-seed.test.ts ^[[2m(^[[22m^[[2m3 tests^[[22m^[[2m)^[[22m^[[32m 28^[[2mms^[[22m^[[39m
quality (node 24)	Run npm test	2026-09-05T08:03:12.8533755Z  ^[[32m✓^[[39m packages/core/test/integration/motion-trigger-types.test.ts ^[[2m(^[[22m^[[2m4 tests^[[22m^[[2m)^[[22m^[[32m 21^[[2mms^[[22m^[[39m
quality (node 24)	Run npm test	2026-09-05T08:03:12.9503793Z  ^[[32m✓^[[39m packages/core/test/unit/graph/incremental-cache.test.ts ^[[2m(^[[22m^[[2m6 tests^[[22m^[[2m)^[[22m^[[32m 13^[[2mms^[[22m^[[39m
quality (node 24)	Run npm test	2026-09-05T08:03:12.9966067Z  ^[[32m✓^[[39m packages/core/test/unit/runtime/structural-commit-flush.test.ts ^[[2m(^[[22m^[[2m6 tests^[[22m^[[2m)^[[22m^[[32m 22^[[2mms^[[22m^[[39m
quality (node 24)	Run npm test	2026-09-05T08:03:13.1267058Z  ^[[32m✓^[[39m packages/core/test/integration/plugin-owned-requirements.test.ts ^[[2m(^[[22m^[[2m6 tests^[[22m^[[2m)^[[22m^[[32m 45^[[2mms^[[22m^[[39m
quality (node 24)	Run npm test	2026-09-05T08:03:13.1830512Z  ^[[32m✓^[[39m packages/core/test/unit/plugins/fk-solved-weight.test.ts ^[[2m(^[[22m^[[2m7 tests^[[22m^[[2m)^[[22m^[[32m 12^[[2mms^[[22m^[[39m
quality (node 24)	Run npm test	2026-09-05T08:03:13.2212797Z  ^[[32m✓^[[39m packages/core/test/integration/phase0-red-baseline.test.ts ^[[2m(^[[22m^[[2m5 tests^[[22m^[[2m)^[[22m^[[32m 22^[[2mms^[[22m^[[39m
quality (node 24)	Run npm test	2026-09-05T08:03:13.3893639Z  ^[[32m✓^[[39m packages/core/test/unit/graph/single-input-channel.test.ts ^[[2m(^[[22m^[[2m7 tests^[[22m^[[2m)^[[22m^[[32m 12^[[2mms^[[22m^[[39m
quality (node 24)	Run npm test	2026-09-05T08:03:13.4038005Z  ^[[32m✓^[[39m packages/core/test/integration/replace-track-transactionality.test.ts ^[[2m(^[[22m^[[2m4 tests^[[22m^[[2m)^[[22m^[[32m 30^[[2mms^[[22m^[[39m
quality (node 24)	Run npm test	2026-09-05T08:03:13.4776287Z  ^[[32m✓^[[39m packages/core/test/integration/phase4-dynamic-lifecycle.test.ts ^[[2m(^[[22m^[[2m6 tests^[[22m^[[2m)^[[22m^[[32m 27^[[2mms^[[22m^[[39m
quality (node 24)	Run npm test	2026-09-05T08:03:13.6042438Z  ^[[32m✓^[[39m packages/core/test/unit/domain/track-compose-from.test.ts ^[[2m(^[[22m^[[2m7 tests^[[22m^[[2m)^[[22m^[[32m 15^[[2mms^[[22m^[[39m
quality (node 24)	Run npm test	2026-09-05T08:03:13.6547721Z  ^[[32m✓^[[39m packages/core/test/unit/graph/arity-lift.test.ts ^[[2m(^[[22m^[[2m2 tests^[[22m^[[2m)^[[22m^[[32m 10^[[2mms^[[22m^[[39m
quality (node 24)	Run npm test	2026-09-05T08:03:13.6846535Z  ^[[32m✓^[[39m packages/core/test/contract/trigger-factory.test.ts ^[[2m(^[[22m^[[2m9 tests^[[22m^[[2m)^[[22m^[[32m 23^[[2mms^[[22m^[[39m
quality (node 24)	Run npm test	2026-09-05T08:03:13.8173216Z  ^[[32m✓^[[39m packages/core/test/unit/domain/plugin-contribution-contract.test.ts ^[[2m(^[[22m^[[2m6 tests^[[22m^[[2m)^[[22m^[[32m 16^[[2mms^[[22m^[[39m
quality (node 24)	Run npm test	2026-09-05T08:03:13.8767036Z  ^[[32m✓^[[39m packages/core/test/unit/domain/track.test.ts ^[[2m(^[[22m^[[2m9 tests^[[22m^[[2m)^[[22m^[[32m 14^[[2mms^[[22m^[[39m
quality (node 24)	Run npm test	2026-09-05T08:03:13.9139915Z  ^[[32m✓^[[39m packages/core/test/unit/plugins/fk-pivot-offset.test.ts ^[[2m(^[[22m^[[2m6 tests^[[22m^[[2m)^[[22m^[[32m 10^[[2mms^[[22m^[[39m
quality (node 24)	Run npm test	2026-09-05T08:03:14.0625569Z  ^[[32m✓^[[39m packages/core/test/contract/gsap-one-tween.test.ts ^[[2m(^[[22m^[[2m11 tests^[[22m^[[2m)^[[22m^[[32m 22^[[2mms^[[22m^[[39m
quality (node 24)	Run npm test	2026-09-05T08:03:14.1509699Z  ^[[32m✓^[[39m packages/core/test/unit/runtime/track-staging.test.ts ^[[2m(^[[22m^[[2m4 tests^[[22m^[[2m)^[[22m^[[32m 17^[[2mms^[[22m^[[39m
quality (node 24)	Run npm test	2026-09-05T08:03:14.3406228Z  ^[[32m✓^[[39m packages/core/test/integration/trigger-time.test.ts ^[[2m(^[[22m^[[2m7 tests^[[22m^[[2m)^[[22m^[[32m 31^[[2mms^[[22m^[[39m
quality (node 24)	Run npm test	2026-09-05T08:03:14.3851151Z  ^[[32m✓^[[39m packages/core/test/unit/runtime/publisher-reentrancy.test.ts ^[[2m(^[[22m^[[2m5 tests^[[22m^[[2m)^[[22m^[[32m 20^[[2mms^[[22m^[[39m
quality (node 24)	Run npm test	2026-09-05T08:03:14.5291348Z  ^[[32m✓^[[39m packages/core/test/unit/domain/authored-group-values-one-reader.test.ts ^[[2m(^[[22m^[[2m3 tests^[[22m^[[2m)^[[22m^[[32m 8^[[2mms^[[22m^[[39m
quality (node 24)	Run npm test	2026-09-05T08:03:14.6023391Z  ^[[32m✓^[[39m packages/core/test/unit/domain/motion.test.ts ^[[2m(^[[22m^[[2m11 tests^[[22m^[[2m)^[[22m^[[32m 18^[[2mms^[[22m^[[39m
quality (node 24)	Run npm test	2026-09-05T08:03:14.7686141Z  ^[[32m✓^[[39m packages/core/test/unit/runtime/patch-registry.test.ts ^[[2m(^[[22m^[[2m10 tests^[[22m^[[2m)^[[22m^[[32m 16^[[2mms^[[22m^[[39m
quality (node 24)	Run npm test	2026-09-05T08:03:14.9826646Z  ^[[32m✓^[[39m packages/core/test/integration/ik-multi-goal.test.ts ^[[2m(^[[22m^[[2m2 tests^[[22m^[[2m)^[[22m^[[32m 48^[[2mms^[[22m^[[39m
quality (node 24)	Run npm test	2026-09-05T08:03:15.0586337Z  ^[[32m✓^[[39m packages/core/test/unit/graph/observation-state.test.ts ^[[2m(^[[22m^[[2m8 tests^[[22m^[[2m)^[[22m^[[32m 45^[[2mms^[[22m^[[39m
quality (node 24)	Run npm test	2026-09-05T08:03:15.2770416Z  ^[[32m✓^[[39m packages/core/test/integration/trigger-scroll.test.ts ^[[2m(^[[22m^[[2m6 tests^[[22m^[[2m)^[[22m^[[32m 28^[[2mms^[[22m^[[39m
quality (node 24)	Run npm test	2026-09-05T08:03:15.3998328Z  ^[[32m✓^[[39m packages/core/test/integration/mutation-transactionality.test.ts ^[[2m(^[[22m^[[2m3 tests^[[22m^[[2m)^[[22m^[[32m 48^[[2mms^[[22m^[[39m
quality (node 24)	Run npm test	2026-09-05T08:03:15.5657319Z  ^[[32m✓^[[39m packages/core/test/integration/engine-x3-contribution.test.ts ^[[2m(^[[22m^[[2m5 tests^[[22m^[[2m)^[[22m^[[32m 45^[[2mms^[[22m^[[39m
quality (node 24)	Run npm test	2026-09-05T08:03:15.6625838Z  ^[[32m✓^[[39m packages/core/test/unit/adapters/time-loop-cycle.test.ts ^[[2m(^[[22m^[[2m10 tests^[[22m^[[2m)^[[22m^[[32m 13^[[2mms^[[22m^[[39m
quality (node 24)	Run npm test	2026-09-05T08:03:15.8884441Z  ^[[32m✓^[[39m packages/core/test/integration/per-plugin-key-ownership.test.ts ^[[2m(^[[22m^[[2m4 tests^[[22m^[[2m)^[[22m^[[32m 41^[[2mms^[[22m^[[39m
quality (node 24)	Run npm test	2026-09-05T08:03:15.9818652Z  ^[[32m✓^[[39m packages/core/test/integration/phase3-trigger-port.test.ts ^[[2m(^[[22m^[[2m5 tests^[[22m^[[2m)^[[22m^[[32m 25^[[2mms^[[22m^[[39m
quality (node 24)	Run npm test	2026-09-05T08:03:16.1682631Z  ^[[32m✓^[[39m packages/core/test/unit/runtime/publisher-snapshot-memo.test.ts ^[[2m(^[[22m^[[2m4 tests^[[22m^[[2m)^[[22m^[[32m 17^[[2mms^[[22m^[[39m
quality (node 24)	Run npm test	2026-09-05T08:03:16.3296128Z  ^[[32m✓^[[39m packages/core/test/unit/runtime/live-value-animated.test.ts ^[[2m(^[[22m^[[2m3 tests^[[22m^[[2m)^[[22m^[[32m 40^[[2mms^[[22m^[[39m
quality (node 24)	Run npm test	2026-09-05T08:03:16.4087663Z  ^[[32m✓^[[39m packages/core/test/integration/p2-runtime-smells.test.ts ^[[2m(^[[22m^[[2m6 tests^[[22m^[[2m)^[[22m^[[32m 14^[[2mms^[[22m^[[39m
quality (node 24)	Run npm test	2026-09-05T08:03:16.5696899Z  ^[[32m✓^[[39m packages/core/test/unit/graph/solver-goal-required.test.ts ^[[2m(^[[22m^[[2m2 tests^[[22m^[[2m)^[[22m^[[32m 13^[[2mms^[[22m^[[39m
quality (node 24)	Run npm test	2026-09-05T08:03:16.6455496Z  ^[[32m✓^[[39m packages/core/test/unit/graph/observation-target-removal.test.ts ^[[2m(^[[22m^[[2m5 tests^[[22m^[[2m)^[[22m^[[32m 11^[[2mms^[[22m^[[39m
quality (node 24)	Run npm test	2026-09-05T08:03:16.8972057Z  ^[[32m✓^[[39m packages/core/test/integration/option-c-track-resolution.test.ts ^[[2m(^[[22m^[[2m5 tests^[[22m^[[2m)^[[22m^[[32m 36^[[2mms^[[22m^[[39m
quality (node 24)	Run npm test	2026-09-05T08:03:16.9094863Z  ^[[32m✓^[[39m packages/core/test/contract/validation-owner.test.ts ^[[2m(^[[22m^[[2m6 tests^[[22m^[[2m)^[[22m^[[32m 13^[[2mms^[[22m^[[39m
quality (node 24)	Run npm test	2026-09-05T08:03:17.1311116Z  ^[[32m✓^[[39m packages/core/test/unit/scripts/public-declaration-surface.test.ts ^[[2m(^[[22m^[[2m3 tests^[[22m^[[2m)^[[22m^[[33m 3040^[[2mms^[[22m^[[39m
quality (node 24)	Run npm test	2026-09-05T08:03:17.1315234Z      ^[[33m^[[2m✓^[[22m^[[39m scans the emitted entry declaration closure, not just source strings ^[[33m 3037^[[2mms^[[22m^[[39m
quality (node 24)	Run npm test	2026-09-05T08:03:17.1395650Z  ^[[32m✓^[[39m packages/core/test/unit/domain/plugin-requirements.test.ts ^[[2m(^[[22m^[[2m6 tests^[[22m^[[2m)^[[22m^[[32m 10^[[2mms^[[22m^[[39m
quality (node 24)	Run npm test	2026-09-05T08:03:17.1777506Z  ^[[32m✓^[[39m packages/core/test/integration/phase2-motion-scheduling.test.ts ^[[2m(^[[22m^[[2m5 tests^[[22m^[[2m)^[[22m^[[32m 21^[[2mms^[[22m^[[39m
quality (node 24)	Run npm test	2026-09-05T08:03:17.3193349Z  ^[[32m✓^[[39m packages/core/test/unit/plugins/angle-blend.test.ts ^[[2m(^[[22m^[[2m4 tests^[[22m^[[2m)^[[22m^[[32m 7^[[2mms^[[22m^[[39m
quality (node 24)	Run npm test	2026-09-05T08:03:17.3806507Z  ^[[32m✓^[[39m packages/core/test/unit/plugins/fabrik-arity-one.test.ts ^[[2m(^[[22m^[[2m1 test^[[22m^[[2m)^[[22m^[[32m 10^[[2mms^[[22m^[[39m
quality (node 24)	Run npm test	2026-09-05T08:03:17.4407646Z  ^[[32m✓^[[39m packages/core/test/integration/live-value-composition.test.ts ^[[2m(^[[22m^[[2m2 tests^[[22m^[[2m)^[[22m^[[32m 43^[[2mms^[[22m^[[39m
quality (node 24)	Run npm test	2026-09-05T08:03:17.5947055Z  ^[[32m✓^[[39m packages/core/test/integration/unified-mutation-surface.test.ts ^[[2m(^[[22m^[[2m5 tests^[[22m^[[2m)^[[22m^[[32m 54^[[2mms^[[22m^[[39m
quality (node 24)	Run npm test	2026-09-05T08:03:17.6886523Z  ^[[32m✓^[[39m packages/core/test/integration/runtime-motion-lifecycle.test.ts ^[[2m(^[[22m^[[2m6 tests^[[22m^[[2m)^[[22m^[[32m 31^[[2mms^[[22m^[[39m
quality (node 24)	Run npm test	2026-09-05T08:03:17.7142759Z  ^[[32m✓^[[39m packages/core/test/unit/runtime/clock-tick-identity.test.ts ^[[2m(^[[22m^[[2m4 tests^[[22m^[[2m)^[[22m^[[32m 13^[[2mms^[[22m^[[39m
quality (node 24)	Run npm test	2026-09-05T08:03:17.8457821Z  ^[[32m✓^[[39m packages/core/test/contract/gsap-equivalence.test.ts ^[[2m(^[[22m^[[2m6 tests^[[22m^[[2m)^[[22m^[[32m 28^[[2mms^[[22m^[[39m
quality (node 24)	Run npm test	2026-09-05T08:03:17.9005307Z  ^[[32m✓^[[39m packages/core/test/unit/runtime/patch-registry-structural-change.test.ts ^[[2m(^[[22m^[[2m7 tests^[[22m^[[2m)^[[22m^[[32m 10^[[2mms^[[22m^[[39m
quality (node 24)	Run npm test	2026-09-05T08:03:17.9606208Z  ^[[32m✓^[[39m packages/core/test/integration/observation-identity.test.ts ^[[2m(^[[22m^[[2m5 tests^[[22m^[[2m)^[[22m^[[32m 24^[[2mms^[[22m^[[39m
quality (node 24)	Run npm test	2026-09-05T08:03:18.0566877Z  ^[[32m✓^[[39m packages/core/test/integration/cross-motion.test.ts ^[[2m(^[[22m^[[2m3 tests^[[22m^[[2m)^[[22m^[[32m 17^[[2mms^[[22m^[[39m
quality (node 24)	Run npm test	2026-09-05T08:03:18.1656259Z  ^[[32m✓^[[39m packages/core/test/unit/graph/ir-validation.test.ts ^[[2m(^[[22m^[[2m6 tests^[[22m^[[2m)^[[22m^[[32m 14^[[2mms^[[22m^[[39m
quality (node 24)	Run npm test	2026-09-05T08:03:18.1776141Z  ^[[32m✓^[[39m packages/core/test/integration/issue-114-motion-track-regressions.test.ts ^[[2m(^[[22m^[[2m5 tests^[[22m^[[2m)^[[22m^[[32m 28^[[2mms^[[22m^[[39m
quality (node 24)	Run npm test	2026-09-05T08:03:18.2856657Z  ^[[32m✓^[[39m packages/core/test/unit/graph/order.test.ts ^[[2m(^[[22m^[[2m8 tests^[[22m^[[2m)^[[22m^[[32m 13^[[2mms^[[22m^[[39m
quality (node 24)	Run npm test	2026-09-05T08:03:18.3628197Z  ^[[32m✓^[[39m packages/core/test/unit/domain/motion-progress-range.test.ts ^[[2m(^[[22m^[[2m4 tests^[[22m^[[2m)^[[22m^[[32m 8^[[2mms^[[22m^[[39m
quality (node 24)	Run npm test	2026-09-05T08:03:18.5430522Z  ^[[32m✓^[[39m packages/core/test/integration/diagnostics.test.ts ^[[2m(^[[22m^[[2m4 tests^[[22m^[[2m)^[[22m^[[32m 19^[[2mms^[[22m^[[39m
quality (node 24)	Run npm test	2026-09-05T08:03:18.5497744Z  ^[[32m✓^[[39m packages/core/test/unit/adapters/trigger-factory-no-fallback.test.ts ^[[2m(^[[22m^[[2m3 tests^[[22m^[[2m)^[[22m^[[32m 8^[[2mms^[[22m^[[39m
quality (node 24)	Run npm test	2026-09-05T08:03:18.7864495Z  ^[[32m✓^[[39m packages/core/test/unit/runtime/composition-output-shape.test.ts ^[[2m(^[[22m^[[2m3 tests^[[22m^[[2m)^[[22m^[[32m 18^[[2mms^[[22m^[[39m
quality (node 24)	Run npm test	2026-09-05T08:03:18.8296679Z  ^[[32m✓^[[39m packages/core/test/contract/gsap-authored-duration.test.ts ^[[2m(^[[22m^[[2m5 tests^[[22m^[[2m)^[[22m^[[32m 26^[[2mms^[[22m^[[39m
quality (node 24)	Run npm test	2026-09-05T08:03:19.0486189Z  ^[[32m✓^[[39m packages/core/test/unit/runtime/scheduler-reentrancy.test.ts ^[[2m(^[[22m^[[2m4 tests^[[22m^[[2m)^[[22m^[[32m 16^[[2mms^[[22m^[[39m
quality (node 24)	Run npm test	2026-09-05T08:03:19.0746232Z  ^[[32m✓^[[39m packages/core/test/contract/project-templates-removal.test.ts ^[[2m(^[[22m^[[2m2 tests^[[22m^[[2m)^[[22m^[[32m 8^[[2mms^[[22m^[[39m
quality (node 24)	Run npm test	2026-09-05T08:03:19.2656185Z  ^[[32m✓^[[39m packages/core/test/unit/runtime/patch-registry-subscriber-errors.test.ts ^[[2m(^[[22m^[[2m4 tests^[[22m^[[2m)^[[22m^[[32m 9^[[2mms^[[22m^[[39m
quality (node 24)	Run npm test	2026-09-05T08:03:19.3970813Z  ^[[32m✓^[[39m packages/core/test/integration/adopted-track-immutability.test.ts ^[[2m(^[[22m^[[2m4 tests^[[22m^[[2m)^[[22m^[[32m 30^[[2mms^[[22m^[[39m
quality (node 24)	Run npm test	2026-09-05T08:03:19.4891345Z  ^[[32m✓^[[39m packages/core/test/unit/adapters/scroll-trigger-gsap.test.ts ^[[2m(^[[22m^[[2m4 tests^[[22m^[[2m)^[[22m^[[32m 11^[[2mms^[[22m^[[39m
quality (node 24)	Run npm test	2026-09-05T08:03:19.6762732Z  ^[[32m✓^[[39m packages/core/test/integration/publisher-output-merge-consistency.test.ts ^[[2m(^[[22m^[[2m2 tests^[[22m^[[2m)^[[22m^[[32m 10^[[2mms^[[22m^[[39m
quality (node 24)	Run npm test	2026-09-05T08:03:19.7261249Z  ^[[32m✓^[[39m packages/core/test/unit/runtime/publisher-requirement-inputs.test.ts ^[[2m(^[[22m^[[2m2 tests^[[22m^[[2m)^[[22m^[[32m 8^[[2mms^[[22m^[[39m
quality (node 24)	Run npm test	2026-09-05T08:03:19.9542968Z  ^[[32m✓^[[39m packages/core/test/integration/replace-motion-track.test.ts ^[[2m(^[[22m^[[2m3 tests^[[22m^[[2m)^[[22m^[[32m 32^[[2mms^[[22m^[[39m
quality (node 24)	Run npm test	2026-09-05T08:03:20.0376208Z  ^[[32m✓^[[39m packages/core/test/integration/keyframe-groups.test.ts ^[[2m(^[[22m^[[2m3 tests^[[22m^[[2m)^[[22m^[[32m 37^[[2mms^[[22m^[[39m
quality (node 24)	Run npm test	2026-09-05T08:03:20.2745487Z  ^[[32m✓^[[39m packages/core/test/unit/scripts/session-status-shape.test.ts ^[[2m(^[[22m^[[2m3 tests^[[22m^[[2m)^[[22m^[[32m 10^[[2mms^[[22m^[[39m
quality (node 24)	Run npm test	2026-09-05T08:03:20.2908745Z  ^[[32m✓^[[39m packages/core/test/integration/engine-headless.test.ts ^[[2m(^[[22m^[[2m4 tests^[[22m^[[2m)^[[22m^[[32m 33^[[2mms^[[22m^[[39m
quality (node 24)	Run npm test	2026-09-05T08:03:20.5961822Z  ^[[32m✓^[[39m packages/core/test/integration/internal-key-strip.test.ts ^[[2m(^[[22m^[[2m3 tests^[[22m^[[2m)^[[22m^[[32m 22^[[2mms^[[22m^[[39m
quality (node 24)	Run npm test	2026-09-05T08:03:20.6510013Z  ^[[32m✓^[[39m packages/core/test/integration/handle-adoption.test.ts ^[[2m(^[[22m^[[2m4 tests^[[22m^[[2m)^[[22m^[[32m 30^[[2mms^[[22m^[[39m
quality (node 24)	Run npm test	2026-09-05T08:03:20.8678519Z  ^[[32m✓^[[39m packages/core/test/integration/remount.test.ts ^[[2m(^[[22m^[[2m2 tests^[[22m^[[2m)^[[22m^[[32m 28^[[2mms^[[22m^[[39m
quality (node 24)	Run npm test	2026-09-05T08:03:20.9006019Z  ^[[32m✓^[[39m packages/core/test/contract/ports.test.ts ^[[2m(^[[22m^[[2m7 tests^[[22m^[[2m)^[[22m^[[32m 11^[[2mms^[[22m^[[39m
quality (node 24)	Run npm test	2026-09-05T08:03:21.1669201Z  ^[[32m✓^[[39m packages/core/test/unit/graph/edge-order.test.ts ^[[2m(^[[22m^[[2m2 tests^[[22m^[[2m)^[[22m^[[32m 14^[[2mms^[[22m^[[39m
quality (node 24)	Run npm test	2026-09-05T08:03:21.2416969Z ^[[90mstderr^[[2m | packages/react/test/public-hook-render.test.ts^[[2m > ^[[22m^[[2mReact public hook render/update (C2)^[[2m > ^[[22m^[[2mrenders the current patch and updates after publication
quality (node 24)	Run npm test	2026-09-05T08:03:21.2449956Z ^[[22m^[[39mreact-test-renderer is deprecated. See https://react.dev/warnings/react-test-renderer
quality (node 24)	Run npm test	2026-09-05T08:03:21.2484811Z An update to Root inside a test was not wrapped in act(...).
quality (node 24)	Run npm test	2026-09-05T08:03:21.2511946Z 
quality (node 24)	Run npm test	2026-09-05T08:03:21.2531065Z When testing, code that causes React state updates should be wrapped into act(...):
quality (node 24)	Run npm test	2026-09-05T08:03:21.2531781Z 
quality (node 24)	Run npm test	2026-09-05T08:03:21.2532158Z act(() => {
quality (node 24)	Run npm test	2026-09-05T08:03:21.2532863Z   /* fire events that update state */
quality (node 24)	Run npm test	2026-09-05T08:03:21.2622768Z  ^[[32m✓^[[39m packages/react/test/public-hook-render.test.ts ^[[2m(^[[22m^[[2m2 tests^[[22m^[[2m)^[[22m^[[32m 40^[[2mms^[[22m^[[39m
quality (node 24)	Run npm test	2026-09-05T08:03:21.2623675Z });
quality (node 24)	Run npm test	2026-09-05T08:03:21.2634741Z /* assert on the output */
quality (node 24)	Run npm test	2026-09-05T08:03:21.2635084Z 
quality (node 24)	Run npm test	2026-09-05T08:03:21.2636184Z This ensures that you're testing the behavior the user would see in the browser. Learn more at https://react.dev/link/wrap-tests-with-act
quality (node 24)	Run npm test	2026-09-05T08:03:21.2637377Z 
quality (node 24)	Run npm test	2026-09-05T08:03:21.2639578Z ^[[90mstderr^[[2m | packages/react/test/public-hook-render.test.ts^[[2m > ^[[22m^[[2mReact public hook render/update (C2)^[[2m > ^[[22m^[[2mH-4 hands a consumer the same stripped values the publisher retained
quality (node 24)	Run npm test	2026-09-05T08:03:21.2641923Z ^[[22m^[[39mreact-test-renderer is deprecated. See https://react.dev/warnings/react-test-renderer
quality (node 24)	Run npm test	2026-09-05T08:03:21.2643355Z An update to Root inside a test was not wrapped in act(...).
quality (node 24)	Run npm test	2026-09-05T08:03:21.2643639Z 
quality (node 24)	Run npm test	2026-09-05T08:03:21.2644551Z When testing, code that causes React state updates should be wrapped into act(...):
quality (node 24)	Run npm test	2026-09-05T08:03:21.2644919Z 
quality (node 24)	Run npm test	2026-09-05T08:03:21.2654698Z act(() => {
quality (node 24)	Run npm test	2026-09-05T08:03:21.2684718Z   /* fire events that update state */
quality (node 24)	Run npm test	2026-09-05T08:03:21.2685320Z });
quality (node 24)	Run npm test	2026-09-05T08:03:21.2685974Z /* assert on the output */
quality (node 24)	Run npm test	2026-09-05T08:03:21.2686501Z 
quality (node 24)	Run npm test	2026-09-05T08:03:21.2687854Z This ensures that you're testing the behavior the user would see in the browser. Learn more at https://react.dev/link/wrap-tests-with-act
quality (node 24)	Run npm test	2026-09-05T08:03:21.2689161Z 
quality (node 24)	Run npm test	2026-09-05T08:03:21.3729312Z  ^[[32m✓^[[39m packages/core/test/unit/graph/references.test.ts ^[[2m(^[[22m^[[2m7 tests^[[22m^[[2m)^[[22m^[[32m 10^[[2mms^[[22m^[[39m
quality (node 24)	Run npm test	2026-09-05T08:03:21.4948553Z  ^[[32m✓^[[39m packages/core/test/integration/graph-publisher.test.ts ^[[2m(^[[22m^[[2m3 tests^[[22m^[[2m)^[[22m^[[32m 9^[[2mms^[[22m^[[39m
quality (node 24)	Run npm test	2026-09-05T08:03:21.6132584Z  ^[[32m✓^[[39m packages/core/test/integration/project-runtime.test.ts ^[[2m(^[[22m^[[2m4 tests^[[22m^[[2m)^[[22m^[[32m 11^[[2mms^[[22m^[[39m
quality (node 24)	Run npm test	2026-09-05T08:03:21.7439418Z  ^[[32m✓^[[39m packages/core/test/contract/adapters.test.ts ^[[2m(^[[22m^[[2m4 tests^[[22m^[[2m)^[[22m^[[32m 12^[[2mms^[[22m^[[39m
quality (node 24)	Run npm test	2026-09-05T08:03:21.8107751Z  ^[[32m✓^[[39m packages/core/test/integration/flush-output-merge.test.ts ^[[2m(^[[22m^[[2m2 tests^[[22m^[[2m)^[[22m^[[32m 8^[[2mms^[[22m^[[39m
quality (node 24)	Run npm test	2026-09-05T08:03:21.9801517Z  ^[[32m✓^[[39m packages/core/test/integration/graph-runtime.test.ts ^[[2m(^[[22m^[[2m4 tests^[[22m^[[2m)^[[22m^[[32m 18^[[2mms^[[22m^[[39m
quality (node 24)	Run npm test	2026-09-05T08:03:22.0792891Z  ^[[32m✓^[[39m packages/core/test/contract/gsap-absolute-stops.test.ts ^[[2m(^[[22m^[[2m3 tests^[[22m^[[2m)^[[22m^[[32m 26^[[2mms^[[22m^[[39m
quality (node 24)	Run npm test	2026-09-05T08:03:22.2326378Z  ^[[32m✓^[[39m packages/core/test/integration/graph-rollback.test.ts ^[[2m(^[[22m^[[2m4 tests^[[22m^[[2m)^[[22m^[[32m 17^[[2mms^[[22m^[[39m
quality (node 24)	Run npm test	2026-09-05T08:03:22.2866281Z  ^[[32m✓^[[39m packages/core/test/unit/plugins/fk-solver-override.test.ts ^[[2m(^[[22m^[[2m3 tests^[[22m^[[2m)^[[22m^[[32m 7^[[2mms^[[22m^[[39m
quality (node 24)	Run npm test	2026-09-05T08:03:22.4979690Z  ^[[32m✓^[[39m packages/core/test/migration/v4-to-v5.test.ts ^[[2m(^[[22m^[[2m6 tests^[[22m^[[2m)^[[22m^[[32m 11^[[2mms^[[22m^[[39m
quality (node 24)	Run npm test	2026-09-05T08:03:22.5201535Z  ^[[32m✓^[[39m packages/core/test/integration/engine-load-validation.test.ts ^[[2m(^[[22m^[[2m4 tests^[[22m^[[2m)^[[22m^[[32m 19^[[2mms^[[22m^[[39m
quality (node 24)	Run npm test	2026-09-05T08:03:22.7536120Z  ^[[32m✓^[[39m packages/core/test/contract/graph-builder-incremental.test.ts ^[[2m(^[[22m^[[2m3 tests^[[22m^[[2m)^[[22m^[[32m 10^[[2mms^[[22m^[[39m
quality (node 24)	Run npm test	2026-09-05T08:03:22.7645707Z  ^[[32m✓^[[39m packages/core/test/integration/partial-seed-inputs.test.ts ^[[2m(^[[22m^[[2m1 test^[[22m^[[2m)^[[22m^[[32m 9^[[2mms^[[22m^[[39m
quality (node 24)	Run npm test	2026-09-05T08:03:22.9590923Z  ^[[32m✓^[[39m packages/core/test/integration/dom-patch-apply.test.ts ^[[2m(^[[22m^[[2m2 tests^[[22m^[[2m)^[[22m^[[32m 9^[[2mms^[[22m^[[39m
quality (node 24)	Run npm test	2026-09-05T08:03:23.0496319Z  ^[[32m✓^[[39m packages/core/test/integration/single-input-channel.test.ts ^[[2m(^[[22m^[[2m1 test^[[22m^[[2m)^[[22m^[[32m 28^[[2mms^[[22m^[[39m
quality (node 24)	Run npm test	2026-09-05T08:03:23.1755193Z  ^[[32m✓^[[39m packages/core/test/unit/domain/track-node-id.test.ts ^[[2m(^[[22m^[[2m3 tests^[[22m^[[2m)^[[22m^[[32m 6^[[2mms^[[22m^[[39m
quality (node 24)	Run npm test	2026-09-05T08:03:23.2482450Z  ^[[32m✓^[[39m packages/core/test/unit/runtime/patch-registry-listener-snapshot.test.ts ^[[2m(^[[22m^[[2m3 tests^[[22m^[[2m)^[[22m^[[32m 7^[[2mms^[[22m^[[39m
quality (node 24)	Run npm test	2026-09-05T08:03:23.3512850Z  ^[[32m✓^[[39m packages/core/test/unit/domain/time-driver.test.ts ^[[2m(^[[22m^[[2m3 tests^[[22m^[[2m)^[[22m^[[32m 9^[[2mms^[[22m^[[39m
quality (node 24)	Run npm test	2026-09-05T08:03:23.4780240Z  ^[[32m✓^[[39m packages/core/test/integration/adopt-destroy-readopt.test.ts ^[[2m(^[[22m^[[2m1 test^[[22m^[[2m)^[[22m^[[32m 16^[[2mms^[[22m^[[39m
quality (node 24)	Run npm test	2026-09-05T08:03:23.5736263Z  ^[[32m✓^[[39m packages/core/test/unit/graph/edge-key-separator.test.ts ^[[2m(^[[22m^[[2m2 tests^[[22m^[[2m)^[[22m^[[32m 11^[[2mms^[[22m^[[39m
quality (node 24)	Run npm test	2026-09-05T08:03:23.6532836Z  ^[[32m✓^[[39m packages/core/test/unit/scripts/governance-gates.test.ts ^[[2m(^[[22m^[[2m5 tests^[[22m^[[2m)^[[22m^[[32m 8^[[2mms^[[22m^[[39m
quality (node 24)	Run npm test	2026-09-05T08:03:23.8012293Z  ^[[32m✓^[[39m packages/core/test/unit/graph/requirement-edge-construction.test.ts ^[[2m(^[[22m^[[2m3 tests^[[22m^[[2m)^[[22m^[[32m 9^[[2mms^[[22m^[[39m
quality (node 24)	Run npm test	2026-09-05T08:03:23.8809150Z ^[[90mstderr^[[2m | packages/react/test/public-package-surface.test.ts^[[2m > ^[[22m^[[2mReact public package surface (C2)^[[2m > ^[[22m^[[2mrenders and updates through the package entry alone
quality (node 24)	Run npm test	2026-09-05T08:03:23.8824498Z ^[[22m^[[39mreact-test-renderer is deprecated. See https://react.dev/warnings/react-test-renderer
quality (node 24)	Run npm test	2026-09-05T08:03:23.8886665Z An update to Root inside a test was not wrapped in act(...).
quality (node 24)	Run npm test	2026-09-05T08:03:23.8888318Z  ^[[32m✓^[[39m packages/react/test/public-package-surface.test.ts ^[[2m(^[[22m^[[2m1 test^[[22m^[[2m)^[[22m^[[32m 22^[[2mms^[[22m^[[39m
quality (node 24)	Run npm test	2026-09-05T08:03:23.8914505Z 
quality (node 24)	Run npm test	2026-09-05T08:03:23.8925244Z When testing, code that causes React state updates should be wrapped into act(...):
quality (node 24)	Run npm test	2026-09-05T08:03:23.8926312Z 
quality (node 24)	Run npm test	2026-09-05T08:03:23.8926813Z act(() => {
quality (node 24)	Run npm test	2026-09-05T08:03:23.8927573Z   /* fire events that update state */
quality (node 24)	Run npm test	2026-09-05T08:03:23.8928348Z });
quality (node 24)	Run npm test	2026-09-05T08:03:23.8929039Z /* assert on the output */
quality (node 24)	Run npm test	2026-09-05T08:03:23.8929575Z 
quality (node 24)	Run npm test	2026-09-05T08:03:23.8930899Z This ensures that you're testing the behavior the user would see in the browser. Learn more at https://react.dev/link/wrap-tests-with-act
quality (node 24)	Run npm test	2026-09-05T08:03:23.8932191Z 
quality (node 24)	Run npm test	2026-09-05T08:03:24.0392293Z  ^[[32m✓^[[39m packages/core/test/integration/motion-trigger-lifecycle.test.ts ^[[2m(^[[22m^[[2m1 test^[[22m^[[2m)^[[22m^[[32m 9^[[2mms^[[22m^[[39m
quality (node 24)	Run npm test	2026-09-05T08:03:24.1278339Z  ^[[32m✓^[[39m packages/react/test/patch-store-lifecycle.test.ts ^[[2m(^[[22m^[[2m2 tests^[[22m^[[2m)^[[22m^[[32m 35^[[2mms^[[22m^[[39m
quality (node 24)	Run npm test	2026-09-05T08:03:24.2811025Z  ^[[32m✓^[[39m packages/core/test/unit/domain/plugin-contribution-completeness.test.ts ^[[2m(^[[22m^[[2m3 tests^[[22m^[[2m)^[[22m^[[32m 10^[[2mms^[[22m^[[39m
quality (node 24)	Run npm test	2026-09-05T08:03:24.4032091Z  ^[[32m✓^[[39m packages/core/test/unit/domain/s7-plugin-evidence.test.ts ^[[2m(^[[22m^[[2m3 tests^[[22m^[[2m)^[[22m^[[32m 12^[[2mms^[[22m^[[39m
quality (node 24)	Run npm test	2026-09-05T08:03:24.5081426Z  ^[[32m✓^[[39m packages/react/test/patch-store-destroy.test.ts ^[[2m(^[[22m^[[2m3 tests^[[22m^[[2m)^[[22m^[[32m 10^[[2mms^[[22m^[[39m
quality (node 24)	Run npm test	2026-09-05T08:03:24.6467491Z  ^[[32m✓^[[39m packages/core/test/contract/gsap-sparse-percent-map.test.ts ^[[2m(^[[22m^[[2m3 tests^[[22m^[[2m)^[[22m^[[32m 21^[[2mms^[[22m^[[39m
quality (node 24)	Run npm test	2026-09-05T08:03:24.7276763Z  ^[[32m✓^[[39m packages/core/test/integration/dom-plugin-metadata.test.ts ^[[2m(^[[22m^[[2m1 test^[[22m^[[2m)^[[22m^[[32m 8^[[2mms^[[22m^[[39m
quality (node 24)	Run npm test	2026-09-05T08:03:24.8916161Z  ^[[32m✓^[[39m packages/core/test/contract/gsap-paused-timeline.test.ts ^[[2m(^[[22m^[[2m2 tests^[[22m^[[2m)^[[22m^[[32m 8^[[2mms^[[22m^[[39m
quality (node 24)	Run npm test	2026-09-05T08:03:25.0558323Z  ^[[32m✓^[[39m packages/core/test/integration/end-to-end.test.ts ^[[2m(^[[22m^[[2m1 test^[[22m^[[2m)^[[22m^[[32m 17^[[2mms^[[22m^[[39m
quality (node 24)	Run npm test	2026-09-05T08:03:25.0727283Z  ^[[32m✓^[[39m packages/core/test/unit/engine/motion-entry-shape.test.ts ^[[2m(^[[22m^[[2m3 tests^[[22m^[[2m)^[[22m^[[32m 6^[[2mms^[[22m^[[39m
quality (node 24)	Run npm test	2026-09-05T08:03:25.1476264Z  ^[[32m✓^[[39m packages/core/test/unit/scripts/public-port-types.test.ts ^[[2m(^[[22m^[[2m2 tests^[[22m^[[2m)^[[22m^[[33m 6794^[[2mms^[[22m^[[39m
quality (node 24)	Run npm test	2026-09-05T08:03:25.1483216Z      ^[[33m^[[2m✓^[[22m^[[39m K-9 names all five port contracts from the entry declarations ^[[33m 1817^[[2mms^[[22m^[[39m
quality (node 24)	Run npm test	2026-09-05T08:03:25.1485526Z      ^[[33m^[[2m✓^[[22m^[[39m K-10 still cannot name a runtime internal through the same entry ^[[33m 1818^[[2mms^[[22m^[[39m
quality (node 24)	Run npm test	2026-09-05T08:03:25.2559155Z  ^[[32m✓^[[39m packages/core/test/unit/graph/edge-key-canonical.test.ts ^[[2m(^[[22m^[[2m3 tests^[[22m^[[2m)^[[22m^[[32m 7^[[2mms^[[22m^[[39m
quality (node 24)	Run npm test	2026-09-05T08:03:25.2971864Z  ^[[32m✓^[[39m packages/core/test/integration/contract-baseline.test.ts ^[[2m(^[[22m^[[2m5 tests^[[22m^[[2m)^[[22m^[[32m 25^[[2mms^[[22m^[[39m
quality (node 24)	Run npm test	2026-09-05T08:03:25.3369764Z  ^[[32m✓^[[39m packages/core/test/unit/domain/lifecycle.test.ts ^[[2m(^[[22m^[[2m5 tests^[[22m^[[2m)^[[22m^[[32m 7^[[2mms^[[22m^[[39m
quality (node 24)	Run npm test	2026-09-05T08:03:25.4873396Z  ^[[32m✓^[[39m packages/core/test/unit/scripts/acceptance-scan.test.ts ^[[2m(^[[22m^[[2m3 tests^[[22m^[[2m)^[[22m^[[32m 29^[[2mms^[[22m^[[39m
quality (node 24)	Run npm test	2026-09-05T08:03:25.4976051Z  ^[[32m✓^[[39m packages/core/test/unit/graph/ids.test.ts ^[[2m(^[[22m^[[2m5 tests^[[22m^[[2m)^[[22m^[[32m 10^[[2mms^[[22m^[[39m
quality (node 24)	Run npm test	2026-09-05T08:03:25.5695965Z  ^[[32m✓^[[39m packages/core/test/integration/project-handle-surface.test.ts ^[[2m(^[[22m^[[2m1 test^[[22m^[[2m)^[[22m^[[32m 9^[[2mms^[[22m^[[39m
quality (node 24)	Run npm test	2026-09-05T08:03:25.6709905Z  ^[[32m✓^[[39m packages/core/test/unit/domain/values.test.ts ^[[2m(^[[22m^[[2m6 tests^[[22m^[[2m)^[[22m^[[32m 8^[[2mms^[[22m^[[39m
quality (node 24)	Run npm test	2026-09-05T08:03:25.7033719Z  ^[[32m✓^[[39m packages/core/test/unit/runtime/patch-registry-retention.test.ts ^[[2m(^[[22m^[[2m2 tests^[[22m^[[2m)^[[22m^[[32m 6^[[2mms^[[22m^[[39m
quality (node 24)	Run npm test	2026-09-05T08:03:25.7666242Z  ^[[32m✓^[[39m packages/core/test/unit/adapters/scroll-trigger-range.test.ts ^[[2m(^[[22m^[[2m1 test^[[22m^[[2m)^[[22m^[[32m 6^[[2mms^[[22m^[[39m
quality (node 24)	Run npm test	2026-09-05T08:03:25.8724346Z  ^[[32m✓^[[39m packages/core/test/unit/scripts/mutation-config.test.ts ^[[2m(^[[22m^[[2m1 test^[[22m^[[2m)^[[22m^[[32m 8^[[2mms^[[22m^[[39m
quality (node 24)	Run npm test	2026-09-05T08:03:25.9052903Z  ^[[32m✓^[[39m packages/core/test/integration/dom-transform-removal.test.ts ^[[2m(^[[22m^[[2m2 tests^[[22m^[[2m)^[[22m^[[32m 8^[[2mms^[[22m^[[39m
quality (node 24)	Run npm test	2026-09-05T08:03:25.9546391Z  ^[[32m✓^[[39m packages/react/test/patch-store.test.ts ^[[2m(^[[22m^[[2m1 test^[[22m^[[2m)^[[22m^[[32m 6^[[2mms^[[22m^[[39m
quality (node 24)	Run npm test	2026-09-05T08:03:26.0706153Z  ^[[32m✓^[[39m packages/core/test/contract/s4-validation-owner.test.ts ^[[2m(^[[22m^[[2m2 tests^[[22m^[[2m)^[[22m^[[32m 7^[[2mms^[[22m^[[39m
quality (node 24)	Run npm test	2026-09-05T08:03:26.1048291Z  ^[[32m✓^[[39m packages/core/test/unit/scripts/s7-recovery-audit.test.ts ^[[2m(^[[22m^[[2m1 test^[[22m^[[2m)^[[22m^[[32m 6^[[2mms^[[22m^[[39m
quality (node 24)	Run npm test	2026-09-05T08:03:26.1756268Z  ^[[32m✓^[[39m packages/core/test/integration/membership-gating.test.ts ^[[2m(^[[22m^[[2m1 test^[[22m^[[2m)^[[22m^[[32m 8^[[2mms^[[22m^[[39m
quality (node 24)	Run npm test	2026-09-05T08:03:26.3225969Z  ^[[32m✓^[[39m packages/core/test/integration/runtime-motion-trigger-validation.test.ts ^[[2m(^[[22m^[[2m1 test^[[22m^[[2m)^[[22m^[[32m 9^[[2mms^[[22m^[[39m
quality (node 24)	Run npm test	2026-09-05T08:03:26.3499089Z  ^[[32m✓^[[39m packages/core/test/integration/plugin-use-contract.test.ts ^[[2m(^[[22m^[[2m1 test^[[22m^[[2m)^[[22m^[[32m 8^[[2mms^[[22m^[[39m
quality (node 24)	Run npm test	2026-09-05T08:03:26.3926805Z  ^[[32m✓^[[39m packages/core/test/contract/gsap-multi-stop.test.ts ^[[2m(^[[22m^[[2m1 test^[[22m^[[2m)^[[22m^[[32m 7^[[2mms^[[22m^[[39m
quality (node 24)	Run npm test	2026-09-05T08:03:26.5376969Z  ^[[32m✓^[[39m packages/core/test/integration/golden-roundtrip.test.ts ^[[2m(^[[22m^[[2m1 test^[[22m^[[2m)^[[22m^[[32m 18^[[2mms^[[22m^[[39m
quality (node 24)	Run npm test	2026-09-05T08:03:26.5689298Z  ^[[32m✓^[[39m packages/core/test/unit/placeholder.test.ts ^[[2m(^[[22m^[[2m2 tests^[[22m^[[2m)^[[22m^[[32m 6^[[2mms^[[22m^[[39m
quality (node 24)	Run npm test	2026-09-05T08:03:26.5771842Z  ^[[32m✓^[[39m packages/react/test/public-hook.test.ts ^[[2m(^[[22m^[[2m1 test^[[22m^[[2m)^[[22m^[[32m 3^[[2mms^[[22m^[[39m
quality (node 24)	Run npm test	2026-09-05T08:03:26.5827265Z 
quality (node 24)	Run npm test	2026-09-05T08:03:26.5828038Z ^[[31m⎯⎯⎯⎯⎯⎯⎯^[[39m^[[1m^[[41m Failed Tests 3 ^[[49m^[[22m^[[31m⎯⎯⎯⎯⎯⎯⎯^[[39m
quality (node 24)	Run npm test	2026-09-05T08:03:26.5828499Z 
quality (node 24)	Run npm test	2026-09-05T08:03:26.5835927Z ^[[41m^[[1m FAIL ^[[22m^[[49m packages/core/test/unit/runtime/structural-commit-path.test.ts^[[2m > ^[[22ma structural change runs one transaction, in one order^[[2m > ^[[22mRA-114 refuses the commit a hook disposed, rolls it back, then tears down once
quality (node 24)	Run npm test	2026-09-05T08:03:26.5840079Z ^[[31m^[[1mAssertionError^[[22m: expected 'GraphRuntime is disposed.' to be 'ProjectRuntime is disposed.' // Object.is equality^[[39m
quality (node 24)	Run npm test	2026-09-05T08:03:26.5841206Z 
quality (node 24)	Run npm test	2026-09-05T08:03:26.5841843Z Expected: ^[[32m"^[[7mProject^[[27mRuntime is disposed."^[[39m
quality (node 24)	Run npm test	2026-09-05T08:03:26.5842828Z Received: ^[[31m"^[[7mGraph^[[27mRuntime is disposed."^[[39m
quality (node 24)	Run npm test	2026-09-05T08:03:26.5843295Z 
quality (node 24)	Run npm test	2026-09-05T08:03:26.5921030Z ^[[36m ^[[2m❯^[[22m packages/core/test/unit/runtime/structural-commit-path.test.ts:^[[2m382:39^[[22m^[[39m
quality (node 24)	Run npm test	2026-09-05T08:03:26.5922516Z     ^[[90m380|^[[39m     // caller: the exact shape issue #288 corrected for a recipe, one …
quality (node 24)	Run npm test	2026-09-05T08:03:26.5924308Z     ^[[90m381|^[[39m     ^[[34mexpect^[[39m(thrown)^[[33m.^[[39m^[[34mtoBeInstanceOf^[[39m(^[[33mError^[[39m)^[[33m;^[[39m
quality (node 24)	Run npm test	2026-09-05T08:03:26.5925721Z     ^[[90m382|^[[39m     expect((thrown as Error).message).toBe("ProjectRuntime is disposed…
quality (node 24)	Run npm test	2026-09-05T08:03:26.5926839Z     ^[[90m   |^[[39m                                       ^[[31m^^[[39m
quality (node 24)	Run npm test	2026-09-05T08:03:26.5927958Z     ^[[90m383|^[[39m     // Not an `AggregateError`, which is the assertion that the rollba…
quality (node 24)	Run npm test	2026-09-05T08:03:26.5929278Z     ^[[90m384|^[[39m     // `disposeTrack` handed to a torn-down composition is exactly the…
quality (node 24)	Run npm test	2026-09-05T08:03:26.5929897Z 
quality (node 24)	Run npm test	2026-09-05T08:03:26.5930360Z ^[[31m^[[2m⎯⎯⎯⎯⎯⎯⎯⎯⎯⎯⎯⎯⎯⎯⎯⎯⎯⎯⎯⎯⎯⎯⎯⎯[1/3]⎯^[[22m^[[39m
quality (node 24)	Run npm test	2026-09-05T08:03:26.5930728Z 
quality (node 24)	Run npm test	2026-09-05T08:03:26.5932902Z ^[[41m^[[1m FAIL ^[[22m^[[49m packages/core/test/unit/runtime/structural-commit-path.test.ts^[[2m > ^[[22ma structural change runs one transaction, in one order^[[2m > ^[[22mRA-115 keeps a hook's own failure ahead of the disposal it also asked for
quality (node 24)	Run npm test	2026-09-05T08:03:26.5935820Z ^[[31m^[[1mAssertionError^[[22m: expected [ 'stage hero/arm', …(3) ] to deeply equal [ 'stage hero/arm', …(3) ]^[[39m
quality (node 24)	Run npm test	2026-09-05T08:03:26.5936598Z 
quality (node 24)	Run npm test	2026-09-05T08:03:26.5936894Z ^[[32m- Expected^[[39m
quality (node 24)	Run npm test	2026-09-05T08:03:26.5937327Z ^[[31m+ Received^[[39m
quality (node 24)	Run npm test	2026-09-05T08:03:26.5937584Z 
quality (node 24)	Run npm test	2026-09-05T08:03:26.5937743Z ^[[2m  [^[[22m
quality (node 24)	Run npm test	2026-09-05T08:03:26.5938172Z ^[[2m    "stage hero/arm",^[[22m
quality (node 24)	Run npm test	2026-09-05T08:03:26.5938728Z ^[[2m    "motion-replace hero/arm 500",^[[22m
quality (node 24)	Run npm test	2026-09-05T08:03:26.5939394Z ^[[32m-   "stage-rollback hero/arm",^[[39m
quality (node 24)	Run npm test	2026-09-05T08:03:26.5940064Z ^[[2m    "composition-dispose",^[[22m
quality (node 24)	Run npm test	2026-09-05T08:03:26.5940787Z ^[[31m+   "stage-rollback hero/arm",^[[39m
quality (node 24)	Run npm test	2026-09-05T08:03:26.5941337Z ^[[2m  ]^[[22m
quality (node 24)	Run npm test	2026-09-05T08:03:26.5941553Z 
quality (node 24)	Run npm test	2026-09-05T08:03:26.5942457Z ^[[36m ^[[2m❯^[[22m packages/core/test/unit/runtime/structural-commit-path.test.ts:^[[2m437:29^[[22m^[[39m
quality (node 24)	Run npm test	2026-09-05T08:03:26.5943877Z     ^[[90m435|^[[39m     // rule, asked of a hook that disposed as well as failed. The roll…
quality (node 24)	Run npm test	2026-09-05T08:03:26.5945329Z     ^[[90m436|^[[39m     // teardown, which is the same ordering `RA-114` owns arriving thr…
quality (node 24)	Run npm test	2026-09-05T08:03:26.5946389Z     ^[[90m437|^[[39m     ^[[34mexpect^[[39m(journal^[[33m.^[[39mentries)^[[33m.^[[39m^[[34mtoEqual^[[39m([
quality (node 24)	Run npm test	2026-09-05T08:03:26.5947262Z     ^[[90m   |^[[39m                             ^[[31m^^[[39m
quality (node 24)	Run npm test	2026-09-05T08:03:26.5948243Z     ^[[90m438|^[[39m       ^[[32m"stage hero/arm"^[[39m^[[33m,^[[39m
quality (node 24)	Run npm test	2026-09-05T08:03:26.5949045Z     ^[[90m439|^[[39m       ^[[32m"motion-replace hero/arm 500"^[[39m^[[33m,^[[39m
quality (node 24)	Run npm test	2026-09-05T08:03:26.5949471Z 
quality (node 24)	Run npm test	2026-09-05T08:03:26.5949855Z ^[[31m^[[2m⎯⎯⎯⎯⎯⎯⎯⎯⎯⎯⎯⎯⎯⎯⎯⎯⎯⎯⎯⎯⎯⎯⎯⎯[2/3]⎯^[[22m^[[39m
quality (node 24)	Run npm test	2026-09-05T08:03:26.5950180Z 
quality (node 24)	Run npm test	2026-09-05T08:03:26.5952174Z ^[[41m^[[1m FAIL ^[[22m^[[49m packages/core/test/unit/runtime/structural-commit-path.test.ts^[[2m > ^[[22ma structural change runs one transaction, in one order^[[2m > ^[[22mRA-117 finishes the settle steps a settle hook disposed through, and skips the flush
quality (node 24)	Run npm test	2026-09-05T08:03:26.5955428Z ^[[31m^[[1mAssertionError^[[22m: expected Error: GraphRuntime is disposed. to be undefined^[[39m
quality (node 24)	Run npm test	2026-09-05T08:03:26.5956411Z 
quality (node 24)	Run npm test	2026-09-05T08:03:26.5956705Z ^[[32m- Expected:^[[39m
quality (node 24)	Run npm test	2026-09-05T08:03:26.5957105Z undefined
quality (node 24)	Run npm test	2026-09-05T08:03:26.5957308Z 
quality (node 24)	Run npm test	2026-09-05T08:03:26.5957553Z ^[[31m+ Received:^[[39m
quality (node 24)	Run npm test	2026-09-05T08:03:26.5957924Z Error {
quality (node 24)	Run npm test	2026-09-05T08:03:26.5958686Z   "message": "GraphRuntime is disposed.",
quality (node 24)	Run npm test	2026-09-05T08:03:26.5959191Z }
quality (node 24)	Run npm test	2026-09-05T08:03:26.5959384Z 
quality (node 24)	Run npm test	2026-09-05T08:03:26.5960380Z ^[[36m ^[[2m❯^[[22m packages/core/test/unit/runtime/structural-commit-path.test.ts:^[[2m502:28^[[22m^[[39m
quality (node 24)	Run npm test	2026-09-05T08:03:26.5961784Z     ^[[90m500|^[[39m     // `#apply` after the commit had been adopted, past the one phase …
quality (node 24)	Run npm test	2026-09-05T08:03:26.5962836Z     ^[[90m501|^[[39m     ^[[90m// revert list by design.^[[39m
quality (node 24)	Run npm test	2026-09-05T08:03:26.5964321Z     ^[[90m502|^[[39m     ^[[34mexpect^[[39m(outcome^[[33m.^[[39mthrown)^[[33m.^[[39m^[[34mtoBeUndefined^[[39m()^[[33m;^[[39m
quality (node 24)	Run npm test	2026-09-05T08:03:26.5965487Z     ^[[90m   |^[[39m                            ^[[31m^^[[39m
quality (node 24)	Run npm test	2026-09-05T08:03:26.5966901Z     ^[[90m503|^[[39m     ^[[34mexpect^[[39m(outcome^[[33m.^[[39mvalue^[[33m?.^[[39mid)^[[33m.^[[39m^[[34mtoBe^[[39m(^[[33mADDED_ID^[[39m)^[[33m;^[[39m
quality (node 24)	Run npm test	2026-09-05T08:03:26.5967945Z     ^[[90m504|^[[39m
quality (node 24)	Run npm test	2026-09-05T08:03:26.5968183Z 
quality (node 24)	Run npm test	2026-09-05T08:03:26.5968625Z ^[[31m^[[2m⎯⎯⎯⎯⎯⎯⎯⎯⎯⎯⎯⎯⎯⎯⎯⎯⎯⎯⎯⎯⎯⎯⎯⎯[3/3]⎯^[[22m^[[39m
quality (node 24)	Run npm test	2026-09-05T08:03:26.5969030Z 
quality (node 24)	Run npm test	2026-09-05T08:03:26.5969065Z 
quality (node 24)	Run npm test	2026-09-05T08:03:26.5969956Z ^[[2m Test Files ^[[22m ^[[1m^[[31m1 failed^[[39m^[[22m^[[2m | ^[[22m^[[1m^[[32m184 passed^[[39m^[[22m^[[90m (185)^[[39m
quality (node 24)	Run npm test	2026-09-05T08:03:26.5971428Z ^[[2m      Tests ^[[22m ^[[1m^[[31m3 failed^[[39m^[[22m^[[2m | ^[[22m^[[1m^[[32m942 passed^[[39m^[[22m^[[90m (945)^[[39m
quality (node 24)	Run npm test	2026-09-05T08:03:26.5972348Z ^[[2m   Start at ^[[22m 08:03:07
quality (node 24)	Run npm test	2026-09-05T08:03:26.5973575Z ^[[2m   Duration ^[[22m 19.42s^[[2m (transform 2.60s, setup 1.18s, import 10.33s, tests 14.88s, environment 29ms)^[[22m
quality (node 24)	Run npm test	2026-09-05T08:03:26.5974588Z 
quality (node 24)	Run npm test	2026-09-05T08:03:26.5987396Z 
quality (node 24)	Run npm test	2026-09-05T08:03:26.6018398Z ##[error]AssertionError: expected 'GraphRuntime is disposed.' to be 'ProjectRuntime is disposed.' // Object.is equality
quality (node 24)	Run npm test	
quality (node 24)	Run npm test	Expected: "ProjectRuntime is disposed."
quality (node 24)	Run npm test	Received: "GraphRuntime is disposed."
quality (node 24)	Run npm test	
quality (node 24)	Run npm test	 ❯ packages/core/test/unit/runtime/structural-commit-path.test.ts:382:39
quality (node 24)	Run npm test	
quality (node 24)	Run npm test	
quality (node 24)	Run npm test	2026-09-05T08:03:26.6029759Z 
quality (node 24)	Run npm test	2026-09-05T08:03:26.6033317Z ##[error]AssertionError: expected [ 'stage hero/arm', …(3) ] to deeply equal [ 'stage hero/arm', …(3) ]
quality (node 24)	Run npm test	
quality (node 24)	Run npm test	- Expected
quality (node 24)	Run npm test	+ Received
quality (node 24)	Run npm test	
quality (node 24)	Run npm test	  [
quality (node 24)	Run npm test	    "stage hero/arm",
quality (node 24)	Run npm test	    "motion-replace hero/arm 500",
quality (node 24)	Run npm test	-   "stage-rollback hero/arm",
quality (node 24)	Run npm test	    "composition-dispose",
quality (node 24)	Run npm test	+   "stage-rollback hero/arm",
quality (node 24)	Run npm test	  ]
quality (node 24)	Run npm test	
quality (node 24)	Run npm test	 ❯ packages/core/test/unit/runtime/structural-commit-path.test.ts:437:29
quality (node 24)	Run npm test	
quality (node 24)	Run npm test	
quality (node 24)	Run npm test	2026-09-05T08:03:26.6035504Z 
quality (node 24)	Run npm test	2026-09-05T08:03:26.6038373Z ##[error]AssertionError: expected Error: GraphRuntime is disposed. to be undefined
quality (node 24)	Run npm test	
quality (node 24)	Run npm test	- Expected:
quality (node 24)	Run npm test	undefined
quality (node 24)	Run npm test	
quality (node 24)	Run npm test	+ Received:
quality (node 24)	Run npm test	Error {
quality (node 24)	Run npm test	  "message": "GraphRuntime is disposed.",
quality (node 24)	Run npm test	}
quality (node 24)	Run npm test	
quality (node 24)	Run npm test	 ❯ packages/core/test/unit/runtime/structural-commit-path.test.ts:502:28
quality (node 24)	Run npm test	
quality (node 24)	Run npm test	
quality (node 24)	Run npm test	2026-09-05T08:03:26.6496460Z ##[error]Process completed with exit code 1.
