integration (node 24)	Run npm run test:integration	﻿2026-08-13T15:01:11.7714110Z ##[group]Run npm run test:integration
integration (node 24)	Run npm run test:integration	2026-08-13T15:01:11.7714505Z ^[[36;1mnpm run test:integration^[[0m
integration (node 24)	Run npm run test:integration	2026-08-13T15:01:11.7758583Z shell: /usr/bin/bash -e {0}
integration (node 24)	Run npm run test:integration	2026-08-13T15:01:11.7758992Z env:
integration (node 24)	Run npm run test:integration	2026-08-13T15:01:11.7759367Z   NODE_VERSION: 24
integration (node 24)	Run npm run test:integration	2026-08-13T15:01:11.7759584Z ##[endgroup]
integration (node 24)	Run npm run test:integration	2026-08-13T15:01:11.8812744Z 
integration (node 24)	Run npm run test:integration	2026-08-13T15:01:11.8813258Z > motion5@0.0.0 test:integration
integration (node 24)	Run npm run test:integration	2026-08-13T15:01:11.8813755Z > vitest run packages/core/test/integration
integration (node 24)	Run npm run test:integration	2026-08-13T15:01:11.8814017Z 
integration (node 24)	Run npm run test:integration	2026-08-13T15:01:12.3230225Z 
integration (node 24)	Run npm run test:integration	2026-08-13T15:01:12.3234715Z ^[[1m^[[30m^[[46m RUN ^[[49m^[[39m^[[22m ^[[36mv4.1.10 ^[[39m^[[90m/home/runner/work/motion5/motion5^[[39m
integration (node 24)	Run npm run test:integration	2026-08-13T15:01:12.3235475Z 
integration (node 24)	Run npm run test:integration	2026-08-13T15:01:12.7121075Z  ^[[32m✓^[[39m packages/core/test/integration/publisher-output-merge-consistency.test.ts ^[[2m(^[[22m^[[2m2 tests^[[22m^[[2m)^[[22m^[[32m 9^[[2mms^[[22m^[[39m
integration (node 24)	Run npm run test:integration	2026-08-13T15:01:12.7128015Z  ^[[32m✓^[[39m packages/core/test/integration/graph-publisher.test.ts ^[[2m(^[[22m^[[2m3 tests^[[22m^[[2m)^[[22m^[[32m 12^[[2mms^[[22m^[[39m
integration (node 24)	Run npm run test:integration	2026-08-13T15:01:12.8329732Z  ^[[31m❯^[[39m packages/core/test/integration/engine-x3-contribution.test.ts ^[[2m(^[[22m^[[2m5 tests^[[22m^[[2m | ^[[22m^[[31m1 failed^[[39m^[[2m)^[[22m^[[32m 43^[[2mms^[[22m^[[39m
integration (node 24)	Run npm run test:integration	2026-08-13T15:01:12.8332003Z      ^[[32m✓^[[39m passes contribution context and creates the prepared timeline at load^[[32m 28^[[2mms^[[22m^[[39m
integration (node 24)	Run npm run test:integration	2026-08-13T15:01:12.8349534Z ^[[31m     ^[[31m×^[[31m rejects contribution collisions during Engine.load, before timelines exist^[[39m^[[32m 8^[[2mms^[[22m^[[39m
integration (node 24)	Run npm run test:integration	2026-08-13T15:01:12.8351636Z      ^[[32m✓^[[39m rejects malformed contributions during Engine.load^[[32m 3^[[2mms^[[22m^[[39m
integration (node 24)	Run npm run test:integration	2026-08-13T15:01:12.8353468Z      ^[[32m✓^[[39m rejects authored ease collisions before any timeline is created^[[32m 1^[[2mms^[[22m^[[39m
integration (node 24)	Run npm run test:integration	2026-08-13T15:01:12.8355526Z      ^[[32m✓^[[39m merges contributed keyframes into compiler diagnostics before timeline creation^[[32m 1^[[2mms^[[22m^[[39m
integration (node 24)	Run npm run test:integration	2026-08-13T15:01:12.9353006Z  ^[[32m✓^[[39m packages/core/test/integration/engine-load-validation.test.ts ^[[2m(^[[22m^[[2m4 tests^[[22m^[[2m)^[[22m^[[32m 11^[[2mms^[[22m^[[39m
integration (node 24)	Run npm run test:integration	2026-08-13T15:01:12.9451100Z  ^[[32m✓^[[39m packages/core/test/integration/graph-rollback.test.ts ^[[2m(^[[22m^[[2m4 tests^[[22m^[[2m)^[[22m^[[32m 15^[[2mms^[[22m^[[39m
integration (node 24)	Run npm run test:integration	2026-08-13T15:01:13.0289384Z  ^[[32m✓^[[39m packages/core/test/integration/graph-runtime.test.ts ^[[2m(^[[22m^[[2m4 tests^[[22m^[[2m)^[[22m^[[32m 11^[[2mms^[[22m^[[39m
integration (node 24)	Run npm run test:integration	2026-08-13T15:01:13.1567684Z  ^[[32m✓^[[39m packages/core/test/integration/flush-output-merge.test.ts ^[[2m(^[[22m^[[2m2 tests^[[22m^[[2m)^[[22m^[[32m 6^[[2mms^[[22m^[[39m
integration (node 24)	Run npm run test:integration	2026-08-13T15:01:13.1967712Z  ^[[32m✓^[[39m packages/core/test/integration/engine-headless.test.ts ^[[2m(^[[22m^[[2m3 tests^[[22m^[[2m)^[[22m^[[32m 16^[[2mms^[[22m^[[39m
integration (node 24)	Run npm run test:integration	2026-08-13T15:01:13.2319482Z  ^[[32m✓^[[39m packages/core/test/integration/dom-plugin-metadata.test.ts ^[[2m(^[[22m^[[2m2 tests^[[22m^[[2m)^[[22m^[[32m 8^[[2mms^[[22m^[[39m
integration (node 24)	Run npm run test:integration	2026-08-13T15:01:13.3343964Z  ^[[32m✓^[[39m packages/core/test/integration/dom-patch-apply.test.ts ^[[2m(^[[22m^[[2m2 tests^[[22m^[[2m)^[[22m^[[32m 8^[[2mms^[[22m^[[39m
integration (node 24)	Run npm run test:integration	2026-08-13T15:01:13.4263073Z  ^[[32m✓^[[39m packages/core/test/integration/project-runtime.test.ts ^[[2m(^[[22m^[[2m3 tests^[[22m^[[2m)^[[22m^[[32m 10^[[2mms^[[22m^[[39m
integration (node 24)	Run npm run test:integration	2026-08-13T15:01:13.6046874Z  ^[[32m✓^[[39m packages/core/test/integration/partial-seed-inputs.test.ts ^[[2m(^[[22m^[[2m1 test^[[22m^[[2m)^[[22m^[[32m 5^[[2mms^[[22m^[[39m
integration (node 24)	Run npm run test:integration	2026-08-13T15:01:13.6432457Z  ^[[32m✓^[[39m packages/core/test/integration/end-to-end.test.ts ^[[2m(^[[22m^[[2m1 test^[[22m^[[2m)^[[22m^[[32m 16^[[2mms^[[22m^[[39m
integration (node 24)	Run npm run test:integration	2026-08-13T15:01:13.6669977Z  ^[[32m✓^[[39m packages/core/test/integration/contract-baseline.test.ts ^[[2m(^[[22m^[[2m5 tests^[[22m^[[2m)^[[22m^[[32m 25^[[2mms^[[22m^[[39m
integration (node 24)	Run npm run test:integration	2026-08-13T15:01:13.7680208Z  ^[[32m✓^[[39m packages/core/test/integration/dom-transform-removal.test.ts ^[[2m(^[[22m^[[2m2 tests^[[22m^[[2m)^[[22m^[[32m 5^[[2mms^[[22m^[[39m
integration (node 24)	Run npm run test:integration	2026-08-13T15:01:13.8714822Z  ^[[32m✓^[[39m packages/core/test/integration/membership-gating.test.ts ^[[2m(^[[22m^[[2m1 test^[[22m^[[2m)^[[22m^[[32m 9^[[2mms^[[22m^[[39m
integration (node 24)	Run npm run test:integration	2026-08-13T15:01:13.8831275Z  ^[[32m✓^[[39m packages/core/test/integration/project-handle-surface.test.ts ^[[2m(^[[22m^[[2m1 test^[[22m^[[2m)^[[22m^[[32m 7^[[2mms^[[22m^[[39m
integration (node 24)	Run npm run test:integration	2026-08-13T15:01:13.9453351Z  ^[[32m✓^[[39m packages/core/test/integration/golden-roundtrip.test.ts ^[[2m(^[[22m^[[2m1 test^[[22m^[[2m)^[[22m^[[32m 11^[[2mms^[[22m^[[39m
integration (node 24)	Run npm run test:integration	2026-08-13T15:01:13.9519943Z 
integration (node 24)	Run npm run test:integration	2026-08-13T15:01:13.9521131Z ^[[31m⎯⎯⎯⎯⎯⎯⎯^[[39m^[[1m^[[41m Failed Tests 1 ^[[49m^[[22m^[[31m⎯⎯⎯⎯⎯⎯⎯^[[39m
integration (node 24)	Run npm run test:integration	2026-08-13T15:01:13.9521582Z 
integration (node 24)	Run npm run test:integration	2026-08-13T15:01:13.9523403Z ^[[41m^[[1m FAIL ^[[22m^[[49m packages/core/test/integration/engine-x3-contribution.test.ts^[[2m > ^[[22mX-3 contribution through the product load path^[[2m > ^[[22mrejects contribution collisions during Engine.load, before timelines exist
integration (node 24)	Run npm run test:integration	2026-08-13T15:01:13.9525836Z ^[[31m^[[1mTypeError^[[22m: plugin-key-collision: Plugin "first" already owns key "x".^[[39m
integration (node 24)	Run npm run test:integration	2026-08-13T15:01:13.9527642Z ^[[36m ^[[2m❯^[[22m PluginRegistry.register packages/core/src/domain/plugins.ts:^[[2m87:88^[[22m^[[39m
integration (node 24)	Run npm run test:integration	2026-08-13T15:01:13.9599016Z 
integration (node 24)	Run npm run test:integration	2026-08-13T15:01:13.9600726Z ^[[90m ^[[2m❯^[[22m packages/core/test/integration/engine-x3-contribution.test.ts:^[[2m63:14^[[22m^[[39m
integration (node 24)	Run npm run test:integration	2026-08-13T15:01:13.9601950Z 
integration (node 24)	Run npm run test:integration	2026-08-13T15:01:13.9602818Z ^[[31m^[[2m⎯⎯⎯⎯⎯⎯⎯⎯⎯⎯⎯⎯⎯⎯⎯⎯⎯⎯⎯⎯⎯⎯⎯⎯[1/1]⎯^[[22m^[[39m
integration (node 24)	Run npm run test:integration	2026-08-13T15:01:13.9603491Z 
integration (node 24)	Run npm run test:integration	2026-08-13T15:01:13.9605756Z 
integration (node 24)	Run npm run test:integration	2026-08-13T15:01:13.9627482Z ^[[2m Test Files ^[[22m ^[[1m^[[31m1 failed^[[39m^[[22m^[[2m | ^[[22m^[[1m^[[32m17 passed^[[39m^[[22m^[[90m (18)^[[39m
integration (node 24)	Run npm run test:integration	2026-08-13T15:01:13.9629515Z ^[[2m      Tests ^[[22m ^[[1m^[[31m1 failed^[[39m^[[22m^[[2m | ^[[22m^[[1m^[[32m45 passed^[[39m^[[22m^[[90m (46)^[[39m
integration (node 24)	Run npm run test:integration	2026-08-13T15:01:13.9630772Z ^[[2m   Start at ^[[22m 15:01:12
integration (node 24)	Run npm run test:integration	2026-08-13T15:01:13.9632368Z ^[[2m   Duration ^[[22m 1.61s^[[2m (transform 736ms, setup 0ms, import 1.36s, tests 229ms, environment 3ms)^[[22m
integration (node 24)	Run npm run test:integration	2026-08-13T15:01:13.9633119Z 
integration (node 24)	Run npm run test:integration	2026-08-13T15:01:13.9633142Z 
integration (node 24)	Run npm run test:integration	2026-08-13T15:01:13.9663758Z ##[error]TypeError: plugin-key-collision: Plugin "first" already owns key "x".
integration (node 24)	Run npm run test:integration	 ❯ PluginRegistry.register packages/core/src/domain/plugins.ts:87:88
integration (node 24)	Run npm run test:integration	 ❯ packages/core/test/integration/engine-x3-contribution.test.ts:63:14
integration (node 24)	Run npm run test:integration	
integration (node 24)	Run npm run test:integration	
integration (node 24)	Run npm run test:integration	2026-08-13T15:01:14.0006423Z ##[error]Process completed with exit code 1.
quality (node 24)	Run npm test	﻿2026-08-13T15:01:12.2157078Z ##[group]Run npm test
quality (node 24)	Run npm test	2026-08-13T15:01:12.2157387Z ^[[36;1mnpm test^[[0m
quality (node 24)	Run npm test	2026-08-13T15:01:12.2200709Z shell: /usr/bin/bash -e {0}
quality (node 24)	Run npm test	2026-08-13T15:01:12.2200969Z env:
quality (node 24)	Run npm test	2026-08-13T15:01:12.2201167Z   NODE_VERSION: 24
quality (node 24)	Run npm test	2026-08-13T15:01:12.2201373Z ##[endgroup]
quality (node 24)	Run npm test	2026-08-13T15:01:12.3314895Z 
quality (node 24)	Run npm test	2026-08-13T15:01:12.3315487Z > motion5@0.0.0 test
quality (node 24)	Run npm test	2026-08-13T15:01:12.3315844Z > vitest run
quality (node 24)	Run npm test	2026-08-13T15:01:12.3315995Z 
quality (node 24)	Run npm test	2026-08-13T15:01:12.6119032Z 
quality (node 24)	Run npm test	2026-08-13T15:01:12.6147119Z ^[[1m^[[30m^[[46m RUN ^[[49m^[[39m^[[22m ^[[36mv4.1.10 ^[[39m^[[90m/home/runner/work/motion5/motion5^[[39m
quality (node 24)	Run npm test	2026-08-13T15:01:12.6147781Z 
quality (node 24)	Run npm test	2026-08-13T15:01:12.9748289Z  ^[[32m✓^[[39m packages/core/test/unit/graph/observation-state.test.ts ^[[2m(^[[22m^[[2m8 tests^[[22m^[[2m)^[[22m^[[32m 13^[[2mms^[[22m^[[39m
quality (node 24)	Run npm test	2026-08-13T15:01:13.0190550Z  ^[[32m✓^[[39m packages/core/test/unit/runtime/publisher-reentrancy.test.ts ^[[2m(^[[22m^[[2m5 tests^[[22m^[[2m)^[[22m^[[32m 15^[[2mms^[[22m^[[39m
quality (node 24)	Run npm test	2026-08-13T15:01:13.2332675Z  ^[[32m✓^[[39m packages/core/test/unit/domain/plugins.test.ts ^[[2m(^[[22m^[[2m12 tests^[[22m^[[2m)^[[22m^[[32m 20^[[2mms^[[22m^[[39m
quality (node 24)	Run npm test	2026-08-13T15:01:13.3641490Z  ^[[31m❯^[[39m packages/core/test/integration/engine-x3-contribution.test.ts ^[[2m(^[[22m^[[2m5 tests^[[22m^[[2m | ^[[22m^[[31m1 failed^[[39m^[[2m)^[[22m^[[32m 33^[[2mms^[[22m^[[39m
quality (node 24)	Run npm test	2026-08-13T15:01:13.3653785Z      ^[[32m✓^[[39m passes contribution context and creates the prepared timeline at load^[[32m 19^[[2mms^[[22m^[[39m
quality (node 24)	Run npm test	2026-08-13T15:01:13.3656229Z ^[[31m     ^[[31m×^[[31m rejects contribution collisions during Engine.load, before timelines exist^[[39m^[[32m 6^[[2mms^[[22m^[[39m
quality (node 24)	Run npm test	2026-08-13T15:01:13.3658351Z      ^[[32m✓^[[39m rejects malformed contributions during Engine.load^[[32m 3^[[2mms^[[22m^[[39m
quality (node 24)	Run npm test	2026-08-13T15:01:13.3660545Z      ^[[32m✓^[[39m rejects authored ease collisions before any timeline is created^[[32m 3^[[2mms^[[22m^[[39m
quality (node 24)	Run npm test	2026-08-13T15:01:13.3662666Z      ^[[32m✓^[[39m merges contributed keyframes into compiler diagnostics before timeline creation^[[32m 1^[[2mms^[[22m^[[39m
quality (node 24)	Run npm test	2026-08-13T15:01:13.4475895Z  ^[[32m✓^[[39m packages/core/test/contract/v5-validator.test.ts ^[[2m(^[[22m^[[2m9 tests^[[22m^[[2m)^[[22m^[[32m 11^[[2mms^[[22m^[[39m
quality (node 24)	Run npm test	2026-08-13T15:01:13.6055676Z  ^[[32m✓^[[39m packages/core/test/contract/validation-owner.test.ts ^[[2m(^[[22m^[[2m6 tests^[[22m^[[2m)^[[22m^[[32m 11^[[2mms^[[22m^[[39m
quality (node 24)	Run npm test	2026-08-13T15:01:13.7704728Z  ^[[32m✓^[[39m packages/core/test/unit/scripts/boundary-scan.test.ts ^[[2m(^[[22m^[[2m10 tests^[[22m^[[2m)^[[22m^[[32m 85^[[2mms^[[22m^[[39m
quality (node 24)	Run npm test	2026-08-13T15:01:13.8497492Z  ^[[32m✓^[[39m packages/core/test/unit/runtime/publisher-flat-inputs.test.ts ^[[2m(^[[22m^[[2m3 tests^[[22m^[[2m)^[[22m^[[32m 10^[[2mms^[[22m^[[39m
quality (node 24)	Run npm test	2026-08-13T15:01:14.0557750Z  ^[[32m✓^[[39m packages/core/test/unit/runtime/clock-tick-identity.test.ts ^[[2m(^[[22m^[[2m4 tests^[[22m^[[2m)^[[22m^[[32m 20^[[2mms^[[22m^[[39m
quality (node 24)	Run npm test	2026-08-13T15:01:14.0770301Z  ^[[32m✓^[[39m packages/core/test/unit/runtime/patch-registry-structural-change.test.ts ^[[2m(^[[22m^[[2m7 tests^[[22m^[[2m)^[[22m^[[32m 11^[[2mms^[[22m^[[39m
quality (node 24)	Run npm test	2026-08-13T15:01:14.3064028Z  ^[[32m✓^[[39m packages/core/test/unit/graph/order.test.ts ^[[2m(^[[22m^[[2m8 tests^[[22m^[[2m)^[[22m^[[32m 19^[[2mms^[[22m^[[39m
quality (node 24)	Run npm test	2026-08-13T15:01:14.3183773Z  ^[[32m✓^[[39m packages/core/test/unit/graph/ir-validation.test.ts ^[[2m(^[[22m^[[2m6 tests^[[22m^[[2m)^[[22m^[[32m 12^[[2mms^[[22m^[[39m
quality (node 24)	Run npm test	2026-08-13T15:01:14.6378776Z  ^[[32m✓^[[39m packages/core/test/unit/runtime/composition-output-shape.test.ts ^[[2m(^[[22m^[[2m3 tests^[[22m^[[2m)^[[22m^[[32m 13^[[2mms^[[22m^[[39m
quality (node 24)	Run npm test	2026-08-13T15:01:14.7580553Z  ^[[32m✓^[[39m packages/core/test/contract/gsap-authored-duration.test.ts ^[[2m(^[[22m^[[2m5 tests^[[22m^[[2m)^[[22m^[[32m 33^[[2mms^[[22m^[[39m
quality (node 24)	Run npm test	2026-08-13T15:01:14.8563906Z  ^[[32m✓^[[39m packages/core/test/unit/runtime/scheduler-reentrancy.test.ts ^[[2m(^[[22m^[[2m4 tests^[[22m^[[2m)^[[22m^[[32m 10^[[2mms^[[22m^[[39m
quality (node 24)	Run npm test	2026-08-13T15:01:14.9880246Z  ^[[32m✓^[[39m packages/core/test/unit/runtime/patch-registry-subscriber-errors.test.ts ^[[2m(^[[22m^[[2m4 tests^[[22m^[[2m)^[[22m^[[32m 10^[[2mms^[[22m^[[39m
quality (node 24)	Run npm test	2026-08-13T15:01:15.0945070Z  ^[[32m✓^[[39m packages/core/test/unit/domain/track.test.ts ^[[2m(^[[22m^[[2m5 tests^[[22m^[[2m)^[[22m^[[32m 15^[[2mms^[[22m^[[39m
quality (node 24)	Run npm test	2026-08-13T15:01:15.2259500Z  ^[[31m❯^[[39m packages/core/test/unit/domain/plugin-contribution-contract.test.ts ^[[2m(^[[22m^[[2m4 tests^[[22m^[[2m | ^[[22m^[[31m1 failed^[[39m^[[2m)^[[22m^[[32m 23^[[2mms^[[22m^[[39m
quality (node 24)	Run npm test	2026-08-13T15:01:15.2288283Z      ^[[32m✓^[[39m passes the authored key, stops, and frozen track view to the contributor^[[32m 6^[[2mms^[[22m^[[39m
quality (node 24)	Run npm test	2026-08-13T15:01:15.2331918Z      ^[[32m✓^[[39m preserves both keyframes and tweenVars from one explicit contribution^[[32m 1^[[2mms^[[22m^[[39m
quality (node 24)	Run npm test	2026-08-13T15:01:15.2333875Z ^[[31m     ^[[31m×^[[31m rejects duplicate contributed outputs and conflicting tween vars^[[39m^[[32m 11^[[2mms^[[22m^[[39m
quality (node 24)	Run npm test	2026-08-13T15:01:15.2335812Z      ^[[32m✓^[[39m rejects malformed contributed stops instead of installing them^[[32m 2^[[2mms^[[22m^[[39m
quality (node 24)	Run npm test	2026-08-13T15:01:15.3194472Z  ^[[32m✓^[[39m packages/core/test/integration/publisher-output-merge-consistency.test.ts ^[[2m(^[[22m^[[2m2 tests^[[22m^[[2m)^[[22m^[[32m 8^[[2mms^[[22m^[[39m
quality (node 24)	Run npm test	2026-08-13T15:01:15.5065721Z  ^[[32m✓^[[39m packages/core/test/contract/gsap-absolute-stops.test.ts ^[[2m(^[[22m^[[2m3 tests^[[22m^[[2m)^[[22m^[[32m 23^[[2mms^[[22m^[[39m
quality (node 24)	Run npm test	2026-08-13T15:01:15.5306080Z  ^[[32m✓^[[39m packages/core/test/unit/runtime/patch-registry.test.ts ^[[2m(^[[22m^[[2m5 tests^[[22m^[[2m)^[[22m^[[32m 10^[[2mms^[[22m^[[39m
quality (node 24)	Run npm test	2026-08-13T15:01:15.5373490Z  ^[[32m✓^[[39m packages/core/test/unit/scripts/public-declaration-surface.test.ts ^[[2m(^[[22m^[[2m3 tests^[[22m^[[2m)^[[22m^[[33m 2698^[[2mms^[[22m^[[39m
quality (node 24)	Run npm test	2026-08-13T15:01:15.5375742Z      ^[[33m^[[2m✓^[[22m^[[39m scans the emitted entry declaration closure, not just source strings ^[[33m 2695^[[2mms^[[22m^[[39m
quality (node 24)	Run npm test	2026-08-13T15:01:15.7224627Z  ^[[32m✓^[[39m packages/core/test/integration/graph-rollback.test.ts ^[[2m(^[[22m^[[2m4 tests^[[22m^[[2m)^[[22m^[[32m 14^[[2mms^[[22m^[[39m
quality (node 24)	Run npm test	2026-08-13T15:01:15.7266438Z  ^[[32m✓^[[39m packages/core/test/integration/graph-publisher.test.ts ^[[2m(^[[22m^[[2m3 tests^[[22m^[[2m)^[[22m^[[32m 8^[[2mms^[[22m^[[39m
quality (node 24)	Run npm test	2026-08-13T15:01:15.8230889Z  ^[[32m✓^[[39m packages/core/test/contract/adapters.test.ts ^[[2m(^[[22m^[[2m4 tests^[[22m^[[2m)^[[22m^[[32m 8^[[2mms^[[22m^[[39m
quality (node 24)	Run npm test	2026-08-13T15:01:15.9551771Z  ^[[32m✓^[[39m packages/core/test/integration/engine-load-validation.test.ts ^[[2m(^[[22m^[[2m4 tests^[[22m^[[2m)^[[22m^[[32m 15^[[2mms^[[22m^[[39m
quality (node 24)	Run npm test	2026-08-13T15:01:15.9555257Z  ^[[32m✓^[[39m packages/core/test/integration/graph-runtime.test.ts ^[[2m(^[[22m^[[2m4 tests^[[22m^[[2m)^[[22m^[[32m 15^[[2mms^[[22m^[[39m
quality (node 24)	Run npm test	2026-08-13T15:01:15.9970558Z  ^[[32m✓^[[39m packages/core/test/migration/v4-to-v5.test.ts ^[[2m(^[[22m^[[2m6 tests^[[22m^[[2m)^[[22m^[[32m 7^[[2mms^[[22m^[[39m
quality (node 24)	Run npm test	2026-08-13T15:01:16.1660533Z  ^[[32m✓^[[39m packages/core/test/integration/flush-output-merge.test.ts ^[[2m(^[[22m^[[2m2 tests^[[22m^[[2m)^[[22m^[[32m 7^[[2mms^[[22m^[[39m
quality (node 24)	Run npm test	2026-08-13T15:01:16.1840330Z  ^[[32m✓^[[39m packages/core/test/integration/engine-headless.test.ts ^[[2m(^[[22m^[[2m3 tests^[[22m^[[2m)^[[22m^[[32m 16^[[2mms^[[22m^[[39m
quality (node 24)	Run npm test	2026-08-13T15:01:16.2040961Z  ^[[32m✓^[[39m packages/core/test/integration/dom-plugin-metadata.test.ts ^[[2m(^[[22m^[[2m2 tests^[[22m^[[2m)^[[22m^[[32m 6^[[2mms^[[22m^[[39m
quality (node 24)	Run npm test	2026-08-13T15:01:16.3751701Z  ^[[32m✓^[[39m packages/core/test/integration/dom-patch-apply.test.ts ^[[2m(^[[22m^[[2m2 tests^[[22m^[[2m)^[[22m^[[32m 8^[[2mms^[[22m^[[39m
quality (node 24)	Run npm test	2026-08-13T15:01:16.3820365Z  ^[[32m✓^[[39m packages/core/test/unit/runtime/patch-registry-listener-snapshot.test.ts ^[[2m(^[[22m^[[2m3 tests^[[22m^[[2m)^[[22m^[[32m 7^[[2mms^[[22m^[[39m
quality (node 24)	Run npm test	2026-08-13T15:01:16.3990353Z  ^[[32m✓^[[39m packages/core/test/unit/scripts/governance-gates.test.ts ^[[2m(^[[22m^[[2m5 tests^[[22m^[[2m)^[[22m^[[32m 11^[[2mms^[[22m^[[39m
quality (node 24)	Run npm test	2026-08-13T15:01:16.5785919Z  ^[[32m✓^[[39m packages/react/test/patch-store-lifecycle.test.ts ^[[2m(^[[22m^[[2m2 tests^[[22m^[[2m)^[[22m^[[32m 7^[[2mms^[[22m^[[39m
quality (node 24)	Run npm test	2026-08-13T15:01:16.6044975Z  ^[[32m✓^[[39m packages/core/test/contract/gsap-sparse-percent-map.test.ts ^[[2m(^[[22m^[[2m3 tests^[[22m^[[2m)^[[22m^[[32m 16^[[2mms^[[22m^[[39m
quality (node 24)	Run npm test	2026-08-13T15:01:16.6328166Z ^[[90mstderr^[[2m | packages/react/test/public-package-surface.test.ts^[[2m > ^[[22m^[[2mReact public package surface (C2)^[[2m > ^[[22m^[[2mrenders and updates through the package entry alone
quality (node 24)	Run npm test	2026-08-13T15:01:16.6348651Z  ^[[32m✓^[[39m packages/react/test/public-package-surface.test.ts ^[[2m(^[[22m^[[2m1 test^[[22m^[[2m)^[[22m^[[32m 19^[[2mms^[[22m^[[39m
quality (node 24)	Run npm test	2026-08-13T15:01:16.6351049Z ^[[22m^[[39mreact-test-renderer is deprecated. See https://react.dev/warnings/react-test-renderer
quality (node 24)	Run npm test	2026-08-13T15:01:16.6358209Z The current testing environment is not configured to support act(...)
quality (node 24)	Run npm test	2026-08-13T15:01:16.6359887Z The current testing environment is not configured to support act(...)
quality (node 24)	Run npm test	2026-08-13T15:01:16.6361169Z The current testing environment is not configured to support act(...)
quality (node 24)	Run npm test	2026-08-13T15:01:16.6384004Z 
quality (node 24)	Run npm test	2026-08-13T15:01:16.7708845Z  ^[[32m✓^[[39m packages/core/test/integration/project-runtime.test.ts ^[[2m(^[[22m^[[2m3 tests^[[22m^[[2m)^[[22m^[[32m 10^[[2mms^[[22m^[[39m
quality (node 24)	Run npm test	2026-08-13T15:01:16.8137899Z  ^[[32m✓^[[39m packages/core/test/contract/ports.test.ts ^[[2m(^[[22m^[[2m5 tests^[[22m^[[2m)^[[22m^[[32m 10^[[2mms^[[22m^[[39m
quality (node 24)	Run npm test	2026-08-13T15:01:16.8726953Z  ^[[32m✓^[[39m packages/core/test/unit/domain/motion.test.ts ^[[2m(^[[22m^[[2m4 tests^[[22m^[[2m)^[[22m^[[32m 11^[[2mms^[[22m^[[39m
quality (node 24)	Run npm test	2026-08-13T15:01:17.0160570Z  ^[[32m✓^[[39m packages/core/test/integration/partial-seed-inputs.test.ts ^[[2m(^[[22m^[[2m1 test^[[22m^[[2m)^[[22m^[[32m 5^[[2mms^[[22m^[[39m
quality (node 24)	Run npm test	2026-08-13T15:01:17.0259054Z  ^[[32m✓^[[39m packages/core/test/integration/end-to-end.test.ts ^[[2m(^[[22m^[[2m1 test^[[22m^[[2m)^[[22m^[[32m 15^[[2mms^[[22m^[[39m
quality (node 24)	Run npm test	2026-08-13T15:01:17.0985040Z  ^[[32m✓^[[39m packages/core/test/integration/contract-baseline.test.ts ^[[2m(^[[22m^[[2m5 tests^[[22m^[[2m)^[[22m^[[32m 16^[[2mms^[[22m^[[39m
quality (node 24)	Run npm test	2026-08-13T15:01:17.2460433Z  ^[[32m✓^[[39m packages/core/test/unit/domain/lifecycle.test.ts ^[[2m(^[[22m^[[2m5 tests^[[22m^[[2m)^[[22m^[[32m 11^[[2mms^[[22m^[[39m
quality (node 24)	Run npm test	2026-08-13T15:01:17.2755332Z  ^[[32m✓^[[39m packages/core/test/contract/gsap-paused-timeline.test.ts ^[[2m(^[[22m^[[2m2 tests^[[22m^[[2m)^[[22m^[[32m 10^[[2mms^[[22m^[[39m
quality (node 24)	Run npm test	2026-08-13T15:01:17.3236738Z  ^[[32m✓^[[39m packages/core/test/unit/graph/ids.test.ts ^[[2m(^[[22m^[[2m5 tests^[[22m^[[2m)^[[22m^[[32m 10^[[2mms^[[22m^[[39m
quality (node 24)	Run npm test	2026-08-13T15:01:17.4521399Z  ^[[32m✓^[[39m packages/core/test/unit/scripts/acceptance-scan.test.ts ^[[2m(^[[22m^[[2m3 tests^[[22m^[[2m)^[[22m^[[32m 13^[[2mms^[[22m^[[39m
quality (node 24)	Run npm test	2026-08-13T15:01:17.4660910Z  ^[[32m✓^[[39m packages/core/test/unit/domain/values.test.ts ^[[2m(^[[22m^[[2m6 tests^[[22m^[[2m)^[[22m^[[32m 13^[[2mms^[[22m^[[39m
quality (node 24)	Run npm test	2026-08-13T15:01:17.5210072Z  ^[[32m✓^[[39m packages/core/test/unit/graph/observation-projection-validation.test.ts ^[[2m(^[[22m^[[2m2 tests^[[22m^[[2m)^[[22m^[[32m 9^[[2mms^[[22m^[[39m
quality (node 24)	Run npm test	2026-08-13T15:01:17.6475962Z  ^[[32m✓^[[39m packages/core/test/integration/dom-transform-removal.test.ts ^[[2m(^[[22m^[[2m2 tests^[[22m^[[2m)^[[22m^[[32m 5^[[2mms^[[22m^[[39m
quality (node 24)	Run npm test	2026-08-13T15:01:17.6568682Z  ^[[32m✓^[[39m packages/core/test/unit/domain/triggers.test.ts ^[[2m(^[[22m^[[2m6 tests^[[22m^[[2m)^[[22m^[[32m 13^[[2mms^[[22m^[[39m
quality (node 24)	Run npm test	2026-08-13T15:01:17.7255170Z  ^[[32m✓^[[39m packages/react/test/patch-store.test.ts ^[[2m(^[[22m^[[2m1 test^[[22m^[[2m)^[[22m^[[32m 8^[[2mms^[[22m^[[39m
quality (node 24)	Run npm test	2026-08-13T15:01:17.8522435Z  ^[[32m✓^[[39m packages/core/test/unit/scripts/mutation-config.test.ts ^[[2m(^[[22m^[[2m1 test^[[22m^[[2m)^[[22m^[[32m 8^[[2mms^[[22m^[[39m
quality (node 24)	Run npm test	2026-08-13T15:01:17.8990966Z ^[[90mstderr^[[2m | packages/react/test/public-hook-render.test.ts^[[2m > ^[[22m^[[2mReact public hook render/update (C2)^[[2m > ^[[22m^[[2mrenders the current patch and updates after publication
quality (node 24)	Run npm test	2026-08-13T15:01:17.9003471Z ^[[22m^[[39mreact-test-renderer is deprecated. See https://react.dev/warnings/react-test-renderer
quality (node 24)	Run npm test	2026-08-13T15:01:17.9005114Z The current testing environment is not configured to support act(...)
quality (node 24)	Run npm test	2026-08-13T15:01:17.9006417Z The current testing environment is not configured to support act(...)
quality (node 24)	Run npm test	2026-08-13T15:01:17.9007715Z The current testing environment is not configured to support act(...)
quality (node 24)	Run npm test	2026-08-13T15:01:17.9008869Z 
quality (node 24)	Run npm test	2026-08-13T15:01:17.9020348Z  ^[[32m✓^[[39m packages/react/test/public-hook-render.test.ts ^[[2m(^[[22m^[[2m1 test^[[22m^[[2m)^[[22m^[[32m 21^[[2mms^[[22m^[[39m
quality (node 24)	Run npm test	2026-08-13T15:01:17.9249703Z  ^[[32m✓^[[39m packages/core/test/integration/project-handle-surface.test.ts ^[[2m(^[[22m^[[2m1 test^[[22m^[[2m)^[[22m^[[32m 10^[[2mms^[[22m^[[39m
quality (node 24)	Run npm test	2026-08-13T15:01:18.0622808Z  ^[[32m✓^[[39m packages/core/test/integration/membership-gating.test.ts ^[[2m(^[[22m^[[2m1 test^[[22m^[[2m)^[[22m^[[32m 10^[[2mms^[[22m^[[39m
quality (node 24)	Run npm test	2026-08-13T15:01:18.1371067Z  ^[[32m✓^[[39m packages/core/test/contract/gsap-multi-stop.test.ts ^[[2m(^[[22m^[[2m1 test^[[22m^[[2m)^[[22m^[[32m 9^[[2mms^[[22m^[[39m
quality (node 24)	Run npm test	2026-08-13T15:01:18.1612846Z  ^[[32m✓^[[39m packages/core/test/unit/placeholder.test.ts ^[[2m(^[[22m^[[2m2 tests^[[22m^[[2m)^[[22m^[[32m 5^[[2mms^[[22m^[[39m
quality (node 24)	Run npm test	2026-08-13T15:01:18.2302514Z  ^[[32m✓^[[39m packages/core/test/integration/golden-roundtrip.test.ts ^[[2m(^[[22m^[[2m1 test^[[22m^[[2m)^[[22m^[[32m 13^[[2mms^[[22m^[[39m
quality (node 24)	Run npm test	2026-08-13T15:01:18.2894146Z  ^[[32m✓^[[39m packages/react/test/public-hook.test.ts ^[[2m(^[[22m^[[2m1 test^[[22m^[[2m)^[[22m^[[32m 3^[[2mms^[[22m^[[39m
quality (node 24)	Run npm test	2026-08-13T15:01:18.2930358Z 
quality (node 24)	Run npm test	2026-08-13T15:01:18.2931289Z ^[[31m⎯⎯⎯⎯⎯⎯⎯^[[39m^[[1m^[[41m Failed Tests 2 ^[[49m^[[22m^[[31m⎯⎯⎯⎯⎯⎯⎯^[[39m
quality (node 24)	Run npm test	2026-08-13T15:01:18.2931825Z 
quality (node 24)	Run npm test	2026-08-13T15:01:18.2935078Z ^[[41m^[[1m FAIL ^[[22m^[[49m packages/core/test/integration/engine-x3-contribution.test.ts^[[2m > ^[[22mX-3 contribution through the product load path^[[2m > ^[[22mrejects contribution collisions during Engine.load, before timelines exist
quality (node 24)	Run npm test	2026-08-13T15:01:18.2941573Z ^[[31m^[[1mTypeError^[[22m: plugin-key-collision: Plugin "first" already owns key "x".^[[39m
quality (node 24)	Run npm test	2026-08-13T15:01:18.2942702Z ^[[36m ^[[2m❯^[[22m PluginRegistry.register packages/core/src/domain/plugins.ts:^[[2m87:88^[[22m^[[39m
quality (node 24)	Run npm test	2026-08-13T15:01:18.3021428Z 
quality (node 24)	Run npm test	2026-08-13T15:01:18.3022744Z ^[[90m ^[[2m❯^[[22m packages/core/test/integration/engine-x3-contribution.test.ts:^[[2m63:14^[[22m^[[39m
quality (node 24)	Run npm test	2026-08-13T15:01:18.3023753Z 
quality (node 24)	Run npm test	2026-08-13T15:01:18.3024564Z ^[[31m^[[2m⎯⎯⎯⎯⎯⎯⎯⎯⎯⎯⎯⎯⎯⎯⎯⎯⎯⎯⎯⎯⎯⎯⎯⎯[1/2]⎯^[[22m^[[39m
quality (node 24)	Run npm test	2026-08-13T15:01:18.3025220Z 
quality (node 24)	Run npm test	2026-08-13T15:01:18.3027410Z ^[[41m^[[1m FAIL ^[[22m^[[49m packages/core/test/unit/domain/plugin-contribution-contract.test.ts^[[2m > ^[[22mplugin contribution contract (X-3)^[[2m > ^[[22mrejects duplicate contributed outputs and conflicting tween vars
quality (node 24)	Run npm test	2026-08-13T15:01:18.3030264Z ^[[31m^[[1mTypeError^[[22m: plugin-key-collision: Plugin "first" already owns key "x".^[[39m
quality (node 24)	Run npm test	2026-08-13T15:01:18.3032063Z ^[[36m ^[[2m❯^[[22m PluginRegistry.register packages/core/src/domain/plugins.ts:^[[2m87:88^[[22m^[[39m
quality (node 24)	Run npm test	2026-08-13T15:01:18.3032961Z 
quality (node 24)	Run npm test	2026-08-13T15:01:18.3034040Z ^[[90m ^[[2m❯^[[22m packages/core/test/unit/domain/plugin-contribution-contract.test.ts:^[[2m69:14^[[22m^[[39m
quality (node 24)	Run npm test	2026-08-13T15:01:18.3034823Z 
quality (node 24)	Run npm test	2026-08-13T15:01:18.3035275Z ^[[31m^[[2m⎯⎯⎯⎯⎯⎯⎯⎯⎯⎯⎯⎯⎯⎯⎯⎯⎯⎯⎯⎯⎯⎯⎯⎯[2/2]⎯^[[22m^[[39m
quality (node 24)	Run npm test	2026-08-13T15:01:18.3035648Z 
quality (node 24)	Run npm test	2026-08-13T15:01:18.3035685Z 
quality (node 24)	Run npm test	2026-08-13T15:01:18.3042385Z ^[[2m Test Files ^[[22m ^[[1m^[[31m2 failed^[[39m^[[22m^[[2m | ^[[22m^[[1m^[[32m58 passed^[[39m^[[22m^[[90m (60)^[[39m
quality (node 24)	Run npm test	2026-08-13T15:01:18.3050399Z ^[[2m      Tests ^[[22m ^[[1m^[[31m2 failed^[[39m^[[22m^[[2m | ^[[22m^[[1m^[[32m227 passed^[[39m^[[22m^[[90m (229)^[[39m
quality (node 24)	Run npm test	2026-08-13T15:01:18.3051511Z ^[[2m   Start at ^[[22m 15:01:12
quality (node 24)	Run npm test	2026-08-13T15:01:18.3053066Z ^[[2m   Duration ^[[22m 5.66s^[[2m (transform 1.09s, setup 0ms, import 2.87s, tests 3.51s, environment 9ms)^[[22m
quality (node 24)	Run npm test	2026-08-13T15:01:18.3054030Z 
quality (node 24)	Run npm test	2026-08-13T15:01:18.3066435Z 
quality (node 24)	Run npm test	2026-08-13T15:01:18.3098104Z ##[error]TypeError: plugin-key-collision: Plugin "first" already owns key "x".
quality (node 24)	Run npm test	 ❯ PluginRegistry.register packages/core/src/domain/plugins.ts:87:88
quality (node 24)	Run npm test	 ❯ packages/core/test/integration/engine-x3-contribution.test.ts:63:14
quality (node 24)	Run npm test	
quality (node 24)	Run npm test	
quality (node 24)	Run npm test	2026-08-13T15:01:18.3112549Z 
quality (node 24)	Run npm test	2026-08-13T15:01:18.3115911Z ##[error]TypeError: plugin-key-collision: Plugin "first" already owns key "x".
quality (node 24)	Run npm test	 ❯ PluginRegistry.register packages/core/src/domain/plugins.ts:87:88
quality (node 24)	Run npm test	 ❯ packages/core/test/unit/domain/plugin-contribution-contract.test.ts:69:14
quality (node 24)	Run npm test	
quality (node 24)	Run npm test	
quality (node 24)	Run npm test	2026-08-13T15:01:18.3504691Z ##[error]Process completed with exit code 1.
