quality (node 24)	Run npm test	﻿2026-08-31T14:23:35.8172346Z ##[group]Run npm test
quality (node 24)	Run npm test	2026-08-31T14:23:35.8172638Z ^[[36;1mnpm test^[[0m
quality (node 24)	Run npm test	2026-08-31T14:23:35.8215332Z shell: /usr/bin/bash -e {0}
quality (node 24)	Run npm test	2026-08-31T14:23:35.8215677Z env:
quality (node 24)	Run npm test	2026-08-31T14:23:35.8215907Z   NODE_VERSION: 24
quality (node 24)	Run npm test	2026-08-31T14:23:35.8216134Z ##[endgroup]
quality (node 24)	Run npm test	2026-08-31T14:23:35.9347812Z 
quality (node 24)	Run npm test	2026-08-31T14:23:35.9348670Z > motion5@0.0.0 test
quality (node 24)	Run npm test	2026-08-31T14:23:35.9349149Z > vitest run
quality (node 24)	Run npm test	2026-08-31T14:23:35.9349298Z 
quality (node 24)	Run npm test	2026-08-31T14:23:36.2363758Z 
quality (node 24)	Run npm test	2026-08-31T14:23:36.2368187Z ^[[1m^[[30m^[[46m RUN ^[[49m^[[39m^[[22m ^[[36mv4.1.10 ^[[39m^[[90m/home/runner/work/motion5/motion5^[[39m
quality (node 24)	Run npm test	2026-08-31T14:23:36.2369013Z 
quality (node 24)	Run npm test	2026-08-31T14:23:36.6089580Z  ^[[32m✓^[[39m packages/core/test/unit/scripts/evidence-case-ids.test.ts ^[[2m(^[[22m^[[2m2 tests^[[22m^[[2m)^[[22m^[[32m 30^[[2mms^[[22m^[[39m
quality (node 24)	Run npm test	2026-08-31T14:23:36.7300535Z  ^[[32m✓^[[39m packages/core/test/unit/plugins/pivot-offset-solve.test.ts ^[[2m(^[[22m^[[2m10 tests^[[22m^[[2m)^[[22m^[[32m 35^[[2mms^[[22m^[[39m
quality (node 24)	Run npm test	2026-08-31T14:23:36.9581879Z  ^[[32m✓^[[39m packages/core/test/unit/graph/resolve-solvers.test.ts ^[[2m(^[[22m^[[2m10 tests^[[22m^[[2m)^[[22m^[[32m 20^[[2mms^[[22m^[[39m
quality (node 24)	Run npm test	2026-08-31T14:23:37.0927388Z  ^[[31m❯^[[39m packages/core/test/unit/runtime/keyframe-property-edit.test.ts ^[[2m(^[[22m^[[2m8 tests^[[22m^[[2m | ^[[22m^[[31m8 failed^[[39m^[[2m)^[[22m^[[32m 51^[[2mms^[[22m^[[39m
quality (node 24)	Run npm test	2026-08-31T14:23:37.0929276Z ^[[31m     ^[[31m×^[[31m RA-69 writes a key the group authors as a live value, and never asks the graph^[[39m^[[32m 31^[[2mms^[[22m^[[39m
quality (node 24)	Run npm test	2026-08-31T14:23:37.0930923Z ^[[31m     ^[[31m×^[[31m RA-70 writes an animated key through the same verb, at the same progress^[[39m^[[32m 3^[[2mms^[[22m^[[39m
quality (node 24)	Run npm test	2026-08-31T14:23:37.0932473Z ^[[31m     ^[[31m×^[[31m RA-71 introduces a leaf the group does not author yet, and compiles it in place^[[39m^[[32m 3^[[2mms^[[22m^[[39m
quality (node 24)	Run npm test	2026-08-31T14:23:37.0941101Z ^[[31m     ^[[31m×^[[31m RA-72 removes a leaf, and leaves behind no shape nothing refuses^[[39m^[[32m 3^[[2mms^[[22m^[[39m
quality (node 24)	Run npm test	2026-08-31T14:23:37.0942503Z ^[[31m     ^[[31m×^[[31m RA-73 refuses a plugin this node authors no group for, and originates nothing^[[39m^[[32m 3^[[2mms^[[22m^[[39m
quality (node 24)	Run npm test	2026-08-31T14:23:37.0943697Z ^[[31m     ^[[31m×^[[31m RA-74 keeps the kind refusal in force, in both directions^[[39m^[[32m 2^[[2mms^[[22m^[[39m
quality (node 24)	Run npm test	2026-08-31T14:23:37.0945123Z ^[[31m     ^[[31m×^[[31m RA-75 refuses both verbs by name inside a recipe, and commits nothing^[[39m^[[32m 2^[[2mms^[[22m^[[39m
quality (node 24)	Run npm test	2026-08-31T14:23:37.0946576Z ^[[31m     ^[[31m×^[[31m RA-76 lets the registry refuse a new leaf it claims nothing about^[[39m^[[32m 2^[[2mms^[[22m^[[39m
quality (node 24)	Run npm test	2026-08-31T14:23:37.1173220Z ^[[90mstderr^[[2m | packages/core/test/integration/phase7-walker-demo.test.ts^[[2m > ^[[22m^[[2mPhase 7: Walker Demo Integration Suite^[[2m > ^[[22m^[[2m9. Use React usePatch hook at the React boundary
quality (node 24)	Run npm test	2026-08-31T14:23:37.1175457Z ^[[22m^[[39mreact-test-renderer is deprecated. See https://react.dev/warnings/react-test-renderer
quality (node 24)	Run npm test	2026-08-31T14:23:37.1176472Z An update to Root inside a test was not wrapped in act(...).
quality (node 24)	Run npm test	2026-08-31T14:23:37.1176983Z 
quality (node 24)	Run npm test	2026-08-31T14:23:37.1177839Z When testing, code that causes React state updates should be wrapped into act(...):
quality (node 24)	Run npm test	2026-08-31T14:23:37.1178435Z 
quality (node 24)	Run npm test	2026-08-31T14:23:37.1178629Z act(() => {
quality (node 24)	Run npm test	2026-08-31T14:23:37.1179037Z   /* fire events that update state */
quality (node 24)	Run npm test	2026-08-31T14:23:37.1180760Z });
quality (node 24)	Run npm test	2026-08-31T14:23:37.1181154Z /* assert on the output */
quality (node 24)	Run npm test	2026-08-31T14:23:37.1181412Z 
quality (node 24)	Run npm test	2026-08-31T14:23:37.1182358Z This ensures that you're testing the behavior the user would see in the browser. Learn more at https://react.dev/link/wrap-tests-with-act
quality (node 24)	Run npm test	2026-08-31T14:23:37.1183192Z 
quality (node 24)	Run npm test	2026-08-31T14:23:37.1418874Z  ^[[32m✓^[[39m packages/core/test/integration/phase7-walker-demo.test.ts ^[[2m(^[[22m^[[2m13 tests^[[22m^[[2m)^[[22m^[[32m 113^[[2mms^[[22m^[[39m
quality (node 24)	Run npm test	2026-08-31T14:23:37.2290795Z  ^[[32m✓^[[39m packages/core/test/unit/runtime/plugin-group-edit.test.ts ^[[2m(^[[22m^[[2m9 tests^[[22m^[[2m)^[[22m^[[32m 28^[[2mms^[[22m^[[39m
quality (node 24)	Run npm test	2026-08-31T14:23:37.4192822Z  ^[[32m✓^[[39m packages/core/test/integration/bare-authored-leaf.test.ts ^[[2m(^[[22m^[[2m12 tests^[[22m^[[2m)^[[22m^[[32m 46^[[2mms^[[22m^[[39m
quality (node 24)	Run npm test	2026-08-31T14:23:37.4394153Z  ^[[32m✓^[[39m packages/core/test/unit/domain/dict-valued-requirements.test.ts ^[[2m(^[[22m^[[2m12 tests^[[22m^[[2m)^[[22m^[[32m 21^[[2mms^[[22m^[[39m
quality (node 24)	Run npm test	2026-08-31T14:23:37.4407972Z  ^[[32m✓^[[39m packages/core/test/unit/runtime/plugin-require-edit.test.ts ^[[2m(^[[22m^[[2m9 tests^[[22m^[[2m)^[[22m^[[32m 40^[[2mms^[[22m^[[39m
quality (node 24)	Run npm test	2026-08-31T14:23:37.6631808Z  ^[[32m✓^[[39m packages/core/test/unit/runtime/schema-transaction.test.ts ^[[2m(^[[22m^[[2m7 tests^[[22m^[[2m)^[[22m^[[32m 25^[[2mms^[[22m^[[39m
quality (node 24)	Run npm test	2026-08-31T14:23:37.6845866Z  ^[[32m✓^[[39m packages/core/test/unit/plugins/fabrik-solve.test.ts ^[[2m(^[[22m^[[2m8 tests^[[22m^[[2m)^[[22m^[[32m 25^[[2mms^[[22m^[[39m
quality (node 24)	Run npm test	2026-08-31T14:23:37.7241885Z  ^[[32m✓^[[39m packages/core/test/integration/t4-runtime-motion-parity.test.ts ^[[2m(^[[22m^[[2m7 tests^[[22m^[[2m)^[[22m^[[32m 28^[[2mms^[[22m^[[39m
quality (node 24)	Run npm test	2026-08-31T14:23:37.9515517Z  ^[[32m✓^[[39m packages/core/test/unit/runtime/publisher-solver-members.test.ts ^[[2m(^[[22m^[[2m6 tests^[[22m^[[2m)^[[22m^[[32m 12^[[2mms^[[22m^[[39m
quality (node 24)	Run npm test	2026-08-31T14:23:37.9674284Z  ^[[32m✓^[[39m packages/core/test/unit/runtime/recompile-predicate.test.ts ^[[2m(^[[22m^[[2m5 tests^[[22m^[[2m)^[[22m^[[32m 50^[[2mms^[[22m^[[39m
quality (node 24)	Run npm test	2026-08-31T14:23:37.9683357Z  ^[[32m✓^[[39m packages/core/test/integration/engine-teardown-ownership.test.ts ^[[2m(^[[22m^[[2m6 tests^[[22m^[[2m)^[[22m^[[32m 24^[[2mms^[[22m^[[39m
quality (node 24)	Run npm test	2026-08-31T14:23:38.1823146Z  ^[[32m✓^[[39m packages/core/test/unit/graph/solver-goals.test.ts ^[[2m(^[[22m^[[2m11 tests^[[22m^[[2m)^[[22m^[[32m 21^[[2mms^[[22m^[[39m
quality (node 24)	Run npm test	2026-08-31T14:23:38.2493745Z  ^[[32m✓^[[39m packages/core/test/integration/plugin-group-values-section.test.ts ^[[2m(^[[22m^[[2m13 tests^[[22m^[[2m)^[[22m^[[32m 41^[[2mms^[[22m^[[39m
quality (node 24)	Run npm test	2026-08-31T14:23:38.2498110Z  ^[[32m✓^[[39m packages/core/test/unit/runtime/live-value-updates.test.ts ^[[2m(^[[22m^[[2m9 tests^[[22m^[[2m)^[[22m^[[32m 47^[[2mms^[[22m^[[39m
quality (node 24)	Run npm test	2026-08-31T14:23:38.5324891Z  ^[[32m✓^[[39m packages/core/test/unit/domain/plugins.test.ts ^[[2m(^[[22m^[[2m19 tests^[[22m^[[2m)^[[22m^[[32m 18^[[2mms^[[22m^[[39m
quality (node 24)	Run npm test	2026-08-31T14:23:38.5612174Z  ^[[32m✓^[[39m packages/core/test/contract/gsap-patch-keys.test.ts ^[[2m(^[[22m^[[2m11 tests^[[22m^[[2m)^[[22m^[[32m 36^[[2mms^[[22m^[[39m
quality (node 24)	Run npm test	2026-08-31T14:23:38.5670886Z  ^[[32m✓^[[39m packages/core/test/unit/runtime/handle-base.test.ts ^[[2m(^[[22m^[[2m6 tests^[[22m^[[2m)^[[22m^[[32m 21^[[2mms^[[22m^[[39m
quality (node 24)	Run npm test	2026-08-31T14:23:38.7834461Z  ^[[32m✓^[[39m packages/core/test/unit/domain/track-live-values.test.ts ^[[2m(^[[22m^[[2m7 tests^[[22m^[[2m)^[[22m^[[32m 18^[[2mms^[[22m^[[39m
quality (node 24)	Run npm test	2026-08-31T14:23:38.7997075Z  ^[[32m✓^[[39m packages/core/test/integration/trigger-time-loop.test.ts ^[[2m(^[[22m^[[2m11 tests^[[22m^[[2m)^[[22m^[[32m 39^[[2mms^[[22m^[[39m
quality (node 24)	Run npm test	2026-08-31T14:23:38.8504757Z  ^[[31m❯^[[39m packages/core/test/unit/runtime/stale-track-handle.test.ts ^[[2m(^[[22m^[[2m7 tests^[[22m^[[2m | ^[[22m^[[31m1 failed^[[39m^[[2m)^[[22m^[[32m 39^[[2mms^[[22m^[[39m
quality (node 24)	Run npm test	2026-08-31T14:23:38.8516331Z ^[[31m     ^[[31m×^[[31m SH-1 refuses on every member of the enumerated public handle surface^[[39m^[[32m 20^[[2mms^[[22m^[[39m
quality (node 24)	Run npm test	2026-08-31T14:23:38.8518009Z      ^[[32m✓^[[39m SH-2 keeps the current message verbatim and carries its stable rule id^[[32m 2^[[2mms^[[22m^[[39m
quality (node 24)	Run npm test	2026-08-31T14:23:38.8519534Z      ^[[32m✓^[[39m SH-3 stays a TypeError, so every existing narrowing keeps matching^[[32m 1^[[2mms^[[22m^[[39m
quality (node 24)	Run npm test	2026-08-31T14:23:38.8521340Z      ^[[32m✓^[[39m SH-4 answers `live` on both sides of every invalidation and never throws doing it^[[32m 5^[[2mms^[[22m^[[39m
quality (node 24)	Run npm test	2026-08-31T14:23:38.8523325Z      ^[[32m✓^[[39m SH-5 lets expected cleanup guard on `live` instead of on try/catch^[[32m 2^[[2mms^[[22m^[[39m
quality (node 24)	Run npm test	2026-08-31T14:23:38.8524563Z      ^[[32m✓^[[39m SH-6 leaves the live path exactly as it was^[[32m 4^[[2mms^[[22m^[[39m
quality (node 24)	Run npm test	2026-08-31T14:23:38.8525881Z      ^[[32m✓^[[39m SH-7 keeps one token comparison and no branch inside the handle factory^[[32m 3^[[2mms^[[22m^[[39m
quality (node 24)	Run npm test	2026-08-31T14:23:39.0097631Z  ^[[32m✓^[[39m packages/core/test/unit/runtime/motion-driver-edit.test.ts ^[[2m(^[[22m^[[2m6 tests^[[22m^[[2m)^[[22m^[[32m 18^[[2mms^[[22m^[[39m
quality (node 24)	Run npm test	2026-08-31T14:23:39.0454635Z  ^[[32m✓^[[39m packages/core/test/unit/runtime/structural-commit-path.test.ts ^[[2m(^[[22m^[[2m7 tests^[[22m^[[2m)^[[22m^[[32m 18^[[2mms^[[22m^[[39m
quality (node 24)	Run npm test	2026-08-31T14:23:39.2139391Z  ^[[32m✓^[[39m packages/core/test/unit/scripts/boundary-scan.test.ts ^[[2m(^[[22m^[[2m18 tests^[[22m^[[2m)^[[22m^[[32m 142^[[2mms^[[22m^[[39m
quality (node 24)	Run npm test	2026-08-31T14:23:39.2283717Z  ^[[32m✓^[[39m packages/core/test/integration/authored-leaf-reader.test.ts ^[[2m(^[[22m^[[2m4 tests^[[22m^[[2m)^[[22m^[[32m 12^[[2mms^[[22m^[[39m
quality (node 24)	Run npm test	2026-08-31T14:23:39.3072052Z  ^[[32m✓^[[39m packages/core/test/unit/graph/solved-pivot-offset.test.ts ^[[2m(^[[22m^[[2m3 tests^[[22m^[[2m)^[[22m^[[32m 14^[[2mms^[[22m^[[39m
quality (node 24)	Run npm test	2026-08-31T14:23:39.4405657Z  ^[[32m✓^[[39m packages/core/test/unit/domain/motion-track-resolution.test.ts ^[[2m(^[[22m^[[2m12 tests^[[22m^[[2m)^[[22m^[[32m 13^[[2mms^[[22m^[[39m
quality (node 24)	Run npm test	2026-08-31T14:23:39.4662489Z  ^[[32m✓^[[39m packages/core/test/unit/graph/solved-rotation-weight.test.ts ^[[2m(^[[22m^[[2m5 tests^[[22m^[[2m)^[[22m^[[32m 14^[[2mms^[[22m^[[39m
quality (node 24)	Run npm test	2026-08-31T14:23:39.5895502Z  ^[[32m✓^[[39m packages/core/test/integration/solver-member-cache.test.ts ^[[2m(^[[22m^[[2m4 tests^[[22m^[[2m)^[[22m^[[32m 38^[[2mms^[[22m^[[39m
quality (node 24)	Run npm test	2026-08-31T14:23:39.6954127Z  ^[[32m✓^[[39m packages/core/test/unit/runtime/clock-consumer-error-boundary.test.ts ^[[2m(^[[22m^[[2m7 tests^[[22m^[[2m)^[[22m^[[32m 16^[[2mms^[[22m^[[39m
quality (node 24)	Run npm test	2026-08-31T14:23:39.7947436Z  ^[[32m✓^[[39m packages/core/test/integration/ik-fabrik-chain.test.ts ^[[2m(^[[22m^[[2m2 tests^[[22m^[[2m)^[[22m^[[32m 43^[[2mms^[[22m^[[39m
quality (node 24)	Run npm test	2026-08-31T14:23:39.9113586Z  ^[[32m✓^[[39m packages/core/test/unit/graph/graph-dependents.test.ts ^[[2m(^[[22m^[[2m5 tests^[[22m^[[2m)^[[22m^[[32m 16^[[2mms^[[22m^[[39m
quality (node 24)	Run npm test	2026-08-31T14:23:39.9272085Z  ^[[32m✓^[[39m packages/core/test/integration/ik-two-bone.test.ts ^[[2m(^[[22m^[[2m4 tests^[[22m^[[2m)^[[22m^[[32m 47^[[2mms^[[22m^[[39m
quality (node 24)	Run npm test	2026-08-31T14:23:40.0488397Z  ^[[32m✓^[[39m packages/core/test/integration/rollback-error-precedence.test.ts ^[[2m(^[[22m^[[2m3 tests^[[22m^[[2m)^[[22m^[[32m 13^[[2mms^[[22m^[[39m
quality (node 24)	Run npm test	2026-08-31T14:23:40.1719045Z  ^[[32m✓^[[39m packages/core/test/unit/domain/motion-dispose-ownership.test.ts ^[[2m(^[[22m^[[2m5 tests^[[22m^[[2m)^[[22m^[[32m 18^[[2mms^[[22m^[[39m
quality (node 24)	Run npm test	2026-08-31T14:23:40.1987598Z  ^[[32m✓^[[39m packages/core/test/unit/adapters/incremental-graph-builder-eviction.test.ts ^[[2m(^[[22m^[[2m7 tests^[[22m^[[2m)^[[22m^[[32m 19^[[2mms^[[22m^[[39m
quality (node 24)	Run npm test	2026-08-31T14:23:40.2528504Z  ^[[32m✓^[[39m packages/core/test/unit/graph/finalize-graph.test.ts ^[[2m(^[[22m^[[2m4 tests^[[22m^[[2m)^[[22m^[[32m 18^[[2mms^[[22m^[[39m
quality (node 24)	Run npm test	2026-08-31T14:23:40.4286564Z  ^[[32m✓^[[39m packages/core/test/integration/adoption.test.ts ^[[2m(^[[22m^[[2m10 tests^[[22m^[[2m)^[[22m^[[32m 21^[[2mms^[[22m^[[39m
quality (node 24)	Run npm test	2026-08-31T14:23:40.4606623Z  ^[[32m✓^[[39m packages/core/test/unit/domain/motion-track-mutation-atomicity.test.ts ^[[2m(^[[22m^[[2m6 tests^[[22m^[[2m)^[[22m^[[32m 11^[[2mms^[[22m^[[39m
quality (node 24)	Run npm test	2026-08-31T14:23:40.4680889Z  ^[[32m✓^[[39m packages/core/test/contract/microtask-scheduler.test.ts ^[[2m(^[[22m^[[2m8 tests^[[22m^[[2m)^[[22m^[[32m 10^[[2mms^[[22m^[[39m
quality (node 24)	Run npm test	2026-08-31T14:23:40.6484184Z  ^[[32m✓^[[39m packages/core/test/contract/v5-validator.test.ts ^[[2m(^[[22m^[[2m14 tests^[[22m^[[2m)^[[22m^[[32m 17^[[2mms^[[22m^[[39m
quality (node 24)	Run npm test	2026-08-31T14:23:40.6634472Z  ^[[32m✓^[[39m packages/core/test/unit/plugins/ik-solve.test.ts ^[[2m(^[[22m^[[2m6 tests^[[22m^[[2m)^[[22m^[[32m 10^[[2mms^[[22m^[[39m
quality (node 24)	Run npm test	2026-08-31T14:23:40.6812803Z  ^[[32m✓^[[39m packages/core/test/unit/plugins/fabrik-dispatch.test.ts ^[[2m(^[[22m^[[2m3 tests^[[22m^[[2m)^[[22m^[[32m 10^[[2mms^[[22m^[[39m
quality (node 24)	Run npm test	2026-08-31T14:23:40.9001709Z  ^[[32m✓^[[39m packages/core/test/unit/graph/incremental-cache.test.ts ^[[2m(^[[22m^[[2m6 tests^[[22m^[[2m)^[[22m^[[32m 14^[[2mms^[[22m^[[39m
quality (node 24)	Run npm test	2026-08-31T14:23:40.9132243Z  ^[[32m✓^[[39m packages/core/test/integration/motion-trigger-types.test.ts ^[[2m(^[[22m^[[2m4 tests^[[22m^[[2m)^[[22m^[[32m 25^[[2mms^[[22m^[[39m
quality (node 24)	Run npm test	2026-08-31T14:23:40.9175980Z  ^[[32m✓^[[39m packages/core/test/unit/runtime/structural-commit-flush.test.ts ^[[2m(^[[22m^[[2m6 tests^[[22m^[[2m)^[[22m^[[32m 22^[[2mms^[[22m^[[39m
quality (node 24)	Run npm test	2026-08-31T14:23:41.1264912Z  ^[[32m✓^[[39m packages/core/test/unit/plugins/fk-solved-weight.test.ts ^[[2m(^[[22m^[[2m7 tests^[[22m^[[2m)^[[22m^[[32m 11^[[2mms^[[22m^[[39m
quality (node 24)	Run npm test	2026-08-31T14:23:41.1703954Z  ^[[32m✓^[[39m packages/core/test/integration/phase0-red-baseline.test.ts ^[[2m(^[[22m^[[2m5 tests^[[22m^[[2m)^[[22m^[[32m 24^[[2mms^[[22m^[[39m
quality (node 24)	Run npm test	2026-08-31T14:23:41.1822093Z  ^[[32m✓^[[39m packages/core/test/integration/plugin-owned-requirements.test.ts ^[[2m(^[[22m^[[2m6 tests^[[22m^[[2m)^[[22m^[[32m 40^[[2mms^[[22m^[[39m
quality (node 24)	Run npm test	2026-08-31T14:23:41.3744931Z  ^[[32m✓^[[39m packages/core/test/unit/graph/single-input-channel.test.ts ^[[2m(^[[22m^[[2m7 tests^[[22m^[[2m)^[[22m^[[32m 9^[[2mms^[[22m^[[39m
quality (node 24)	Run npm test	2026-08-31T14:23:41.3926059Z  ^[[32m✓^[[39m packages/core/test/integration/replace-track-transactionality.test.ts ^[[2m(^[[22m^[[2m4 tests^[[22m^[[2m)^[[22m^[[32m 26^[[2mms^[[22m^[[39m
quality (node 24)	Run npm test	2026-08-31T14:23:41.4322199Z  ^[[32m✓^[[39m packages/core/test/integration/phase4-dynamic-lifecycle.test.ts ^[[2m(^[[22m^[[2m6 tests^[[22m^[[2m)^[[22m^[[32m 19^[[2mms^[[22m^[[39m
quality (node 24)	Run npm test	2026-08-31T14:23:41.6061842Z  ^[[32m✓^[[39m packages/core/test/unit/domain/track-compose-from.test.ts ^[[2m(^[[22m^[[2m7 tests^[[22m^[[2m)^[[22m^[[32m 13^[[2mms^[[22m^[[39m
quality (node 24)	Run npm test	2026-08-31T14:23:41.6172800Z  ^[[32m✓^[[39m packages/core/test/contract/trigger-factory.test.ts ^[[2m(^[[22m^[[2m9 tests^[[22m^[[2m)^[[22m^[[32m 15^[[2mms^[[22m^[[39m
quality (node 24)	Run npm test	2026-08-31T14:23:41.6508152Z  ^[[32m✓^[[39m packages/core/test/unit/graph/arity-lift.test.ts ^[[2m(^[[22m^[[2m2 tests^[[22m^[[2m)^[[22m^[[32m 11^[[2mms^[[22m^[[39m
quality (node 24)	Run npm test	2026-08-31T14:23:41.8280982Z  ^[[32m✓^[[39m packages/core/test/unit/domain/plugin-contribution-contract.test.ts ^[[2m(^[[22m^[[2m6 tests^[[22m^[[2m)^[[22m^[[32m 14^[[2mms^[[22m^[[39m
quality (node 24)	Run npm test	2026-08-31T14:23:41.8375712Z  ^[[32m✓^[[39m packages/core/test/unit/domain/track.test.ts ^[[2m(^[[22m^[[2m9 tests^[[22m^[[2m)^[[22m^[[32m 14^[[2mms^[[22m^[[39m
quality (node 24)	Run npm test	2026-08-31T14:23:41.8619370Z  ^[[32m✓^[[39m packages/core/test/unit/plugins/fk-pivot-offset.test.ts ^[[2m(^[[22m^[[2m6 tests^[[22m^[[2m)^[[22m^[[32m 9^[[2mms^[[22m^[[39m
quality (node 24)	Run npm test	2026-08-31T14:23:42.0845785Z  ^[[32m✓^[[39m packages/core/test/contract/gsap-one-tween.test.ts ^[[2m(^[[22m^[[2m11 tests^[[22m^[[2m)^[[22m^[[32m 28^[[2mms^[[22m^[[39m
quality (node 24)	Run npm test	2026-08-31T14:23:42.0929181Z  ^[[32m✓^[[39m packages/core/test/unit/runtime/track-staging.test.ts ^[[2m(^[[22m^[[2m4 tests^[[22m^[[2m)^[[22m^[[32m 13^[[2mms^[[22m^[[39m
quality (node 24)	Run npm test	2026-08-31T14:23:42.3130389Z  ^[[32m✓^[[39m packages/core/test/unit/runtime/publisher-reentrancy.test.ts ^[[2m(^[[22m^[[2m5 tests^[[22m^[[2m)^[[22m^[[32m 17^[[2mms^[[22m^[[39m
quality (node 24)	Run npm test	2026-08-31T14:23:42.3616503Z  ^[[32m✓^[[39m packages/core/test/integration/trigger-time.test.ts ^[[2m(^[[22m^[[2m7 tests^[[22m^[[2m)^[[22m^[[32m 32^[[2mms^[[22m^[[39m
quality (node 24)	Run npm test	2026-08-31T14:23:42.5169475Z  ^[[32m✓^[[39m packages/core/test/unit/domain/motion.test.ts ^[[2m(^[[22m^[[2m11 tests^[[22m^[[2m)^[[22m^[[32m 15^[[2mms^[[22m^[[39m
quality (node 24)	Run npm test	2026-08-31T14:23:42.5710335Z  ^[[32m✓^[[39m packages/core/test/unit/runtime/patch-registry.test.ts ^[[2m(^[[22m^[[2m10 tests^[[22m^[[2m)^[[22m^[[32m 14^[[2mms^[[22m^[[39m
quality (node 24)	Run npm test	2026-08-31T14:23:42.8084312Z  ^[[32m✓^[[39m packages/core/test/unit/graph/observation-state.test.ts ^[[2m(^[[22m^[[2m8 tests^[[22m^[[2m)^[[22m^[[32m 15^[[2mms^[[22m^[[39m
quality (node 24)	Run npm test	2026-08-31T14:23:42.8934446Z  ^[[32m✓^[[39m packages/core/test/integration/ik-multi-goal.test.ts ^[[2m(^[[22m^[[2m2 tests^[[22m^[[2m)^[[22m^[[32m 50^[[2mms^[[22m^[[39m
quality (node 24)	Run npm test	2026-08-31T14:23:43.0971836Z  ^[[32m✓^[[39m packages/core/test/integration/trigger-scroll.test.ts ^[[2m(^[[22m^[[2m6 tests^[[22m^[[2m)^[[22m^[[32m 23^[[2mms^[[22m^[[39m
quality (node 24)	Run npm test	2026-08-31T14:23:43.2221788Z  ^[[32m✓^[[39m packages/core/test/integration/mutation-transactionality.test.ts ^[[2m(^[[22m^[[2m3 tests^[[22m^[[2m)^[[22m^[[32m 43^[[2mms^[[22m^[[39m
quality (node 24)	Run npm test	2026-08-31T14:23:43.4112935Z  ^[[32m✓^[[39m packages/core/test/integration/engine-x3-contribution.test.ts ^[[2m(^[[22m^[[2m5 tests^[[22m^[[2m)^[[22m^[[32m 40^[[2mms^[[22m^[[39m
quality (node 24)	Run npm test	2026-08-31T14:23:43.4719518Z  ^[[32m✓^[[39m packages/core/test/unit/adapters/time-loop-cycle.test.ts ^[[2m(^[[22m^[[2m10 tests^[[22m^[[2m)^[[22m^[[32m 12^[[2mms^[[22m^[[39m
quality (node 24)	Run npm test	2026-08-31T14:23:43.7131169Z  ^[[32m✓^[[39m packages/core/test/integration/per-plugin-key-ownership.test.ts ^[[2m(^[[22m^[[2m4 tests^[[22m^[[2m)^[[22m^[[32m 40^[[2mms^[[22m^[[39m
quality (node 24)	Run npm test	2026-08-31T14:23:43.7811473Z  ^[[32m✓^[[39m packages/core/test/integration/phase3-trigger-port.test.ts ^[[2m(^[[22m^[[2m5 tests^[[22m^[[2m)^[[22m^[[32m 23^[[2mms^[[22m^[[39m
quality (node 24)	Run npm test	2026-08-31T14:23:43.9560058Z  ^[[32m✓^[[39m packages/core/test/unit/runtime/publisher-snapshot-memo.test.ts ^[[2m(^[[22m^[[2m4 tests^[[22m^[[2m)^[[22m^[[32m 15^[[2mms^[[22m^[[39m
quality (node 24)	Run npm test	2026-08-31T14:23:44.1226146Z  ^[[32m✓^[[39m packages/core/test/unit/runtime/live-value-animated.test.ts ^[[2m(^[[22m^[[2m3 tests^[[22m^[[2m)^[[22m^[[32m 40^[[2mms^[[22m^[[39m
quality (node 24)	Run npm test	2026-08-31T14:23:44.1973414Z  ^[[32m✓^[[39m packages/core/test/integration/p2-runtime-smells.test.ts ^[[2m(^[[22m^[[2m6 tests^[[22m^[[2m)^[[22m^[[32m 14^[[2mms^[[22m^[[39m
quality (node 24)	Run npm test	2026-08-31T14:23:44.3473455Z  ^[[32m✓^[[39m packages/core/test/unit/graph/solver-goal-required.test.ts ^[[2m(^[[22m^[[2m2 tests^[[22m^[[2m)^[[22m^[[32m 8^[[2mms^[[22m^[[39m
quality (node 24)	Run npm test	2026-08-31T14:23:44.4382553Z  ^[[32m✓^[[39m packages/core/test/unit/graph/observation-target-removal.test.ts ^[[2m(^[[22m^[[2m5 tests^[[22m^[[2m)^[[22m^[[32m 8^[[2mms^[[22m^[[39m
quality (node 24)	Run npm test	2026-08-31T14:23:44.6573051Z  ^[[32m✓^[[39m packages/core/test/integration/option-c-track-resolution.test.ts ^[[2m(^[[22m^[[2m5 tests^[[22m^[[2m)^[[22m^[[32m 35^[[2mms^[[22m^[[39m
quality (node 24)	Run npm test	2026-08-31T14:23:44.6741267Z  ^[[32m✓^[[39m packages/core/test/contract/validation-owner.test.ts ^[[2m(^[[22m^[[2m6 tests^[[22m^[[2m)^[[22m^[[32m 13^[[2mms^[[22m^[[39m
quality (node 24)	Run npm test	2026-08-31T14:23:44.9162254Z  ^[[32m✓^[[39m packages/core/test/unit/domain/plugin-requirements.test.ts ^[[2m(^[[22m^[[2m6 tests^[[22m^[[2m)^[[22m^[[32m 10^[[2mms^[[22m^[[39m
quality (node 24)	Run npm test	2026-08-31T14:23:44.9378396Z  ^[[32m✓^[[39m packages/core/test/integration/phase2-motion-scheduling.test.ts ^[[2m(^[[22m^[[2m5 tests^[[22m^[[2m)^[[22m^[[32m 23^[[2mms^[[22m^[[39m
quality (node 24)	Run npm test	2026-08-31T14:23:45.0832148Z  ^[[32m✓^[[39m packages/core/test/unit/scripts/public-declaration-surface.test.ts ^[[2m(^[[22m^[[2m3 tests^[[22m^[[2m)^[[22m^[[33m 3060^[[2mms^[[22m^[[39m
quality (node 24)	Run npm test	2026-08-31T14:23:45.0846762Z      ^[[33m^[[2m✓^[[22m^[[39m scans the emitted entry declaration closure, not just source strings ^[[33m 3057^[[2mms^[[22m^[[39m
quality (node 24)	Run npm test	2026-08-31T14:23:45.1138399Z  ^[[32m✓^[[39m packages/core/test/unit/plugins/angle-blend.test.ts ^[[2m(^[[22m^[[2m4 tests^[[22m^[[2m)^[[22m^[[32m 7^[[2mms^[[22m^[[39m
quality (node 24)	Run npm test	2026-08-31T14:23:45.2207906Z  ^[[32m✓^[[39m packages/core/test/integration/live-value-composition.test.ts ^[[2m(^[[22m^[[2m2 tests^[[22m^[[2m)^[[22m^[[32m 32^[[2mms^[[22m^[[39m
quality (node 24)	Run npm test	2026-08-31T14:23:45.2749200Z  ^[[32m✓^[[39m packages/core/test/unit/plugins/fabrik-arity-one.test.ts ^[[2m(^[[22m^[[2m1 test^[[22m^[[2m)^[[22m^[[32m 8^[[2mms^[[22m^[[39m
quality (node 24)	Run npm test	2026-08-31T14:23:45.3743780Z  ^[[32m✓^[[39m packages/core/test/integration/unified-mutation-surface.test.ts ^[[2m(^[[22m^[[2m5 tests^[[22m^[[2m)^[[22m^[[32m 33^[[2mms^[[22m^[[39m
quality (node 24)	Run npm test	2026-08-31T14:23:45.4812175Z  ^[[32m✓^[[39m packages/core/test/integration/runtime-motion-lifecycle.test.ts ^[[2m(^[[22m^[[2m6 tests^[[22m^[[2m)^[[22m^[[32m 27^[[2mms^[[22m^[[39m
quality (node 24)	Run npm test	2026-08-31T14:23:45.5189972Z  ^[[32m✓^[[39m packages/core/test/unit/runtime/clock-tick-identity.test.ts ^[[2m(^[[22m^[[2m4 tests^[[22m^[[2m)^[[22m^[[32m 17^[[2mms^[[22m^[[39m
quality (node 24)	Run npm test	2026-08-31T14:23:45.6166285Z  ^[[32m✓^[[39m packages/core/test/contract/gsap-equivalence.test.ts ^[[2m(^[[22m^[[2m6 tests^[[22m^[[2m)^[[22m^[[32m 23^[[2mms^[[22m^[[39m
quality (node 24)	Run npm test	2026-08-31T14:23:45.6712410Z  ^[[32m✓^[[39m packages/core/test/unit/runtime/patch-registry-structural-change.test.ts ^[[2m(^[[22m^[[2m7 tests^[[22m^[[2m)^[[22m^[[32m 8^[[2mms^[[22m^[[39m
quality (node 24)	Run npm test	2026-08-31T14:23:45.8002100Z  ^[[32m✓^[[39m packages/core/test/integration/observation-identity.test.ts ^[[2m(^[[22m^[[2m5 tests^[[22m^[[2m)^[[22m^[[32m 31^[[2mms^[[22m^[[39m
quality (node 24)	Run npm test	2026-08-31T14:23:45.8286463Z  ^[[32m✓^[[39m packages/core/test/integration/cross-motion.test.ts ^[[2m(^[[22m^[[2m3 tests^[[22m^[[2m)^[[22m^[[32m 13^[[2mms^[[22m^[[39m
quality (node 24)	Run npm test	2026-08-31T14:23:45.9398439Z  ^[[32m✓^[[39m packages/core/test/integration/issue-114-motion-track-regressions.test.ts ^[[2m(^[[22m^[[2m5 tests^[[22m^[[2m)^[[22m^[[32m 29^[[2mms^[[22m^[[39m
quality (node 24)	Run npm test	2026-08-31T14:23:45.9927722Z  ^[[32m✓^[[39m packages/core/test/unit/graph/ir-validation.test.ts ^[[2m(^[[22m^[[2m6 tests^[[22m^[[2m)^[[22m^[[32m 11^[[2mms^[[22m^[[39m
quality (node 24)	Run npm test	2026-08-31T14:23:46.0513486Z  ^[[32m✓^[[39m packages/core/test/unit/graph/order.test.ts ^[[2m(^[[22m^[[2m8 tests^[[22m^[[2m)^[[22m^[[32m 11^[[2mms^[[22m^[[39m
quality (node 24)	Run npm test	2026-08-31T14:23:46.1334210Z  ^[[32m✓^[[39m packages/core/test/unit/domain/motion-progress-range.test.ts ^[[2m(^[[22m^[[2m4 tests^[[22m^[[2m)^[[22m^[[32m 7^[[2mms^[[22m^[[39m
quality (node 24)	Run npm test	2026-08-31T14:23:46.3081764Z  ^[[32m✓^[[39m packages/core/test/integration/diagnostics.test.ts ^[[2m(^[[22m^[[2m4 tests^[[22m^[[2m)^[[22m^[[32m 18^[[2mms^[[22m^[[39m
quality (node 24)	Run npm test	2026-08-31T14:23:46.3474638Z  ^[[32m✓^[[39m packages/core/test/unit/adapters/trigger-factory-no-fallback.test.ts ^[[2m(^[[22m^[[2m3 tests^[[22m^[[2m)^[[22m^[[32m 7^[[2mms^[[22m^[[39m
quality (node 24)	Run npm test	2026-08-31T14:23:46.5676959Z  ^[[32m✓^[[39m packages/core/test/unit/runtime/composition-output-shape.test.ts ^[[2m(^[[22m^[[2m3 tests^[[22m^[[2m)^[[22m^[[32m 17^[[2mms^[[22m^[[39m
quality (node 24)	Run npm test	2026-08-31T14:23:46.5983221Z  ^[[32m✓^[[39m packages/core/test/contract/gsap-authored-duration.test.ts ^[[2m(^[[22m^[[2m5 tests^[[22m^[[2m)^[[22m^[[32m 22^[[2mms^[[22m^[[39m
quality (node 24)	Run npm test	2026-08-31T14:23:46.8012189Z  ^[[32m✓^[[39m packages/core/test/unit/runtime/scheduler-reentrancy.test.ts ^[[2m(^[[22m^[[2m4 tests^[[22m^[[2m)^[[22m^[[32m 13^[[2mms^[[22m^[[39m
quality (node 24)	Run npm test	2026-08-31T14:23:46.8217163Z  ^[[32m✓^[[39m packages/core/test/unit/runtime/patch-registry-subscriber-errors.test.ts ^[[2m(^[[22m^[[2m4 tests^[[22m^[[2m)^[[22m^[[32m 13^[[2mms^[[22m^[[39m
quality (node 24)	Run npm test	2026-08-31T14:23:47.0347850Z  ^[[32m✓^[[39m packages/core/test/unit/adapters/scroll-trigger-gsap.test.ts ^[[2m(^[[22m^[[2m4 tests^[[22m^[[2m)^[[22m^[[32m 10^[[2mms^[[22m^[[39m
quality (node 24)	Run npm test	2026-08-31T14:23:47.0805573Z  ^[[32m✓^[[39m packages/core/test/integration/adopted-track-immutability.test.ts ^[[2m(^[[22m^[[2m4 tests^[[22m^[[2m)^[[22m^[[32m 17^[[2mms^[[22m^[[39m
quality (node 24)	Run npm test	2026-08-31T14:23:47.2695656Z  ^[[32m✓^[[39m packages/core/test/integration/publisher-output-merge-consistency.test.ts ^[[2m(^[[22m^[[2m2 tests^[[22m^[[2m)^[[22m^[[32m 15^[[2mms^[[22m^[[39m
quality (node 24)	Run npm test	2026-08-31T14:23:47.3448432Z  ^[[32m✓^[[39m packages/core/test/unit/runtime/publisher-requirement-inputs.test.ts ^[[2m(^[[22m^[[2m2 tests^[[22m^[[2m)^[[22m^[[32m 8^[[2mms^[[22m^[[39m
quality (node 24)	Run npm test	2026-08-31T14:23:47.5373608Z  ^[[32m✓^[[39m packages/core/test/integration/replace-motion-track.test.ts ^[[2m(^[[22m^[[2m3 tests^[[22m^[[2m)^[[22m^[[32m 21^[[2mms^[[22m^[[39m
quality (node 24)	Run npm test	2026-08-31T14:23:47.6349949Z  ^[[32m✓^[[39m packages/core/test/integration/keyframe-groups.test.ts ^[[2m(^[[22m^[[2m3 tests^[[22m^[[2m)^[[22m^[[32m 32^[[2mms^[[22m^[[39m
quality (node 24)	Run npm test	2026-08-31T14:23:47.8123181Z  ^[[32m✓^[[39m packages/core/test/integration/engine-headless.test.ts ^[[2m(^[[22m^[[2m4 tests^[[22m^[[2m)^[[22m^[[32m 25^[[2mms^[[22m^[[39m
quality (node 24)	Run npm test	2026-08-31T14:23:47.9152036Z  ^[[32m✓^[[39m packages/core/test/integration/internal-key-strip.test.ts ^[[2m(^[[22m^[[2m3 tests^[[22m^[[2m)^[[22m^[[32m 16^[[2mms^[[22m^[[39m
quality (node 24)	Run npm test	2026-08-31T14:23:48.1266250Z  ^[[32m✓^[[39m packages/core/test/integration/handle-adoption.test.ts ^[[2m(^[[22m^[[2m4 tests^[[22m^[[2m)^[[22m^[[32m 23^[[2mms^[[22m^[[39m
quality (node 24)	Run npm test	2026-08-31T14:23:48.1976555Z  ^[[32m✓^[[39m packages/core/test/integration/remount.test.ts ^[[2m(^[[22m^[[2m2 tests^[[22m^[[2m)^[[22m^[[32m 23^[[2mms^[[22m^[[39m
quality (node 24)	Run npm test	2026-08-31T14:23:48.3414861Z  ^[[32m✓^[[39m packages/core/test/contract/ports.test.ts ^[[2m(^[[22m^[[2m7 tests^[[22m^[[2m)^[[22m^[[32m 9^[[2mms^[[22m^[[39m
quality (node 24)	Run npm test	2026-08-31T14:23:48.4570795Z  ^[[32m✓^[[39m packages/core/test/unit/graph/edge-order.test.ts ^[[2m(^[[22m^[[2m2 tests^[[22m^[[2m)^[[22m^[[32m 16^[[2mms^[[22m^[[39m
quality (node 24)	Run npm test	2026-08-31T14:23:48.6291105Z ^[[90mstderr^[[2m | packages/react/test/public-hook-render.test.ts^[[2m > ^[[22m^[[2mReact public hook render/update (C2)^[[2m > ^[[22m^[[2mrenders the current patch and updates after publication
quality (node 24)	Run npm test	2026-08-31T14:23:48.6293652Z ^[[22m^[[39mreact-test-renderer is deprecated. See https://react.dev/warnings/react-test-renderer
quality (node 24)	Run npm test	2026-08-31T14:23:48.6295122Z An update to Root inside a test was not wrapped in act(...).
quality (node 24)	Run npm test	2026-08-31T14:23:48.6295753Z 
quality (node 24)	Run npm test	2026-08-31T14:23:48.6296461Z When testing, code that causes React state updates should be wrapped into act(...):
quality (node 24)	Run npm test	2026-08-31T14:23:48.6297177Z 
quality (node 24)	Run npm test	2026-08-31T14:23:48.6297536Z act(() => {
quality (node 24)	Run npm test	2026-08-31T14:23:48.6298084Z   /* fire events that update state */
quality (node 24)	Run npm test	2026-08-31T14:23:48.6299283Z });
quality (node 24)	Run npm test	2026-08-31T14:23:48.6300019Z /* assert on the output */
quality (node 24)	Run npm test	2026-08-31T14:23:48.6300484Z 
quality (node 24)	Run npm test	2026-08-31T14:23:48.6301578Z This ensures that you're testing the behavior the user would see in the browser. Learn more at https://react.dev/link/wrap-tests-with-act
quality (node 24)	Run npm test	2026-08-31T14:23:48.6302636Z 
quality (node 24)	Run npm test	2026-08-31T14:23:48.6428030Z ^[[90mstderr^[[2m | packages/react/test/public-hook-render.test.ts^[[2m > ^[[22m^[[2mReact public hook render/update (C2)^[[2m > ^[[22m^[[2mH-4 hands a consumer the same stripped values the publisher retained
quality (node 24)	Run npm test	2026-08-31T14:23:48.6430393Z ^[[22m^[[39mreact-test-renderer is deprecated. See https://react.dev/warnings/react-test-renderer
quality (node 24)	Run npm test	2026-08-31T14:23:48.6431514Z An update to Root inside a test was not wrapped in act(...).
quality (node 24)	Run npm test	2026-08-31T14:23:48.6432024Z 
quality (node 24)	Run npm test	2026-08-31T14:23:48.6450732Z When testing, code that causes React state updates should be wrapped into act(...):
quality (node 24)	Run npm test	2026-08-31T14:23:48.6451694Z 
quality (node 24)	Run npm test	2026-08-31T14:23:48.6451841Z act(() => {
quality (node 24)	Run npm test	2026-08-31T14:23:48.6452245Z   /* fire events that update state */
quality (node 24)	Run npm test	2026-08-31T14:23:48.6452690Z });
quality (node 24)	Run npm test	2026-08-31T14:23:48.6453037Z /* assert on the output */
quality (node 24)	Run npm test	2026-08-31T14:23:48.6453298Z 
quality (node 24)	Run npm test	2026-08-31T14:23:48.6454215Z This ensures that you're testing the behavior the user would see in the browser. Learn more at https://react.dev/link/wrap-tests-with-act
quality (node 24)	Run npm test	2026-08-31T14:23:48.6455035Z 
quality (node 24)	Run npm test	2026-08-31T14:23:48.6456137Z  ^[[32m✓^[[39m packages/react/test/public-hook-render.test.ts ^[[2m(^[[22m^[[2m2 tests^[[22m^[[2m)^[[22m^[[32m 38^[[2mms^[[22m^[[39m
quality (node 24)	Run npm test	2026-08-31T14:23:48.6700122Z  ^[[32m✓^[[39m packages/core/test/unit/graph/references.test.ts ^[[2m(^[[22m^[[2m7 tests^[[22m^[[2m)^[[22m^[[32m 9^[[2mms^[[22m^[[39m
quality (node 24)	Run npm test	2026-08-31T14:23:48.9019099Z  ^[[32m✓^[[39m packages/core/test/integration/graph-publisher.test.ts ^[[2m(^[[22m^[[2m3 tests^[[22m^[[2m)^[[22m^[[32m 16^[[2mms^[[22m^[[39m
quality (node 24)	Run npm test	2026-08-31T14:23:48.9932045Z  ^[[32m✓^[[39m packages/core/test/integration/project-runtime.test.ts ^[[2m(^[[22m^[[2m4 tests^[[22m^[[2m)^[[22m^[[32m 16^[[2mms^[[22m^[[39m
quality (node 24)	Run npm test	2026-08-31T14:23:49.1759469Z  ^[[32m✓^[[39m packages/core/test/contract/adapters.test.ts ^[[2m(^[[22m^[[2m4 tests^[[22m^[[2m)^[[22m^[[32m 10^[[2mms^[[22m^[[39m
quality (node 24)	Run npm test	2026-08-31T14:23:49.2151223Z  ^[[32m✓^[[39m packages/core/test/integration/flush-output-merge.test.ts ^[[2m(^[[22m^[[2m2 tests^[[22m^[[2m)^[[22m^[[32m 7^[[2mms^[[22m^[[39m
quality (node 24)	Run npm test	2026-08-31T14:23:49.3821548Z  ^[[32m✓^[[39m packages/core/test/integration/graph-runtime.test.ts ^[[2m(^[[22m^[[2m4 tests^[[22m^[[2m)^[[22m^[[32m 11^[[2mms^[[22m^[[39m
quality (node 24)	Run npm test	2026-08-31T14:23:49.4743412Z  ^[[32m✓^[[39m packages/core/test/contract/gsap-absolute-stops.test.ts ^[[2m(^[[22m^[[2m3 tests^[[22m^[[2m)^[[22m^[[32m 18^[[2mms^[[22m^[[39m
quality (node 24)	Run npm test	2026-08-31T14:23:49.5732790Z  ^[[32m✓^[[39m packages/core/test/integration/graph-rollback.test.ts ^[[2m(^[[22m^[[2m4 tests^[[22m^[[2m)^[[22m^[[32m 15^[[2mms^[[22m^[[39m
quality (node 24)	Run npm test	2026-08-31T14:23:49.6795588Z  ^[[32m✓^[[39m packages/core/test/unit/plugins/fk-solver-override.test.ts ^[[2m(^[[22m^[[2m3 tests^[[22m^[[2m)^[[22m^[[32m 5^[[2mms^[[22m^[[39m
quality (node 24)	Run npm test	2026-08-31T14:23:49.8297810Z  ^[[32m✓^[[39m packages/core/test/integration/engine-load-validation.test.ts ^[[2m(^[[22m^[[2m4 tests^[[22m^[[2m)^[[22m^[[32m 18^[[2mms^[[22m^[[39m
quality (node 24)	Run npm test	2026-08-31T14:23:49.9088313Z  ^[[32m✓^[[39m packages/core/test/migration/v4-to-v5.test.ts ^[[2m(^[[22m^[[2m6 tests^[[22m^[[2m)^[[22m^[[32m 9^[[2mms^[[22m^[[39m
quality (node 24)	Run npm test	2026-08-31T14:23:50.0686682Z  ^[[32m✓^[[39m packages/core/test/integration/partial-seed-inputs.test.ts ^[[2m(^[[22m^[[2m1 test^[[22m^[[2m)^[[22m^[[32m 7^[[2mms^[[22m^[[39m
quality (node 24)	Run npm test	2026-08-31T14:23:50.1390988Z  ^[[32m✓^[[39m packages/core/test/contract/graph-builder-incremental.test.ts ^[[2m(^[[22m^[[2m3 tests^[[22m^[[2m)^[[22m^[[32m 11^[[2mms^[[22m^[[39m
quality (node 24)	Run npm test	2026-08-31T14:23:50.3507346Z  ^[[32m✓^[[39m packages/core/test/integration/dom-patch-apply.test.ts ^[[2m(^[[22m^[[2m2 tests^[[22m^[[2m)^[[22m^[[32m 7^[[2mms^[[22m^[[39m
quality (node 24)	Run npm test	2026-08-31T14:23:50.3643794Z  ^[[32m✓^[[39m packages/core/test/integration/single-input-channel.test.ts ^[[2m(^[[22m^[[2m1 test^[[22m^[[2m)^[[22m^[[32m 28^[[2mms^[[22m^[[39m
quality (node 24)	Run npm test	2026-08-31T14:23:50.5722095Z  ^[[32m✓^[[39m packages/core/test/unit/runtime/patch-registry-listener-snapshot.test.ts ^[[2m(^[[22m^[[2m3 tests^[[22m^[[2m)^[[22m^[[32m 7^[[2mms^[[22m^[[39m
quality (node 24)	Run npm test	2026-08-31T14:23:50.5852455Z  ^[[32m✓^[[39m packages/core/test/unit/domain/track-node-id.test.ts ^[[2m(^[[22m^[[2m3 tests^[[22m^[[2m)^[[22m^[[32m 7^[[2mms^[[22m^[[39m
quality (node 24)	Run npm test	2026-08-31T14:23:50.7979655Z  ^[[32m✓^[[39m packages/core/test/unit/domain/time-driver.test.ts ^[[2m(^[[22m^[[2m3 tests^[[22m^[[2m)^[[22m^[[32m 8^[[2mms^[[22m^[[39m
quality (node 24)	Run npm test	2026-08-31T14:23:50.8639662Z  ^[[32m✓^[[39m packages/core/test/integration/adopt-destroy-readopt.test.ts ^[[2m(^[[22m^[[2m1 test^[[22m^[[2m)^[[22m^[[32m 19^[[2mms^[[22m^[[39m
quality (node 24)	Run npm test	2026-08-31T14:23:51.0102237Z  ^[[32m✓^[[39m packages/core/test/unit/graph/edge-key-separator.test.ts ^[[2m(^[[22m^[[2m2 tests^[[22m^[[2m)^[[22m^[[32m 9^[[2mms^[[22m^[[39m
quality (node 24)	Run npm test	2026-08-31T14:23:51.0630149Z  ^[[32m✓^[[39m packages/core/test/unit/scripts/governance-gates.test.ts ^[[2m(^[[22m^[[2m5 tests^[[22m^[[2m)^[[22m^[[32m 8^[[2mms^[[22m^[[39m
quality (node 24)	Run npm test	2026-08-31T14:23:51.2126753Z  ^[[32m✓^[[39m packages/core/test/unit/graph/requirement-edge-construction.test.ts ^[[2m(^[[22m^[[2m3 tests^[[22m^[[2m)^[[22m^[[32m 8^[[2mms^[[22m^[[39m
quality (node 24)	Run npm test	2026-08-31T14:23:51.2947637Z ^[[90mstderr^[[2m | packages/react/test/public-package-surface.test.ts^[[2m > ^[[22m^[[2mReact public package surface (C2)^[[2m > ^[[22m^[[2mrenders and updates through the package entry alone
quality (node 24)	Run npm test	2026-08-31T14:23:51.2981575Z ^[[22m^[[39mreact-test-renderer is deprecated. See https://react.dev/warnings/react-test-renderer
quality (node 24)	Run npm test	2026-08-31T14:23:51.2982698Z An update to Root inside a test was not wrapped in act(...).
quality (node 24)	Run npm test	2026-08-31T14:23:51.2983094Z 
quality (node 24)	Run npm test	2026-08-31T14:23:51.2983650Z When testing, code that causes React state updates should be wrapped into act(...):
quality (node 24)	Run npm test	2026-08-31T14:23:51.2984208Z 
quality (node 24)	Run npm test	2026-08-31T14:23:51.2984346Z act(() => {
quality (node 24)	Run npm test	2026-08-31T14:23:51.2984762Z   /* fire events that update state */
quality (node 24)	Run npm test	2026-08-31T14:23:51.2985191Z });
quality (node 24)	Run npm test	2026-08-31T14:23:51.2985534Z /* assert on the output */
quality (node 24)	Run npm test	2026-08-31T14:23:51.2985792Z 
quality (node 24)	Run npm test	2026-08-31T14:23:51.2986715Z This ensures that you're testing the behavior the user would see in the browser. Learn more at https://react.dev/link/wrap-tests-with-act
quality (node 24)	Run npm test	2026-08-31T14:23:51.2987517Z 
quality (node 24)	Run npm test	2026-08-31T14:23:51.3051990Z  ^[[32m✓^[[39m packages/react/test/public-package-surface.test.ts ^[[2m(^[[22m^[[2m1 test^[[22m^[[2m)^[[22m^[[32m 19^[[2mms^[[22m^[[39m
quality (node 24)	Run npm test	2026-08-31T14:23:51.4405432Z  ^[[32m✓^[[39m packages/core/test/integration/motion-trigger-lifecycle.test.ts ^[[2m(^[[22m^[[2m1 test^[[22m^[[2m)^[[22m^[[32m 10^[[2mms^[[22m^[[39m
quality (node 24)	Run npm test	2026-08-31T14:23:51.5082050Z  ^[[32m✓^[[39m packages/react/test/patch-store-lifecycle.test.ts ^[[2m(^[[22m^[[2m2 tests^[[22m^[[2m)^[[22m^[[32m 7^[[2mms^[[22m^[[39m
quality (node 24)	Run npm test	2026-08-31T14:23:51.6662258Z  ^[[32m✓^[[39m packages/core/test/unit/domain/plugin-contribution-completeness.test.ts ^[[2m(^[[22m^[[2m3 tests^[[22m^[[2m)^[[22m^[[32m 9^[[2mms^[[22m^[[39m
quality (node 24)	Run npm test	2026-08-31T14:23:51.7947542Z  ^[[32m✓^[[39m packages/core/test/unit/domain/s7-plugin-evidence.test.ts ^[[2m(^[[22m^[[2m3 tests^[[22m^[[2m)^[[22m^[[32m 9^[[2mms^[[22m^[[39m
quality (node 24)	Run npm test	2026-08-31T14:23:51.8592069Z  ^[[32m✓^[[39m packages/react/test/patch-store-destroy.test.ts ^[[2m(^[[22m^[[2m3 tests^[[22m^[[2m)^[[22m^[[32m 7^[[2mms^[[22m^[[39m
quality (node 24)	Run npm test	2026-08-31T14:23:52.0142153Z  ^[[32m✓^[[39m packages/core/test/contract/gsap-sparse-percent-map.test.ts ^[[2m(^[[22m^[[2m3 tests^[[22m^[[2m)^[[22m^[[32m 19^[[2mms^[[22m^[[39m
quality (node 24)	Run npm test	2026-08-31T14:23:52.0902268Z  ^[[32m✓^[[39m packages/core/test/integration/dom-plugin-metadata.test.ts ^[[2m(^[[22m^[[2m1 test^[[22m^[[2m)^[[22m^[[32m 5^[[2mms^[[22m^[[39m
quality (node 24)	Run npm test	2026-08-31T14:23:52.2474532Z  ^[[32m✓^[[39m packages/core/test/contract/gsap-paused-timeline.test.ts ^[[2m(^[[22m^[[2m2 tests^[[22m^[[2m)^[[22m^[[32m 10^[[2mms^[[22m^[[39m
quality (node 24)	Run npm test	2026-08-31T14:23:52.4232587Z  ^[[32m✓^[[39m packages/core/test/integration/end-to-end.test.ts ^[[2m(^[[22m^[[2m1 test^[[22m^[[2m)^[[22m^[[32m 18^[[2mms^[[22m^[[39m
quality (node 24)	Run npm test	2026-08-31T14:23:52.4556594Z  ^[[32m✓^[[39m packages/core/test/unit/engine/motion-entry-shape.test.ts ^[[2m(^[[22m^[[2m3 tests^[[22m^[[2m)^[[22m^[[32m 5^[[2mms^[[22m^[[39m
quality (node 24)	Run npm test	2026-08-31T14:23:52.5069918Z  ^[[32m✓^[[39m packages/core/test/unit/scripts/public-port-types.test.ts ^[[2m(^[[22m^[[2m2 tests^[[22m^[[2m)^[[22m^[[33m 6325^[[2mms^[[22m^[[39m
quality (node 24)	Run npm test	2026-08-31T14:23:52.5107414Z      ^[[33m^[[2m✓^[[22m^[[39m K-9 names all five port contracts from the entry declarations ^[[33m 1704^[[2mms^[[22m^[[39m
quality (node 24)	Run npm test	2026-08-31T14:23:52.5109188Z      ^[[33m^[[2m✓^[[22m^[[39m K-10 still cannot name a runtime internal through the same entry ^[[33m 1688^[[2mms^[[22m^[[39m
quality (node 24)	Run npm test	2026-08-31T14:23:52.6145847Z  ^[[32m✓^[[39m packages/core/test/integration/contract-baseline.test.ts ^[[2m(^[[22m^[[2m5 tests^[[22m^[[2m)^[[22m^[[32m 18^[[2mms^[[22m^[[39m
quality (node 24)	Run npm test	2026-08-31T14:23:52.6621859Z  ^[[32m✓^[[39m packages/core/test/unit/graph/edge-key-canonical.test.ts ^[[2m(^[[22m^[[2m3 tests^[[22m^[[2m)^[[22m^[[32m 9^[[2mms^[[22m^[[39m
quality (node 24)	Run npm test	2026-08-31T14:23:52.6995787Z  ^[[32m✓^[[39m packages/core/test/unit/domain/lifecycle.test.ts ^[[2m(^[[22m^[[2m5 tests^[[22m^[[2m)^[[22m^[[32m 9^[[2mms^[[22m^[[39m
quality (node 24)	Run npm test	2026-08-31T14:23:52.8084372Z  ^[[32m✓^[[39m packages/core/test/unit/scripts/acceptance-scan.test.ts ^[[2m(^[[22m^[[2m3 tests^[[22m^[[2m)^[[22m^[[32m 22^[[2mms^[[22m^[[39m
quality (node 24)	Run npm test	2026-08-31T14:23:52.8517263Z  ^[[32m✓^[[39m packages/core/test/unit/graph/ids.test.ts ^[[2m(^[[22m^[[2m5 tests^[[22m^[[2m)^[[22m^[[32m 7^[[2mms^[[22m^[[39m
quality (node 24)	Run npm test	2026-08-31T14:23:52.9486082Z  ^[[32m✓^[[39m packages/core/test/integration/project-handle-surface.test.ts ^[[2m(^[[22m^[[2m1 test^[[22m^[[2m)^[[22m^[[32m 13^[[2mms^[[22m^[[39m
quality (node 24)	Run npm test	2026-08-31T14:23:52.9956192Z  ^[[32m✓^[[39m packages/core/test/unit/domain/values.test.ts ^[[2m(^[[22m^[[2m6 tests^[[22m^[[2m)^[[22m^[[32m 6^[[2mms^[[22m^[[39m
quality (node 24)	Run npm test	2026-08-31T14:23:53.0302318Z  ^[[32m✓^[[39m packages/core/test/unit/runtime/patch-registry-retention.test.ts ^[[2m(^[[22m^[[2m2 tests^[[22m^[[2m)^[[22m^[[32m 7^[[2mms^[[22m^[[39m
quality (node 24)	Run npm test	2026-08-31T14:23:53.1294729Z  ^[[32m✓^[[39m packages/core/test/unit/adapters/scroll-trigger-range.test.ts ^[[2m(^[[22m^[[2m1 test^[[22m^[[2m)^[[22m^[[32m 6^[[2mms^[[22m^[[39m
quality (node 24)	Run npm test	2026-08-31T14:23:53.1922749Z  ^[[32m✓^[[39m packages/core/test/unit/scripts/mutation-config.test.ts ^[[2m(^[[22m^[[2m1 test^[[22m^[[2m)^[[22m^[[32m 8^[[2mms^[[22m^[[39m
quality (node 24)	Run npm test	2026-08-31T14:23:53.2088790Z  ^[[32m✓^[[39m packages/core/test/integration/dom-transform-removal.test.ts ^[[2m(^[[22m^[[2m2 tests^[[22m^[[2m)^[[22m^[[32m 7^[[2mms^[[22m^[[39m
quality (node 24)	Run npm test	2026-08-31T14:23:53.3102365Z  ^[[32m✓^[[39m packages/react/test/patch-store.test.ts ^[[2m(^[[22m^[[2m1 test^[[22m^[[2m)^[[22m^[[32m 6^[[2mms^[[22m^[[39m
quality (node 24)	Run npm test	2026-08-31T14:23:53.3832988Z  ^[[32m✓^[[39m packages/core/test/contract/s4-validation-owner.test.ts ^[[2m(^[[22m^[[2m2 tests^[[22m^[[2m)^[[22m^[[32m 5^[[2mms^[[22m^[[39m
quality (node 24)	Run npm test	2026-08-31T14:23:53.3948293Z  ^[[32m✓^[[39m packages/core/test/unit/scripts/s7-recovery-audit.test.ts ^[[2m(^[[22m^[[2m1 test^[[22m^[[2m)^[[22m^[[32m 5^[[2mms^[[22m^[[39m
quality (node 24)	Run npm test	2026-08-31T14:23:53.5206257Z  ^[[32m✓^[[39m packages/core/test/integration/membership-gating.test.ts ^[[2m(^[[22m^[[2m1 test^[[22m^[[2m)^[[22m^[[32m 9^[[2mms^[[22m^[[39m
quality (node 24)	Run npm test	2026-08-31T14:23:53.6253386Z  ^[[32m✓^[[39m packages/core/test/integration/runtime-motion-trigger-validation.test.ts ^[[2m(^[[22m^[[2m1 test^[[22m^[[2m)^[[22m^[[32m 9^[[2mms^[[22m^[[39m
quality (node 24)	Run npm test	2026-08-31T14:23:53.6258471Z  ^[[32m✓^[[39m packages/core/test/integration/plugin-use-contract.test.ts ^[[2m(^[[22m^[[2m1 test^[[22m^[[2m)^[[22m^[[32m 7^[[2mms^[[22m^[[39m
quality (node 24)	Run npm test	2026-08-31T14:23:53.7260029Z  ^[[32m✓^[[39m packages/core/test/contract/gsap-multi-stop.test.ts ^[[2m(^[[22m^[[2m1 test^[[22m^[[2m)^[[22m^[[32m 7^[[2mms^[[22m^[[39m
quality (node 24)	Run npm test	2026-08-31T14:23:53.8166030Z  ^[[32m✓^[[39m packages/core/test/integration/golden-roundtrip.test.ts ^[[2m(^[[22m^[[2m1 test^[[22m^[[2m)^[[22m^[[32m 12^[[2mms^[[22m^[[39m
quality (node 24)	Run npm test	2026-08-31T14:23:53.8713569Z  ^[[32m✓^[[39m packages/core/test/unit/placeholder.test.ts ^[[2m(^[[22m^[[2m2 tests^[[22m^[[2m)^[[22m^[[32m 4^[[2mms^[[22m^[[39m
quality (node 24)	Run npm test	2026-08-31T14:23:53.8970597Z  ^[[32m✓^[[39m packages/react/test/public-hook.test.ts ^[[2m(^[[22m^[[2m1 test^[[22m^[[2m)^[[22m^[[32m 3^[[2mms^[[22m^[[39m
quality (node 24)	Run npm test	2026-08-31T14:23:53.9021756Z 
quality (node 24)	Run npm test	2026-08-31T14:23:53.9023031Z ^[[31m⎯⎯⎯⎯⎯⎯⎯^[[39m^[[1m^[[41m Failed Tests 9 ^[[49m^[[22m^[[31m⎯⎯⎯⎯⎯⎯⎯^[[39m
quality (node 24)	Run npm test	2026-08-31T14:23:53.9023905Z 
quality (node 24)	Run npm test	2026-08-31T14:23:53.9027912Z ^[[41m^[[1m FAIL ^[[22m^[[49m packages/core/test/unit/runtime/keyframe-property-edit.test.ts^[[2m > ^[[22mone authored property, inside a group this node already authors^[[2m > ^[[22mRA-69 writes a key the group authors as a live value, and never asks the graph
quality (node 24)	Run npm test	2026-08-31T14:23:53.9032360Z ^[[31m^[[1mAssertionError^[[22m: expected [ 'id', 'live', 'definition', …(13) ] to include 'setKeyframe'^[[39m
quality (node 24)	Run npm test	2026-08-31T14:23:53.9034066Z ^[[36m ^[[2m❯^[[22m declaring packages/core/test/unit/runtime/keyframe-property-edit.test.ts:^[[2m172:16^[[22m^[[39m
quality (node 24)	Run npm test	2026-08-31T14:23:53.9098387Z     ^[[90m170|^[[39m   ^[[35mconst^[[39m track ^[[33m=^[[39m handle^[[33m.^[[39m^[[34mtrack^[[39m(nodeId)^[[33m;^[[39m
quality (node 24)	Run npm test	2026-08-31T14:23:53.9100687Z     ^[[90m171|^[[39m   ^[[35mconst^[[39m keys ^[[33m=^[[39m ^[[33mObject^[[39m^[[33m.^[[39m^[[34mkeys^[[39m(track)^[[33m;^[[39m
quality (node 24)	Run npm test	2026-08-31T14:23:53.9101986Z     ^[[90m172|^[[39m   ^[[34mexpect^[[39m(keys)^[[33m.^[[39m^[[34mtoContain^[[39m(^[[32m"setKeyframe"^[[39m)^[[33m;^[[39m
quality (node 24)	Run npm test	2026-08-31T14:23:53.9103821Z     ^[[90m   |^[[39m                ^[[31m^^[[39m
quality (node 24)	Run npm test	2026-08-31T14:23:53.9104839Z     ^[[90m173|^[[39m   ^[[34mexpect^[[39m(keys)^[[33m.^[[39m^[[34mtoContain^[[39m(^[[32m"removeKeyframe"^[[39m)^[[33m;^[[39m
quality (node 24)	Run npm test	2026-08-31T14:23:53.9105942Z     ^[[90m174|^[[39m   ^[[35mreturn^[[39m track ^[[35mas^[[39m ^[[33mEdits^[[39m^[[33m;^[[39m
quality (node 24)	Run npm test	2026-08-31T14:23:53.9107393Z ^[[90m ^[[2m❯^[[22m packages/core/test/unit/runtime/keyframe-property-edit.test.ts:^[[2m189:17^[[22m^[[39m
quality (node 24)	Run npm test	2026-08-31T14:23:53.9108133Z 
quality (node 24)	Run npm test	2026-08-31T14:23:53.9108711Z ^[[31m^[[2m⎯⎯⎯⎯⎯⎯⎯⎯⎯⎯⎯⎯⎯⎯⎯⎯⎯⎯⎯⎯⎯⎯⎯⎯[1/9]⎯^[[22m^[[39m
quality (node 24)	Run npm test	2026-08-31T14:23:53.9109316Z 
quality (node 24)	Run npm test	2026-08-31T14:23:53.9111522Z ^[[41m^[[1m FAIL ^[[22m^[[49m packages/core/test/unit/runtime/keyframe-property-edit.test.ts^[[2m > ^[[22mone authored property, inside a group this node already authors^[[2m > ^[[22mRA-70 writes an animated key through the same verb, at the same progress
quality (node 24)	Run npm test	2026-08-31T14:23:53.9113860Z ^[[31m^[[1mAssertionError^[[22m: expected [ 'id', 'live', 'definition', …(13) ] to include 'setKeyframe'^[[39m
quality (node 24)	Run npm test	2026-08-31T14:23:53.9115430Z ^[[36m ^[[2m❯^[[22m declaring packages/core/test/unit/runtime/keyframe-property-edit.test.ts:^[[2m172:16^[[22m^[[39m
quality (node 24)	Run npm test	2026-08-31T14:23:53.9116779Z     ^[[90m170|^[[39m   ^[[35mconst^[[39m track ^[[33m=^[[39m handle^[[33m.^[[39m^[[34mtrack^[[39m(nodeId)^[[33m;^[[39m
quality (node 24)	Run npm test	2026-08-31T14:23:53.9118013Z     ^[[90m171|^[[39m   ^[[35mconst^[[39m keys ^[[33m=^[[39m ^[[33mObject^[[39m^[[33m.^[[39m^[[34mkeys^[[39m(track)^[[33m;^[[39m
quality (node 24)	Run npm test	2026-08-31T14:23:53.9134535Z     ^[[90m172|^[[39m   ^[[34mexpect^[[39m(keys)^[[33m.^[[39m^[[34mtoContain^[[39m(^[[32m"setKeyframe"^[[39m)^[[33m;^[[39m
quality (node 24)	Run npm test	2026-08-31T14:23:53.9135615Z     ^[[90m   |^[[39m                ^[[31m^^[[39m
quality (node 24)	Run npm test	2026-08-31T14:23:53.9136618Z     ^[[90m173|^[[39m   ^[[34mexpect^[[39m(keys)^[[33m.^[[39m^[[34mtoContain^[[39m(^[[32m"removeKeyframe"^[[39m)^[[33m;^[[39m
quality (node 24)	Run npm test	2026-08-31T14:23:53.9137746Z     ^[[90m174|^[[39m   ^[[35mreturn^[[39m track ^[[35mas^[[39m ^[[33mEdits^[[39m^[[33m;^[[39m
quality (node 24)	Run npm test	2026-08-31T14:23:53.9138984Z ^[[90m ^[[2m❯^[[22m packages/core/test/unit/runtime/keyframe-property-edit.test.ts:^[[2m216:17^[[22m^[[39m
quality (node 24)	Run npm test	2026-08-31T14:23:53.9139631Z 
quality (node 24)	Run npm test	2026-08-31T14:23:53.9140391Z ^[[31m^[[2m⎯⎯⎯⎯⎯⎯⎯⎯⎯⎯⎯⎯⎯⎯⎯⎯⎯⎯⎯⎯⎯⎯⎯⎯[2/9]⎯^[[22m^[[39m
quality (node 24)	Run npm test	2026-08-31T14:23:53.9140718Z 
quality (node 24)	Run npm test	2026-08-31T14:23:53.9142715Z ^[[41m^[[1m FAIL ^[[22m^[[49m packages/core/test/unit/runtime/keyframe-property-edit.test.ts^[[2m > ^[[22mone authored property, inside a group this node already authors^[[2m > ^[[22mRA-71 introduces a leaf the group does not author yet, and compiles it in place
quality (node 24)	Run npm test	2026-08-31T14:23:53.9144936Z ^[[31m^[[1mAssertionError^[[22m: expected [ 'id', 'live', 'definition', …(13) ] to include 'setKeyframe'^[[39m
quality (node 24)	Run npm test	2026-08-31T14:23:53.9146444Z ^[[36m ^[[2m❯^[[22m declaring packages/core/test/unit/runtime/keyframe-property-edit.test.ts:^[[2m172:16^[[22m^[[39m
quality (node 24)	Run npm test	2026-08-31T14:23:53.9147773Z     ^[[90m170|^[[39m   ^[[35mconst^[[39m track ^[[33m=^[[39m handle^[[33m.^[[39m^[[34mtrack^[[39m(nodeId)^[[33m;^[[39m
quality (node 24)	Run npm test	2026-08-31T14:23:53.9148985Z     ^[[90m171|^[[39m   ^[[35mconst^[[39m keys ^[[33m=^[[39m ^[[33mObject^[[39m^[[33m.^[[39m^[[34mkeys^[[39m(track)^[[33m;^[[39m
quality (node 24)	Run npm test	2026-08-31T14:23:53.9150385Z     ^[[90m172|^[[39m   ^[[34mexpect^[[39m(keys)^[[33m.^[[39m^[[34mtoContain^[[39m(^[[32m"setKeyframe"^[[39m)^[[33m;^[[39m
quality (node 24)	Run npm test	2026-08-31T14:23:53.9151228Z     ^[[90m   |^[[39m                ^[[31m^^[[39m
quality (node 24)	Run npm test	2026-08-31T14:23:53.9152201Z     ^[[90m173|^[[39m   ^[[34mexpect^[[39m(keys)^[[33m.^[[39m^[[34mtoContain^[[39m(^[[32m"removeKeyframe"^[[39m)^[[33m;^[[39m
quality (node 24)	Run npm test	2026-08-31T14:23:53.9153271Z     ^[[90m174|^[[39m   ^[[35mreturn^[[39m track ^[[35mas^[[39m ^[[33mEdits^[[39m^[[33m;^[[39m
quality (node 24)	Run npm test	2026-08-31T14:23:53.9154508Z ^[[90m ^[[2m❯^[[22m packages/core/test/unit/runtime/keyframe-property-edit.test.ts:^[[2m240:17^[[22m^[[39m
quality (node 24)	Run npm test	2026-08-31T14:23:53.9155130Z 
quality (node 24)	Run npm test	2026-08-31T14:23:53.9155524Z ^[[31m^[[2m⎯⎯⎯⎯⎯⎯⎯⎯⎯⎯⎯⎯⎯⎯⎯⎯⎯⎯⎯⎯⎯⎯⎯⎯[3/9]⎯^[[22m^[[39m
quality (node 24)	Run npm test	2026-08-31T14:23:53.9156181Z 
quality (node 24)	Run npm test	2026-08-31T14:23:53.9158047Z ^[[41m^[[1m FAIL ^[[22m^[[49m packages/core/test/unit/runtime/keyframe-property-edit.test.ts^[[2m > ^[[22mone authored property, inside a group this node already authors^[[2m > ^[[22mRA-72 removes a leaf, and leaves behind no shape nothing refuses
quality (node 24)	Run npm test	2026-08-31T14:23:53.9160759Z ^[[31m^[[1mAssertionError^[[22m: expected [ 'id', 'live', 'definition', …(13) ] to include 'setKeyframe'^[[39m
quality (node 24)	Run npm test	2026-08-31T14:23:53.9162268Z ^[[36m ^[[2m❯^[[22m declaring packages/core/test/unit/runtime/keyframe-property-edit.test.ts:^[[2m172:16^[[22m^[[39m
quality (node 24)	Run npm test	2026-08-31T14:23:53.9163584Z     ^[[90m170|^[[39m   ^[[35mconst^[[39m track ^[[33m=^[[39m handle^[[33m.^[[39m^[[34mtrack^[[39m(nodeId)^[[33m;^[[39m
quality (node 24)	Run npm test	2026-08-31T14:23:53.9164731Z     ^[[90m171|^[[39m   ^[[35mconst^[[39m keys ^[[33m=^[[39m ^[[33mObject^[[39m^[[33m.^[[39m^[[34mkeys^[[39m(track)^[[33m;^[[39m
quality (node 24)	Run npm test	2026-08-31T14:23:53.9165823Z     ^[[90m172|^[[39m   ^[[34mexpect^[[39m(keys)^[[33m.^[[39m^[[34mtoContain^[[39m(^[[32m"setKeyframe"^[[39m)^[[33m;^[[39m
quality (node 24)	Run npm test	2026-08-31T14:23:53.9166796Z     ^[[90m   |^[[39m                ^[[31m^^[[39m
quality (node 24)	Run npm test	2026-08-31T14:23:53.9167617Z     ^[[90m173|^[[39m   ^[[34mexpect^[[39m(keys)^[[33m.^[[39m^[[34mtoContain^[[39m(^[[32m"removeKeyframe"^[[39m)^[[33m;^[[39m
quality (node 24)	Run npm test	2026-08-31T14:23:53.9168543Z     ^[[90m174|^[[39m   ^[[35mreturn^[[39m track ^[[35mas^[[39m ^[[33mEdits^[[39m^[[33m;^[[39m
quality (node 24)	Run npm test	2026-08-31T14:23:53.9169650Z ^[[90m ^[[2m❯^[[22m packages/core/test/unit/runtime/keyframe-property-edit.test.ts:^[[2m269:17^[[22m^[[39m
quality (node 24)	Run npm test	2026-08-31T14:23:53.9170632Z 
quality (node 24)	Run npm test	2026-08-31T14:23:53.9171048Z ^[[31m^[[2m⎯⎯⎯⎯⎯⎯⎯⎯⎯⎯⎯⎯⎯⎯⎯⎯⎯⎯⎯⎯⎯⎯⎯⎯[4/9]⎯^[[22m^[[39m
quality (node 24)	Run npm test	2026-08-31T14:23:53.9171386Z 
quality (node 24)	Run npm test	2026-08-31T14:23:53.9173274Z ^[[41m^[[1m FAIL ^[[22m^[[49m packages/core/test/unit/runtime/keyframe-property-edit.test.ts^[[2m > ^[[22mone authored property, inside a group this node already authors^[[2m > ^[[22mRA-73 refuses a plugin this node authors no group for, and originates nothing
quality (node 24)	Run npm test	2026-08-31T14:23:53.9175397Z ^[[31m^[[1mAssertionError^[[22m: expected [ 'id', 'live', 'definition', …(13) ] to include 'setKeyframe'^[[39m
quality (node 24)	Run npm test	2026-08-31T14:23:53.9176766Z ^[[36m ^[[2m❯^[[22m declaring packages/core/test/unit/runtime/keyframe-property-edit.test.ts:^[[2m172:16^[[22m^[[39m
quality (node 24)	Run npm test	2026-08-31T14:23:53.9178018Z     ^[[90m170|^[[39m   ^[[35mconst^[[39m track ^[[33m=^[[39m handle^[[33m.^[[39m^[[34mtrack^[[39m(nodeId)^[[33m;^[[39m
quality (node 24)	Run npm test	2026-08-31T14:23:53.9179222Z     ^[[90m171|^[[39m   ^[[35mconst^[[39m keys ^[[33m=^[[39m ^[[33mObject^[[39m^[[33m.^[[39m^[[34mkeys^[[39m(track)^[[33m;^[[39m
quality (node 24)	Run npm test	2026-08-31T14:23:53.9180647Z     ^[[90m172|^[[39m   ^[[34mexpect^[[39m(keys)^[[33m.^[[39m^[[34mtoContain^[[39m(^[[32m"setKeyframe"^[[39m)^[[33m;^[[39m
quality (node 24)	Run npm test	2026-08-31T14:23:53.9181499Z     ^[[90m   |^[[39m                ^[[31m^^[[39m
quality (node 24)	Run npm test	2026-08-31T14:23:53.9182442Z     ^[[90m173|^[[39m   ^[[34mexpect^[[39m(keys)^[[33m.^[[39m^[[34mtoContain^[[39m(^[[32m"removeKeyframe"^[[39m)^[[33m;^[[39m
quality (node 24)	Run npm test	2026-08-31T14:23:53.9183546Z     ^[[90m174|^[[39m   ^[[35mreturn^[[39m track ^[[35mas^[[39m ^[[33mEdits^[[39m^[[33m;^[[39m
quality (node 24)	Run npm test	2026-08-31T14:23:53.9184791Z ^[[90m ^[[2m❯^[[22m packages/core/test/unit/runtime/keyframe-property-edit.test.ts:^[[2m302:17^[[22m^[[39m
quality (node 24)	Run npm test	2026-08-31T14:23:53.9185457Z 
quality (node 24)	Run npm test	2026-08-31T14:23:53.9185848Z ^[[31m^[[2m⎯⎯⎯⎯⎯⎯⎯⎯⎯⎯⎯⎯⎯⎯⎯⎯⎯⎯⎯⎯⎯⎯⎯⎯[5/9]⎯^[[22m^[[39m
quality (node 24)	Run npm test	2026-08-31T14:23:53.9186201Z 
quality (node 24)	Run npm test	2026-08-31T14:23:53.9188008Z ^[[41m^[[1m FAIL ^[[22m^[[49m packages/core/test/unit/runtime/keyframe-property-edit.test.ts^[[2m > ^[[22mone authored property, inside a group this node already authors^[[2m > ^[[22mRA-74 keeps the kind refusal in force, in both directions
quality (node 24)	Run npm test	2026-08-31T14:23:53.9190692Z ^[[31m^[[1mAssertionError^[[22m: expected [ 'id', 'live', 'definition', …(13) ] to include 'setKeyframe'^[[39m
quality (node 24)	Run npm test	2026-08-31T14:23:53.9192263Z ^[[36m ^[[2m❯^[[22m declaring packages/core/test/unit/runtime/keyframe-property-edit.test.ts:^[[2m172:16^[[22m^[[39m
quality (node 24)	Run npm test	2026-08-31T14:23:53.9193637Z     ^[[90m170|^[[39m   ^[[35mconst^[[39m track ^[[33m=^[[39m handle^[[33m.^[[39m^[[34mtrack^[[39m(nodeId)^[[33m;^[[39m
quality (node 24)	Run npm test	2026-08-31T14:23:53.9194857Z     ^[[90m171|^[[39m   ^[[35mconst^[[39m keys ^[[33m=^[[39m ^[[33mObject^[[39m^[[33m.^[[39m^[[34mkeys^[[39m(track)^[[33m;^[[39m
quality (node 24)	Run npm test	2026-08-31T14:23:53.9196118Z     ^[[90m172|^[[39m   ^[[34mexpect^[[39m(keys)^[[33m.^[[39m^[[34mtoContain^[[39m(^[[32m"setKeyframe"^[[39m)^[[33m;^[[39m
quality (node 24)	Run npm test	2026-08-31T14:23:53.9197276Z     ^[[90m   |^[[39m                ^[[31m^^[[39m
quality (node 24)	Run npm test	2026-08-31T14:23:53.9198386Z     ^[[90m173|^[[39m   ^[[34mexpect^[[39m(keys)^[[33m.^[[39m^[[34mtoContain^[[39m(^[[32m"removeKeyframe"^[[39m)^[[33m;^[[39m
quality (node 24)	Run npm test	2026-08-31T14:23:53.9199455Z     ^[[90m174|^[[39m   ^[[35mreturn^[[39m track ^[[35mas^[[39m ^[[33mEdits^[[39m^[[33m;^[[39m
quality (node 24)	Run npm test	2026-08-31T14:23:53.9200861Z ^[[90m ^[[2m❯^[[22m packages/core/test/unit/runtime/keyframe-property-edit.test.ts:^[[2m343:17^[[22m^[[39m
quality (node 24)	Run npm test	2026-08-31T14:23:53.9201476Z 
quality (node 24)	Run npm test	2026-08-31T14:23:53.9201877Z ^[[31m^[[2m⎯⎯⎯⎯⎯⎯⎯⎯⎯⎯⎯⎯⎯⎯⎯⎯⎯⎯⎯⎯⎯⎯⎯⎯[6/9]⎯^[[22m^[[39m
quality (node 24)	Run npm test	2026-08-31T14:23:53.9202206Z 
quality (node 24)	Run npm test	2026-08-31T14:23:53.9204078Z ^[[41m^[[1m FAIL ^[[22m^[[49m packages/core/test/unit/runtime/keyframe-property-edit.test.ts^[[2m > ^[[22mone authored property, inside a group this node already authors^[[2m > ^[[22mRA-75 refuses both verbs by name inside a recipe, and commits nothing
quality (node 24)	Run npm test	2026-08-31T14:23:53.9206219Z ^[[31m^[[1mAssertionError^[[22m: expected [ 'id', 'live', 'definition', …(13) ] to include 'setKeyframe'^[[39m
quality (node 24)	Run npm test	2026-08-31T14:23:53.9207972Z ^[[36m ^[[2m❯^[[22m declaring packages/core/test/unit/runtime/keyframe-property-edit.test.ts:^[[2m172:16^[[22m^[[39m
quality (node 24)	Run npm test	2026-08-31T14:23:53.9209210Z     ^[[90m170|^[[39m   ^[[35mconst^[[39m track ^[[33m=^[[39m handle^[[33m.^[[39m^[[34mtrack^[[39m(nodeId)^[[33m;^[[39m
quality (node 24)	Run npm test	2026-08-31T14:23:53.9210618Z     ^[[90m171|^[[39m   ^[[35mconst^[[39m keys ^[[33m=^[[39m ^[[33mObject^[[39m^[[33m.^[[39m^[[34mkeys^[[39m(track)^[[33m;^[[39m
quality (node 24)	Run npm test	2026-08-31T14:23:53.9211846Z     ^[[90m172|^[[39m   ^[[34mexpect^[[39m(keys)^[[33m.^[[39m^[[34mtoContain^[[39m(^[[32m"setKeyframe"^[[39m)^[[33m;^[[39m
quality (node 24)	Run npm test	2026-08-31T14:23:53.9212688Z     ^[[90m   |^[[39m                ^[[31m^^[[39m
quality (node 24)	Run npm test	2026-08-31T14:23:53.9213679Z     ^[[90m173|^[[39m   ^[[34mexpect^[[39m(keys)^[[33m.^[[39m^[[34mtoContain^[[39m(^[[32m"removeKeyframe"^[[39m)^[[33m;^[[39m
quality (node 24)	Run npm test	2026-08-31T14:23:53.9214707Z     ^[[90m174|^[[39m   ^[[35mreturn^[[39m track ^[[35mas^[[39m ^[[33mEdits^[[39m^[[33m;^[[39m
quality (node 24)	Run npm test	2026-08-31T14:23:53.9215955Z ^[[90m ^[[2m❯^[[22m packages/core/test/unit/runtime/keyframe-property-edit.test.ts:^[[2m380:17^[[22m^[[39m
quality (node 24)	Run npm test	2026-08-31T14:23:53.9216826Z 
quality (node 24)	Run npm test	2026-08-31T14:23:53.9217266Z ^[[31m^[[2m⎯⎯⎯⎯⎯⎯⎯⎯⎯⎯⎯⎯⎯⎯⎯⎯⎯⎯⎯⎯⎯⎯⎯⎯[7/9]⎯^[[22m^[[39m
quality (node 24)	Run npm test	2026-08-31T14:23:53.9217607Z 
quality (node 24)	Run npm test	2026-08-31T14:23:53.9219474Z ^[[41m^[[1m FAIL ^[[22m^[[49m packages/core/test/unit/runtime/keyframe-property-edit.test.ts^[[2m > ^[[22mone authored property, inside a group this node already authors^[[2m > ^[[22mRA-76 lets the registry refuse a new leaf it claims nothing about
quality (node 24)	Run npm test	2026-08-31T14:23:53.9221915Z ^[[31m^[[1mAssertionError^[[22m: expected [ 'id', 'live', 'definition', …(13) ] to include 'setKeyframe'^[[39m
quality (node 24)	Run npm test	2026-08-31T14:23:53.9223461Z ^[[36m ^[[2m❯^[[22m declaring packages/core/test/unit/runtime/keyframe-property-edit.test.ts:^[[2m172:16^[[22m^[[39m
quality (node 24)	Run npm test	2026-08-31T14:23:53.9224820Z     ^[[90m170|^[[39m   ^[[35mconst^[[39m track ^[[33m=^[[39m handle^[[33m.^[[39m^[[34mtrack^[[39m(nodeId)^[[33m;^[[39m
quality (node 24)	Run npm test	2026-08-31T14:23:53.9226102Z     ^[[90m171|^[[39m   ^[[35mconst^[[39m keys ^[[33m=^[[39m ^[[33mObject^[[39m^[[33m.^[[39m^[[34mkeys^[[39m(track)^[[33m;^[[39m
quality (node 24)	Run npm test	2026-08-31T14:23:53.9227393Z     ^[[90m172|^[[39m   ^[[34mexpect^[[39m(keys)^[[33m.^[[39m^[[34mtoContain^[[39m(^[[32m"setKeyframe"^[[39m)^[[33m;^[[39m
quality (node 24)	Run npm test	2026-08-31T14:23:53.9228307Z     ^[[90m   |^[[39m                ^[[31m^^[[39m
quality (node 24)	Run npm test	2026-08-31T14:23:53.9229286Z     ^[[90m173|^[[39m   ^[[34mexpect^[[39m(keys)^[[33m.^[[39m^[[34mtoContain^[[39m(^[[32m"removeKeyframe"^[[39m)^[[33m;^[[39m
quality (node 24)	Run npm test	2026-08-31T14:23:53.9230717Z     ^[[90m174|^[[39m   ^[[35mreturn^[[39m track ^[[35mas^[[39m ^[[33mEdits^[[39m^[[33m;^[[39m
quality (node 24)	Run npm test	2026-08-31T14:23:53.9232004Z ^[[90m ^[[2m❯^[[22m packages/core/test/unit/runtime/keyframe-property-edit.test.ts:^[[2m415:17^[[22m^[[39m
quality (node 24)	Run npm test	2026-08-31T14:23:53.9232632Z 
quality (node 24)	Run npm test	2026-08-31T14:23:53.9233065Z ^[[31m^[[2m⎯⎯⎯⎯⎯⎯⎯⎯⎯⎯⎯⎯⎯⎯⎯⎯⎯⎯⎯⎯⎯⎯⎯⎯[8/9]⎯^[[22m^[[39m
quality (node 24)	Run npm test	2026-08-31T14:23:53.9233407Z 
quality (node 24)	Run npm test	2026-08-31T14:23:53.9235340Z ^[[41m^[[1m FAIL ^[[22m^[[49m packages/core/test/unit/runtime/stale-track-handle.test.ts^[[2m > ^[[22ma stale TrackHandle refuses uniformly, and `live` asks without throwing^[[2m > ^[[22mSH-1 refuses on every member of the enumerated public handle surface
quality (node 24)	Run npm test	2026-08-31T14:23:53.9237881Z ^[[31m^[[1mAssertionError^[[22m: expected [ 'addObserve', 'definition', …(14) ] to deeply equal [ 'addObserve', 'definition', …(16) ]^[[39m
quality (node 24)	Run npm test	2026-08-31T14:23:53.9239018Z 
quality (node 24)	Run npm test	2026-08-31T14:23:53.9239283Z ^[[32m- Expected^[[39m
quality (node 24)	Run npm test	2026-08-31T14:23:53.9239906Z ^[[31m+ Received^[[39m
quality (node 24)	Run npm test	2026-08-31T14:23:53.9240117Z 
quality (node 24)	Run npm test	2026-08-31T14:23:53.9240361Z ^[[33m@@ -4,17 +4,15 @@^[[39m
quality (node 24)	Run npm test	2026-08-31T14:23:53.9240793Z ^[[2m    "id",^[[22m
quality (node 24)	Run npm test	2026-08-31T14:23:53.9241197Z ^[[2m    "live",^[[22m
quality (node 24)	Run npm test	2026-08-31T14:23:53.9241665Z ^[[2m    "overrideValues",^[[22m
quality (node 24)	Run npm test	2026-08-31T14:23:53.9242142Z ^[[2m    "remove",^[[22m
quality (node 24)	Run npm test	2026-08-31T14:23:53.9242568Z ^[[2m    "removeGoal",^[[22m
quality (node 24)	Run npm test	2026-08-31T14:23:53.9243058Z ^[[32m-   "removeKeyframe",^[[39m
quality (node 24)	Run npm test	2026-08-31T14:23:53.9243567Z ^[[2m    "removeKeyframeGroup",^[[22m
quality (node 24)	Run npm test	2026-08-31T14:23:53.9244061Z ^[[2m    "removeObserve",^[[22m
quality (node 24)	Run npm test	2026-08-31T14:23:53.9244514Z ^[[2m    "removeRequire",^[[22m
quality (node 24)	Run npm test	2026-08-31T14:23:53.9244935Z ^[[2m    "replace",^[[22m
quality (node 24)	Run npm test	2026-08-31T14:23:53.9245340Z ^[[2m    "requires",^[[22m
quality (node 24)	Run npm test	2026-08-31T14:23:53.9245992Z ^[[2m    "setGoal",^[[22m
quality (node 24)	Run npm test	2026-08-31T14:23:53.9246402Z ^[[32m-   "setKeyframe",^[[39m
quality (node 24)	Run npm test	2026-08-31T14:23:53.9246902Z ^[[2m    "setKeyframeGroup",^[[22m
quality (node 24)	Run npm test	2026-08-31T14:23:53.9247359Z ^[[2m    "setRequire",^[[22m
quality (node 24)	Run npm test	2026-08-31T14:23:53.9247800Z ^[[2m    "setValues",^[[22m
quality (node 24)	Run npm test	2026-08-31T14:23:53.9248175Z ^[[2m  ]^[[22m
quality (node 24)	Run npm test	2026-08-31T14:23:53.9248353Z 
quality (node 24)	Run npm test	2026-08-31T14:23:53.9249068Z ^[[36m ^[[2m❯^[[22m packages/core/test/unit/runtime/stale-track-handle.test.ts:^[[2m144:21^[[22m^[[39m
quality (node 24)	Run npm test	2026-08-31T14:23:53.9250723Z     ^[[90m142|^[[39m     ^[[35mconst^[[39m surface ^[[33m=^[[39m ^[[33mObject^[[39m^[[33m.^[[39m^[[34mkeys^[[39m(handle)^[[33m.^[[39m^[[34msort^[[39m()^[[33m;^[[39m
quality (node 24)	Run npm test	2026-08-31T14:23:53.9251971Z     ^[[90m143|^[[39m     const declared = [...NON_REFUSING, ...Object.keys(MEMBER_ARGUMENTS…
quality (node 24)	Run npm test	2026-08-31T14:23:53.9253007Z     ^[[90m144|^[[39m     ^[[34mexpect^[[39m(surface)^[[33m.^[[39m^[[34mtoEqual^[[39m(declared)^[[33m;^[[39m
quality (node 24)	Run npm test	2026-08-31T14:23:53.9253776Z     ^[[90m   |^[[39m                     ^[[31m^^[[39m
quality (node 24)	Run npm test	2026-08-31T14:23:53.9254228Z     ^[[90m145|^[[39m
quality (node 24)	Run npm test	2026-08-31T14:23:53.9254937Z     ^[[90m146|^[[39m     // Collected rather than asserted one by one, so a red run names e…
quality (node 24)	Run npm test	2026-08-31T14:23:53.9255426Z 
quality (node 24)	Run npm test	2026-08-31T14:23:53.9255802Z ^[[31m^[[2m⎯⎯⎯⎯⎯⎯⎯⎯⎯⎯⎯⎯⎯⎯⎯⎯⎯⎯⎯⎯⎯⎯⎯⎯[9/9]⎯^[[22m^[[39m
quality (node 24)	Run npm test	2026-08-31T14:23:53.9256131Z 
quality (node 24)	Run npm test	2026-08-31T14:23:53.9256171Z 
quality (node 24)	Run npm test	2026-08-31T14:23:53.9256941Z ^[[2m Test Files ^[[22m ^[[1m^[[31m2 failed^[[39m^[[22m^[[2m | ^[[22m^[[1m^[[32m171 passed^[[39m^[[22m^[[90m (173)^[[39m
quality (node 24)	Run npm test	2026-08-31T14:23:53.9258228Z ^[[2m      Tests ^[[22m ^[[1m^[[31m9 failed^[[39m^[[22m^[[2m | ^[[22m^[[1m^[[32m851 passed^[[39m^[[22m^[[90m (860)^[[39m
quality (node 24)	Run npm test	2026-08-31T14:23:53.9259009Z ^[[2m   Start at ^[[22m 14:23:36
quality (node 24)	Run npm test	2026-08-31T14:23:53.9260283Z ^[[2m   Duration ^[[22m 17.64s^[[2m (transform 2.50s, setup 1.10s, import 9.65s, tests 12.70s, environment 23ms)^[[22m
quality (node 24)	Run npm test	2026-08-31T14:23:53.9261133Z 
quality (node 24)	Run npm test	2026-08-31T14:23:53.9261148Z 
quality (node 24)	Run npm test	2026-08-31T14:23:53.9292026Z ##[error]AssertionError: expected [ 'id', 'live', 'definition', …(13) ] to include 'setKeyframe'
quality (node 24)	Run npm test	 ❯ declaring packages/core/test/unit/runtime/keyframe-property-edit.test.ts:172:16
quality (node 24)	Run npm test	 ❯ packages/core/test/unit/runtime/keyframe-property-edit.test.ts:189:17
quality (node 24)	Run npm test	
quality (node 24)	Run npm test	
quality (node 24)	Run npm test	2026-08-31T14:23:53.9302491Z 
quality (node 24)	Run npm test	2026-08-31T14:23:53.9306539Z ##[error]AssertionError: expected [ 'id', 'live', 'definition', …(13) ] to include 'setKeyframe'
quality (node 24)	Run npm test	 ❯ declaring packages/core/test/unit/runtime/keyframe-property-edit.test.ts:172:16
quality (node 24)	Run npm test	 ❯ packages/core/test/unit/runtime/keyframe-property-edit.test.ts:216:17
quality (node 24)	Run npm test	
quality (node 24)	Run npm test	
quality (node 24)	Run npm test	2026-08-31T14:23:53.9308740Z 
quality (node 24)	Run npm test	2026-08-31T14:23:53.9312478Z ##[error]AssertionError: expected [ 'id', 'live', 'definition', …(13) ] to include 'setKeyframe'
quality (node 24)	Run npm test	 ❯ declaring packages/core/test/unit/runtime/keyframe-property-edit.test.ts:172:16
quality (node 24)	Run npm test	 ❯ packages/core/test/unit/runtime/keyframe-property-edit.test.ts:240:17
quality (node 24)	Run npm test	
quality (node 24)	Run npm test	
quality (node 24)	Run npm test	2026-08-31T14:23:53.9314632Z 
quality (node 24)	Run npm test	2026-08-31T14:23:53.9318029Z ##[error]AssertionError: expected [ 'id', 'live', 'definition', …(13) ] to include 'setKeyframe'
quality (node 24)	Run npm test	 ❯ declaring packages/core/test/unit/runtime/keyframe-property-edit.test.ts:172:16
quality (node 24)	Run npm test	 ❯ packages/core/test/unit/runtime/keyframe-property-edit.test.ts:269:17
quality (node 24)	Run npm test	
quality (node 24)	Run npm test	
quality (node 24)	Run npm test	2026-08-31T14:23:53.9320407Z 
quality (node 24)	Run npm test	2026-08-31T14:23:53.9323867Z ##[error]AssertionError: expected [ 'id', 'live', 'definition', …(13) ] to include 'setKeyframe'
quality (node 24)	Run npm test	 ❯ declaring packages/core/test/unit/runtime/keyframe-property-edit.test.ts:172:16
quality (node 24)	Run npm test	 ❯ packages/core/test/unit/runtime/keyframe-property-edit.test.ts:302:17
quality (node 24)	Run npm test	
quality (node 24)	Run npm test	
quality (node 24)	Run npm test	2026-08-31T14:23:53.9326290Z 
quality (node 24)	Run npm test	2026-08-31T14:23:53.9329612Z ##[error]AssertionError: expected [ 'id', 'live', 'definition', …(13) ] to include 'setKeyframe'
quality (node 24)	Run npm test	 ❯ declaring packages/core/test/unit/runtime/keyframe-property-edit.test.ts:172:16
quality (node 24)	Run npm test	 ❯ packages/core/test/unit/runtime/keyframe-property-edit.test.ts:343:17
quality (node 24)	Run npm test	
quality (node 24)	Run npm test	
quality (node 24)	Run npm test	2026-08-31T14:23:53.9331892Z 
quality (node 24)	Run npm test	2026-08-31T14:23:53.9335135Z ##[error]AssertionError: expected [ 'id', 'live', 'definition', …(13) ] to include 'setKeyframe'
quality (node 24)	Run npm test	 ❯ declaring packages/core/test/unit/runtime/keyframe-property-edit.test.ts:172:16
quality (node 24)	Run npm test	 ❯ packages/core/test/unit/runtime/keyframe-property-edit.test.ts:380:17
quality (node 24)	Run npm test	
quality (node 24)	Run npm test	
quality (node 24)	Run npm test	2026-08-31T14:23:53.9337070Z 
quality (node 24)	Run npm test	2026-08-31T14:23:53.9340285Z ##[error]AssertionError: expected [ 'id', 'live', 'definition', …(13) ] to include 'setKeyframe'
quality (node 24)	Run npm test	 ❯ declaring packages/core/test/unit/runtime/keyframe-property-edit.test.ts:172:16
quality (node 24)	Run npm test	 ❯ packages/core/test/unit/runtime/keyframe-property-edit.test.ts:415:17
quality (node 24)	Run npm test	
quality (node 24)	Run npm test	
quality (node 24)	Run npm test	2026-08-31T14:23:53.9342694Z 
quality (node 24)	Run npm test	2026-08-31T14:23:53.9348442Z ##[error]AssertionError: expected [ 'addObserve', 'definition', …(14) ] to deeply equal [ 'addObserve', 'definition', …(16) ]
quality (node 24)	Run npm test	
quality (node 24)	Run npm test	- Expected
quality (node 24)	Run npm test	+ Received
quality (node 24)	Run npm test	
quality (node 24)	Run npm test	@@ -4,17 +4,15 @@
quality (node 24)	Run npm test	    "id",
quality (node 24)	Run npm test	    "live",
quality (node 24)	Run npm test	    "overrideValues",
quality (node 24)	Run npm test	    "remove",
quality (node 24)	Run npm test	    "removeGoal",
quality (node 24)	Run npm test	-   "removeKeyframe",
quality (node 24)	Run npm test	    "removeKeyframeGroup",
quality (node 24)	Run npm test	    "removeObserve",
quality (node 24)	Run npm test	    "removeRequire",
quality (node 24)	Run npm test	    "replace",
quality (node 24)	Run npm test	    "requires",
quality (node 24)	Run npm test	    "setGoal",
quality (node 24)	Run npm test	-   "setKeyframe",
quality (node 24)	Run npm test	    "setKeyframeGroup",
quality (node 24)	Run npm test	    "setRequire",
quality (node 24)	Run npm test	    "setValues",
quality (node 24)	Run npm test	  ]
quality (node 24)	Run npm test	
quality (node 24)	Run npm test	 ❯ packages/core/test/unit/runtime/stale-track-handle.test.ts:144:21
quality (node 24)	Run npm test	
quality (node 24)	Run npm test	
quality (node 24)	Run npm test	2026-08-31T14:23:53.9777971Z ##[error]Process completed with exit code 1.
