quality (node 24)	Run npm test	﻿2026-08-13T13:58:54.1013471Z ##[group]Run npm test
quality (node 24)	Run npm test	2026-08-13T13:58:54.1013779Z ^[[36;1mnpm test^[[0m
quality (node 24)	Run npm test	2026-08-13T13:58:54.1061653Z shell: /usr/bin/bash -e {0}
quality (node 24)	Run npm test	2026-08-13T13:58:54.1061923Z env:
quality (node 24)	Run npm test	2026-08-13T13:58:54.1062138Z   NODE_VERSION: 24
quality (node 24)	Run npm test	2026-08-13T13:58:54.1062359Z ##[endgroup]
quality (node 24)	Run npm test	2026-08-13T13:58:54.2130331Z 
quality (node 24)	Run npm test	2026-08-13T13:58:54.2130883Z > motion5@0.0.0 test
quality (node 24)	Run npm test	2026-08-13T13:58:54.2131356Z > vitest run
quality (node 24)	Run npm test	2026-08-13T13:58:54.2131566Z 
quality (node 24)	Run npm test	2026-08-13T13:58:54.5903667Z 
quality (node 24)	Run npm test	2026-08-13T13:58:54.5907656Z ^[[1m^[[30m^[[46m RUN ^[[49m^[[39m^[[22m ^[[36mv4.1.10 ^[[39m^[[90m/home/runner/work/motion5/motion5^[[39m
quality (node 24)	Run npm test	2026-08-13T13:58:54.5908244Z 
quality (node 24)	Run npm test	2026-08-13T13:58:54.9496163Z  ^[[32m✓^[[39m packages/core/test/unit/graph/observation-state.test.ts ^[[2m(^[[22m^[[2m8 tests^[[22m^[[2m)^[[22m^[[32m 12^[[2mms^[[22m^[[39m
quality (node 24)	Run npm test	2026-08-13T13:58:55.0107126Z  ^[[32m✓^[[39m packages/core/test/unit/runtime/publisher-reentrancy.test.ts ^[[2m(^[[22m^[[2m5 tests^[[22m^[[2m)^[[22m^[[32m 18^[[2mms^[[22m^[[39m
quality (node 24)	Run npm test	2026-08-13T13:58:55.1434064Z  ^[[32m✓^[[39m packages/core/test/unit/domain/plugins.test.ts ^[[2m(^[[22m^[[2m9 tests^[[22m^[[2m)^[[22m^[[32m 11^[[2mms^[[22m^[[39m
quality (node 24)	Run npm test	2026-08-13T13:58:55.2468318Z  ^[[32m✓^[[39m packages/core/test/contract/v5-validator.test.ts ^[[2m(^[[22m^[[2m9 tests^[[22m^[[2m)^[[22m^[[32m 13^[[2mms^[[22m^[[39m
quality (node 24)	Run npm test	2026-08-13T13:58:55.3485051Z  ^[[32m✓^[[39m packages/core/test/contract/validation-owner.test.ts ^[[2m(^[[22m^[[2m6 tests^[[22m^[[2m)^[[22m^[[32m 13^[[2mms^[[22m^[[39m
quality (node 24)	Run npm test	2026-08-13T13:58:55.4894890Z  ^[[32m✓^[[39m packages/core/test/unit/scripts/boundary-scan.test.ts ^[[2m(^[[22m^[[2m10 tests^[[22m^[[2m)^[[22m^[[32m 51^[[2mms^[[22m^[[39m
quality (node 24)	Run npm test	2026-08-13T13:58:55.5869017Z  ^[[32m✓^[[39m packages/core/test/unit/runtime/publisher-flat-inputs.test.ts ^[[2m(^[[22m^[[2m3 tests^[[22m^[[2m)^[[22m^[[32m 9^[[2mms^[[22m^[[39m
quality (node 24)	Run npm test	2026-08-13T13:58:55.7578613Z  ^[[32m✓^[[39m packages/core/test/unit/runtime/clock-tick-identity.test.ts ^[[2m(^[[22m^[[2m4 tests^[[22m^[[2m)^[[22m^[[32m 14^[[2mms^[[22m^[[39m
quality (node 24)	Run npm test	2026-08-13T13:58:55.8166545Z  ^[[32m✓^[[39m packages/core/test/unit/runtime/patch-registry-structural-change.test.ts ^[[2m(^[[22m^[[2m7 tests^[[22m^[[2m)^[[22m^[[32m 10^[[2mms^[[22m^[[39m
quality (node 24)	Run npm test	2026-08-13T13:58:55.9936788Z  ^[[32m✓^[[39m packages/core/test/unit/graph/order.test.ts ^[[2m(^[[22m^[[2m8 tests^[[22m^[[2m)^[[22m^[[32m 18^[[2mms^[[22m^[[39m
quality (node 24)	Run npm test	2026-08-13T13:58:56.0629696Z  ^[[32m✓^[[39m packages/core/test/unit/graph/ir-validation.test.ts ^[[2m(^[[22m^[[2m6 tests^[[22m^[[2m)^[[22m^[[32m 23^[[2mms^[[22m^[[39m
quality (node 24)	Run npm test	2026-08-13T13:58:56.2482591Z  ^[[32m✓^[[39m packages/core/test/unit/runtime/composition-output-shape.test.ts ^[[2m(^[[22m^[[2m3 tests^[[22m^[[2m)^[[22m^[[32m 11^[[2mms^[[22m^[[39m
quality (node 24)	Run npm test	2026-08-13T13:58:56.5150574Z  ^[[32m✓^[[39m packages/core/test/unit/runtime/scheduler-reentrancy.test.ts ^[[2m(^[[22m^[[2m4 tests^[[22m^[[2m)^[[22m^[[32m 9^[[2mms^[[22m^[[39m
quality (node 24)	Run npm test	2026-08-13T13:58:56.5356887Z  ^[[31m❯^[[39m packages/core/test/contract/gsap-authored-duration.test.ts ^[[2m(^[[22m^[[2m5 tests^[[22m^[[2m | ^[[22m^[[31m2 failed^[[39m^[[2m)^[[22m^[[32m 20^[[2mms^[[22m^[[39m
quality (node 24)	Run npm test	2026-08-13T13:58:56.5360156Z      ^[[32m✓^[[39m keeps the authored duration when the last stop ends before the end^[[32m 7^[[2mms^[[22m^[[39m
quality (node 24)	Run npm test	2026-08-13T13:58:56.5375934Z ^[[31m     ^[[31m×^[[31m scales the shared tween by the configured track duration^[[39m^[[32m 7^[[2mms^[[22m^[[39m
quality (node 24)	Run npm test	2026-08-13T13:58:56.5389382Z ^[[31m     ^[[31m×^[[31m holds every property independently when grids end at different positions^[[39m^[[32m 2^[[2mms^[[22m^[[39m
quality (node 24)	Run npm test	2026-08-13T13:58:56.5392201Z      ^[[32m✓^[[39m reports the authored duration for a track with no authored stops^[[32m 0^[[2mms^[[22m^[[39m
quality (node 24)	Run npm test	2026-08-13T13:58:56.5393669Z      ^[[32m✓^[[39m uses one shared tween and never publishes GSAP bookkeeping^[[32m 3^[[2mms^[[22m^[[39m
quality (node 24)	Run npm test	2026-08-13T13:58:56.7333476Z  ^[[32m✓^[[39m packages/core/test/unit/runtime/patch-registry-subscriber-errors.test.ts ^[[2m(^[[22m^[[2m4 tests^[[22m^[[2m)^[[22m^[[32m 9^[[2mms^[[22m^[[39m
quality (node 24)	Run npm test	2026-08-13T13:58:56.7753074Z  ^[[32m✓^[[39m packages/core/test/integration/engine-x3-contribution.test.ts ^[[2m(^[[22m^[[2m3 tests^[[22m^[[2m)^[[22m^[[32m 19^[[2mms^[[22m^[[39m
quality (node 24)	Run npm test	2026-08-13T13:58:56.9683765Z  ^[[32m✓^[[39m packages/core/test/unit/domain/track.test.ts ^[[2m(^[[22m^[[2m5 tests^[[22m^[[2m)^[[22m^[[32m 12^[[2mms^[[22m^[[39m
quality (node 24)	Run npm test	2026-08-13T13:58:56.9783887Z  ^[[32m✓^[[39m packages/core/test/unit/domain/plugin-contribution-contract.test.ts ^[[2m(^[[22m^[[2m4 tests^[[22m^[[2m)^[[22m^[[32m 12^[[2mms^[[22m^[[39m
quality (node 24)	Run npm test	2026-08-13T13:58:57.1789551Z  ^[[32m✓^[[39m packages/core/test/unit/runtime/patch-registry.test.ts ^[[2m(^[[22m^[[2m5 tests^[[22m^[[2m)^[[22m^[[32m 12^[[2mms^[[22m^[[39m
quality (node 24)	Run npm test	2026-08-13T13:58:57.1858690Z  ^[[32m✓^[[39m packages/core/test/integration/publisher-output-merge-consistency.test.ts ^[[2m(^[[22m^[[2m2 tests^[[22m^[[2m)^[[22m^[[32m 7^[[2mms^[[22m^[[39m
quality (node 24)	Run npm test	2026-08-13T13:58:57.3297072Z  ^[[32m✓^[[39m packages/core/test/unit/scripts/public-declaration-surface.test.ts ^[[2m(^[[22m^[[2m3 tests^[[22m^[[2m)^[[22m^[[33m 2462^[[2mms^[[22m^[[39m
quality (node 24)	Run npm test	2026-08-13T13:58:57.3316084Z      ^[[33m^[[2m✓^[[22m^[[39m scans the emitted entry declaration closure, not just source strings ^[[33m 2459^[[2mms^[[22m^[[39m
quality (node 24)	Run npm test	2026-08-13T13:58:57.3954924Z  ^[[32m✓^[[39m packages/core/test/integration/graph-rollback.test.ts ^[[2m(^[[22m^[[2m4 tests^[[22m^[[2m)^[[22m^[[32m 12^[[2mms^[[22m^[[39m
quality (node 24)	Run npm test	2026-08-13T13:58:57.4077108Z  ^[[32m✓^[[39m packages/core/test/integration/graph-publisher.test.ts ^[[2m(^[[22m^[[2m3 tests^[[22m^[[2m)^[[22m^[[32m 8^[[2mms^[[22m^[[39m
quality (node 24)	Run npm test	2026-08-13T13:58:57.5309361Z  ^[[32m✓^[[39m packages/core/test/integration/engine-load-validation.test.ts ^[[2m(^[[22m^[[2m4 tests^[[22m^[[2m)^[[22m^[[32m 13^[[2mms^[[22m^[[39m
quality (node 24)	Run npm test	2026-08-13T13:58:57.5744900Z  ^[[32m✓^[[39m packages/core/test/contract/gsap-sparse-percent-map.test.ts ^[[2m(^[[22m^[[2m3 tests^[[22m^[[2m)^[[22m^[[32m 5^[[2mms^[[22m^[[39m
quality (node 24)	Run npm test	2026-08-13T13:58:57.6251648Z  ^[[32m✓^[[39m packages/core/test/integration/graph-runtime.test.ts ^[[2m(^[[22m^[[2m4 tests^[[22m^[[2m)^[[22m^[[32m 12^[[2mms^[[22m^[[39m
quality (node 24)	Run npm test	2026-08-13T13:58:57.7594034Z  ^[[32m✓^[[39m packages/core/test/migration/v4-to-v5.test.ts ^[[2m(^[[22m^[[2m6 tests^[[22m^[[2m)^[[22m^[[32m 7^[[2mms^[[22m^[[39m
quality (node 24)	Run npm test	2026-08-13T13:58:57.7768067Z  ^[[32m✓^[[39m packages/core/test/contract/adapters.test.ts ^[[2m(^[[22m^[[2m4 tests^[[22m^[[2m)^[[22m^[[32m 11^[[2mms^[[22m^[[39m
quality (node 24)	Run npm test	2026-08-13T13:58:57.8367643Z  ^[[32m✓^[[39m packages/core/test/integration/flush-output-merge.test.ts ^[[2m(^[[22m^[[2m2 tests^[[22m^[[2m)^[[22m^[[32m 8^[[2mms^[[22m^[[39m
quality (node 24)	Run npm test	2026-08-13T13:58:57.9639195Z  ^[[32m✓^[[39m packages/core/test/integration/dom-plugin-metadata.test.ts ^[[2m(^[[22m^[[2m2 tests^[[22m^[[2m)^[[22m^[[32m 6^[[2mms^[[22m^[[39m
quality (node 24)	Run npm test	2026-08-13T13:58:57.9898159Z  ^[[32m✓^[[39m packages/core/test/integration/engine-headless.test.ts ^[[2m(^[[22m^[[2m3 tests^[[22m^[[2m)^[[22m^[[32m 14^[[2mms^[[22m^[[39m
quality (node 24)	Run npm test	2026-08-13T13:58:58.0292039Z  ^[[32m✓^[[39m packages/core/test/integration/dom-patch-apply.test.ts ^[[2m(^[[22m^[[2m2 tests^[[22m^[[2m)^[[22m^[[32m 7^[[2mms^[[22m^[[39m
quality (node 24)	Run npm test	2026-08-13T13:58:58.1632859Z  ^[[32m✓^[[39m packages/core/test/unit/runtime/patch-registry-listener-snapshot.test.ts ^[[2m(^[[22m^[[2m3 tests^[[22m^[[2m)^[[22m^[[32m 7^[[2mms^[[22m^[[39m
quality (node 24)	Run npm test	2026-08-13T13:58:58.1726188Z  ^[[32m✓^[[39m packages/core/test/unit/scripts/governance-gates.test.ts ^[[2m(^[[22m^[[2m5 tests^[[22m^[[2m)^[[22m^[[32m 8^[[2mms^[[22m^[[39m
quality (node 24)	Run npm test	2026-08-13T13:58:58.2758871Z  ^[[31m❯^[[39m packages/core/test/contract/gsap-absolute-stops.test.ts ^[[2m(^[[22m^[[2m2 tests^[[22m^[[2m | ^[[22m^[[31m2 failed^[[39m^[[2m)^[[22m^[[32m 18^[[2mms^[[22m^[[39m
quality (node 24)	Run npm test	2026-08-13T13:58:58.2776046Z ^[[31m     ^[[31m×^[[31m uses one shared paused tween with independent absolute grids^[[39m^[[32m 13^[[2mms^[[22m^[[39m
quality (node 24)	Run npm test	2026-08-13T13:58:58.2785745Z ^[[31m     ^[[31m×^[[31m does not resample a sibling property into a non-linear authored track^[[39m^[[32m 3^[[2mms^[[22m^[[39m
quality (node 24)	Run npm test	2026-08-13T13:58:58.3745846Z  ^[[32m✓^[[39m packages/react/test/patch-store-lifecycle.test.ts ^[[2m(^[[22m^[[2m2 tests^[[22m^[[2m)^[[22m^[[32m 7^[[2mms^[[22m^[[39m
quality (node 24)	Run npm test	2026-08-13T13:58:58.3866963Z ^[[90mstderr^[[2m | packages/react/test/public-package-surface.test.ts^[[2m > ^[[22m^[[2mReact public package surface (C2)^[[2m > ^[[22m^[[2mrenders and updates through the package entry alone
quality (node 24)	Run npm test	2026-08-13T13:58:58.3869019Z ^[[22m^[[39mreact-test-renderer is deprecated. See https://react.dev/warnings/react-test-renderer
quality (node 24)	Run npm test	2026-08-13T13:58:58.3870646Z The current testing environment is not configured to support act(...)
quality (node 24)	Run npm test	2026-08-13T13:58:58.3871564Z The current testing environment is not configured to support act(...)
quality (node 24)	Run npm test	2026-08-13T13:58:58.3872482Z The current testing environment is not configured to support act(...)
quality (node 24)	Run npm test	2026-08-13T13:58:58.3873283Z 
quality (node 24)	Run npm test	2026-08-13T13:58:58.3910557Z  ^[[32m✓^[[39m packages/react/test/public-package-surface.test.ts ^[[2m(^[[22m^[[2m1 test^[[22m^[[2m)^[[22m^[[32m 18^[[2mms^[[22m^[[39m
quality (node 24)	Run npm test	2026-08-13T13:58:58.4688612Z  ^[[32m✓^[[39m packages/core/test/integration/project-runtime.test.ts ^[[2m(^[[22m^[[2m3 tests^[[22m^[[2m)^[[22m^[[32m 9^[[2mms^[[22m^[[39m
quality (node 24)	Run npm test	2026-08-13T13:58:58.5613115Z  ^[[32m✓^[[39m packages/core/test/contract/ports.test.ts ^[[2m(^[[22m^[[2m5 tests^[[22m^[[2m)^[[22m^[[32m 8^[[2mms^[[22m^[[39m
quality (node 24)	Run npm test	2026-08-13T13:58:58.5961334Z  ^[[32m✓^[[39m packages/core/test/unit/domain/motion.test.ts ^[[2m(^[[22m^[[2m4 tests^[[22m^[[2m)^[[22m^[[32m 7^[[2mms^[[22m^[[39m
quality (node 24)	Run npm test	2026-08-13T13:58:58.7263686Z  ^[[32m✓^[[39m packages/core/test/integration/end-to-end.test.ts ^[[2m(^[[22m^[[2m1 test^[[22m^[[2m)^[[22m^[[32m 11^[[2mms^[[22m^[[39m
quality (node 24)	Run npm test	2026-08-13T13:58:58.7671683Z  ^[[32m✓^[[39m packages/core/test/integration/partial-seed-inputs.test.ts ^[[2m(^[[22m^[[2m1 test^[[22m^[[2m)^[[22m^[[32m 7^[[2mms^[[22m^[[39m
quality (node 24)	Run npm test	2026-08-13T13:58:58.8008460Z  ^[[32m✓^[[39m packages/core/test/integration/contract-baseline.test.ts ^[[2m(^[[22m^[[2m5 tests^[[22m^[[2m)^[[22m^[[32m 20^[[2mms^[[22m^[[39m
quality (node 24)	Run npm test	2026-08-13T13:58:58.9104526Z  ^[[32m✓^[[39m packages/core/test/unit/domain/lifecycle.test.ts ^[[2m(^[[22m^[[2m5 tests^[[22m^[[2m)^[[22m^[[32m 9^[[2mms^[[22m^[[39m
quality (node 24)	Run npm test	2026-08-13T13:58:58.9470708Z  ^[[32m✓^[[39m packages/core/test/unit/graph/ids.test.ts ^[[2m(^[[22m^[[2m5 tests^[[22m^[[2m)^[[22m^[[32m 9^[[2mms^[[22m^[[39m
quality (node 24)	Run npm test	2026-08-13T13:58:59.0055606Z  ^[[32m✓^[[39m packages/core/test/unit/scripts/acceptance-scan.test.ts ^[[2m(^[[22m^[[2m3 tests^[[22m^[[2m)^[[22m^[[32m 20^[[2mms^[[22m^[[39m
quality (node 24)	Run npm test	2026-08-13T13:58:59.0806563Z  ^[[32m✓^[[39m packages/core/test/unit/domain/values.test.ts ^[[2m(^[[22m^[[2m6 tests^[[22m^[[2m)^[[22m^[[32m 8^[[2mms^[[22m^[[39m
quality (node 24)	Run npm test	2026-08-13T13:58:59.1300563Z  ^[[32m✓^[[39m packages/core/test/unit/graph/observation-projection-validation.test.ts ^[[2m(^[[22m^[[2m2 tests^[[22m^[[2m)^[[22m^[[32m 7^[[2mms^[[22m^[[39m
quality (node 24)	Run npm test	2026-08-13T13:58:59.1851926Z  ^[[32m✓^[[39m packages/core/test/integration/dom-transform-removal.test.ts ^[[2m(^[[22m^[[2m2 tests^[[22m^[[2m)^[[22m^[[32m 7^[[2mms^[[22m^[[39m
quality (node 24)	Run npm test	2026-08-13T13:58:59.2856665Z  ^[[32m✓^[[39m packages/core/test/unit/domain/triggers.test.ts ^[[2m(^[[22m^[[2m6 tests^[[22m^[[2m)^[[22m^[[32m 8^[[2mms^[[22m^[[39m
quality (node 24)	Run npm test	2026-08-13T13:58:59.3204220Z  ^[[32m✓^[[39m packages/react/test/patch-store.test.ts ^[[2m(^[[22m^[[2m1 test^[[22m^[[2m)^[[22m^[[32m 6^[[2mms^[[22m^[[39m
quality (node 24)	Run npm test	2026-08-13T13:58:59.3858788Z  ^[[32m✓^[[39m packages/core/test/contract/gsap-paused-timeline.test.ts ^[[2m(^[[22m^[[2m2 tests^[[22m^[[2m)^[[22m^[[32m 7^[[2mms^[[22m^[[39m
quality (node 24)	Run npm test	2026-08-13T13:58:59.5027421Z ^[[90mstderr^[[2m | packages/react/test/public-hook-render.test.ts^[[2m > ^[[22m^[[2mReact public hook render/update (C2)^[[2m > ^[[22m^[[2mrenders the current patch and updates after publication
quality (node 24)	Run npm test	2026-08-13T13:58:59.5029914Z ^[[22m^[[39mreact-test-renderer is deprecated. See https://react.dev/warnings/react-test-renderer
quality (node 24)	Run npm test	2026-08-13T13:58:59.5031320Z The current testing environment is not configured to support act(...)
quality (node 24)	Run npm test	2026-08-13T13:58:59.5032530Z The current testing environment is not configured to support act(...)
quality (node 24)	Run npm test	2026-08-13T13:58:59.5033770Z The current testing environment is not configured to support act(...)
quality (node 24)	Run npm test	2026-08-13T13:58:59.5034720Z 
quality (node 24)	Run npm test	2026-08-13T13:58:59.5040817Z  ^[[32m✓^[[39m packages/core/test/unit/scripts/mutation-config.test.ts ^[[2m(^[[22m^[[2m1 test^[[22m^[[2m)^[[22m^[[32m 7^[[2mms^[[22m^[[39m
quality (node 24)	Run npm test	2026-08-13T13:58:59.5115861Z  ^[[32m✓^[[39m packages/react/test/public-hook-render.test.ts ^[[2m(^[[22m^[[2m1 test^[[22m^[[2m)^[[22m^[[32m 14^[[2mms^[[22m^[[39m
quality (node 24)	Run npm test	2026-08-13T13:58:59.6015634Z  ^[[32m✓^[[39m packages/core/test/integration/project-handle-surface.test.ts ^[[2m(^[[22m^[[2m1 test^[[22m^[[2m)^[[22m^[[32m 10^[[2mms^[[22m^[[39m
quality (node 24)	Run npm test	2026-08-13T13:58:59.7069419Z  ^[[32m✓^[[39m packages/core/test/integration/membership-gating.test.ts ^[[2m(^[[22m^[[2m1 test^[[22m^[[2m)^[[22m^[[32m 8^[[2mms^[[22m^[[39m
quality (node 24)	Run npm test	2026-08-13T13:58:59.7142946Z  ^[[32m✓^[[39m packages/core/test/contract/gsap-multi-stop.test.ts ^[[2m(^[[22m^[[2m1 test^[[22m^[[2m)^[[22m^[[32m 9^[[2mms^[[22m^[[39m
quality (node 24)	Run npm test	2026-08-13T13:58:59.8091810Z  ^[[32m✓^[[39m packages/core/test/unit/placeholder.test.ts ^[[2m(^[[22m^[[2m2 tests^[[22m^[[2m)^[[22m^[[32m 5^[[2mms^[[22m^[[39m
quality (node 24)	Run npm test	2026-08-13T13:58:59.8641717Z  ^[[32m✓^[[39m packages/react/test/public-hook.test.ts ^[[2m(^[[22m^[[2m1 test^[[22m^[[2m)^[[22m^[[32m 4^[[2mms^[[22m^[[39m
quality (node 24)	Run npm test	2026-08-13T13:58:59.8853890Z  ^[[32m✓^[[39m packages/core/test/integration/golden-roundtrip.test.ts ^[[2m(^[[22m^[[2m1 test^[[22m^[[2m)^[[22m^[[32m 10^[[2mms^[[22m^[[39m
quality (node 24)	Run npm test	2026-08-13T13:58:59.8884501Z 
quality (node 24)	Run npm test	2026-08-13T13:58:59.8885312Z ^[[31m⎯⎯⎯⎯⎯⎯⎯^[[39m^[[1m^[[41m Failed Tests 4 ^[[49m^[[22m^[[31m⎯⎯⎯⎯⎯⎯⎯^[[39m
quality (node 24)	Run npm test	2026-08-13T13:58:59.8885797Z 
quality (node 24)	Run npm test	2026-08-13T13:58:59.8890000Z ^[[41m^[[1m FAIL ^[[22m^[[49m packages/core/test/contract/gsap-absolute-stops.test.ts^[[2m > ^[[22mGSAP absolute multi-property stops (P0-3)^[[2m > ^[[22muses one shared paused tween with independent absolute grids
quality (node 24)	Run npm test	2026-08-13T13:58:59.8895543Z ^[[31m^[[1mAssertionError^[[22m: expected 16 to be close to 20, received difference is 4, but expected 5e-7^[[39m
quality (node 24)	Run npm test	2026-08-13T13:58:59.8897138Z ^[[36m ^[[2m❯^[[22m packages/core/test/contract/gsap-absolute-stops.test.ts:^[[2m34:45^[[22m^[[39m
quality (node 24)	Run npm test	2026-08-13T13:58:59.8931284Z     ^[[90m 32|^[[39m     ^[[34mexpect^[[39m(^[[34mreadNumber^[[39m(timeline^[[33m.^[[39mstate^[[33m,^[[39m ^[[32m"y"^[[39m))^[[33m.^[[39m^[[34mtoBeCloseTo^[[39m(^[[34m20^[[39m^[[33m,^[[39m ^[[34m6^[[39m)^[[33m;^[[39m
quality (node 24)	Run npm test	2026-08-13T13:58:59.8933208Z     ^[[90m 33|^[[39m     timeline^[[33m.^[[39m^[[34mprogress^[[39m(^[[34m0.2^[[39m)^[[33m;^[[39m
quality (node 24)	Run npm test	2026-08-13T13:58:59.8935567Z     ^[[90m 34|^[[39m     ^[[34mexpect^[[39m(^[[34mreadNumber^[[39m(timeline^[[33m.^[[39mstate^[[33m,^[[39m ^[[32m"x"^[[39m))^[[33m.^[[39m^[[34mtoBeCloseTo^[[39m(^[[34m20^[[39m^[[33m,^[[39m ^[[34m6^[[39m)^[[33m;^[[39m
quality (node 24)	Run npm test	2026-08-13T13:58:59.8937656Z     ^[[90m   |^[[39m                                             ^[[31m^^[[39m
quality (node 24)	Run npm test	2026-08-13T13:58:59.8939556Z     ^[[90m 35|^[[39m     ^[[34mexpect^[[39m(^[[34mreadNumber^[[39m(timeline^[[33m.^[[39mstate^[[33m,^[[39m ^[[32m"y"^[[39m))^[[33m.^[[39m^[[34mtoBeCloseTo^[[39m(^[[34m20^[[39m^[[33m,^[[39m ^[[34m6^[[39m)^[[33m;^[[39m
quality (node 24)	Run npm test	2026-08-13T13:58:59.8941253Z     ^[[90m 36|^[[39m     timeline^[[33m.^[[39m^[[34mprogress^[[39m(^[[34m0.25^[[39m)^[[33m;^[[39m
quality (node 24)	Run npm test	2026-08-13T13:58:59.8942091Z 
quality (node 24)	Run npm test	2026-08-13T13:58:59.8942700Z ^[[31m^[[2m⎯⎯⎯⎯⎯⎯⎯⎯⎯⎯⎯⎯⎯⎯⎯⎯⎯⎯⎯⎯⎯⎯⎯⎯[1/4]⎯^[[22m^[[39m
quality (node 24)	Run npm test	2026-08-13T13:58:59.8943272Z 
quality (node 24)	Run npm test	2026-08-13T13:58:59.8945389Z ^[[41m^[[1m FAIL ^[[22m^[[49m packages/core/test/contract/gsap-absolute-stops.test.ts^[[2m > ^[[22mGSAP absolute multi-property stops (P0-3)^[[2m > ^[[22mdoes not resample a sibling property into a non-linear authored track
quality (node 24)	Run npm test	2026-08-13T13:58:59.8947950Z ^[[31m^[[1mAssertionError^[[22m: expected 41.666667 to be close to 50, received difference is 8.333333000000003, but expected 0.0005^[[39m
quality (node 24)	Run npm test	2026-08-13T13:58:59.8949683Z ^[[36m ^[[2m❯^[[22m packages/core/test/contract/gsap-absolute-stops.test.ts:^[[2m73:45^[[22m^[[39m
quality (node 24)	Run npm test	2026-08-13T13:58:59.8951680Z     ^[[90m 71|^[[39m     ^[[34mexpect^[[39m(^[[34mreadNumber^[[39m(timeline^[[33m.^[[39mstate^[[33m,^[[39m ^[[32m"y"^[[39m))^[[33m.^[[39m^[[34mtoBeCloseTo^[[39m(^[[34m25^[[39m^[[33m,^[[39m ^[[34m3^[[39m)^[[33m;^[[39m
quality (node 24)	Run npm test	2026-08-13T13:58:59.8953447Z     ^[[90m 72|^[[39m     timeline^[[33m.^[[39m^[[34mprogress^[[39m(^[[34m0.5^[[39m)^[[33m;^[[39m
quality (node 24)	Run npm test	2026-08-13T13:58:59.8955663Z     ^[[90m 73|^[[39m     ^[[34mexpect^[[39m(^[[34mreadNumber^[[39m(timeline^[[33m.^[[39mstate^[[33m,^[[39m ^[[32m"y"^[[39m))^[[33m.^[[39m^[[34mtoBeCloseTo^[[39m(^[[34m50^[[39m^[[33m,^[[39m ^[[34m3^[[39m)^[[33m;^[[39m
quality (node 24)	Run npm test	2026-08-13T13:58:59.8957541Z     ^[[90m   |^[[39m                                             ^[[31m^^[[39m
quality (node 24)	Run npm test	2026-08-13T13:58:59.8958609Z     ^[[90m 74|^[[39m     timeline^[[33m.^[[39m^[[34mkill^[[39m()^[[33m;^[[39m
quality (node 24)	Run npm test	2026-08-13T13:58:59.8959439Z     ^[[90m 75|^[[39m   })^[[33m;^[[39m
quality (node 24)	Run npm test	2026-08-13T13:58:59.8959944Z 
quality (node 24)	Run npm test	2026-08-13T13:58:59.8960543Z ^[[31m^[[2m⎯⎯⎯⎯⎯⎯⎯⎯⎯⎯⎯⎯⎯⎯⎯⎯⎯⎯⎯⎯⎯⎯⎯⎯[2/4]⎯^[[22m^[[39m
quality (node 24)	Run npm test	2026-08-13T13:58:59.8960940Z 
quality (node 24)	Run npm test	2026-08-13T13:58:59.8961172Z 
quality (node 24)	Run npm test	2026-08-13T13:58:59.8963020Z ^[[41m^[[1m FAIL ^[[22m^[[49m packages/core/test/contract/gsap-authored-duration.test.ts^[[2m > ^[[22mGSAP authored-duration pinning (P0-3b)^[[2m > ^[[22mscales the shared tween by the configured track duration
quality (node 24)	Run npm test	2026-08-13T13:58:59.8965975Z ^[[31m^[[1mAssertionError^[[22m: expected 98 to be close to 100, received difference is 2, but expected 5e-7^[[39m
quality (node 24)	Run npm test	2026-08-13T13:58:59.8967700Z ^[[36m ^[[2m❯^[[22m packages/core/test/contract/gsap-authored-duration.test.ts:^[[2m53:45^[[22m^[[39m
quality (node 24)	Run npm test	2026-08-13T13:58:59.8969408Z ^[[2m Test Files ^[[22m ^[[1m^[[31m2 failed^[[39m^[[22m^[[2m | ^[[22m^[[1m^[[32m58 passed^[[39m^[[22m^[[90m (60)^[[39m
quality (node 24)	Run npm test	2026-08-13T13:58:59.8970744Z ^[[2m      Tests ^[[22m ^[[1m^[[31m4 failed^[[39m^[[22m^[[2m | ^[[22m^[[1m^[[32m219 passed^[[39m^[[22m^[[90m (223)^[[39m
quality (node 24)	Run npm test	2026-08-13T13:58:59.8971850Z ^[[2m   Start at ^[[22m 13:58:54
quality (node 24)	Run npm test	2026-08-13T13:58:59.8972907Z ^[[2m   Duration ^[[22m 5.28s^[[2m (transform 1.17s, setup 0ms, import 2.80s, tests 3.13s, environment 8ms)^[[22m
quality (node 24)	Run npm test	2026-08-13T13:58:59.8975357Z     ^[[90m 51|^[[39m     ^[[34mexpect^[[39m(seam^[[33m.^[[39mcreated[^[[34m0^[[39m]^[[33m?.^[[39m^[[34mduration^[[39m())^[[33m.^[[39m^[[34mtoBeCloseTo^[[39m(^[[34m2^[[39m^[[33m,^[[39m ^[[34m10^[[39m)^[[33m;^[[39m
quality (node 24)	Run npm test	2026-08-13T13:58:59.8976351Z 
quality (node 24)	Run npm test	2026-08-13T13:58:59.8977295Z     ^[[90m 52|^[[39m     timeline^[[33m.^[[39m^[[34mprogress^[[39m(^[[34m0.9^[[39m)^[[33m;^[[39m
quality (node 24)	Run npm test	2026-08-13T13:58:59.8979345Z     ^[[90m 53|^[[39m     ^[[34mexpect^[[39m(^[[34mreadNumber^[[39m(timeline^[[33m.^[[39mstate^[[33m,^[[39m ^[[32m"x"^[[39m))^[[33m.^[[39m^[[34mtoBeCloseTo^[[39m(^[[34m100^[[39m^[[33m,^[[39m ^[[34m6^[[39m)^[[33m;^[[39m
quality (node 24)	Run npm test	2026-08-13T13:58:59.8981001Z     ^[[90m   |^[[39m                                             ^[[31m^^[[39m
quality (node 24)	Run npm test	2026-08-13T13:58:59.8982082Z     ^[[90m 54|^[[39m     timeline^[[33m.^[[39m^[[34mkill^[[39m()^[[33m;^[[39m
quality (node 24)	Run npm test	2026-08-13T13:58:59.8983009Z     ^[[90m 55|^[[39m   })^[[33m;^[[39m
quality (node 24)	Run npm test	2026-08-13T13:58:59.8983446Z 
quality (node 24)	Run npm test	2026-08-13T13:58:59.8983900Z ^[[31m^[[2m⎯⎯⎯⎯⎯⎯⎯⎯⎯⎯⎯⎯⎯⎯⎯⎯⎯⎯⎯⎯⎯⎯⎯⎯[3/4]⎯^[[22m^[[39m
quality (node 24)	Run npm test	2026-08-13T13:58:59.8984151Z 
quality (node 24)	Run npm test	2026-08-13T13:58:59.8985452Z ^[[41m^[[1m FAIL ^[[22m^[[49m packages/core/test/contract/gsap-authored-duration.test.ts^[[2m > ^[[22mGSAP authored-duration pinning (P0-3b)^[[2m > ^[[22mholds every property independently when grids end at different positions
quality (node 24)	Run npm test	2026-08-13T13:58:59.8986864Z ^[[31m^[[1mAssertionError^[[22m: expected 32.949219 to be close to 37.5, received difference is 4.550781000000001, but expected 5e-7^[[39m
quality (node 24)	Run npm test	2026-08-13T13:58:59.8987801Z ^[[36m ^[[2m❯^[[22m packages/core/test/contract/gsap-authored-duration.test.ts:^[[2m80:17^[[22m^[[39m
quality (node 24)	Run npm test	2026-08-13T13:58:59.8988738Z     ^[[90m 78|^[[39m     ^[[34mexpect^[[39m(timeline^[[33m.^[[39mduration)^[[33m.^[[39m^[[34mtoBeCloseTo^[[39m(^[[34m1^[[39m^[[33m,^[[39m ^[[34m10^[[39m)^[[33m;^[[39m
quality (node 24)	Run npm test	2026-08-13T13:58:59.8989524Z     ^[[90m 79|^[[39m     timeline^[[33m.^[[39m^[[34mprogress^[[39m(^[[34m0.375^[[39m)^[[33m;^[[39m
quality (node 24)	Run npm test	2026-08-13T13:58:59.8990529Z     ^[[90m 80|^[[39m     ^[[34mexpect^[[39m(^[[34mx^[[39m())^[[33m.^[[39m^[[34mtoBeCloseTo^[[39m(^[[34m37.5^[[39m^[[33m,^[[39m ^[[34m6^[[39m)^[[33m;^[[39m
quality (node 24)	Run npm test	2026-08-13T13:58:59.8991115Z     ^[[90m   |^[[39m                 ^[[31m^^[[39m
quality (node 24)	Run npm test	2026-08-13T13:58:59.8991769Z     ^[[90m 81|^[[39m     ^[[34mexpect^[[39m(^[[34my^[[39m())^[[33m.^[[39m^[[34mtoBeCloseTo^[[39m(^[[34m37.5^[[39m^[[33m,^[[39m ^[[34m6^[[39m)^[[33m;^[[39m
quality (node 24)	Run npm test	2026-08-13T13:58:59.8992571Z     ^[[90m 82|^[[39m     timeline^[[33m.^[[39m^[[34mprogress^[[39m(^[[34m0.9^[[39m)^[[33m;^[[39m
quality (node 24)	Run npm test	2026-08-13T13:58:59.8992866Z 
quality (node 24)	Run npm test	2026-08-13T13:58:59.8993117Z ^[[31m^[[2m⎯⎯⎯⎯⎯⎯⎯⎯⎯⎯⎯⎯⎯⎯⎯⎯⎯⎯⎯⎯⎯⎯⎯⎯[4/4]⎯^[[22m^[[39m
quality (node 24)	Run npm test	2026-08-13T13:58:59.8993319Z 
quality (node 24)	Run npm test	2026-08-13T13:58:59.8993335Z 
quality (node 24)	Run npm test	2026-08-13T13:58:59.9015515Z ##[error]AssertionError: expected 16 to be close to 20, received difference is 4, but expected 5e-7
quality (node 24)	Run npm test	 ❯ packages/core/test/contract/gsap-absolute-stops.test.ts:34:45
quality (node 24)	Run npm test	
quality (node 24)	Run npm test	
quality (node 24)	Run npm test	2026-08-13T13:58:59.9023919Z 
quality (node 24)	Run npm test	2026-08-13T13:58:59.9026900Z ##[error]AssertionError: expected 41.666667 to be close to 50, received difference is 8.333333000000003, but expected 0.0005
quality (node 24)	Run npm test	 ❯ packages/core/test/contract/gsap-absolute-stops.test.ts:73:45
quality (node 24)	Run npm test	
quality (node 24)	Run npm test	
quality (node 24)	Run npm test	2026-08-13T13:58:59.9028388Z 
quality (node 24)	Run npm test	2026-08-13T13:58:59.9030926Z ##[error]AssertionError: expected 98 to be close to 100, received difference is 2, but expected 5e-7
quality (node 24)	Run npm test	 ❯ packages/core/test/contract/gsap-authored-duration.test.ts:53:45
quality (node 24)	Run npm test	
quality (node 24)	Run npm test	
quality (node 24)	Run npm test	2026-08-13T13:58:59.9032618Z 
quality (node 24)	Run npm test	2026-08-13T13:58:59.9035496Z ##[error]AssertionError: expected 32.949219 to be close to 37.5, received difference is 4.550781000000001, but expected 5e-7
quality (node 24)	Run npm test	 ❯ packages/core/test/contract/gsap-authored-duration.test.ts:80:17
quality (node 24)	Run npm test	
quality (node 24)	Run npm test	
quality (node 24)	Run npm test	2026-08-13T13:58:59.9420855Z ##[error]Process completed with exit code 1.
