quality (node 24)	Run npm test	﻿2026-08-13T14:26:46.8693738Z ##[group]Run npm test
quality (node 24)	Run npm test	2026-08-13T14:26:46.8694047Z ^[[36;1mnpm test^[[0m
quality (node 24)	Run npm test	2026-08-13T14:26:46.8739739Z shell: /usr/bin/bash -e {0}
quality (node 24)	Run npm test	2026-08-13T14:26:46.8739994Z env:
quality (node 24)	Run npm test	2026-08-13T14:26:46.8740186Z   NODE_VERSION: 24
quality (node 24)	Run npm test	2026-08-13T14:26:46.8740400Z ##[endgroup]
quality (node 24)	Run npm test	2026-08-13T14:26:46.9899533Z 
quality (node 24)	Run npm test	2026-08-13T14:26:46.9900071Z > motion5@0.0.0 test
quality (node 24)	Run npm test	2026-08-13T14:26:46.9900443Z > vitest run
quality (node 24)	Run npm test	2026-08-13T14:26:46.9900600Z 
quality (node 24)	Run npm test	2026-08-13T14:26:47.4278714Z 
quality (node 24)	Run npm test	2026-08-13T14:26:47.4280453Z ^[[1m^[[30m^[[46m RUN ^[[49m^[[39m^[[22m ^[[36mv4.1.10 ^[[39m^[[90m/home/runner/work/motion5/motion5^[[39m
quality (node 24)	Run npm test	2026-08-13T14:26:47.4308519Z 
quality (node 24)	Run npm test	2026-08-13T14:26:47.8221959Z  ^[[32m✓^[[39m packages/core/test/unit/graph/observation-state.test.ts ^[[2m(^[[22m^[[2m8 tests^[[22m^[[2m)^[[22m^[[32m 18^[[2mms^[[22m^[[39m
quality (node 24)	Run npm test	2026-08-13T14:26:47.8769791Z  ^[[32m✓^[[39m packages/core/test/unit/runtime/publisher-reentrancy.test.ts ^[[2m(^[[22m^[[2m5 tests^[[22m^[[2m)^[[22m^[[32m 17^[[2mms^[[22m^[[39m
quality (node 24)	Run npm test	2026-08-13T14:26:48.0520959Z  ^[[32m✓^[[39m packages/core/test/unit/domain/plugins.test.ts ^[[2m(^[[22m^[[2m9 tests^[[22m^[[2m)^[[22m^[[32m 12^[[2mms^[[22m^[[39m
quality (node 24)	Run npm test	2026-08-13T14:26:48.0955349Z  ^[[32m✓^[[39m packages/core/test/contract/v5-validator.test.ts ^[[2m(^[[22m^[[2m9 tests^[[22m^[[2m)^[[22m^[[32m 11^[[2mms^[[22m^[[39m
quality (node 24)	Run npm test	2026-08-13T14:26:48.2730761Z  ^[[32m✓^[[39m packages/core/test/contract/validation-owner.test.ts ^[[2m(^[[22m^[[2m6 tests^[[22m^[[2m)^[[22m^[[32m 15^[[2mms^[[22m^[[39m
quality (node 24)	Run npm test	2026-08-13T14:26:48.3968060Z  ^[[32m✓^[[39m packages/core/test/unit/scripts/boundary-scan.test.ts ^[[2m(^[[22m^[[2m10 tests^[[22m^[[2m)^[[22m^[[32m 59^[[2mms^[[22m^[[39m
quality (node 24)	Run npm test	2026-08-13T14:26:48.4713789Z  ^[[32m✓^[[39m packages/core/test/unit/runtime/publisher-flat-inputs.test.ts ^[[2m(^[[22m^[[2m3 tests^[[22m^[[2m)^[[22m^[[32m 7^[[2mms^[[22m^[[39m
quality (node 24)	Run npm test	2026-08-13T14:26:48.6496950Z  ^[[32m✓^[[39m packages/core/test/unit/runtime/clock-tick-identity.test.ts ^[[2m(^[[22m^[[2m4 tests^[[22m^[[2m)^[[22m^[[32m 17^[[2mms^[[22m^[[39m
quality (node 24)	Run npm test	2026-08-13T14:26:48.6896552Z  ^[[32m✓^[[39m packages/core/test/unit/runtime/patch-registry-structural-change.test.ts ^[[2m(^[[22m^[[2m7 tests^[[22m^[[2m)^[[22m^[[32m 9^[[2mms^[[22m^[[39m
quality (node 24)	Run npm test	2026-08-13T14:26:48.8592793Z  ^[[32m✓^[[39m packages/core/test/unit/graph/order.test.ts ^[[2m(^[[22m^[[2m8 tests^[[22m^[[2m)^[[22m^[[32m 9^[[2mms^[[22m^[[39m
quality (node 24)	Run npm test	2026-08-13T14:26:48.9667538Z  ^[[32m✓^[[39m packages/core/test/unit/graph/ir-validation.test.ts ^[[2m(^[[22m^[[2m6 tests^[[22m^[[2m)^[[22m^[[32m 13^[[2mms^[[22m^[[39m
quality (node 24)	Run npm test	2026-08-13T14:26:49.2053789Z  ^[[32m✓^[[39m packages/core/test/integration/engine-x3-contribution.test.ts ^[[2m(^[[22m^[[2m4 tests^[[22m^[[2m)^[[22m^[[32m 28^[[2mms^[[22m^[[39m
quality (node 24)	Run npm test	2026-08-13T14:26:49.2179663Z  ^[[32m✓^[[39m packages/core/test/unit/runtime/composition-output-shape.test.ts ^[[2m(^[[22m^[[2m3 tests^[[22m^[[2m)^[[22m^[[32m 18^[[2mms^[[22m^[[39m
quality (node 24)	Run npm test	2026-08-13T14:26:49.4730861Z  ^[[32m✓^[[39m packages/core/test/unit/runtime/scheduler-reentrancy.test.ts ^[[2m(^[[22m^[[2m4 tests^[[22m^[[2m)^[[22m^[[32m 17^[[2mms^[[22m^[[39m
quality (node 24)	Run npm test	2026-08-13T14:26:49.6970894Z  ^[[32m✓^[[39m packages/core/test/contract/gsap-authored-duration.test.ts ^[[2m(^[[22m^[[2m5 tests^[[22m^[[2m)^[[22m^[[32m 15^[[2mms^[[22m^[[39m
quality (node 24)	Run npm test	2026-08-13T14:26:49.7364266Z  ^[[32m✓^[[39m packages/core/test/unit/runtime/patch-registry-subscriber-errors.test.ts ^[[2m(^[[22m^[[2m4 tests^[[22m^[[2m)^[[22m^[[32m 13^[[2mms^[[22m^[[39m
quality (node 24)	Run npm test	2026-08-13T14:26:49.9709720Z  ^[[32m✓^[[39m packages/core/test/unit/domain/plugin-contribution-contract.test.ts ^[[2m(^[[22m^[[2m4 tests^[[22m^[[2m)^[[22m^[[32m 8^[[2mms^[[22m^[[39m
quality (node 24)	Run npm test	2026-08-13T14:26:49.9756197Z  ^[[32m✓^[[39m packages/core/test/unit/domain/track.test.ts ^[[2m(^[[22m^[[2m5 tests^[[22m^[[2m)^[[22m^[[32m 14^[[2mms^[[22m^[[39m
quality (node 24)	Run npm test	2026-08-13T14:26:50.1669619Z  ^[[32m✓^[[39m packages/core/test/unit/runtime/patch-registry.test.ts ^[[2m(^[[22m^[[2m5 tests^[[22m^[[2m)^[[22m^[[32m 11^[[2mms^[[22m^[[39m
quality (node 24)	Run npm test	2026-08-13T14:26:50.2079478Z  ^[[32m✓^[[39m packages/core/test/integration/publisher-output-merge-consistency.test.ts ^[[2m(^[[22m^[[2m2 tests^[[22m^[[2m)^[[22m^[[32m 10^[[2mms^[[22m^[[39m
quality (node 24)	Run npm test	2026-08-13T14:26:50.4259950Z  ^[[32m✓^[[39m packages/core/test/integration/graph-publisher.test.ts ^[[2m(^[[22m^[[2m3 tests^[[22m^[[2m)^[[22m^[[32m 10^[[2mms^[[22m^[[39m
quality (node 24)	Run npm test	2026-08-13T14:26:50.4587376Z  ^[[32m✓^[[39m packages/core/test/contract/gsap-sparse-percent-map.test.ts ^[[2m(^[[22m^[[2m3 tests^[[22m^[[2m)^[[22m^[[32m 9^[[2mms^[[22m^[[39m
quality (node 24)	Run npm test	2026-08-13T14:26:50.6495999Z  ^[[32m✓^[[39m packages/core/test/integration/graph-rollback.test.ts ^[[2m(^[[22m^[[2m4 tests^[[22m^[[2m)^[[22m^[[32m 11^[[2mms^[[22m^[[39m
quality (node 24)	Run npm test	2026-08-13T14:26:50.7329833Z  ^[[32m✓^[[39m packages/core/test/integration/engine-load-validation.test.ts ^[[2m(^[[22m^[[2m4 tests^[[22m^[[2m)^[[22m^[[32m 14^[[2mms^[[22m^[[39m
quality (node 24)	Run npm test	2026-08-13T14:26:50.7945998Z  ^[[32m✓^[[39m packages/core/test/unit/scripts/public-declaration-surface.test.ts ^[[2m(^[[22m^[[2m3 tests^[[22m^[[2m)^[[22m^[[33m 3046^[[2mms^[[22m^[[39m
quality (node 24)	Run npm test	2026-08-13T14:26:50.7948022Z      ^[[33m^[[2m✓^[[22m^[[39m scans the emitted entry declaration closure, not just source strings ^[[33m 3040^[[2mms^[[22m^[[39m
quality (node 24)	Run npm test	2026-08-13T14:26:50.8751377Z  ^[[32m✓^[[39m packages/core/test/integration/graph-runtime.test.ts ^[[2m(^[[22m^[[2m4 tests^[[22m^[[2m)^[[22m^[[32m 17^[[2mms^[[22m^[[39m
quality (node 24)	Run npm test	2026-08-13T14:26:50.9412163Z  ^[[32m✓^[[39m packages/core/test/migration/v4-to-v5.test.ts ^[[2m(^[[22m^[[2m6 tests^[[22m^[[2m)^[[22m^[[32m 11^[[2mms^[[22m^[[39m
quality (node 24)	Run npm test	2026-08-13T14:26:50.9960793Z  ^[[32m✓^[[39m packages/core/test/integration/flush-output-merge.test.ts ^[[2m(^[[22m^[[2m2 tests^[[22m^[[2m)^[[22m^[[32m 5^[[2mms^[[22m^[[39m
quality (node 24)	Run npm test	2026-08-13T14:26:51.1374142Z  ^[[31m❯^[[39m packages/core/test/contract/adapters.test.ts ^[[2m(^[[22m^[[2m4 tests^[[22m^[[2m | ^[[22m^[[31m1 failed^[[39m^[[2m)^[[22m^[[32m 21^[[2mms^[[22m^[[39m
quality (node 24)	Run npm test	2026-08-13T14:26:51.1375959Z      ^[[32m✓^[[39m compiles authored stops onto an adapter-owned proxy state^[[32m 7^[[2mms^[[22m^[[39m
quality (node 24)	Run npm test	2026-08-13T14:26:51.1377680Z ^[[31m     ^[[31m×^[[31m adapts a GSAP-like paused timeline without leaking the engine object^[[39m^[[32m 10^[[2mms^[[22m^[[39m
quality (node 24)	Run npm test	2026-08-13T14:26:51.1379461Z      ^[[32m✓^[[39m ticks through an injected frame source and cancels on dispose^[[32m 1^[[2mms^[[22m^[[39m
quality (node 24)	Run npm test	2026-08-13T14:26:51.1380847Z      ^[[32m✓^[[39m applies perspective once and never applies blocked patches^[[32m 1^[[2mms^[[22m^[[39m
quality (node 24)	Run npm test	2026-08-13T14:26:51.1942704Z  ^[[32m✓^[[39m packages/core/test/integration/engine-headless.test.ts ^[[2m(^[[22m^[[2m3 tests^[[22m^[[2m)^[[22m^[[32m 12^[[2mms^[[22m^[[39m
quality (node 24)	Run npm test	2026-08-13T14:26:51.2010339Z  ^[[32m✓^[[39m packages/core/test/integration/dom-plugin-metadata.test.ts ^[[2m(^[[22m^[[2m2 tests^[[22m^[[2m)^[[22m^[[32m 9^[[2mms^[[22m^[[39m
quality (node 24)	Run npm test	2026-08-13T14:26:51.3461396Z  ^[[32m✓^[[39m packages/core/test/integration/dom-patch-apply.test.ts ^[[2m(^[[22m^[[2m2 tests^[[22m^[[2m)^[[22m^[[32m 9^[[2mms^[[22m^[[39m
quality (node 24)	Run npm test	2026-08-13T14:26:51.3903726Z  ^[[32m✓^[[39m packages/core/test/unit/runtime/patch-registry-listener-snapshot.test.ts ^[[2m(^[[22m^[[2m3 tests^[[22m^[[2m)^[[22m^[[32m 6^[[2mms^[[22m^[[39m
quality (node 24)	Run npm test	2026-08-13T14:26:51.4040622Z  ^[[32m✓^[[39m packages/core/test/unit/scripts/governance-gates.test.ts ^[[2m(^[[22m^[[2m5 tests^[[22m^[[2m)^[[22m^[[32m 12^[[2mms^[[22m^[[39m
quality (node 24)	Run npm test	2026-08-13T14:26:51.5798568Z  ^[[32m✓^[[39m packages/core/test/contract/gsap-absolute-stops.test.ts ^[[2m(^[[22m^[[2m2 tests^[[22m^[[2m)^[[22m^[[32m 12^[[2mms^[[22m^[[39m
quality (node 24)	Run npm test	2026-08-13T14:26:51.6036992Z  ^[[32m✓^[[39m packages/react/test/patch-store-lifecycle.test.ts ^[[2m(^[[22m^[[2m2 tests^[[22m^[[2m)^[[22m^[[32m 6^[[2mms^[[22m^[[39m
quality (node 24)	Run npm test	2026-08-13T14:26:51.6465267Z ^[[90mstderr^[[2m | packages/react/test/public-package-surface.test.ts^[[2m > ^[[22m^[[2mReact public package surface (C2)^[[2m > ^[[22m^[[2mrenders and updates through the package entry alone
quality (node 24)	Run npm test	2026-08-13T14:26:51.6474621Z ^[[22m^[[39mreact-test-renderer is deprecated. See https://react.dev/warnings/react-test-renderer
quality (node 24)	Run npm test	2026-08-13T14:26:51.6476124Z The current testing environment is not configured to support act(...)
quality (node 24)	Run npm test	2026-08-13T14:26:51.6477555Z The current testing environment is not configured to support act(...)
quality (node 24)	Run npm test	2026-08-13T14:26:51.6479290Z The current testing environment is not configured to support act(...)
quality (node 24)	Run npm test	2026-08-13T14:26:51.6480204Z 
quality (node 24)	Run npm test	2026-08-13T14:26:51.6494158Z  ^[[32m✓^[[39m packages/react/test/public-package-surface.test.ts ^[[2m(^[[22m^[[2m1 test^[[22m^[[2m)^[[22m^[[32m 15^[[2mms^[[22m^[[39m
quality (node 24)	Run npm test	2026-08-13T14:26:51.8106404Z  ^[[32m✓^[[39m packages/core/test/contract/ports.test.ts ^[[2m(^[[22m^[[2m5 tests^[[22m^[[2m)^[[22m^[[32m 11^[[2mms^[[22m^[[39m
quality (node 24)	Run npm test	2026-08-13T14:26:51.8346476Z  ^[[32m✓^[[39m packages/core/test/integration/project-runtime.test.ts ^[[2m(^[[22m^[[2m3 tests^[[22m^[[2m)^[[22m^[[32m 10^[[2mms^[[22m^[[39m
quality (node 24)	Run npm test	2026-08-13T14:26:51.8630055Z  ^[[32m✓^[[39m packages/core/test/unit/domain/motion.test.ts ^[[2m(^[[22m^[[2m4 tests^[[22m^[[2m)^[[22m^[[32m 12^[[2mms^[[22m^[[39m
quality (node 24)	Run npm test	2026-08-13T14:26:52.0460462Z  ^[[32m✓^[[39m packages/core/test/integration/partial-seed-inputs.test.ts ^[[2m(^[[22m^[[2m1 test^[[22m^[[2m)^[[22m^[[32m 7^[[2mms^[[22m^[[39m
quality (node 24)	Run npm test	2026-08-13T14:26:52.0670678Z  ^[[32m✓^[[39m packages/core/test/integration/end-to-end.test.ts ^[[2m(^[[22m^[[2m1 test^[[22m^[[2m)^[[22m^[[32m 14^[[2mms^[[22m^[[39m
quality (node 24)	Run npm test	2026-08-13T14:26:52.1263149Z  ^[[32m✓^[[39m packages/core/test/integration/contract-baseline.test.ts ^[[2m(^[[22m^[[2m5 tests^[[22m^[[2m)^[[22m^[[32m 26^[[2mms^[[22m^[[39m
quality (node 24)	Run npm test	2026-08-13T14:26:52.2373410Z  ^[[32m✓^[[39m packages/core/test/unit/domain/lifecycle.test.ts ^[[2m(^[[22m^[[2m5 tests^[[22m^[[2m)^[[22m^[[32m 10^[[2mms^[[22m^[[39m
quality (node 24)	Run npm test	2026-08-13T14:26:52.2729262Z  ^[[32m✓^[[39m packages/core/test/unit/graph/ids.test.ts ^[[2m(^[[22m^[[2m5 tests^[[22m^[[2m)^[[22m^[[32m 10^[[2mms^[[22m^[[39m
quality (node 24)	Run npm test	2026-08-13T14:26:52.3394064Z  ^[[32m✓^[[39m packages/core/test/unit/scripts/acceptance-scan.test.ts ^[[2m(^[[22m^[[2m3 tests^[[22m^[[2m)^[[22m^[[32m 20^[[2mms^[[22m^[[39m
quality (node 24)	Run npm test	2026-08-13T14:26:52.4319583Z  ^[[32m✓^[[39m packages/core/test/unit/domain/values.test.ts ^[[2m(^[[22m^[[2m6 tests^[[22m^[[2m)^[[22m^[[32m 9^[[2mms^[[22m^[[39m
quality (node 24)	Run npm test	2026-08-13T14:26:52.4888901Z  ^[[32m✓^[[39m packages/core/test/unit/graph/observation-projection-validation.test.ts ^[[2m(^[[22m^[[2m2 tests^[[22m^[[2m)^[[22m^[[32m 8^[[2mms^[[22m^[[39m
quality (node 24)	Run npm test	2026-08-13T14:26:52.5396478Z  ^[[32m✓^[[39m packages/core/test/integration/dom-transform-removal.test.ts ^[[2m(^[[22m^[[2m2 tests^[[22m^[[2m)^[[22m^[[32m 7^[[2mms^[[22m^[[39m
quality (node 24)	Run npm test	2026-08-13T14:26:52.6208701Z  ^[[32m✓^[[39m packages/core/test/unit/domain/triggers.test.ts ^[[2m(^[[22m^[[2m6 tests^[[22m^[[2m)^[[22m^[[32m 8^[[2mms^[[22m^[[39m
quality (node 24)	Run npm test	2026-08-13T14:26:52.6723884Z  ^[[32m✓^[[39m packages/react/test/patch-store.test.ts ^[[2m(^[[22m^[[2m1 test^[[22m^[[2m)^[[22m^[[32m 5^[[2mms^[[22m^[[39m
quality (node 24)	Run npm test	2026-08-13T14:26:52.7856956Z  ^[[32m✓^[[39m packages/core/test/contract/gsap-paused-timeline.test.ts ^[[2m(^[[22m^[[2m2 tests^[[22m^[[2m)^[[22m^[[32m 10^[[2mms^[[22m^[[39m
quality (node 24)	Run npm test	2026-08-13T14:26:52.8471739Z  ^[[32m✓^[[39m packages/core/test/unit/scripts/mutation-config.test.ts ^[[2m(^[[22m^[[2m1 test^[[22m^[[2m)^[[22m^[[32m 7^[[2mms^[[22m^[[39m
quality (node 24)	Run npm test	2026-08-13T14:26:52.8790296Z ^[[90mstderr^[[2m | packages/react/test/public-hook-render.test.ts^[[2m > ^[[22m^[[2mReact public hook render/update (C2)^[[2m > ^[[22m^[[2mrenders the current patch and updates after publication
quality (node 24)	Run npm test	2026-08-13T14:26:52.8801345Z ^[[22m^[[39mreact-test-renderer is deprecated. See https://react.dev/warnings/react-test-renderer
quality (node 24)	Run npm test	2026-08-13T14:26:52.8829939Z  ^[[32m✓^[[39m packages/react/test/public-hook-render.test.ts ^[[2m(^[[22m^[[2m1 test^[[22m^[[2m)^[[22m^[[32m 22^[[2mms^[[22m^[[39m
quality (node 24)	Run npm test	2026-08-13T14:26:52.8831716Z The current testing environment is not configured to support act(...)
quality (node 24)	Run npm test	2026-08-13T14:26:52.8835279Z The current testing environment is not configured to support act(...)
quality (node 24)	Run npm test	2026-08-13T14:26:52.8836539Z The current testing environment is not configured to support act(...)
quality (node 24)	Run npm test	2026-08-13T14:26:52.8837333Z 
quality (node 24)	Run npm test	2026-08-13T14:26:53.0151599Z  ^[[32m✓^[[39m packages/core/test/integration/project-handle-surface.test.ts ^[[2m(^[[22m^[[2m1 test^[[22m^[[2m)^[[22m^[[32m 10^[[2mms^[[22m^[[39m
quality (node 24)	Run npm test	2026-08-13T14:26:53.0571667Z  ^[[32m✓^[[39m packages/core/test/integration/membership-gating.test.ts ^[[2m(^[[22m^[[2m1 test^[[22m^[[2m)^[[22m^[[32m 10^[[2mms^[[22m^[[39m
quality (node 24)	Run npm test	2026-08-13T14:26:53.1240820Z  ^[[32m✓^[[39m packages/core/test/contract/gsap-multi-stop.test.ts ^[[2m(^[[22m^[[2m1 test^[[22m^[[2m)^[[22m^[[32m 10^[[2mms^[[22m^[[39m
quality (node 24)	Run npm test	2026-08-13T14:26:53.2457401Z  ^[[32m✓^[[39m packages/core/test/unit/placeholder.test.ts ^[[2m(^[[22m^[[2m2 tests^[[22m^[[2m)^[[22m^[[32m 4^[[2mms^[[22m^[[39m
quality (node 24)	Run npm test	2026-08-13T14:26:53.2657647Z  ^[[32m✓^[[39m packages/core/test/integration/golden-roundtrip.test.ts ^[[2m(^[[22m^[[2m1 test^[[22m^[[2m)^[[22m^[[32m 12^[[2mms^[[22m^[[39m
quality (node 24)	Run npm test	2026-08-13T14:26:53.2916995Z  ^[[32m✓^[[39m packages/react/test/public-hook.test.ts ^[[2m(^[[22m^[[2m1 test^[[22m^[[2m)^[[22m^[[32m 3^[[2mms^[[22m^[[39m
quality (node 24)	Run npm test	2026-08-13T14:26:53.2953789Z 
quality (node 24)	Run npm test	2026-08-13T14:26:53.2954848Z ^[[31m⎯⎯⎯⎯⎯⎯⎯^[[39m^[[1m^[[41m Failed Tests 1 ^[[49m^[[22m^[[31m⎯⎯⎯⎯⎯⎯⎯^[[39m
quality (node 24)	Run npm test	2026-08-13T14:26:53.2955334Z 
quality (node 24)	Run npm test	2026-08-13T14:26:53.2958515Z ^[[41m^[[1m FAIL ^[[22m^[[49m packages/core/test/contract/adapters.test.ts^[[2m > ^[[22madapter ports^[[2m > ^[[22madapts a GSAP-like paused timeline without leaking the engine object
quality (node 24)	Run npm test	2026-08-13T14:26:53.2965639Z ^[[31m^[[1mAssertionError^[[22m: expected 1 to be 2 // Object.is equality^[[39m
quality (node 24)	Run npm test	2026-08-13T14:26:53.2966189Z 
quality (node 24)	Run npm test	2026-08-13T14:26:53.2966430Z ^[[32m- Expected^[[39m
quality (node 24)	Run npm test	2026-08-13T14:26:53.2966872Z ^[[31m+ Received^[[39m
quality (node 24)	Run npm test	2026-08-13T14:26:53.2967092Z 
quality (node 24)	Run npm test	2026-08-13T14:26:53.2967265Z ^[[32m- 2^[[39m
quality (node 24)	Run npm test	2026-08-13T14:26:53.2967637Z ^[[31m+ 1^[[39m
quality (node 24)	Run npm test	2026-08-13T14:26:53.2967819Z 
quality (node 24)	Run npm test	2026-08-13T14:26:53.2968733Z ^[[36m ^[[2m❯^[[22m packages/core/test/contract/adapters.test.ts:^[[2m37:30^[[22m^[[39m
quality (node 24)	Run npm test	2026-08-13T14:26:53.3001667Z     ^[[90m 35|^[[39m     const interpolator = createGsapInterpolator({ timeline: () => time…
quality (node 24)	Run npm test	2026-08-13T14:26:53.3003512Z     ^[[90m 36|^[[39m     ^[[35mconst^[[39m adapted ^[[33m=^[[39m interpolator^[[33m.^[[39m^[[34mcreate^[[39m({})^[[33m;^[[39m
quality (node 24)	Run npm test	2026-08-13T14:26:53.3005347Z     ^[[90m 37|^[[39m     ^[[34mexpect^[[39m(adapted^[[33m.^[[39mduration)^[[33m.^[[39m^[[34mtoBe^[[39m(^[[34m2^[[39m)^[[33m;^[[39m
quality (node 24)	Run npm test	2026-08-13T14:26:53.3007036Z     ^[[90m   |^[[39m                              ^[[31m^^[[39m
quality (node 24)	Run npm test	2026-08-13T14:26:53.3008064Z     ^[[90m 38|^[[39m     adapted^[[33m.^[[39m^[[34mprogress^[[39m(^[[34m0.5^[[39m)^[[33m;^[[39m
quality (node 24)	Run npm test	2026-08-13T14:26:53.3009948Z     ^[[90m 39|^[[39m     ^[[34mexpect^[[39m(adapted^[[33m.^[[39m^[[34mprogress^[[39m())^[[33m.^[[39m^[[34mtoBe^[[39m(^[[34m0.5^[[39m)^[[33m;^[[39m
quality (node 24)	Run npm test	2026-08-13T14:26:53.3010707Z 
quality (node 24)	Run npm test	2026-08-13T14:26:53.3011174Z ^[[31m^[[2m⎯⎯⎯⎯⎯⎯⎯⎯⎯⎯⎯⎯⎯⎯⎯⎯⎯⎯⎯⎯⎯⎯⎯⎯[1/1]⎯^[[22m^[[39m
quality (node 24)	Run npm test	2026-08-13T14:26:53.3011546Z 
quality (node 24)	Run npm test	2026-08-13T14:26:53.3019003Z 
quality (node 24)	Run npm test	2026-08-13T14:26:53.3020064Z ^[[2m Test Files ^[[22m ^[[1m^[[31m1 failed^[[39m^[[22m^[[2m | ^[[22m^[[1m^[[32m59 passed^[[39m^[[22m^[[90m (60)^[[39m
quality (node 24)	Run npm test	2026-08-13T14:26:53.3021623Z ^[[2m      Tests ^[[22m ^[[1m^[[31m1 failed^[[39m^[[22m^[[2m | ^[[22m^[[1m^[[32m223 passed^[[39m^[[22m^[[90m (224)^[[39m
quality (node 24)	Run npm test	2026-08-13T14:26:53.3022620Z ^[[2m   Start at ^[[22m 14:26:47
quality (node 24)	Run npm test	2026-08-13T14:26:53.3023787Z ^[[2m   Duration ^[[22m 5.84s^[[2m (transform 1.13s, setup 0ms, import 3.04s, tests 3.79s, environment 10ms)^[[22m
quality (node 24)	Run npm test	2026-08-13T14:26:53.3026126Z 
quality (node 24)	Run npm test	2026-08-13T14:26:53.3042324Z 
quality (node 24)	Run npm test	2026-08-13T14:26:53.3074038Z ##[error]AssertionError: expected 1 to be 2 // Object.is equality
quality (node 24)	Run npm test	
quality (node 24)	Run npm test	- Expected
quality (node 24)	Run npm test	+ Received
quality (node 24)	Run npm test	
quality (node 24)	Run npm test	- 2
quality (node 24)	Run npm test	+ 1
quality (node 24)	Run npm test	
quality (node 24)	Run npm test	 ❯ packages/core/test/contract/adapters.test.ts:37:30
quality (node 24)	Run npm test	
quality (node 24)	Run npm test	
quality (node 24)	Run npm test	2026-08-13T14:26:53.3539890Z ##[error]Process completed with exit code 1.
