package consumer (node 24)	Run node --input-type=module -e 'import("./scripts/package-consumer-check.mjs").then(({checkPackedConsumer}) => checkPackedConsumer()).then(({ok, errors}) => { if (!ok) { console.error(errors); process.exit(1); } })'	﻿2026-08-14T08:49:37.0373360Z ##[group]Run node --input-type=module -e 'import("./scripts/package-consumer-check.mjs").then(({checkPackedConsumer}) => checkPackedConsumer()).then(({ok, errors}) => { if (!ok) { console.error(errors); process.exit(1); } })'
package consumer (node 24)	Run node --input-type=module -e 'import("./scripts/package-consumer-check.mjs").then(({checkPackedConsumer}) => checkPackedConsumer()).then(({ok, errors}) => { if (!ok) { console.error(errors); process.exit(1); } })'	2026-08-14T08:49:37.0375170Z ^[[36;1mnode --input-type=module -e 'import("./scripts/package-consumer-check.mjs").then(({checkPackedConsumer}) => checkPackedConsumer()).then(({ok, errors}) => { if (!ok) { console.error(errors); process.exit(1); } })'^[[0m
package consumer (node 24)	Run node --input-type=module -e 'import("./scripts/package-consumer-check.mjs").then(({checkPackedConsumer}) => checkPackedConsumer()).then(({ok, errors}) => { if (!ok) { console.error(errors); process.exit(1); } })'	2026-08-14T08:49:37.0404450Z shell: /usr/bin/bash -e {0}
package consumer (node 24)	Run node --input-type=module -e 'import("./scripts/package-consumer-check.mjs").then(({checkPackedConsumer}) => checkPackedConsumer()).then(({ok, errors}) => { if (!ok) { console.error(errors); process.exit(1); } })'	2026-08-14T08:49:37.0404831Z env:
package consumer (node 24)	Run node --input-type=module -e 'import("./scripts/package-consumer-check.mjs").then(({checkPackedConsumer}) => checkPackedConsumer()).then(({ok, errors}) => { if (!ok) { console.error(errors); process.exit(1); } })'	2026-08-14T08:49:37.0405090Z   NODE_VERSION: 24
package consumer (node 24)	Run node --input-type=module -e 'import("./scripts/package-consumer-check.mjs").then(({checkPackedConsumer}) => checkPackedConsumer()).then(({ok, errors}) => { if (!ok) { console.error(errors); process.exit(1); } })'	2026-08-14T08:49:37.0405408Z ##[endgroup]
package consumer (node 24)	Run node --input-type=module -e 'import("./scripts/package-consumer-check.mjs").then(({checkPackedConsumer}) => checkPackedConsumer()).then(({ok, errors}) => { if (!ok) { console.error(errors); process.exit(1); } })'	2026-08-14T08:49:39.8190403Z node:internal/errors:985
package consumer (node 24)	Run node --input-type=module -e 'import("./scripts/package-consumer-check.mjs").then(({checkPackedConsumer}) => checkPackedConsumer()).then(({ok, errors}) => { if (!ok) { console.error(errors); process.exit(1); } })'	2026-08-14T08:49:39.8191223Z   const err = new Error(message);
package consumer (node 24)	Run node --input-type=module -e 'import("./scripts/package-consumer-check.mjs").then(({checkPackedConsumer}) => checkPackedConsumer()).then(({ok, errors}) => { if (!ok) { console.error(errors); process.exit(1); } })'	2026-08-14T08:49:39.8191573Z               ^
package consumer (node 24)	Run node --input-type=module -e 'import("./scripts/package-consumer-check.mjs").then(({checkPackedConsumer}) => checkPackedConsumer()).then(({ok, errors}) => { if (!ok) { console.error(errors); process.exit(1); } })'	2026-08-14T08:49:39.8191766Z 
package consumer (node 24)	Run node --input-type=module -e 'import("./scripts/package-consumer-check.mjs").then(({checkPackedConsumer}) => checkPackedConsumer()).then(({ok, errors}) => { if (!ok) { console.error(errors); process.exit(1); } })'	2026-08-14T08:49:39.8191931Z Error: Command failed: node esm.mjs
package consumer (node 24)	Run node --input-type=module -e 'import("./scripts/package-consumer-check.mjs").then(({checkPackedConsumer}) => checkPackedConsumer()).then(({ok, errors}) => { if (!ok) { console.error(errors); process.exit(1); } })'	2026-08-14T08:49:39.8192418Z node:internal/modules/esm/resolve:271
package consumer (node 24)	Run node --input-type=module -e 'import("./scripts/package-consumer-check.mjs").then(({checkPackedConsumer}) => checkPackedConsumer()).then(({ok, errors}) => { if (!ok) { console.error(errors); process.exit(1); } })'	2026-08-14T08:49:39.8192805Z     throw new ERR_MODULE_NOT_FOUND(
package consumer (node 24)	Run node --input-type=module -e 'import("./scripts/package-consumer-check.mjs").then(({checkPackedConsumer}) => checkPackedConsumer()).then(({ok, errors}) => { if (!ok) { console.error(errors); process.exit(1); } })'	2026-08-14T08:49:39.8193357Z           ^
package consumer (node 24)	Run node --input-type=module -e 'import("./scripts/package-consumer-check.mjs").then(({checkPackedConsumer}) => checkPackedConsumer()).then(({ok, errors}) => { if (!ok) { console.error(errors); process.exit(1); } })'	2026-08-14T08:49:39.8193539Z 
package consumer (node 24)	Run node --input-type=module -e 'import("./scripts/package-consumer-check.mjs").then(({checkPackedConsumer}) => checkPackedConsumer()).then(({ok, errors}) => { if (!ok) { console.error(errors); process.exit(1); } })'	2026-08-14T08:49:39.8194651Z Error [ERR_MODULE_NOT_FOUND]: Cannot find module '/home/runner/work/motion5/motion5/.tmp-package-consumer-IicCve/consumer/node_modules/@motion5/core/dist/contract/v5' imported from /home/runner/work/motion5/motion5/.tmp-package-consumer-IicCve/consumer/node_modules/@motion5/core/dist/index.js
package consumer (node 24)	Run node --input-type=module -e 'import("./scripts/package-consumer-check.mjs").then(({checkPackedConsumer}) => checkPackedConsumer()).then(({ok, errors}) => { if (!ok) { console.error(errors); process.exit(1); } })'	2026-08-14T08:49:39.8195958Z     at finalizeResolution (node:internal/modules/esm/resolve:271:11)
package consumer (node 24)	Run node --input-type=module -e 'import("./scripts/package-consumer-check.mjs").then(({checkPackedConsumer}) => checkPackedConsumer()).then(({ok, errors}) => { if (!ok) { console.error(errors); process.exit(1); } })'	2026-08-14T08:49:39.8196809Z     at moduleResolve (node:internal/modules/esm/resolve:865:10)
package consumer (node 24)	Run node --input-type=module -e 'import("./scripts/package-consumer-check.mjs").then(({checkPackedConsumer}) => checkPackedConsumer()).then(({ok, errors}) => { if (!ok) { console.error(errors); process.exit(1); } })'	2026-08-14T08:49:39.8197609Z     at defaultResolve (node:internal/modules/esm/resolve:992:11)
package consumer (node 24)	Run node --input-type=module -e 'import("./scripts/package-consumer-check.mjs").then(({checkPackedConsumer}) => checkPackedConsumer()).then(({ok, errors}) => { if (!ok) { console.error(errors); process.exit(1); } })'	2026-08-14T08:49:39.8198612Z     at #cachedDefaultResolve (node:internal/modules/esm/loader:701:20)
package consumer (node 24)	Run node --input-type=module -e 'import("./scripts/package-consumer-check.mjs").then(({checkPackedConsumer}) => checkPackedConsumer()).then(({ok, errors}) => { if (!ok) { console.error(errors); process.exit(1); } })'	2026-08-14T08:49:39.8199466Z     at #resolveAndMaybeBlockOnLoaderThread (node:internal/modules/esm/loader:721:38)
package consumer (node 24)	Run node --input-type=module -e 'import("./scripts/package-consumer-check.mjs").then(({checkPackedConsumer}) => checkPackedConsumer()).then(({ok, errors}) => { if (!ok) { console.error(errors); process.exit(1); } })'	2026-08-14T08:49:39.8200104Z     at ModuleLoader.resolveSync (node:internal/modules/esm/loader:759:56)
package consumer (node 24)	Run node --input-type=module -e 'import("./scripts/package-consumer-check.mjs").then(({checkPackedConsumer}) => checkPackedConsumer()).then(({ok, errors}) => { if (!ok) { console.error(errors); process.exit(1); } })'	2026-08-14T08:49:39.8200589Z     at #resolve (node:internal/modules/esm/loader:683:17)
package consumer (node 24)	Run node --input-type=module -e 'import("./scripts/package-consumer-check.mjs").then(({checkPackedConsumer}) => checkPackedConsumer()).then(({ok, errors}) => { if (!ok) { console.error(errors); process.exit(1); } })'	2026-08-14T08:49:39.8201127Z     at ModuleLoader.getOrCreateModuleJob (node:internal/modules/esm/loader:603:35)
package consumer (node 24)	Run node --input-type=module -e 'import("./scripts/package-consumer-check.mjs").then(({checkPackedConsumer}) => checkPackedConsumer()).then(({ok, errors}) => { if (!ok) { console.error(errors); process.exit(1); } })'	2026-08-14T08:49:39.8201727Z     at ModuleJob.syncLink (node:internal/modules/esm/module_job:163:33)
package consumer (node 24)	Run node --input-type=module -e 'import("./scripts/package-consumer-check.mjs").then(({checkPackedConsumer}) => checkPackedConsumer()).then(({ok, errors}) => { if (!ok) { console.error(errors); process.exit(1); } })'	2026-08-14T08:49:39.8202212Z     at ModuleJob.link (node:internal/modules/esm/module_job:253:17) {
package consumer (node 24)	Run node --input-type=module -e 'import("./scripts/package-consumer-check.mjs").then(({checkPackedConsumer}) => checkPackedConsumer()).then(({ok, errors}) => { if (!ok) { console.error(errors); process.exit(1); } })'	2026-08-14T08:49:39.8202691Z   code: 'ERR_MODULE_NOT_FOUND',
package consumer (node 24)	Run node --input-type=module -e 'import("./scripts/package-consumer-check.mjs").then(({checkPackedConsumer}) => checkPackedConsumer()).then(({ok, errors}) => { if (!ok) { console.error(errors); process.exit(1); } })'	2026-08-14T08:49:39.8203319Z   url: 'file:///home/runner/work/motion5/motion5/.tmp-package-consumer-IicCve/consumer/node_modules/@motion5/core/dist/contract/v5'
package consumer (node 24)	Run node --input-type=module -e 'import("./scripts/package-consumer-check.mjs").then(({checkPackedConsumer}) => checkPackedConsumer()).then(({ok, errors}) => { if (!ok) { console.error(errors); process.exit(1); } })'	2026-08-14T08:49:39.8203929Z }
package consumer (node 24)	Run node --input-type=module -e 'import("./scripts/package-consumer-check.mjs").then(({checkPackedConsumer}) => checkPackedConsumer()).then(({ok, errors}) => { if (!ok) { console.error(errors); process.exit(1); } })'	2026-08-14T08:49:39.8204052Z 
package consumer (node 24)	Run node --input-type=module -e 'import("./scripts/package-consumer-check.mjs").then(({checkPackedConsumer}) => checkPackedConsumer()).then(({ok, errors}) => { if (!ok) { console.error(errors); process.exit(1); } })'	2026-08-14T08:49:39.8204198Z Node.js v24.19.0
package consumer (node 24)	Run node --input-type=module -e 'import("./scripts/package-consumer-check.mjs").then(({checkPackedConsumer}) => checkPackedConsumer()).then(({ok, errors}) => { if (!ok) { console.error(errors); process.exit(1); } })'	2026-08-14T08:49:39.8204373Z 
package consumer (node 24)	Run node --input-type=module -e 'import("./scripts/package-consumer-check.mjs").then(({checkPackedConsumer}) => checkPackedConsumer()).then(({ok, errors}) => { if (!ok) { console.error(errors); process.exit(1); } })'	2026-08-14T08:49:39.8204565Z     at genericNodeError (node:internal/errors:985:15)
package consumer (node 24)	Run node --input-type=module -e 'import("./scripts/package-consumer-check.mjs").then(({checkPackedConsumer}) => checkPackedConsumer()).then(({ok, errors}) => { if (!ok) { console.error(errors); process.exit(1); } })'	2026-08-14T08:49:39.8205026Z     at wrappedFn (node:internal/errors:539:14)
package consumer (node 24)	Run node --input-type=module -e 'import("./scripts/package-consumer-check.mjs").then(({checkPackedConsumer}) => checkPackedConsumer()).then(({ok, errors}) => { if (!ok) { console.error(errors); process.exit(1); } })'	2026-08-14T08:49:39.8205450Z     at ChildProcess.exithandler (node:child_process:417:12)
package consumer (node 24)	Run node --input-type=module -e 'import("./scripts/package-consumer-check.mjs").then(({checkPackedConsumer}) => checkPackedConsumer()).then(({ok, errors}) => { if (!ok) { console.error(errors); process.exit(1); } })'	2026-08-14T08:49:39.8205994Z     at ChildProcess.emit (node:events:509:28)
package consumer (node 24)	Run node --input-type=module -e 'import("./scripts/package-consumer-check.mjs").then(({checkPackedConsumer}) => checkPackedConsumer()).then(({ok, errors}) => { if (!ok) { console.error(errors); process.exit(1); } })'	2026-08-14T08:49:39.8206768Z     at maybeClose (node:internal/child_process:1141:16)
package consumer (node 24)	Run node --input-type=module -e 'import("./scripts/package-consumer-check.mjs").then(({checkPackedConsumer}) => checkPackedConsumer()).then(({ok, errors}) => { if (!ok) { console.error(errors); process.exit(1); } })'	2026-08-14T08:49:39.8207326Z     at ChildProcess._handle.onexit (node:internal/child_process:306:5) {
package consumer (node 24)	Run node --input-type=module -e 'import("./scripts/package-consumer-check.mjs").then(({checkPackedConsumer}) => checkPackedConsumer()).then(({ok, errors}) => { if (!ok) { console.error(errors); process.exit(1); } })'	2026-08-14T08:49:39.8207837Z   code: 1,
package consumer (node 24)	Run node --input-type=module -e 'import("./scripts/package-consumer-check.mjs").then(({checkPackedConsumer}) => checkPackedConsumer()).then(({ok, errors}) => { if (!ok) { console.error(errors); process.exit(1); } })'	2026-08-14T08:49:39.8208207Z   killed: false,
package consumer (node 24)	Run node --input-type=module -e 'import("./scripts/package-consumer-check.mjs").then(({checkPackedConsumer}) => checkPackedConsumer()).then(({ok, errors}) => { if (!ok) { console.error(errors); process.exit(1); } })'	2026-08-14T08:49:39.8208512Z   signal: null,
package consumer (node 24)	Run node --input-type=module -e 'import("./scripts/package-consumer-check.mjs").then(({checkPackedConsumer}) => checkPackedConsumer()).then(({ok, errors}) => { if (!ok) { console.error(errors); process.exit(1); } })'	2026-08-14T08:49:39.8208799Z   cmd: 'node esm.mjs',
package consumer (node 24)	Run node --input-type=module -e 'import("./scripts/package-consumer-check.mjs").then(({checkPackedConsumer}) => checkPackedConsumer()).then(({ok, errors}) => { if (!ok) { console.error(errors); process.exit(1); } })'	2026-08-14T08:49:39.8209138Z   stdout: '',
package consumer (node 24)	Run node --input-type=module -e 'import("./scripts/package-consumer-check.mjs").then(({checkPackedConsumer}) => checkPackedConsumer()).then(({ok, errors}) => { if (!ok) { console.error(errors); process.exit(1); } })'	2026-08-14T08:49:39.8209471Z   stderr: 'node:internal/modules/esm/resolve:271\n' +
package consumer (node 24)	Run node --input-type=module -e 'import("./scripts/package-consumer-check.mjs").then(({checkPackedConsumer}) => checkPackedConsumer()).then(({ok, errors}) => { if (!ok) { console.error(errors); process.exit(1); } })'	2026-08-14T08:49:39.8209853Z     '    throw new ERR_MODULE_NOT_FOUND(\n' +
package consumer (node 24)	Run node --input-type=module -e 'import("./scripts/package-consumer-check.mjs").then(({checkPackedConsumer}) => checkPackedConsumer()).then(({ok, errors}) => { if (!ok) { console.error(errors); process.exit(1); } })'	2026-08-14T08:49:39.8210202Z     '          ^\n' +
package consumer (node 24)	Run node --input-type=module -e 'import("./scripts/package-consumer-check.mjs").then(({checkPackedConsumer}) => checkPackedConsumer()).then(({ok, errors}) => { if (!ok) { console.error(errors); process.exit(1); } })'	2026-08-14T08:49:39.8210507Z     '\n' +
package consumer (node 24)	Run node --input-type=module -e 'import("./scripts/package-consumer-check.mjs").then(({checkPackedConsumer}) => checkPackedConsumer()).then(({ok, errors}) => { if (!ok) { console.error(errors); process.exit(1); } })'	2026-08-14T08:49:39.8211575Z     "Error [ERR_MODULE_NOT_FOUND]: Cannot find module '/home/runner/work/motion5/motion5/.tmp-package-consumer-IicCve/consumer/node_modules/@motion5/core/dist/contract/v5' imported from /home/runner/work/motion5/motion5/.tmp-package-consumer-IicCve/consumer/node_modules/@motion5/core/dist/index.js\n" +
package consumer (node 24)	Run node --input-type=module -e 'import("./scripts/package-consumer-check.mjs").then(({checkPackedConsumer}) => checkPackedConsumer()).then(({ok, errors}) => { if (!ok) { console.error(errors); process.exit(1); } })'	2026-08-14T08:49:39.8213030Z     '    at finalizeResolution (node:internal/modules/esm/resolve:271:11)\n' +
package consumer (node 24)	Run node --input-type=module -e 'import("./scripts/package-consumer-check.mjs").then(({checkPackedConsumer}) => checkPackedConsumer()).then(({ok, errors}) => { if (!ok) { console.error(errors); process.exit(1); } })'	2026-08-14T08:49:39.8213829Z     '    at moduleResolve (node:internal/modules/esm/resolve:865:10)\n' +
package consumer (node 24)	Run node --input-type=module -e 'import("./scripts/package-consumer-check.mjs").then(({checkPackedConsumer}) => checkPackedConsumer()).then(({ok, errors}) => { if (!ok) { console.error(errors); process.exit(1); } })'	2026-08-14T08:49:39.8214387Z     '    at defaultResolve (node:internal/modules/esm/resolve:992:11)\n' +
package consumer (node 24)	Run node --input-type=module -e 'import("./scripts/package-consumer-check.mjs").then(({checkPackedConsumer}) => checkPackedConsumer()).then(({ok, errors}) => { if (!ok) { console.error(errors); process.exit(1); } })'	2026-08-14T08:49:39.8214958Z     '    at #cachedDefaultResolve (node:internal/modules/esm/loader:701:20)\n' +
package consumer (node 24)	Run node --input-type=module -e 'import("./scripts/package-consumer-check.mjs").then(({checkPackedConsumer}) => checkPackedConsumer()).then(({ok, errors}) => { if (!ok) { console.error(errors); process.exit(1); } })'	2026-08-14T08:49:39.8215597Z     '    at #resolveAndMaybeBlockOnLoaderThread (node:internal/modules/esm/loader:721:38)\n' +
package consumer (node 24)	Run node --input-type=module -e 'import("./scripts/package-consumer-check.mjs").then(({checkPackedConsumer}) => checkPackedConsumer()).then(({ok, errors}) => { if (!ok) { console.error(errors); process.exit(1); } })'	2026-08-14T08:49:39.8216560Z     '    at ModuleLoader.resolveSync (node:internal/modules/esm/loader:759:56)\n' +
package consumer (node 24)	Run node --input-type=module -e 'import("./scripts/package-consumer-check.mjs").then(({checkPackedConsumer}) => checkPackedConsumer()).then(({ok, errors}) => { if (!ok) { console.error(errors); process.exit(1); } })'	2026-08-14T08:49:39.8217066Z     '    at #resolve (node:internal/modules/esm/loader:683:17)\n' +
package consumer (node 24)	Run node --input-type=module -e 'import("./scripts/package-consumer-check.mjs").then(({checkPackedConsumer}) => checkPackedConsumer()).then(({ok, errors}) => { if (!ok) { console.error(errors); process.exit(1); } })'	2026-08-14T08:49:39.8217678Z     '    at ModuleLoader.getOrCreateModuleJob (node:internal/modules/esm/loader:603:35)\n' +
package consumer (node 24)	Run node --input-type=module -e 'import("./scripts/package-consumer-check.mjs").then(({checkPackedConsumer}) => checkPackedConsumer()).then(({ok, errors}) => { if (!ok) { console.error(errors); process.exit(1); } })'	2026-08-14T08:49:39.8218309Z     '    at ModuleJob.syncLink (node:internal/modules/esm/module_job:163:33)\n' +
package consumer (node 24)	Run node --input-type=module -e 'import("./scripts/package-consumer-check.mjs").then(({checkPackedConsumer}) => checkPackedConsumer()).then(({ok, errors}) => { if (!ok) { console.error(errors); process.exit(1); } })'	2026-08-14T08:49:39.8218948Z     '    at ModuleJob.link (node:internal/modules/esm/module_job:253:17) {\n' +
package consumer (node 24)	Run node --input-type=module -e 'import("./scripts/package-consumer-check.mjs").then(({checkPackedConsumer}) => checkPackedConsumer()).then(({ok, errors}) => { if (!ok) { console.error(errors); process.exit(1); } })'	2026-08-14T08:49:39.8219396Z     "  code: 'ERR_MODULE_NOT_FOUND',\n" +
package consumer (node 24)	Run node --input-type=module -e 'import("./scripts/package-consumer-check.mjs").then(({checkPackedConsumer}) => checkPackedConsumer()).then(({ok, errors}) => { if (!ok) { console.error(errors); process.exit(1); } })'	2026-08-14T08:49:39.8220051Z     "  url: 'file:///home/runner/work/motion5/motion5/.tmp-package-consumer-IicCve/consumer/node_modules/@motion5/core/dist/contract/v5'\n" +
package consumer (node 24)	Run node --input-type=module -e 'import("./scripts/package-consumer-check.mjs").then(({checkPackedConsumer}) => checkPackedConsumer()).then(({ok, errors}) => { if (!ok) { console.error(errors); process.exit(1); } })'	2026-08-14T08:49:39.8220791Z     '}\n' +
package consumer (node 24)	Run node --input-type=module -e 'import("./scripts/package-consumer-check.mjs").then(({checkPackedConsumer}) => checkPackedConsumer()).then(({ok, errors}) => { if (!ok) { console.error(errors); process.exit(1); } })'	2026-08-14T08:49:39.8221066Z     '\n' +
package consumer (node 24)	Run node --input-type=module -e 'import("./scripts/package-consumer-check.mjs").then(({checkPackedConsumer}) => checkPackedConsumer()).then(({ok, errors}) => { if (!ok) { console.error(errors); process.exit(1); } })'	2026-08-14T08:49:39.8221401Z     'Node.js v24.19.0\n'
package consumer (node 24)	Run node --input-type=module -e 'import("./scripts/package-consumer-check.mjs").then(({checkPackedConsumer}) => checkPackedConsumer()).then(({ok, errors}) => { if (!ok) { console.error(errors); process.exit(1); } })'	2026-08-14T08:49:39.8221717Z }
package consumer (node 24)	Run node --input-type=module -e 'import("./scripts/package-consumer-check.mjs").then(({checkPackedConsumer}) => checkPackedConsumer()).then(({ok, errors}) => { if (!ok) { console.error(errors); process.exit(1); } })'	2026-08-14T08:49:39.8221877Z 
package consumer (node 24)	Run node --input-type=module -e 'import("./scripts/package-consumer-check.mjs").then(({checkPackedConsumer}) => checkPackedConsumer()).then(({ok, errors}) => { if (!ok) { console.error(errors); process.exit(1); } })'	2026-08-14T08:49:39.8222074Z Node.js v24.19.0
package consumer (node 24)	Run node --input-type=module -e 'import("./scripts/package-consumer-check.mjs").then(({checkPackedConsumer}) => checkPackedConsumer()).then(({ok, errors}) => { if (!ok) { console.error(errors); process.exit(1); } })'	2026-08-14T08:49:39.8240402Z ##[error]Process completed with exit code 1.
quality (node 24)	Run npm test	﻿2026-08-14T08:49:33.7658528Z ##[group]Run npm test
quality (node 24)	Run npm test	2026-08-14T08:49:33.7658778Z ^[[36;1mnpm test^[[0m
quality (node 24)	Run npm test	2026-08-14T08:49:33.7697857Z shell: /usr/bin/bash -e {0}
quality (node 24)	Run npm test	2026-08-14T08:49:33.7698077Z env:
quality (node 24)	Run npm test	2026-08-14T08:49:33.7698273Z   NODE_VERSION: 24
quality (node 24)	Run npm test	2026-08-14T08:49:33.7698453Z ##[endgroup]
quality (node 24)	Run npm test	2026-08-14T08:49:33.8593213Z 
quality (node 24)	Run npm test	2026-08-14T08:49:33.8593727Z > motion5@0.0.0 test
quality (node 24)	Run npm test	2026-08-14T08:49:33.8594022Z > vitest run
quality (node 24)	Run npm test	2026-08-14T08:49:33.8594138Z 
quality (node 24)	Run npm test	2026-08-14T08:49:34.0809587Z 
quality (node 24)	Run npm test	2026-08-14T08:49:34.0812836Z ^[[1m^[[30m^[[46m RUN ^[[49m^[[39m^[[22m ^[[36mv4.1.10 ^[[39m^[[90m/home/runner/work/motion5/motion5^[[39m
quality (node 24)	Run npm test	2026-08-14T08:49:34.0813697Z 
quality (node 24)	Run npm test	2026-08-14T08:49:34.3520859Z  ^[[32m✓^[[39m packages/core/test/unit/domain/plugins.test.ts ^[[2m(^[[22m^[[2m12 tests^[[22m^[[2m)^[[22m^[[32m 11^[[2mms^[[22m^[[39m
quality (node 24)	Run npm test	2026-08-14T08:49:34.4012572Z  ^[[32m✓^[[39m packages/core/test/unit/runtime/publisher-reentrancy.test.ts ^[[2m(^[[22m^[[2m5 tests^[[22m^[[2m)^[[22m^[[32m 12^[[2mms^[[22m^[[39m
quality (node 24)	Run npm test	2026-08-14T08:49:34.5708770Z  ^[[32m✓^[[39m packages/core/test/unit/graph/observation-state.test.ts ^[[2m(^[[22m^[[2m8 tests^[[22m^[[2m)^[[22m^[[32m 11^[[2mms^[[22m^[[39m
quality (node 24)	Run npm test	2026-08-14T08:49:34.5771626Z  ^[[32m✓^[[39m packages/core/test/integration/engine-x3-contribution.test.ts ^[[2m(^[[22m^[[2m5 tests^[[22m^[[2m)^[[22m^[[32m 20^[[2mms^[[22m^[[39m
quality (node 24)	Run npm test	2026-08-14T08:49:34.7532157Z  ^[[32m✓^[[39m packages/core/test/contract/v5-validator.test.ts ^[[2m(^[[22m^[[2m9 tests^[[22m^[[2m)^[[22m^[[32m 13^[[2mms^[[22m^[[39m
quality (node 24)	Run npm test	2026-08-14T08:49:34.7648473Z  ^[[32m✓^[[39m packages/core/test/contract/validation-owner.test.ts ^[[2m(^[[22m^[[2m6 tests^[[22m^[[2m)^[[22m^[[32m 10^[[2mms^[[22m^[[39m
quality (node 24)	Run npm test	2026-08-14T08:49:34.9531771Z  ^[[32m✓^[[39m packages/core/test/integration/p2-runtime-smells.test.ts ^[[2m(^[[22m^[[2m6 tests^[[22m^[[2m)^[[22m^[[32m 9^[[2mms^[[22m^[[39m
quality (node 24)	Run npm test	2026-08-14T08:49:34.9894694Z  ^[[32m✓^[[39m packages/core/test/unit/scripts/boundary-scan.test.ts ^[[2m(^[[22m^[[2m10 tests^[[22m^[[2m)^[[22m^[[32m 59^[[2mms^[[22m^[[39m
quality (node 24)	Run npm test	2026-08-14T08:49:35.1392319Z  ^[[32m✓^[[39m packages/core/test/unit/runtime/publisher-flat-inputs.test.ts ^[[2m(^[[22m^[[2m3 tests^[[22m^[[2m)^[[22m^[[32m 7^[[2mms^[[22m^[[39m
quality (node 24)	Run npm test	2026-08-14T08:49:35.1625848Z  ^[[32m✓^[[39m packages/core/test/unit/runtime/clock-tick-identity.test.ts ^[[2m(^[[22m^[[2m4 tests^[[22m^[[2m)^[[22m^[[32m 11^[[2mms^[[22m^[[39m
quality (node 24)	Run npm test	2026-08-14T08:49:35.2884529Z  ^[[32m✓^[[39m packages/core/test/unit/runtime/patch-registry-structural-change.test.ts ^[[2m(^[[22m^[[2m7 tests^[[22m^[[2m)^[[22m^[[32m 7^[[2mms^[[22m^[[39m
quality (node 24)	Run npm test	2026-08-14T08:49:35.3394970Z  ^[[32m✓^[[39m packages/core/test/unit/graph/order.test.ts ^[[2m(^[[22m^[[2m8 tests^[[22m^[[2m)^[[22m^[[32m 7^[[2mms^[[22m^[[39m
quality (node 24)	Run npm test	2026-08-14T08:49:35.4687749Z  ^[[32m✓^[[39m packages/core/test/unit/graph/ir-validation.test.ts ^[[2m(^[[22m^[[2m6 tests^[[22m^[[2m)^[[22m^[[32m 6^[[2mms^[[22m^[[39m
quality (node 24)	Run npm test	2026-08-14T08:49:35.5242520Z  ^[[32m✓^[[39m packages/core/test/integration/cross-motion.test.ts ^[[2m(^[[22m^[[2m3 tests^[[22m^[[2m)^[[22m^[[32m 10^[[2mms^[[22m^[[39m
quality (node 24)	Run npm test	2026-08-14T08:49:35.6395225Z  ^[[32m✓^[[39m packages/core/test/integration/diagnostics.test.ts ^[[2m(^[[22m^[[2m4 tests^[[22m^[[2m)^[[22m^[[32m 8^[[2mms^[[22m^[[39m
quality (node 24)	Run npm test	2026-08-14T08:49:35.7023473Z  ^[[32m✓^[[39m packages/core/test/unit/runtime/composition-output-shape.test.ts ^[[2m(^[[22m^[[2m3 tests^[[22m^[[2m)^[[22m^[[32m 9^[[2mms^[[22m^[[39m
quality (node 24)	Run npm test	2026-08-14T08:49:35.9080389Z  ^[[32m✓^[[39m packages/core/test/unit/domain/plugin-contribution-contract.test.ts ^[[2m(^[[22m^[[2m4 tests^[[22m^[[2m)^[[22m^[[32m 8^[[2mms^[[22m^[[39m
quality (node 24)	Run npm test	2026-08-14T08:49:35.9622043Z  ^[[32m✓^[[39m packages/core/test/contract/gsap-authored-duration.test.ts ^[[2m(^[[22m^[[2m5 tests^[[22m^[[2m)^[[22m^[[32m 23^[[2mms^[[22m^[[39m
quality (node 24)	Run npm test	2026-08-14T08:49:36.0865366Z  ^[[32m✓^[[39m packages/core/test/unit/runtime/scheduler-reentrancy.test.ts ^[[2m(^[[22m^[[2m4 tests^[[22m^[[2m)^[[22m^[[32m 13^[[2mms^[[22m^[[39m
quality (node 24)	Run npm test	2026-08-14T08:49:36.1125316Z  ^[[32m✓^[[39m packages/core/test/unit/runtime/patch-registry-subscriber-errors.test.ts ^[[2m(^[[22m^[[2m4 tests^[[22m^[[2m)^[[22m^[[32m 7^[[2mms^[[22m^[[39m
quality (node 24)	Run npm test	2026-08-14T08:49:36.2766552Z  ^[[32m✓^[[39m packages/core/test/unit/domain/track.test.ts ^[[2m(^[[22m^[[2m5 tests^[[22m^[[2m)^[[22m^[[32m 11^[[2mms^[[22m^[[39m
quality (node 24)	Run npm test	2026-08-14T08:49:36.2896757Z  ^[[32m✓^[[39m packages/core/test/integration/engine-headless.test.ts ^[[2m(^[[22m^[[2m4 tests^[[22m^[[2m)^[[22m^[[32m 14^[[2mms^[[22m^[[39m
quality (node 24)	Run npm test	2026-08-14T08:49:36.4193381Z  ^[[32m✓^[[39m packages/core/test/unit/scripts/public-declaration-surface.test.ts ^[[2m(^[[22m^[[2m3 tests^[[22m^[[2m)^[[22m^[[33m 2111^[[2mms^[[22m^[[39m
quality (node 24)	Run npm test	2026-08-14T08:49:36.4195282Z      ^[[33m^[[2m✓^[[22m^[[39m scans the emitted entry declaration closure, not just source strings ^[[33m 2108^[[2mms^[[22m^[[39m
quality (node 24)	Run npm test	2026-08-14T08:49:36.4462209Z  ^[[32m✓^[[39m packages/core/test/integration/publisher-output-merge-consistency.test.ts ^[[2m(^[[22m^[[2m2 tests^[[22m^[[2m)^[[22m^[[32m 5^[[2mms^[[22m^[[39m
quality (node 24)	Run npm test	2026-08-14T08:49:36.4581164Z  ^[[32m✓^[[39m packages/core/test/integration/adoption.test.ts ^[[2m(^[[22m^[[2m4 tests^[[22m^[[2m)^[[22m^[[32m 10^[[2mms^[[22m^[[39m
quality (node 24)	Run npm test	2026-08-14T08:49:36.5771031Z  ^[[32m✓^[[39m packages/core/test/unit/graph/references.test.ts ^[[2m(^[[22m^[[2m7 tests^[[22m^[[2m)^[[22m^[[32m 6^[[2mms^[[22m^[[39m
quality (node 24)	Run npm test	2026-08-14T08:49:36.6208322Z  ^[[32m✓^[[39m packages/core/test/unit/runtime/patch-registry.test.ts ^[[2m(^[[22m^[[2m5 tests^[[22m^[[2m)^[[22m^[[32m 7^[[2mms^[[22m^[[39m
quality (node 24)	Run npm test	2026-08-14T08:49:36.6505282Z  ^[[32m✓^[[39m packages/core/test/contract/gsap-absolute-stops.test.ts ^[[2m(^[[22m^[[2m3 tests^[[22m^[[2m)^[[22m^[[32m 16^[[2mms^[[22m^[[39m
quality (node 24)	Run npm test	2026-08-14T08:49:36.7196618Z  ^[[32m✓^[[39m packages/core/test/integration/graph-publisher.test.ts ^[[2m(^[[22m^[[2m3 tests^[[22m^[[2m)^[[22m^[[32m 6^[[2mms^[[22m^[[39m
quality (node 24)	Run npm test	2026-08-14T08:49:36.7998204Z  ^[[32m✓^[[39m packages/core/test/integration/remount.test.ts ^[[2m(^[[22m^[[2m2 tests^[[22m^[[2m)^[[22m^[[32m 15^[[2mms^[[22m^[[39m
quality (node 24)	Run npm test	2026-08-14T08:49:36.8415727Z  ^[[32m✓^[[39m packages/core/test/contract/adapters.test.ts ^[[2m(^[[22m^[[2m4 tests^[[22m^[[2m)^[[22m^[[32m 7^[[2mms^[[22m^[[39m
quality (node 24)	Run npm test	2026-08-14T08:49:36.8717751Z  ^[[32m✓^[[39m packages/core/test/integration/graph-rollback.test.ts ^[[2m(^[[22m^[[2m4 tests^[[22m^[[2m)^[[22m^[[32m 11^[[2mms^[[22m^[[39m
quality (node 24)	Run npm test	2026-08-14T08:49:36.9472633Z  ^[[32m✓^[[39m packages/core/test/integration/motion-trigger-types.test.ts ^[[2m(^[[22m^[[2m5 tests^[[22m^[[2m)^[[22m^[[32m 7^[[2mms^[[22m^[[39m
quality (node 24)	Run npm test	2026-08-14T08:49:37.0187647Z  ^[[32m✓^[[39m packages/core/test/integration/engine-load-validation.test.ts ^[[2m(^[[22m^[[2m4 tests^[[22m^[[2m)^[[22m^[[32m 11^[[2mms^[[22m^[[39m
quality (node 24)	Run npm test	2026-08-14T08:49:37.0395725Z  ^[[32m✓^[[39m packages/core/test/unit/domain/motion.test.ts ^[[2m(^[[22m^[[2m6 tests^[[22m^[[2m)^[[22m^[[32m 6^[[2mms^[[22m^[[39m
quality (node 24)	Run npm test	2026-08-14T08:49:37.1008392Z  ^[[32m✓^[[39m packages/core/test/integration/graph-runtime.test.ts ^[[2m(^[[22m^[[2m4 tests^[[22m^[[2m)^[[22m^[[32m 11^[[2mms^[[22m^[[39m
quality (node 24)	Run npm test	2026-08-14T08:49:37.1772573Z  ^[[32m✓^[[39m packages/core/test/migration/v4-to-v5.test.ts ^[[2m(^[[22m^[[2m6 tests^[[22m^[[2m)^[[22m^[[32m 8^[[2mms^[[22m^[[39m
quality (node 24)	Run npm test	2026-08-14T08:49:37.1948720Z  ^[[32m✓^[[39m packages/core/test/integration/flush-output-merge.test.ts ^[[2m(^[[22m^[[2m2 tests^[[22m^[[2m)^[[22m^[[32m 4^[[2mms^[[22m^[[39m
quality (node 24)	Run npm test	2026-08-14T08:49:37.2531934Z  ^[[32m✓^[[39m packages/core/test/integration/dom-plugin-metadata.test.ts ^[[2m(^[[22m^[[2m2 tests^[[22m^[[2m)^[[22m^[[32m 4^[[2mms^[[22m^[[39m
quality (node 24)	Run npm test	2026-08-14T08:49:37.3322201Z  ^[[32m✓^[[39m packages/core/test/integration/dom-patch-apply.test.ts ^[[2m(^[[22m^[[2m2 tests^[[22m^[[2m)^[[22m^[[32m 6^[[2mms^[[22m^[[39m
quality (node 24)	Run npm test	2026-08-14T08:49:37.3354852Z  ^[[32m✓^[[39m packages/core/test/unit/runtime/patch-registry-listener-snapshot.test.ts ^[[2m(^[[22m^[[2m3 tests^[[22m^[[2m)^[[22m^[[32m 5^[[2mms^[[22m^[[39m
quality (node 24)	Run npm test	2026-08-14T08:49:37.3882811Z  ^[[32m✓^[[39m packages/core/test/unit/scripts/governance-gates.test.ts ^[[2m(^[[22m^[[2m5 tests^[[22m^[[2m)^[[22m^[[32m 8^[[2mms^[[22m^[[39m
quality (node 24)	Run npm test	2026-08-14T08:49:37.4731944Z  ^[[32m✓^[[39m packages/react/test/patch-store-lifecycle.test.ts ^[[2m(^[[22m^[[2m2 tests^[[22m^[[2m)^[[22m^[[32m 6^[[2mms^[[22m^[[39m
quality (node 24)	Run npm test	2026-08-14T08:49:37.4981776Z ^[[90mstderr^[[2m | packages/react/test/public-package-surface.test.ts^[[2m > ^[[22m^[[2mReact public package surface (C2)^[[2m > ^[[22m^[[2mrenders and updates through the package entry alone
quality (node 24)	Run npm test	2026-08-14T08:49:37.4984595Z ^[[22m^[[39mreact-test-renderer is deprecated. See https://react.dev/warnings/react-test-renderer
quality (node 24)	Run npm test	2026-08-14T08:49:37.4986035Z The current testing environment is not configured to support act(...)
quality (node 24)	Run npm test	2026-08-14T08:49:37.4986942Z The current testing environment is not configured to support act(...)
quality (node 24)	Run npm test	2026-08-14T08:49:37.4987815Z The current testing environment is not configured to support act(...)
quality (node 24)	Run npm test	2026-08-14T08:49:37.4988643Z 
quality (node 24)	Run npm test	2026-08-14T08:49:37.4995968Z  ^[[32m✓^[[39m packages/react/test/public-package-surface.test.ts ^[[2m(^[[22m^[[2m1 test^[[22m^[[2m)^[[22m^[[32m 10^[[2mms^[[22m^[[39m
quality (node 24)	Run npm test	2026-08-14T08:49:37.5469766Z  ^[[32m✓^[[39m packages/core/test/contract/gsap-sparse-percent-map.test.ts ^[[2m(^[[22m^[[2m3 tests^[[22m^[[2m)^[[22m^[[32m 13^[[2mms^[[22m^[[39m
quality (node 24)	Run npm test	2026-08-14T08:49:37.6394508Z  ^[[32m✓^[[39m packages/core/test/contract/ports.test.ts ^[[2m(^[[22m^[[2m5 tests^[[22m^[[2m)^[[22m^[[32m 7^[[2mms^[[22m^[[39m
quality (node 24)	Run npm test	2026-08-14T08:49:37.6461506Z  ^[[32m✓^[[39m packages/core/test/integration/project-runtime.test.ts ^[[2m(^[[22m^[[2m3 tests^[[22m^[[2m)^[[22m^[[32m 5^[[2mms^[[22m^[[39m
quality (node 24)	Run npm test	2026-08-14T08:49:37.7151463Z  ^[[32m✓^[[39m packages/core/test/unit/domain/plugin-contribution-completeness.test.ts ^[[2m(^[[22m^[[2m3 tests^[[22m^[[2m)^[[22m^[[32m 6^[[2mms^[[22m^[[39m
quality (node 24)	Run npm test	2026-08-14T08:49:37.7842092Z  ^[[32m✓^[[39m packages/core/test/unit/domain/s7-plugin-evidence.test.ts ^[[2m(^[[22m^[[2m3 tests^[[22m^[[2m)^[[22m^[[32m 6^[[2mms^[[22m^[[39m
quality (node 24)	Run npm test	2026-08-14T08:49:37.8437925Z  ^[[32m✓^[[39m packages/core/test/integration/partial-seed-inputs.test.ts ^[[2m(^[[22m^[[2m1 test^[[22m^[[2m)^[[22m^[[32m 4^[[2mms^[[22m^[[39m
quality (node 24)	Run npm test	2026-08-14T08:49:37.8511746Z  ^[[32m✓^[[39m packages/core/test/integration/end-to-end.test.ts ^[[2m(^[[22m^[[2m1 test^[[22m^[[2m)^[[22m^[[32m 11^[[2mms^[[22m^[[39m
quality (node 24)	Run npm test	2026-08-14T08:49:37.9683127Z  ^[[32m✓^[[39m packages/core/test/integration/contract-baseline.test.ts ^[[2m(^[[22m^[[2m5 tests^[[22m^[[2m)^[[22m^[[32m 16^[[2mms^[[22m^[[39m
quality (node 24)	Run npm test	2026-08-14T08:49:37.9886535Z  ^[[32m✓^[[39m packages/core/test/unit/domain/lifecycle.test.ts ^[[2m(^[[22m^[[2m5 tests^[[22m^[[2m)^[[22m^[[32m 6^[[2mms^[[22m^[[39m
quality (node 24)	Run npm test	2026-08-14T08:49:38.0226913Z  ^[[32m✓^[[39m packages/core/test/contract/gsap-paused-timeline.test.ts ^[[2m(^[[22m^[[2m2 tests^[[22m^[[2m)^[[22m^[[32m 7^[[2mms^[[22m^[[39m
quality (node 24)	Run npm test	2026-08-14T08:49:38.1146703Z  ^[[32m✓^[[39m packages/core/test/unit/graph/ids.test.ts ^[[2m(^[[22m^[[2m5 tests^[[22m^[[2m)^[[22m^[[32m 6^[[2mms^[[22m^[[39m
quality (node 24)	Run npm test	2026-08-14T08:49:38.1429385Z  ^[[32m✓^[[39m packages/core/test/unit/scripts/acceptance-scan.test.ts ^[[2m(^[[22m^[[2m3 tests^[[22m^[[2m)^[[22m^[[32m 12^[[2mms^[[22m^[[39m
quality (node 24)	Run npm test	2026-08-14T08:49:38.1741734Z  ^[[32m✓^[[39m packages/core/test/unit/domain/values.test.ts ^[[2m(^[[22m^[[2m6 tests^[[22m^[[2m)^[[22m^[[32m 6^[[2mms^[[22m^[[39m
quality (node 24)	Run npm test	2026-08-14T08:49:38.2439350Z  ^[[32m✓^[[39m packages/core/test/unit/runtime/patch-registry-retention.test.ts ^[[2m(^[[22m^[[2m2 tests^[[22m^[[2m)^[[22m^[[32m 4^[[2mms^[[22m^[[39m
quality (node 24)	Run npm test	2026-08-14T08:49:38.3311609Z  ^[[32m✓^[[39m packages/core/test/unit/graph/observation-projection-validation.test.ts ^[[2m(^[[22m^[[2m2 tests^[[22m^[[2m)^[[22m^[[32m 6^[[2mms^[[22m^[[39m
quality (node 24)	Run npm test	2026-08-14T08:49:38.3998345Z  ^[[32m✓^[[39m packages/core/test/integration/motion-trigger-lifecycle.test.ts ^[[2m(^[[22m^[[2m1 test^[[22m^[[2m)^[[22m^[[32m 6^[[2mms^[[22m^[[39m
quality (node 24)	Run npm test	2026-08-14T08:49:38.4726870Z  ^[[32m✓^[[39m packages/core/test/unit/scripts/mutation-config.test.ts ^[[2m(^[[22m^[[2m1 test^[[22m^[[2m)^[[22m^[[32m 4^[[2mms^[[22m^[[39m
quality (node 24)	Run npm test	2026-08-14T08:49:38.5511481Z  ^[[32m✓^[[39m packages/core/test/integration/dom-transform-removal.test.ts ^[[2m(^[[22m^[[2m2 tests^[[22m^[[2m)^[[22m^[[32m 4^[[2mms^[[22m^[[39m
quality (node 24)	Run npm test	2026-08-14T08:49:38.6244115Z  ^[[32m✓^[[39m packages/core/test/contract/s4-validation-owner.test.ts ^[[2m(^[[22m^[[2m2 tests^[[22m^[[2m)^[[22m^[[32m 4^[[2mms^[[22m^[[39m
quality (node 24)	Run npm test	2026-08-14T08:49:38.6932841Z  ^[[32m✓^[[39m packages/core/test/unit/domain/triggers.test.ts ^[[2m(^[[22m^[[2m6 tests^[[22m^[[2m)^[[22m^[[32m 8^[[2mms^[[22m^[[39m
quality (node 24)	Run npm test	2026-08-14T08:49:38.7805279Z  ^[[32m✓^[[39m packages/react/test/patch-store.test.ts ^[[2m(^[[22m^[[2m1 test^[[22m^[[2m)^[[22m^[[32m 6^[[2mms^[[22m^[[39m
quality (node 24)	Run npm test	2026-08-14T08:49:38.8396004Z  ^[[32m✓^[[39m packages/core/test/unit/scripts/s7-recovery-audit.test.ts ^[[2m(^[[22m^[[2m1 test^[[22m^[[2m)^[[22m^[[32m 4^[[2mms^[[22m^[[39m
quality (node 24)	Run npm test	2026-08-14T08:49:38.9673607Z ^[[90mstderr^[[2m | packages/react/test/public-hook-render.test.ts^[[2m > ^[[22m^[[2mReact public hook render/update (C2)^[[2m > ^[[22m^[[2mrenders the current patch and updates after publication
quality (node 24)	Run npm test	2026-08-14T08:49:38.9675682Z ^[[22m^[[39mreact-test-renderer is deprecated. See https://react.dev/warnings/react-test-renderer
quality (node 24)	Run npm test	2026-08-14T08:49:38.9676566Z The current testing environment is not configured to support act(...)
quality (node 24)	Run npm test	2026-08-14T08:49:38.9677563Z The current testing environment is not configured to support act(...)
quality (node 24)	Run npm test	2026-08-14T08:49:38.9678288Z The current testing environment is not configured to support act(...)
quality (node 24)	Run npm test	2026-08-14T08:49:38.9678640Z 
quality (node 24)	Run npm test	2026-08-14T08:49:38.9689086Z  ^[[32m✓^[[39m packages/react/test/public-hook-render.test.ts ^[[2m(^[[22m^[[2m1 test^[[22m^[[2m)^[[22m^[[32m 14^[[2mms^[[22m^[[39m
quality (node 24)	Run npm test	2026-08-14T08:49:39.0365764Z  ^[[32m✓^[[39m packages/core/test/integration/project-handle-surface.test.ts ^[[2m(^[[22m^[[2m1 test^[[22m^[[2m)^[[22m^[[32m 8^[[2mms^[[22m^[[39m
quality (node 24)	Run npm test	2026-08-14T08:49:39.1647785Z  ^[[32m✓^[[39m packages/core/test/integration/membership-gating.test.ts ^[[2m(^[[22m^[[2m1 test^[[22m^[[2m)^[[22m^[[32m 10^[[2mms^[[22m^[[39m
quality (node 24)	Run npm test	2026-08-14T08:49:39.2382580Z  ^[[32m✓^[[39m packages/core/test/integration/plugin-use-contract.test.ts ^[[2m(^[[22m^[[2m1 test^[[22m^[[2m)^[[22m^[[32m 5^[[2mms^[[22m^[[39m
quality (node 24)	Run npm test	2026-08-14T08:49:39.3650728Z  ^[[32m✓^[[39m packages/core/test/contract/gsap-multi-stop.test.ts ^[[2m(^[[22m^[[2m1 test^[[22m^[[2m)^[[22m^[[32m 6^[[2mms^[[22m^[[39m
quality (node 24)	Run npm test	2026-08-14T08:49:39.5524368Z  ^[[32m✓^[[39m packages/core/test/unit/placeholder.test.ts ^[[2m(^[[22m^[[2m2 tests^[[22m^[[2m)^[[22m^[[32m 4^[[2mms^[[22m^[[39m
quality (node 24)	Run npm test	2026-08-14T08:49:39.7250842Z  ^[[32m✓^[[39m packages/core/test/integration/golden-roundtrip.test.ts ^[[2m(^[[22m^[[2m1 test^[[22m^[[2m)^[[22m^[[32m 12^[[2mms^[[22m^[[39m
quality (node 24)	Run npm test	2026-08-14T08:49:39.8587362Z  ^[[32m✓^[[39m packages/react/test/public-hook.test.ts ^[[2m(^[[22m^[[2m1 test^[[22m^[[2m)^[[22m^[[32m 2^[[2mms^[[22m^[[39m
quality (node 24)	Run npm test	2026-08-14T08:49:40.1802253Z  ^[[32m✓^[[39m packages/core/test/unit/scripts/api-surface-check.test.ts ^[[2m(^[[22m^[[2m5 tests^[[22m^[[2m)^[[22m^[[33m 1899^[[2mms^[[22m^[[39m
quality (node 24)	Run npm test	2026-08-14T08:49:40.1811551Z      ^[[33m^[[2m✓^[[22m^[[39m accepts the committed public declaration surface ^[[33m 1893^[[2mms^[[22m^[[39m
quality (node 24)	Run npm test	2026-08-14T08:49:43.4569234Z  ^[[31m❯^[[39m packages/core/test/unit/scripts/packed-consumer-check.test.ts ^[[2m(^[[22m^[[2m2 tests^[[22m^[[2m | ^[[22m^[[31m1 failed^[[39m^[[2m)^[[22m^[[33m 4036^[[2mms^[[22m^[[39m
quality (node 24)	Run npm test	2026-08-14T08:49:43.4570538Z ^[[31m     ^[[31m×^[[31m accepts documented ESM and TypeScript imports from the packed core artifact^[[39m^[[33m 2183^[[2mms^[[22m^[[39m
quality (node 24)	Run npm test	2026-08-14T08:49:43.4571605Z      ^[[33m^[[2m✓^[[22m^[[39m rejects deep wildcard imports that bypass the documented export map ^[[33m 1852^[[2mms^[[22m^[[39m
quality (node 24)	Run npm test	2026-08-14T08:49:43.4600075Z 
quality (node 24)	Run npm test	2026-08-14T08:49:43.4600694Z ^[[31m⎯⎯⎯⎯⎯⎯⎯^[[39m^[[1m^[[41m Failed Tests 1 ^[[49m^[[22m^[[31m⎯⎯⎯⎯⎯⎯⎯^[[39m
quality (node 24)	Run npm test	2026-08-14T08:49:43.4600935Z 
quality (node 24)	Run npm test	2026-08-14T08:49:43.4611682Z ^[[41m^[[1m FAIL ^[[22m^[[49m packages/core/test/unit/scripts/packed-consumer-check.test.ts^[[2m > ^[[22mP6-02 packed package consumer^[[2m > ^[[22maccepts documented ESM and TypeScript imports from the packed core artifact
quality (node 24)	Run npm test	2026-08-14T08:49:43.4628686Z ^[[31m^[[1mAssertionError^[[22m: promise rejected "Error: Command failed: node esm.mjs
quality (node 24)	Run npm test	2026-08-14T08:49:43.4629422Z node:… { …(6) }" instead of resolving^[[39m
quality (node 24)	Run npm test	2026-08-14T08:49:43.4630391Z ^[[36m ^[[2m❯^[[22m packages/core/test/unit/scripts/packed-consumer-check.test.ts:^[[2m6:40^[[22m^[[39m
quality (node 24)	Run npm test	2026-08-14T08:49:43.4632314Z     ^[[90m  4|^[[39m ^[[34mdescribe^[[39m(^[[32m"P6-02 packed package consumer"^[[39m^[[33m,^[[39m () ^[[33m=>^[[39m {
quality (node 24)	Run npm test	2026-08-14T08:49:43.4632907Z     ^[[90m  5|^[[39m   it("accepts documented ESM and TypeScript imports from the packed co…
quality (node 24)	Run npm test	2026-08-14T08:49:43.4633427Z     ^[[90m  6|^[[39m     await expect(checkPackedConsumer()).resolves.toEqual({ ok: true, e…
quality (node 24)	Run npm test	2026-08-14T08:49:43.4633836Z     ^[[90m   |^[[39m                                        ^[[31m^^[[39m
quality (node 24)	Run npm test	2026-08-14T08:49:43.4634130Z     ^[[90m  7|^[[39m   })^[[33m;^[[39m
quality (node 24)	Run npm test	2026-08-14T08:49:43.4634349Z     ^[[90m  8|^[[39m
quality (node 24)	Run npm test	2026-08-14T08:49:43.4634581Z 
quality (node 24)	Run npm test	2026-08-14T08:49:43.4635818Z ^[[31m^[[1mCaused by: Error^[[22m: Command failed: node esm.mjs
quality (node 24)	Run npm test	2026-08-14T08:49:43.4636318Z node:internal/modules/esm/resolve:271
quality (node 24)	Run npm test	2026-08-14T08:49:43.4636958Z     throw new ERR_MODULE_NOT_FOUND(
quality (node 24)	Run npm test	2026-08-14T08:49:43.4637275Z           ^
quality (node 24)	Run npm test	2026-08-14T08:49:43.4637415Z 
quality (node 24)	Run npm test	2026-08-14T08:49:43.4639100Z Error [ERR_MODULE_NOT_FOUND]: Cannot find module '/home/runner/work/motion5/motion5/.tmp-package-consumer-eAoEfG/consumer/node_modules/@motion5/core/dist/contract/v5' imported from /home/runner/work/motion5/motion5/.tmp-package-consumer-eAoEfG/consumer/node_modules/@motion5/core/dist/index.js
quality (node 24)	Run npm test	2026-08-14T08:49:43.4641002Z     at finalizeResolution (node:internal/modules/esm/resolve:271:11)
quality (node 24)	Run npm test	2026-08-14T08:49:43.4641380Z     at moduleResolve (node:internal/modules/esm/resolve:865:10)
quality (node 24)	Run npm test	2026-08-14T08:49:43.4641732Z     at defaultResolve (node:internal/modules/esm/resolve:992:11)
quality (node 24)	Run npm test	2026-08-14T08:49:43.4642103Z     at #cachedDefaultResolve (node:internal/modules/esm/loader:701:20)
quality (node 24)	Run npm test	2026-08-14T08:49:43.4642699Z     at #resolveAndMaybeBlockOnLoaderThread (node:internal/modules/esm/loader:721:38)
quality (node 24)	Run npm test	2026-08-14T08:49:43.4643420Z     at ModuleLoader.resolveSync (node:internal/modules/esm/loader:759:56)
quality (node 24)	Run npm test	2026-08-14T08:49:43.4643998Z     at #resolve (node:internal/modules/esm/loader:683:17)
quality (node 24)	Run npm test	2026-08-14T08:49:43.4644617Z     at ModuleLoader.getOrCreateModuleJob (node:internal/modules/esm/loader:603:35)
quality (node 24)	Run npm test	2026-08-14T08:49:43.4645303Z     at ModuleJob.syncLink (node:internal/modules/esm/module_job:163:33)
quality (node 24)	Run npm test	2026-08-14T08:49:43.4645908Z     at ModuleJob.link (node:internal/modules/esm/module_job:253:17) {
quality (node 24)	Run npm test	2026-08-14T08:49:43.4646411Z   code: 'ERR_MODULE_NOT_FOUND',
quality (node 24)	Run npm test	2026-08-14T08:49:43.4647207Z   url: 'file:///home/runner/work/motion5/motion5/.tmp-package-consumer-eAoEfG/consumer/node_modules/@motion5/core/dist/contract/v5'
quality (node 24)	Run npm test	2026-08-14T08:49:43.4647922Z }
quality (node 24)	Run npm test	2026-08-14T08:49:43.4648046Z 
quality (node 24)	Run npm test	2026-08-14T08:49:43.4648149Z Node.js v24.18.0
quality (node 24)	Run npm test	2026-08-14T08:49:43.4648435Z ^[[39m
quality (node 24)	Run npm test	2026-08-14T08:49:43.4648850Z ^[[31m^[[2m⎯⎯⎯⎯⎯⎯⎯⎯⎯⎯⎯⎯⎯⎯⎯⎯⎯⎯⎯⎯⎯⎯⎯⎯⎯⎯⎯⎯⎯⎯^[[22m^[[39m
quality (node 24)	Run npm test	2026-08-14T08:49:43.4655473Z ^[[31m^[[1mSerialized Error:^[[22m^[[39m ^[[90m{ code: 1, killed: false, signal: null, cmd: 'node esm.mjs', stdout: '', stderr: 'node:internal/modules/esm/resolve:271\n    throw new ERR_MODULE_NOT_FOUND(\n          ^\n\nError [ERR_MODULE_NOT_FOUND]: Cannot find module \'/home/runner/work/motion5/motion5/.tmp-package-consumer-eAoEfG/consumer/node_modules/@motion5/core/dist/contract/v5\' imported from /home/runner/work/motion5/motion5/.tmp-package-consumer-eAoEfG/consumer/node_modules/@motion5/core/dist/index.js\n    at finalizeResolution (node:internal/modules/esm/resolve:271:11)\n    at moduleResolve (node:internal/modules/esm/resolve:865:10)\n    at defaultResolve (node:internal/modules/esm/resolve:992:11)\n    at #cachedDefaultResolve (node:internal/modules/esm/loader:701:20)\n    at #resolveAndMaybeBlockOnLoaderThread (node:internal/modules/esm/loader:721:38)\n    at ModuleLoader.resolveSync (node:internal/modules/esm/loader:759:56)\n    at #resolve (node:internal/modules/esm/loader:683:17)\n    at ModuleLoader.getOrCreateModuleJob (node:internal/modules/esm/loader:603:35)\n    at ModuleJob.syncLink (node:internal/modules/esm/module_job:163:33)\n    at ModuleJob.link (node:internal/modules/esm/module_job:253:17) {\n  code: \'ERR_MODULE_NOT_FOUND\',\n  url: \'file:///home/runner/work/motion5/motion5/.tmp-package-consumer-eAoEfG/consumer/node_modules/@motion5/core/dist/contract/v5\'\n}\n\nNode.js v24.18.0\n' }^[[39m
quality (node 24)	Run npm test	2026-08-14T08:49:43.4661149Z ^[[31m^[[2m⎯⎯⎯⎯⎯⎯⎯⎯⎯⎯⎯⎯⎯⎯⎯⎯⎯⎯⎯⎯⎯⎯⎯⎯[1/1]⎯^[[22m^[[39m
quality (node 24)	Run npm test	2026-08-14T08:49:43.4661401Z 
quality (node 24)	Run npm test	2026-08-14T08:49:43.4661419Z 
quality (node 24)	Run npm test	2026-08-14T08:49:43.4661786Z ^[[2m Test Files ^[[22m ^[[1m^[[31m1 failed^[[39m^[[22m^[[2m | ^[[22m^[[1m^[[32m75 passed^[[39m^[[22m^[[90m (76)^[[39m
quality (node 24)	Run npm test	2026-08-14T08:49:43.4662377Z ^[[2m      Tests ^[[22m ^[[1m^[[31m1 failed^[[39m^[[22m^[[2m | ^[[22m^[[1m^[[32m282 passed^[[39m^[[22m^[[90m (283)^[[39m
quality (node 24)	Run npm test	2026-08-14T08:49:43.4662867Z ^[[2m   Start at ^[[22m 08:49:34
quality (node 24)	Run npm test	2026-08-14T08:49:43.4663698Z ^[[2m   Duration ^[[22m 9.36s^[[2m (transform 942ms, setup 0ms, import 2.64s, tests 8.71s, environment 8ms)^[[22m
quality (node 24)	Run npm test	2026-08-14T08:49:43.4664190Z 
quality (node 24)	Run npm test	2026-08-14T08:49:43.4671909Z 
quality (node 24)	Run npm test	2026-08-14T08:49:43.4707798Z ##[error]AssertionError: promise rejected "Error: Command failed: node esm.mjs
quality (node 24)	Run npm test	node:… { …(6) }" instead of resolving
quality (node 24)	Run npm test	 ❯ packages/core/test/unit/scripts/packed-consumer-check.test.ts:6:40
quality (node 24)	Run npm test	
quality (node 24)	Run npm test	Caused by: Caused by: Error: Command failed: node esm.mjs
quality (node 24)	Run npm test	node:internal/modules/esm/resolve:271
quality (node 24)	Run npm test	    throw new ERR_MODULE_NOT_FOUND(
quality (node 24)	Run npm test	          ^
quality (node 24)	Run npm test	
quality (node 24)	Run npm test	Error [ERR_MODULE_NOT_FOUND]: Cannot find module '/home/runner/work/motion5/motion5/.tmp-package-consumer-eAoEfG/consumer/node_modules/@motion5/core/dist/contract/v5' imported from /home/runner/work/motion5/motion5/.tmp-package-consumer-eAoEfG/consumer/node_modules/@motion5/core/dist/index.js
quality (node 24)	Run npm test	    at finalizeResolution (node:internal/modules/esm/resolve:271:11)
quality (node 24)	Run npm test	    at moduleResolve (node:internal/modules/esm/resolve:865:10)
quality (node 24)	Run npm test	    at defaultResolve (node:internal/modules/esm/resolve:992:11)
quality (node 24)	Run npm test	    at #cachedDefaultResolve (node:internal/modules/esm/loader:701:20)
quality (node 24)	Run npm test	    at #resolveAndMaybeBlockOnLoaderThread (node:internal/modules/esm/loader:721:38)
quality (node 24)	Run npm test	    at ModuleLoader.resolveSync (node:internal/modules/esm/loader:759:56)
quality (node 24)	Run npm test	    at #resolve (node:internal/modules/esm/loader:683:17)
quality (node 24)	Run npm test	    at ModuleLoader.getOrCreateModuleJob (node:internal/modules/esm/loader:603:35)
quality (node 24)	Run npm test	    at ModuleJob.syncLink (node:internal/modules/esm/module_job:163:33)
quality (node 24)	Run npm test	    at ModuleJob.link (node:internal/modules/esm/module_job:253:17) {
quality (node 24)	Run npm test	  code: 'ERR_MODULE_NOT_FOUND',
quality (node 24)	Run npm test	  url: 'file:///home/runner/work/motion5/motion5/.tmp-package-consumer-eAoEfG/consumer/node_modules/@motion5/core/dist/contract/v5'
quality (node 24)	Run npm test	}
quality (node 24)	Run npm test	
quality (node 24)	Run npm test	Node.js v24.18.0
quality (node 24)	Run npm test	
quality (node 24)	Run npm test	⎯⎯⎯⎯⎯⎯⎯⎯⎯⎯⎯⎯⎯⎯⎯⎯⎯⎯⎯⎯⎯⎯⎯⎯⎯⎯⎯⎯⎯⎯
quality (node 24)	Run npm test	Serialized Error: { code: 1, killed: false, signal: null, cmd: 'node esm.mjs', stdout: '', stderr: 'node:internal/modules/esm/resolve:271\n    throw new ERR_MODULE_NOT_FOUND(\n          ^\n\nError [ERR_MODULE_NOT_FOUND]: Cannot find module \'/home/runner/work/motion5/motion5/.tmp-package-consumer-eAoEfG/consumer/node_modules/@motion5/core/dist/contract/v5\' imported from /home/runner/work/motion5/motion5/.tmp-package-consumer-eAoEfG/consumer/node_modules/@motion5/core/dist/index.js\n    at finalizeResolution (node:internal/modules/esm/resolve:271:11)\n    at moduleResolve (node:internal/modules/esm/resolve:865:10)\n    at defaultResolve (node:internal/modules/esm/resolve:992:11)\n    at #cachedDefaultResolve (node:internal/modules/esm/loader:701:20)\n    at #resolveAndMaybeBlockOnLoaderThread (node:internal/modules/esm/loader:721:38)\n    at ModuleLoader.resolveSync (node:internal/modules/esm/loader:759:56)\n    at #resolve (node:internal/modules/esm/loader:683:17)\n    at ModuleLoader.getOrCreateModuleJob (node:internal/modules/esm/loader:603:35)\n    at ModuleJob.syncLink (node:internal/modules/esm/module_job:163:33)\n    at ModuleJob.link (node:internal/modules/esm/module_job:253:17) {\n  code: \'ERR_MODULE_NOT_FOUND\',\n  url: \'file:///home/runner/work/motion5/motion5/.tmp-package-consumer-eAoEfG/consumer/node_modules/@motion5/core/dist/contract/v5\'\n}\n\nNode.js v24.18.0\n' }
quality (node 24)	Run npm test	
quality (node 24)	Run npm test	2026-08-14T08:49:43.4987150Z ##[error]Process completed with exit code 1.
