prettier --write (same-repository PR)	Set up job	﻿2026-08-12T15:32:56.2071355Z Current runner version: '2.336.0'
prettier --write (same-repository PR)	Set up job	2026-08-12T15:32:56.2100838Z ##[group]Runner Image Provisioner
prettier --write (same-repository PR)	Set up job	2026-08-12T15:32:56.2101766Z Hosted Compute Agent
prettier --write (same-repository PR)	Set up job	2026-08-12T15:32:56.2102476Z Version: 20260707.563
prettier --write (same-repository PR)	Set up job	2026-08-12T15:32:56.2103210Z Commit: 02667638d2b423fbc733a8e32a88b44996a3ba6e
prettier --write (same-repository PR)	Set up job	2026-08-12T15:32:56.2103965Z Build Date: 2026-07-07T19:33:50Z
prettier --write (same-repository PR)	Set up job	2026-08-12T15:32:56.2104747Z Worker ID: {f1b7c8a9-6b82-49db-8926-17993c164aa4}
prettier --write (same-repository PR)	Set up job	2026-08-12T15:32:56.2105467Z Azure Region: westus2
prettier --write (same-repository PR)	Set up job	2026-08-12T15:32:56.2106418Z ##[endgroup]
prettier --write (same-repository PR)	Set up job	2026-08-12T15:32:56.2108026Z ##[group]Operating System
prettier --write (same-repository PR)	Set up job	2026-08-12T15:32:56.2108696Z Ubuntu
prettier --write (same-repository PR)	Set up job	2026-08-12T15:32:56.2109297Z 24.04.4
prettier --write (same-repository PR)	Set up job	2026-08-12T15:32:56.2109809Z LTS
prettier --write (same-repository PR)	Set up job	2026-08-12T15:32:56.2110301Z ##[endgroup]
prettier --write (same-repository PR)	Set up job	2026-08-12T15:32:56.2110910Z ##[group]Runner Image
prettier --write (same-repository PR)	Set up job	2026-08-12T15:32:56.2111560Z Image: ubuntu-24.04
prettier --write (same-repository PR)	Set up job	2026-08-12T15:32:56.2112157Z Version: 20260720.247.2
prettier --write (same-repository PR)	Set up job	2026-08-12T15:32:56.2113239Z Included Software: https://github.com/actions/runner-images/blob/ubuntu24/20260720.247/images/ubuntu/Ubuntu2404-Readme.md
prettier --write (same-repository PR)	Set up job	2026-08-12T15:32:56.2115024Z Image Release: https://github.com/actions/runner-images/releases/tag/ubuntu24%2F20260720.247
prettier --write (same-repository PR)	Set up job	2026-08-12T15:32:56.2116242Z ##[endgroup]
prettier --write (same-repository PR)	Set up job	2026-08-12T15:32:56.2117555Z ##[group]GITHUB_TOKEN Permissions
prettier --write (same-repository PR)	Set up job	2026-08-12T15:32:56.2119867Z Contents: write
prettier --write (same-repository PR)	Set up job	2026-08-12T15:32:56.2120576Z Metadata: read
prettier --write (same-repository PR)	Set up job	2026-08-12T15:32:56.2121212Z PullRequests: read
prettier --write (same-repository PR)	Set up job	2026-08-12T15:32:56.2121802Z ##[endgroup]
prettier --write (same-repository PR)	Set up job	2026-08-12T15:32:56.2124085Z Secret source: Actions
prettier --write (same-repository PR)	Set up job	2026-08-12T15:32:56.2125176Z Prepare workflow directory
prettier --write (same-repository PR)	Set up job	2026-08-12T15:32:56.2483753Z Prepare all required actions
prettier --write (same-repository PR)	Set up job	2026-08-12T15:32:56.2536172Z Getting action download info
prettier --write (same-repository PR)	Set up job	2026-08-12T15:32:56.6466312Z Download action repository 'actions/checkout@v4' (SHA:11d5960a326750d5838078e36cf38b85af677262)
prettier --write (same-repository PR)	Set up job	2026-08-12T15:32:56.9928475Z Download action repository 'actions/setup-node@v4' (SHA:49933ea5288caeca8642d1e84afbd3f7d6820020)
prettier --write (same-repository PR)	Set up job	2026-08-12T15:32:57.1962814Z Complete job name: prettier --write (same-repository PR)
prettier --write (same-repository PR)	Run actions/checkout@v4	﻿2026-08-12T15:32:57.2810899Z Node 20 is being deprecated. This workflow is running with Node 24 by default. If you need to temporarily use Node 20, you can set the ACTIONS_ALLOW_USE_UNSECURE_NODE_VERSION=true environment variable. For more information see: https://github.blog/changelog/2025-09-19-deprecation-of-node-20-on-github-actions-runners/
prettier --write (same-repository PR)	Run actions/checkout@v4	2026-08-12T15:32:57.2820728Z ##[group]Run actions/checkout@v4
prettier --write (same-repository PR)	Run actions/checkout@v4	2026-08-12T15:32:57.2821578Z with:
prettier --write (same-repository PR)	Run actions/checkout@v4	2026-08-12T15:32:57.2822077Z   ref: fix/P0-1-clock-tick-identity
prettier --write (same-repository PR)	Run actions/checkout@v4	2026-08-12T15:32:57.2822704Z   repository: chahyasantoso/motion5
prettier --write (same-repository PR)	Run actions/checkout@v4	2026-08-12T15:32:57.2823276Z   fetch-depth: 0
prettier --write (same-repository PR)	Run actions/checkout@v4	2026-08-12T15:32:57.2827747Z   token: ***
prettier --write (same-repository PR)	Run actions/checkout@v4	2026-08-12T15:32:57.2828233Z   ssh-strict: true
prettier --write (same-repository PR)	Run actions/checkout@v4	2026-08-12T15:32:57.2828706Z   ssh-user: git
prettier --write (same-repository PR)	Run actions/checkout@v4	2026-08-12T15:32:57.2829193Z   persist-credentials: true
prettier --write (same-repository PR)	Run actions/checkout@v4	2026-08-12T15:32:57.2829720Z   clean: true
prettier --write (same-repository PR)	Run actions/checkout@v4	2026-08-12T15:32:57.2830202Z   sparse-checkout-cone-mode: true
prettier --write (same-repository PR)	Run actions/checkout@v4	2026-08-12T15:32:57.2830762Z   fetch-tags: false
prettier --write (same-repository PR)	Run actions/checkout@v4	2026-08-12T15:32:57.2831253Z   show-progress: true
prettier --write (same-repository PR)	Run actions/checkout@v4	2026-08-12T15:32:57.2831741Z   lfs: false
prettier --write (same-repository PR)	Run actions/checkout@v4	2026-08-12T15:32:57.2832273Z   submodules: false
prettier --write (same-repository PR)	Run actions/checkout@v4	2026-08-12T15:32:57.2832774Z   set-safe-directory: true
prettier --write (same-repository PR)	Run actions/checkout@v4	2026-08-12T15:32:57.2833326Z   allow-unsafe-pr-checkout: false
prettier --write (same-repository PR)	Run actions/checkout@v4	2026-08-12T15:32:57.2834192Z ##[endgroup]
prettier --write (same-repository PR)	Run actions/checkout@v4	2026-08-12T15:32:57.3912908Z Syncing repository: chahyasantoso/motion5
prettier --write (same-repository PR)	Run actions/checkout@v4	2026-08-12T15:32:57.3915236Z ##[group]Getting Git version info
prettier --write (same-repository PR)	Run actions/checkout@v4	2026-08-12T15:32:57.3916680Z Working directory is '/home/runner/work/motion5/motion5'
prettier --write (same-repository PR)	Run actions/checkout@v4	2026-08-12T15:32:57.3918638Z [command]/usr/bin/git version
prettier --write (same-repository PR)	Run actions/checkout@v4	2026-08-12T15:32:57.4026501Z git version 2.54.0
prettier --write (same-repository PR)	Run actions/checkout@v4	2026-08-12T15:32:57.4070601Z ##[endgroup]
prettier --write (same-repository PR)	Run actions/checkout@v4	2026-08-12T15:32:57.4080003Z Temporarily overriding HOME='/home/runner/work/_temp/7ebbcbc3-eb34-4a39-8c23-40797d89c40b' before making global git config changes
prettier --write (same-repository PR)	Run actions/checkout@v4	2026-08-12T15:32:57.4082134Z Adding repository directory to the temporary git global config as a safe directory
prettier --write (same-repository PR)	Run actions/checkout@v4	2026-08-12T15:32:57.4084628Z [command]/usr/bin/git config --global --add safe.directory /home/runner/work/motion5/motion5
prettier --write (same-repository PR)	Run actions/checkout@v4	2026-08-12T15:32:57.4164922Z Deleting the contents of '/home/runner/work/motion5/motion5'
prettier --write (same-repository PR)	Run actions/checkout@v4	2026-08-12T15:32:57.4169586Z ##[group]Initializing the repository
prettier --write (same-repository PR)	Run actions/checkout@v4	2026-08-12T15:32:57.4175275Z [command]/usr/bin/git init /home/runner/work/motion5/motion5
prettier --write (same-repository PR)	Run actions/checkout@v4	2026-08-12T15:32:57.4331094Z hint: Using 'master' as the name for the initial branch. This default branch name
prettier --write (same-repository PR)	Run actions/checkout@v4	2026-08-12T15:32:57.4332908Z hint: will change to "main" in Git 3.0. To configure the initial branch name
prettier --write (same-repository PR)	Run actions/checkout@v4	2026-08-12T15:32:57.4333999Z hint: to use in all of your new repositories, which will suppress this warning,
prettier --write (same-repository PR)	Run actions/checkout@v4	2026-08-12T15:32:57.4334831Z hint: call:
prettier --write (same-repository PR)	Run actions/checkout@v4	2026-08-12T15:32:57.4335260Z hint:
prettier --write (same-repository PR)	Run actions/checkout@v4	2026-08-12T15:32:57.4336063Z hint: 	git config --global init.defaultBranch <name>
prettier --write (same-repository PR)	Run actions/checkout@v4	2026-08-12T15:32:57.4336765Z hint:
prettier --write (same-repository PR)	Run actions/checkout@v4	2026-08-12T15:32:57.4337391Z hint: Names commonly chosen instead of 'master' are 'main', 'trunk' and
prettier --write (same-repository PR)	Run actions/checkout@v4	2026-08-12T15:32:57.4338421Z hint: 'development'. The just-created branch can be renamed via this command:
prettier --write (same-repository PR)	Run actions/checkout@v4	2026-08-12T15:32:57.4339232Z hint:
prettier --write (same-repository PR)	Run actions/checkout@v4	2026-08-12T15:32:57.4339676Z hint: 	git branch -m <name>
prettier --write (same-repository PR)	Run actions/checkout@v4	2026-08-12T15:32:57.4340252Z hint:
prettier --write (same-repository PR)	Run actions/checkout@v4	2026-08-12T15:32:57.4341136Z hint: Disable this message with "git config set advice.defaultBranchName false"
prettier --write (same-repository PR)	Run actions/checkout@v4	2026-08-12T15:32:57.4347511Z Initialized empty Git repository in /home/runner/work/motion5/motion5/.git/
prettier --write (same-repository PR)	Run actions/checkout@v4	2026-08-12T15:32:57.4364241Z [command]/usr/bin/git remote add origin https://github.com/chahyasantoso/motion5
prettier --write (same-repository PR)	Run actions/checkout@v4	2026-08-12T15:32:57.4418429Z ##[endgroup]
prettier --write (same-repository PR)	Run actions/checkout@v4	2026-08-12T15:32:57.4419370Z ##[group]Disabling automatic garbage collection
prettier --write (same-repository PR)	Run actions/checkout@v4	2026-08-12T15:32:57.4422649Z [command]/usr/bin/git config --local gc.auto 0
prettier --write (same-repository PR)	Run actions/checkout@v4	2026-08-12T15:32:57.4458010Z ##[endgroup]
prettier --write (same-repository PR)	Run actions/checkout@v4	2026-08-12T15:32:57.4458878Z ##[group]Setting up auth
prettier --write (same-repository PR)	Run actions/checkout@v4	2026-08-12T15:32:57.4466587Z [command]/usr/bin/git config --local --name-only --get-regexp core\.sshCommand
prettier --write (same-repository PR)	Run actions/checkout@v4	2026-08-12T15:32:57.4522862Z [command]/usr/bin/git submodule foreach --recursive sh -c "git config --local --name-only --get-regexp 'core\.sshCommand' && git config --local --unset-all 'core.sshCommand' || :"
prettier --write (same-repository PR)	Run actions/checkout@v4	2026-08-12T15:32:57.4956458Z [command]/usr/bin/git config --local --name-only --get-regexp http\.https\:\/\/github\.com\/\.extraheader
prettier --write (same-repository PR)	Run actions/checkout@v4	2026-08-12T15:32:57.4996320Z [command]/usr/bin/git submodule foreach --recursive sh -c "git config --local --name-only --get-regexp 'http\.https\:\/\/github\.com\/\.extraheader' && git config --local --unset-all 'http.https://github.com/.extraheader' || :"
prettier --write (same-repository PR)	Run actions/checkout@v4	2026-08-12T15:32:57.5230704Z [command]/usr/bin/git config --local --name-only --get-regexp ^includeIf\.gitdir:
prettier --write (same-repository PR)	Run actions/checkout@v4	2026-08-12T15:32:57.5270608Z [command]/usr/bin/git submodule foreach --recursive git config --local --show-origin --name-only --get-regexp remote.origin.url
prettier --write (same-repository PR)	Run actions/checkout@v4	2026-08-12T15:32:57.5505368Z [command]/usr/bin/git config --local http.https://github.com/.extraheader AUTHORIZATION: basic ***
prettier --write (same-repository PR)	Run actions/checkout@v4	2026-08-12T15:32:57.5545901Z ##[endgroup]
prettier --write (same-repository PR)	Run actions/checkout@v4	2026-08-12T15:32:57.5546863Z ##[group]Fetching the repository
prettier --write (same-repository PR)	Run actions/checkout@v4	2026-08-12T15:32:57.5558213Z [command]/usr/bin/git -c protocol.version=2 fetch --prune --no-recurse-submodules origin +refs/heads/*:refs/remotes/origin/* +refs/tags/*:refs/tags/*
prettier --write (same-repository PR)	Run actions/checkout@v4	2026-08-12T15:33:00.3504443Z From https://github.com/chahyasantoso/motion5
prettier --write (same-repository PR)	Run actions/checkout@v4	2026-08-12T15:33:00.3505838Z  * [new branch]      chore/format-31354308601 -> origin/chore/format-31354308601
prettier --write (same-repository PR)	Run actions/checkout@v4	2026-08-12T15:33:00.3506778Z  * [new branch]      chore/r6-core-package-boundary -> origin/chore/r6-core-package-boundary
prettier --write (same-repository PR)	Run actions/checkout@v4	2026-08-12T15:33:00.3507730Z  * [new branch]      ci-logs                -> origin/ci-logs
prettier --write (same-repository PR)	Run actions/checkout@v4	2026-08-12T15:33:00.3508563Z  * [new branch]      ci/archive-workflow    -> origin/ci/archive-workflow
prettier --write (same-repository PR)	Run actions/checkout@v4	2026-08-12T15:33:00.3509633Z  * [new branch]      ci/auto-format-pr-branches -> origin/ci/auto-format-pr-branches
prettier --write (same-repository PR)	Run actions/checkout@v4	2026-08-12T15:33:00.3510771Z  * [new branch]      docs/detailed-plan-and-trd -> origin/docs/detailed-plan-and-trd
prettier --write (same-repository PR)	Run actions/checkout@v4	2026-08-12T15:33:00.3511964Z  * [new branch]      docs/p0-06-trd-and-detailed-plan -> origin/docs/p0-06-trd-and-detailed-plan
prettier --write (same-repository PR)	Run actions/checkout@v4	2026-08-12T15:33:00.3513235Z  * [new branch]      docs/phase3-implementation-review -> origin/docs/phase3-implementation-review
prettier --write (same-repository PR)	Run actions/checkout@v4	2026-08-12T15:33:00.3514556Z  * [new branch]      docs/r9-status-and-plan-truth-pass -> origin/docs/r9-status-and-plan-truth-pass
prettier --write (same-repository PR)	Run actions/checkout@v4	2026-08-12T15:33:00.3516748Z  * [new branch]      docs/repo-review-and-remediation-plan -> origin/docs/repo-review-and-remediation-plan
prettier --write (same-repository PR)	Run actions/checkout@v4	2026-08-12T15:33:00.3518077Z  * [new branch]      feat/p0-04-ports-and-fakes -> origin/feat/p0-04-ports-and-fakes
prettier --write (same-repository PR)	Run actions/checkout@v4	2026-08-12T15:33:00.3519394Z  * [new branch]      feat/p0-05-golden-fixtures-and-integration -> origin/feat/p0-05-golden-fixtures-and-integration
prettier --write (same-repository PR)	Run actions/checkout@v4	2026-08-12T15:33:00.3520866Z  * [new branch]      feat/p1-01-immutable-value-snapshots -> origin/feat/p1-01-immutable-value-snapshots
prettier --write (same-repository PR)	Run actions/checkout@v4	2026-08-12T15:33:00.3522052Z  * [new branch]      feat/p1-02-plugin-registry -> origin/feat/p1-02-plugin-registry
prettier --write (same-repository PR)	Run actions/checkout@v4	2026-08-12T15:33:00.3522696Z  * [new branch]      feat/p1-03-track-leaf  -> origin/feat/p1-03-track-leaf
prettier --write (same-repository PR)	Run actions/checkout@v4	2026-08-12T15:33:00.3523312Z  * [new branch]      feat/p1-04-lifecycle-primitives -> origin/feat/p1-04-lifecycle-primitives
prettier --write (same-repository PR)	Run actions/checkout@v4	2026-08-12T15:33:00.3524142Z  * [new branch]      feat/p1-05-motion-scheduling -> origin/feat/p1-05-motion-scheduling
prettier --write (same-repository PR)	Run actions/checkout@v4	2026-08-12T15:33:00.3524775Z  * [new branch]      feat/p1-06-trigger-delegates -> origin/feat/p1-06-trigger-delegates
prettier --write (same-repository PR)	Run actions/checkout@v4	2026-08-12T15:33:00.3525357Z  * [new branch]      feat/p2-01-qualified-ids -> origin/feat/p2-01-qualified-ids
prettier --write (same-repository PR)	Run actions/checkout@v4	2026-08-12T15:33:00.3526640Z  * [new branch]      feat/p2-02-03-graph-ir-validation -> origin/feat/p2-02-03-graph-ir-validation
prettier --write (same-repository PR)	Run actions/checkout@v4	2026-08-12T15:33:00.3527450Z  * [new branch]      feat/p2-04-cycle-detection-and-order -> origin/feat/p2-04-cycle-detection-and-order
prettier --write (same-repository PR)	Run actions/checkout@v4	2026-08-12T15:33:00.3528217Z  * [new branch]      feat/p2-05-stable-observation-state -> origin/feat/p2-05-stable-observation-state
prettier --write (same-repository PR)	Run actions/checkout@v4	2026-08-12T15:33:00.3528954Z  * [new branch]      feat/p2-06-graph-binding-transactions -> origin/feat/p2-06-graph-binding-transactions
prettier --write (same-repository PR)	Run actions/checkout@v4	2026-08-12T15:33:00.3529722Z  * [new branch]      feat/p2-07-boundary-scan-ci-gate -> origin/feat/p2-07-boundary-scan-ci-gate
prettier --write (same-repository PR)	Run actions/checkout@v4	2026-08-12T15:33:00.3530552Z  * [new branch]      feat/p3-01-patch-registry -> origin/feat/p3-01-patch-registry
prettier --write (same-repository PR)	Run actions/checkout@v4	2026-08-12T15:33:00.3532131Z  * [new branch]      feat/p3-02-03-publisher-failure-semantics -> origin/feat/p3-02-03-publisher-failure-semantics
prettier --write (same-repository PR)	Run actions/checkout@v4	2026-08-12T15:33:00.3532874Z  * [new branch]      feat/p3-04-graph-runtime -> origin/feat/p3-04-graph-runtime
prettier --write (same-repository PR)	Run actions/checkout@v4	2026-08-12T15:33:00.3533452Z  * [new branch]      feat/p3-05-project-runtime -> origin/feat/p3-05-project-runtime
prettier --write (same-repository PR)	Run actions/checkout@v4	2026-08-12T15:33:00.3534201Z  * [new branch]      feat/p3-06-07-engine-and-benchmarks -> origin/feat/p3-06-07-engine-and-benchmarks
prettier --write (same-repository PR)	Run actions/checkout@v4	2026-08-12T15:33:00.3535397Z  * [new branch]      feat/p4-01-02-adapters -> origin/feat/p4-01-02-adapters
prettier --write (same-repository PR)	Run actions/checkout@v4	2026-08-12T15:33:00.3536833Z  * [new branch]      feat/p4-03-04-react-consumer-boundary -> origin/feat/p4-03-04-react-consumer-boundary
prettier --write (same-repository PR)	Run actions/checkout@v4	2026-08-12T15:33:00.3538288Z  * [new branch]      feat/p4-05-current-main-integration-build -> origin/feat/p4-05-current-main-integration-build
prettier --write (same-repository PR)	Run actions/checkout@v4	2026-08-12T15:33:00.3539714Z  * [new branch]      feat/p4-05-integration-build-gate -> origin/feat/p4-05-integration-build-gate
prettier --write (same-repository PR)	Run actions/checkout@v4	2026-08-12T15:33:00.3540974Z  * [new branch]      feat/r5-engine-compose-resolver -> origin/feat/r5-engine-compose-resolver
prettier --write (same-repository PR)	Run actions/checkout@v4	2026-08-12T15:33:00.3542291Z  * [new branch]      feat/r8-dom-adapter-target-resolution -> origin/feat/r8-dom-adapter-target-resolution
prettier --write (same-repository PR)	Run actions/checkout@v4	2026-08-12T15:33:00.3543295Z  * [new branch]      fix/A3-publisher-reentrancy -> origin/fix/A3-publisher-reentrancy
prettier --write (same-repository PR)	Run actions/checkout@v4	2026-08-12T15:33:00.3543873Z  * [new branch]      fix/A3-red-evidence    -> origin/fix/A3-red-evidence
prettier --write (same-repository PR)	Run actions/checkout@v4	2026-08-12T15:33:00.3544408Z  * [new branch]      fix/B1-track-contribution -> origin/fix/B1-track-contribution
prettier --write (same-repository PR)	Run actions/checkout@v4	2026-08-12T15:33:00.3545037Z  * [new branch]      fix/B2-gsap-stop-compilation -> origin/fix/B2-gsap-stop-compilation
prettier --write (same-repository PR)	Run actions/checkout@v4	2026-08-12T15:33:00.3546271Z  * [new branch]      fix/B2-gsap-stop-compilation-clean -> origin/fix/B2-gsap-stop-compilation-clean
prettier --write (same-repository PR)	Run actions/checkout@v4	2026-08-12T15:33:00.3547628Z  * [new branch]      fix/B2-gsap-stop-compilation-repair -> origin/fix/B2-gsap-stop-compilation-repair
prettier --write (same-repository PR)	Run actions/checkout@v4	2026-08-12T15:33:00.3548347Z  * [new branch]      fix/C1-react-store-lifecycle -> origin/fix/C1-react-store-lifecycle
prettier --write (same-repository PR)	Run actions/checkout@v4	2026-08-12T15:33:00.3549233Z  * [new branch]      fix/C2-react-public-surface -> origin/fix/C2-react-public-surface
prettier --write (same-repository PR)	Run actions/checkout@v4	2026-08-12T15:33:00.3549789Z  * [new branch]      fix/C3-dom-contract    -> origin/fix/C3-dom-contract
prettier --write (same-repository PR)	Run actions/checkout@v4	2026-08-12T15:33:00.3550338Z  * [new branch]      fix/D1-boundary-discovery -> origin/fix/D1-boundary-discovery
prettier --write (same-repository PR)	Run actions/checkout@v4	2026-08-12T15:33:00.3551150Z  * [new branch]      fix/D2-boundary-self-test -> origin/fix/D2-boundary-self-test
prettier --write (same-repository PR)	Run actions/checkout@v4	2026-08-12T15:33:00.3551760Z  * [new branch]      fix/D3-evidence-gates  -> origin/fix/D3-evidence-gates
prettier --write (same-repository PR)	Run actions/checkout@v4	2026-08-12T15:33:00.3552360Z  * [new branch]      fix/D3-evidence-gates-rescue -> origin/fix/D3-evidence-gates-rescue
prettier --write (same-repository PR)	Run actions/checkout@v4	2026-08-12T15:33:00.3552966Z  * [new branch]      fix/D3-evidence-gates-v2 -> origin/fix/D3-evidence-gates-v2
prettier --write (same-repository PR)	Run actions/checkout@v4	2026-08-12T15:33:00.3553566Z  * [new branch]      fix/E1-required-build-rescue -> origin/fix/E1-required-build-rescue
prettier --write (same-repository PR)	Run actions/checkout@v4	2026-08-12T15:33:00.3554164Z  * [new branch]      fix/E1-required-build-v2 -> origin/fix/E1-required-build-v2
prettier --write (same-repository PR)	Run actions/checkout@v4	2026-08-12T15:33:00.3554803Z  * [new branch]      fix/E2-end-to-end-proof-rescue -> origin/fix/E2-end-to-end-proof-rescue
prettier --write (same-repository PR)	Run actions/checkout@v4	2026-08-12T15:33:00.3555395Z  * [new branch]      fix/E3-mutation-gate   -> origin/fix/E3-mutation-gate
prettier --write (same-repository PR)	Run actions/checkout@v4	2026-08-12T15:33:00.3556244Z  * [new branch]      fix/P0-1-clock-tick-identity -> origin/fix/P0-1-clock-tick-identity
prettier --write (same-repository PR)	Run actions/checkout@v4	2026-08-12T15:33:00.3556940Z  * [new branch]      fix/r1-publisher-input-resolution -> origin/fix/r1-publisher-input-resolution
prettier --write (same-repository PR)	Run actions/checkout@v4	2026-08-12T15:33:00.3557593Z  * [new branch]      fix/r2-output-edge-merge -> origin/fix/r2-output-edge-merge
prettier --write (same-repository PR)	Run actions/checkout@v4	2026-08-12T15:33:00.3558196Z  * [new branch]      fix/r3-track-input-recompute -> origin/fix/r3-track-input-recompute
prettier --write (same-repository PR)	Run actions/checkout@v4	2026-08-12T15:33:00.3558845Z  * [new branch]      fix/r4-membership-gates-seeds -> origin/fix/r4-membership-gates-seeds
prettier --write (same-repository PR)	Run actions/checkout@v4	2026-08-12T15:33:00.3559643Z  * [new branch]      fix/r7-boundary-scan-coverage-and-self-test -> origin/fix/r7-boundary-scan-coverage-and-self-test
prettier --write (same-repository PR)	Run actions/checkout@v4	2026-08-12T15:33:00.3560492Z  * [new branch]      main                   -> origin/main
prettier --write (same-repository PR)	Run actions/checkout@v4	2026-08-12T15:33:00.3561012Z  * [new branch]      merge/E2-clean-into-rescue -> origin/merge/E2-clean-into-rescue
prettier --write (same-repository PR)	Run actions/checkout@v4	2026-08-12T15:33:00.3561652Z  * [new branch]      phase-0r1-gsap-contract-proof -> origin/phase-0r1-gsap-contract-proof
prettier --write (same-repository PR)	Run actions/checkout@v4	2026-08-12T15:33:00.3562283Z  * [new branch]      phase-0r2-1r1-gap-closure -> origin/phase-0r2-1r1-gap-closure
prettier --write (same-repository PR)	Run actions/checkout@v4	2026-08-12T15:33:00.3562877Z  * [new branch]      phase-0r2-stop-validation -> origin/phase-0r2-stop-validation
prettier --write (same-repository PR)	Run actions/checkout@v4	2026-08-12T15:33:00.3563531Z  * [new branch]      phase-1r1-plugin-compilation -> origin/phase-1r1-plugin-compilation
prettier --write (same-repository PR)	Run actions/checkout@v4	2026-08-12T15:33:00.3564281Z  * [new branch]      phase-1r2-track-compiler-lifetime -> origin/phase-1r2-track-compiler-lifetime
prettier --write (same-repository PR)	Run actions/checkout@v4	2026-08-12T15:33:00.3565011Z  * [new branch]      phase-1r3-progress-invalidation -> origin/phase-1r3-progress-invalidation
prettier --write (same-repository PR)	Run actions/checkout@v4	2026-08-12T15:33:00.3566007Z  * [new branch]      rescue/restore-motionpath-parity -> origin/rescue/restore-motionpath-parity
prettier --write (same-repository PR)	Run actions/checkout@v4	2026-08-12T15:33:00.3566791Z  * [new branch]      restore-motionpath-value-pipeline -> origin/restore-motionpath-value-pipeline
prettier --write (same-repository PR)	Run actions/checkout@v4	2026-08-12T15:33:00.3657341Z ##[endgroup]
prettier --write (same-repository PR)	Run actions/checkout@v4	2026-08-12T15:33:00.3668265Z ##[group]Determining the checkout info
prettier --write (same-repository PR)	Run actions/checkout@v4	2026-08-12T15:33:00.3669004Z [command]/usr/bin/git branch --list --remote origin/fix/P0-1-clock-tick-identity
prettier --write (same-repository PR)	Run actions/checkout@v4	2026-08-12T15:33:00.3702103Z   origin/fix/P0-1-clock-tick-identity
prettier --write (same-repository PR)	Run actions/checkout@v4	2026-08-12T15:33:00.3709428Z ##[endgroup]
prettier --write (same-repository PR)	Run actions/checkout@v4	2026-08-12T15:33:00.3715081Z [command]/usr/bin/git sparse-checkout disable
prettier --write (same-repository PR)	Run actions/checkout@v4	2026-08-12T15:33:00.3776103Z [command]/usr/bin/git config --local --unset-all extensions.worktreeConfig
prettier --write (same-repository PR)	Run actions/checkout@v4	2026-08-12T15:33:00.3809017Z ##[group]Checking out the ref
prettier --write (same-repository PR)	Run actions/checkout@v4	2026-08-12T15:33:00.3813406Z [command]/usr/bin/git checkout --progress --force -B fix/P0-1-clock-tick-identity refs/remotes/origin/fix/P0-1-clock-tick-identity
prettier --write (same-repository PR)	Run actions/checkout@v4	2026-08-12T15:33:00.3954284Z Switched to a new branch 'fix/P0-1-clock-tick-identity'
prettier --write (same-repository PR)	Run actions/checkout@v4	2026-08-12T15:33:00.3956314Z branch 'fix/P0-1-clock-tick-identity' set up to track 'origin/fix/P0-1-clock-tick-identity'.
prettier --write (same-repository PR)	Run actions/checkout@v4	2026-08-12T15:33:00.3963509Z ##[endgroup]
prettier --write (same-repository PR)	Run actions/checkout@v4	2026-08-12T15:33:00.4012008Z [command]/usr/bin/git log -1 --format=%H
prettier --write (same-repository PR)	Run actions/checkout@v4	2026-08-12T15:33:00.4041522Z c39ab7c158ff330ff6b05ef048eab0bab6c9b077
prettier --write (same-repository PR)	Run actions/setup-node@v4	﻿2026-08-12T15:33:00.4385039Z Node 20 is being deprecated. This workflow is running with Node 24 by default. If you need to temporarily use Node 20, you can set the ACTIONS_ALLOW_USE_UNSECURE_NODE_VERSION=true environment variable. For more information see: https://github.blog/changelog/2025-09-19-deprecation-of-node-20-on-github-actions-runners/
prettier --write (same-repository PR)	Run actions/setup-node@v4	2026-08-12T15:33:00.4387285Z ##[group]Run actions/setup-node@v4
prettier --write (same-repository PR)	Run actions/setup-node@v4	2026-08-12T15:33:00.4387599Z with:
prettier --write (same-repository PR)	Run actions/setup-node@v4	2026-08-12T15:33:00.4387838Z   node-version: 24
prettier --write (same-repository PR)	Run actions/setup-node@v4	2026-08-12T15:33:00.4388088Z   cache: npm
prettier --write (same-repository PR)	Run actions/setup-node@v4	2026-08-12T15:33:00.4388327Z   always-auth: false
prettier --write (same-repository PR)	Run actions/setup-node@v4	2026-08-12T15:33:00.4388584Z   check-latest: false
prettier --write (same-repository PR)	Run actions/setup-node@v4	2026-08-12T15:33:00.4391583Z   token: ***
prettier --write (same-repository PR)	Run actions/setup-node@v4	2026-08-12T15:33:00.4391825Z ##[endgroup]
prettier --write (same-repository PR)	Run actions/setup-node@v4	2026-08-12T15:33:00.5890644Z Found in cache @ /opt/hostedtoolcache/node/24.18.0/x64
prettier --write (same-repository PR)	Run actions/setup-node@v4	2026-08-12T15:33:00.5896124Z (node:2246) [DEP0040] DeprecationWarning: The `punycode` module is deprecated. Please use a userland alternative instead.
prettier --write (same-repository PR)	Run actions/setup-node@v4	2026-08-12T15:33:00.5897441Z (Use `node --trace-deprecation ...` to show where the warning was created)
prettier --write (same-repository PR)	Run actions/setup-node@v4	2026-08-12T15:33:00.5899513Z ##[group]Environment details
prettier --write (same-repository PR)	Run actions/setup-node@v4	2026-08-12T15:33:01.0158002Z node: v24.18.0
prettier --write (same-repository PR)	Run actions/setup-node@v4	2026-08-12T15:33:01.0158437Z npm: 11.16.0
prettier --write (same-repository PR)	Run actions/setup-node@v4	2026-08-12T15:33:01.0158791Z yarn: 1.22.22
prettier --write (same-repository PR)	Run actions/setup-node@v4	2026-08-12T15:33:01.0159672Z ##[endgroup]
prettier --write (same-repository PR)	Run actions/setup-node@v4	2026-08-12T15:33:01.0186008Z [command]/opt/hostedtoolcache/node/24.18.0/x64/bin/npm config get cache
prettier --write (same-repository PR)	Run actions/setup-node@v4	2026-08-12T15:33:01.1427187Z /home/runner/.npm
prettier --write (same-repository PR)	Run actions/setup-node@v4	2026-08-12T15:33:01.4357686Z Cache hit for: node-cache-Linux-x64-npm-3c2bed2e4d5560c16cd47e37968a04b8819d6133a5ba040e0974537bdfacd89f
prettier --write (same-repository PR)	Run actions/setup-node@v4	2026-08-12T15:33:01.4460584Z (node:2246) [DEP0169] DeprecationWarning: `url.parse()` behavior is not standardized and prone to errors that have security implications. Use the WHATWG URL API instead. CVEs are not issued for `url.parse()` vulnerabilities.
prettier --write (same-repository PR)	Run actions/setup-node@v4	2026-08-12T15:33:02.7438388Z Received 832557 of 30192685 (2.8%), 0.8 MBs/sec
prettier --write (same-repository PR)	Run actions/setup-node@v4	2026-08-12T15:33:03.0382182Z Received 30192685 of 30192685 (100.0%), 22.3 MBs/sec
prettier --write (same-repository PR)	Run actions/setup-node@v4	2026-08-12T15:33:03.0382838Z Cache Size: ~29 MB (30192685 B)
prettier --write (same-repository PR)	Run actions/setup-node@v4	2026-08-12T15:33:03.0410270Z [command]/usr/bin/tar -xf /home/runner/work/_temp/c3de6651-881e-444c-8811-c4251ae01cbf/cache.tzst -P -C /home/runner/work/motion5/motion5 --use-compress-program unzstd
prettier --write (same-repository PR)	Run actions/setup-node@v4	2026-08-12T15:33:03.1458622Z Cache restored successfully
prettier --write (same-repository PR)	Run actions/setup-node@v4	2026-08-12T15:33:03.1476450Z Cache restored from key: node-cache-Linux-x64-npm-3c2bed2e4d5560c16cd47e37968a04b8819d6133a5ba040e0974537bdfacd89f
prettier --write (same-repository PR)	Install locked dependencies	﻿2026-08-12T15:33:03.1663315Z ##[group]Run npm ci --ignore-scripts --no-audit --no-fund
prettier --write (same-repository PR)	Install locked dependencies	2026-08-12T15:33:03.1663844Z ^[[36;1mnpm ci --ignore-scripts --no-audit --no-fund^[[0m
prettier --write (same-repository PR)	Install locked dependencies	2026-08-12T15:33:03.1724660Z shell: /usr/bin/bash -e {0}
prettier --write (same-repository PR)	Install locked dependencies	2026-08-12T15:33:03.1724958Z ##[endgroup]
prettier --write (same-repository PR)	Install locked dependencies	2026-08-12T15:33:07.3330392Z 
prettier --write (same-repository PR)	Install locked dependencies	2026-08-12T15:33:07.3336519Z added 219 packages in 4s
prettier --write (same-repository PR)	Apply formatter	﻿2026-08-12T15:33:07.4064692Z ##[group]Run npm run format
prettier --write (same-repository PR)	Apply formatter	2026-08-12T15:33:07.4065092Z ^[[36;1mnpm run format^[[0m
prettier --write (same-repository PR)	Apply formatter	2026-08-12T15:33:07.4114849Z shell: /usr/bin/bash -e {0}
prettier --write (same-repository PR)	Apply formatter	2026-08-12T15:33:07.4115110Z ##[endgroup]
prettier --write (same-repository PR)	Apply formatter	2026-08-12T15:33:07.5132904Z 
prettier --write (same-repository PR)	Apply formatter	2026-08-12T15:33:07.5133421Z > motion5@0.0.0 format
prettier --write (same-repository PR)	Apply formatter	2026-08-12T15:33:07.5133980Z > prettier . --write
prettier --write (same-repository PR)	Apply formatter	2026-08-12T15:33:07.5134267Z 
prettier --write (same-repository PR)	Apply formatter	2026-08-12T15:33:07.6701082Z ^[[90m.github/pull_request_template.md^[[39m 34ms (unchanged)
prettier --write (same-repository PR)	Apply formatter	2026-08-12T15:33:07.7045212Z ^[[90m.github/workflows/archive-ci-logs.yml^[[39m 30ms (unchanged)
prettier --write (same-repository PR)	Apply formatter	2026-08-12T15:33:07.7149948Z ^[[90m.github/workflows/bootstrap-lockfile.yml^[[39m 7ms (unchanged)
prettier --write (same-repository PR)	Apply formatter	2026-08-12T15:33:07.7313641Z ^[[90m.github/workflows/ci.yml^[[39m 14ms (unchanged)
prettier --write (same-repository PR)	Apply formatter	2026-08-12T15:33:07.7405055Z ^[[90m.github/workflows/format-manual.yml^[[39m 6ms (unchanged)
prettier --write (same-repository PR)	Apply formatter	2026-08-12T15:33:07.7471990Z ^[[90m.github/workflows/format.yml^[[39m 5ms (unchanged)
prettier --write (same-repository PR)	Apply formatter	2026-08-12T15:33:07.7748725Z ^[[90m.github/workflows/recovery-audit.yml^[[39m 19ms (unchanged)
prettier --write (same-repository PR)	Apply formatter	2026-08-12T15:33:07.8162124Z ^[[90m.prettierrc.json^[[39m 34ms (unchanged)
prettier --write (same-repository PR)	Apply formatter	2026-08-12T15:33:07.8257237Z docs/acceptance-map.json 4ms
prettier --write (same-repository PR)	Apply formatter	2026-08-12T15:33:07.9252479Z ^[[90mdocs/ARCHITECTURE.md^[[39m 97ms (unchanged)
prettier --write (same-repository PR)	Apply formatter	2026-08-12T15:33:07.9628376Z ^[[90mdocs/AUTHORED-SCHEMA.md^[[39m 35ms (unchanged)
prettier --write (same-repository PR)	Apply formatter	2026-08-12T15:33:07.9786127Z ^[[90mdocs/CI-WORKFLOW.md^[[39m 14ms (unchanged)
prettier --write (same-repository PR)	Apply formatter	2026-08-12T15:33:08.0950697Z docs/CODE-REVIEW-POST-E3.md 113ms
prettier --write (same-repository PR)	Apply formatter	2026-08-12T15:33:08.1490162Z ^[[90mdocs/DECISIONS.md^[[39m 51ms (unchanged)
prettier --write (same-repository PR)	Apply formatter	2026-08-12T15:33:08.1577448Z ^[[90mdocs/FORMATTING.md^[[39m 6ms (unchanged)
prettier --write (same-repository PR)	Apply formatter	2026-08-12T15:33:08.2692583Z ^[[90mdocs/IMPLEMENTATION-PLAN.md^[[39m 109ms (unchanged)
prettier --write (same-repository PR)	Apply formatter	2026-08-12T15:33:08.3036286Z ^[[90mdocs/IMPLEMENTOR-BRIEF-MOTIONPATH-TO-MOTION5.md^[[39m 22ms (unchanged)
prettier --write (same-repository PR)	Apply formatter	2026-08-12T15:33:08.3166238Z ^[[90mdocs/MIGRATION-V4-TO-V5.md^[[39m 11ms (unchanged)
prettier --write (same-repository PR)	Apply formatter	2026-08-12T15:33:08.3513823Z ^[[90mdocs/PHASE-3-4-CONSOLIDATED-AUDIT.md^[[39m 33ms (unchanged)
prettier --write (same-repository PR)	Apply formatter	2026-08-12T15:33:08.3711718Z ^[[90mdocs/PHASE-3-4-RECOVERY-PLAN.md^[[39m 17ms (unchanged)
prettier --write (same-repository PR)	Apply formatter	2026-08-12T15:33:08.3851421Z ^[[90mdocs/PHASE-3-IMPLEMENTATION-REVIEW.md^[[39m 13ms (unchanged)
prettier --write (same-repository PR)	Apply formatter	2026-08-12T15:33:08.4944431Z ^[[90mdocs/PHASE-4-IMPLEMENTATION-REVIEW.md^[[39m 108ms (unchanged)
prettier --write (same-repository PR)	Apply formatter	2026-08-12T15:33:08.5012507Z ^[[90mdocs/PR-WORKFLOW.md^[[39m 5ms (unchanged)
prettier --write (same-repository PR)	Apply formatter	2026-08-12T15:33:08.5234904Z ^[[90mdocs/PRD.md^[[39m 19ms (unchanged)
prettier --write (same-repository PR)	Apply formatter	2026-08-12T15:33:08.5334010Z ^[[90mdocs/README.md^[[39m 9ms (unchanged)
prettier --write (same-repository PR)	Apply formatter	2026-08-12T15:33:08.5420341Z ^[[90mdocs/SESSION-STATUS.md^[[39m 5ms (unchanged)
prettier --write (same-repository PR)	Apply formatter	2026-08-12T15:33:08.5483472Z ^[[90mdocs/TESTING-STRATEGY.md^[[39m 5ms (unchanged)
prettier --write (same-repository PR)	Apply formatter	2026-08-12T15:33:08.6073486Z ^[[90mdocs/TRD.md^[[39m 58ms (unchanged)
prettier --write (same-repository PR)	Apply formatter	2026-08-12T15:33:08.6105249Z ^[[90mpackage.json^[[39m 2ms (unchanged)
prettier --write (same-repository PR)	Apply formatter	2026-08-12T15:33:08.6163598Z ^[[90mpackages/core/package.json^[[39m 1ms (unchanged)
prettier --write (same-repository PR)	Apply formatter	2026-08-12T15:33:08.6335942Z ^[[90mpackages/core/src/adapters/browser-clock.ts^[[39m 13ms (unchanged)
prettier --write (same-repository PR)	Apply formatter	2026-08-12T15:33:08.6490669Z ^[[90mpackages/core/src/adapters/dom.ts^[[39m 14ms (unchanged)
prettier --write (same-repository PR)	Apply formatter	2026-08-12T15:33:08.6721687Z ^[[90mpackages/core/src/adapters/interpolator/gsap.ts^[[39m 20ms (unchanged)
prettier --write (same-repository PR)	Apply formatter	2026-08-12T15:33:08.6836887Z ^[[90mpackages/core/src/contract/golden.ts^[[39m 7ms (unchanged)
prettier --write (same-repository PR)	Apply formatter	2026-08-12T15:33:08.6934308Z ^[[90mpackages/core/src/contract/migrate-v4-to-v5.ts^[[39m 8ms (unchanged)
prettier --write (same-repository PR)	Apply formatter	2026-08-12T15:33:08.7032723Z ^[[90mpackages/core/src/contract/v5.ts^[[39m 6ms (unchanged)
prettier --write (same-repository PR)	Apply formatter	2026-08-12T15:33:08.7516574Z ^[[90mpackages/core/src/contract/validate-v5.ts^[[39m 47ms (unchanged)
prettier --write (same-repository PR)	Apply formatter	2026-08-12T15:33:08.7667334Z ^[[90mpackages/core/src/domain/lifecycle.ts^[[39m 9ms (unchanged)
prettier --write (same-repository PR)	Apply formatter	2026-08-12T15:33:08.7859371Z ^[[90mpackages/core/src/domain/motion.ts^[[39m 14ms (unchanged)
prettier --write (same-repository PR)	Apply formatter	2026-08-12T15:33:08.8073933Z ^[[90mpackages/core/src/domain/plugins.ts^[[39m 20ms (unchanged)
prettier --write (same-repository PR)	Apply formatter	2026-08-12T15:33:08.8234041Z ^[[90mpackages/core/src/domain/track.ts^[[39m 10ms (unchanged)
prettier --write (same-repository PR)	Apply formatter	2026-08-12T15:33:08.8346349Z ^[[90mpackages/core/src/domain/triggers.ts^[[39m 10ms (unchanged)
prettier --write (same-repository PR)	Apply formatter	2026-08-12T15:33:08.8463364Z ^[[90mpackages/core/src/domain/values.ts^[[39m 10ms (unchanged)
prettier --write (same-repository PR)	Apply formatter	2026-08-12T15:33:08.8562753Z ^[[90mpackages/core/src/engine.ts^[[39m 8ms (unchanged)
prettier --write (same-repository PR)	Apply formatter	2026-08-12T15:33:08.8707566Z ^[[90mpackages/core/src/graph/binding.ts^[[39m 9ms (unchanged)
prettier --write (same-repository PR)	Apply formatter	2026-08-12T15:33:08.8725886Z ^[[90mpackages/core/src/graph/compare.ts^[[39m 2ms (unchanged)
prettier --write (same-repository PR)	Apply formatter	2026-08-12T15:33:08.8822309Z ^[[90mpackages/core/src/graph/ids.ts^[[39m 7ms (unchanged)
prettier --write (same-repository PR)	Apply formatter	2026-08-12T15:33:08.9036832Z ^[[90mpackages/core/src/graph/ir.ts^[[39m 20ms (unchanged)
prettier --write (same-repository PR)	Apply formatter	2026-08-12T15:33:08.9397199Z ^[[90mpackages/core/src/graph/observation-state.ts^[[39m 21ms (unchanged)
prettier --write (same-repository PR)	Apply formatter	2026-08-12T15:33:08.9590738Z ^[[90mpackages/core/src/graph/order.ts^[[39m 19ms (unchanged)
prettier --write (same-repository PR)	Apply formatter	2026-08-12T15:33:08.9667808Z ^[[90mpackages/core/src/index.ts^[[39m 2ms (unchanged)
prettier --write (same-repository PR)	Apply formatter	2026-08-12T15:33:08.9690692Z ^[[90mpackages/core/src/internal.ts^[[39m 1ms (unchanged)
prettier --write (same-repository PR)	Apply formatter	2026-08-12T15:33:08.9755782Z ^[[90mpackages/core/src/ports/clock.ts^[[39m 4ms (unchanged)
prettier --write (same-repository PR)	Apply formatter	2026-08-12T15:33:08.9890571Z ^[[90mpackages/core/src/ports/fakes.ts^[[39m 12ms (unchanged)
prettier --write (same-repository PR)	Apply formatter	2026-08-12T15:33:08.9921837Z ^[[90mpackages/core/src/ports/interpolator.ts^[[39m 2ms (unchanged)
prettier --write (same-repository PR)	Apply formatter	2026-08-12T15:33:08.9947472Z ^[[90mpackages/core/src/ports/scheduler.ts^[[39m 1ms (unchanged)
prettier --write (same-repository PR)	Apply formatter	2026-08-12T15:33:09.0103848Z ^[[90mpackages/core/src/runtime/graph-publisher.ts^[[39m 13ms (unchanged)
prettier --write (same-repository PR)	Apply formatter	2026-08-12T15:33:09.0240014Z ^[[90mpackages/core/src/runtime/graph-runtime.ts^[[39m 12ms (unchanged)
prettier --write (same-repository PR)	Apply formatter	2026-08-12T15:33:09.0400830Z ^[[90mpackages/core/src/runtime/patch-registry.ts^[[39m 15ms (unchanged)
prettier --write (same-repository PR)	Apply formatter	2026-08-12T15:33:09.0466796Z ^[[90mpackages/core/src/runtime/project-runtime.ts^[[39m 5ms (unchanged)
prettier --write (same-repository PR)	Apply formatter	2026-08-12T15:33:09.0588710Z ^[[90mpackages/core/test/contract/adapters.test.ts^[[39m 7ms (unchanged)
prettier --write (same-repository PR)	Apply formatter	2026-08-12T15:33:09.0639292Z ^[[90mpackages/core/test/contract/gsap-multi-stop.test.ts^[[39m 4ms (unchanged)
prettier --write (same-repository PR)	Apply formatter	2026-08-12T15:33:09.0716692Z ^[[90mpackages/core/test/contract/ports.test.ts^[[39m 7ms (unchanged)
prettier --write (same-repository PR)	Apply formatter	2026-08-12T15:33:09.0898704Z ^[[90mpackages/core/test/contract/v5-validator.test.ts^[[39m 16ms (unchanged)
prettier --write (same-repository PR)	Apply formatter	2026-08-12T15:33:09.0971019Z ^[[90mpackages/core/test/fixtures/v5-contract.ts^[[39m 3ms (unchanged)
prettier --write (same-repository PR)	Apply formatter	2026-08-12T15:33:09.1042364Z ^[[90mpackages/core/test/integration/contract-baseline.test.ts^[[39m 4ms (unchanged)
prettier --write (same-repository PR)	Apply formatter	2026-08-12T15:33:09.1140903Z ^[[90mpackages/core/test/integration/dom-patch-apply.test.ts^[[39m 8ms (unchanged)
prettier --write (same-repository PR)	Apply formatter	2026-08-12T15:33:09.1236986Z ^[[90mpackages/core/test/integration/end-to-end.test.ts^[[39m 8ms (unchanged)
prettier --write (same-repository PR)	Apply formatter	2026-08-12T15:33:09.1317220Z ^[[90mpackages/core/test/integration/engine-headless.test.ts^[[39m 7ms (unchanged)
prettier --write (same-repository PR)	Apply formatter	2026-08-12T15:33:09.1418651Z ^[[90mpackages/core/test/integration/flush-output-merge.test.ts^[[39m 9ms (unchanged)
prettier --write (same-repository PR)	Apply formatter	2026-08-12T15:33:09.1448877Z ^[[90mpackages/core/test/integration/golden-roundtrip.test.ts^[[39m 2ms (unchanged)
prettier --write (same-repository PR)	Apply formatter	2026-08-12T15:33:09.1662804Z ^[[90mpackages/core/test/integration/graph-publisher.test.ts^[[39m 13ms (unchanged)
prettier --write (same-repository PR)	Apply formatter	2026-08-12T15:33:09.1749988Z ^[[90mpackages/core/test/integration/graph-rollback.test.ts^[[39m 7ms (unchanged)
prettier --write (same-repository PR)	Apply formatter	2026-08-12T15:33:09.1824458Z ^[[90mpackages/core/test/integration/graph-runtime.test.ts^[[39m 6ms (unchanged)
prettier --write (same-repository PR)	Apply formatter	2026-08-12T15:33:09.1888848Z ^[[90mpackages/core/test/integration/membership-gating.test.ts^[[39m 5ms (unchanged)
prettier --write (same-repository PR)	Apply formatter	2026-08-12T15:33:09.1960655Z ^[[90mpackages/core/test/integration/partial-seed-inputs.test.ts^[[39m 5ms (unchanged)
prettier --write (same-repository PR)	Apply formatter	2026-08-12T15:33:09.2021067Z ^[[90mpackages/core/test/integration/project-runtime.test.ts^[[39m 5ms (unchanged)
prettier --write (same-repository PR)	Apply formatter	2026-08-12T15:33:09.2115015Z ^[[90mpackages/core/test/integration/publisher-output-merge-consistency.test.ts^[[39m 8ms (unchanged)
prettier --write (same-repository PR)	Apply formatter	2026-08-12T15:33:09.2192203Z ^[[90mpackages/core/test/migration/v4-to-v5.test.ts^[[39m 5ms (unchanged)
prettier --write (same-repository PR)	Apply formatter	2026-08-12T15:33:09.2287634Z ^[[90mpackages/core/test/unit/domain/lifecycle.test.ts^[[39m 5ms (unchanged)
prettier --write (same-repository PR)	Apply formatter	2026-08-12T15:33:09.2388644Z ^[[90mpackages/core/test/unit/domain/motion.test.ts^[[39m 7ms (unchanged)
prettier --write (same-repository PR)	Apply formatter	2026-08-12T15:33:09.2528814Z ^[[90mpackages/core/test/unit/domain/plugins.test.ts^[[39m 13ms (unchanged)
prettier --write (same-repository PR)	Apply formatter	2026-08-12T15:33:09.2582538Z ^[[90mpackages/core/test/unit/domain/track-contribution.test.ts^[[39m 4ms (unchanged)
prettier --write (same-repository PR)	Apply formatter	2026-08-12T15:33:09.2748615Z ^[[90mpackages/core/test/unit/domain/track.test.ts^[[39m 12ms (unchanged)
prettier --write (same-repository PR)	Apply formatter	2026-08-12T15:33:09.2809677Z ^[[90mpackages/core/test/unit/domain/triggers.test.ts^[[39m 5ms (unchanged)
prettier --write (same-repository PR)	Apply formatter	2026-08-12T15:33:09.2921268Z ^[[90mpackages/core/test/unit/domain/values.test.ts^[[39m 10ms (unchanged)
prettier --write (same-repository PR)	Apply formatter	2026-08-12T15:33:09.3030776Z ^[[90mpackages/core/test/unit/graph/ids.test.ts^[[39m 7ms (unchanged)
prettier --write (same-repository PR)	Apply formatter	2026-08-12T15:33:09.3175981Z ^[[90mpackages/core/test/unit/graph/ir-validation.test.ts^[[39m 12ms (unchanged)
prettier --write (same-repository PR)	Apply formatter	2026-08-12T15:33:09.3427828Z ^[[90mpackages/core/test/unit/graph/observation-state.test.ts^[[39m 13ms (unchanged)
prettier --write (same-repository PR)	Apply formatter	2026-08-12T15:33:09.3539229Z ^[[90mpackages/core/test/unit/graph/order.test.ts^[[39m 9ms (unchanged)
prettier --write (same-repository PR)	Apply formatter	2026-08-12T15:33:09.3559525Z ^[[90mpackages/core/test/unit/placeholder.test.ts^[[39m 1ms (unchanged)
prettier --write (same-repository PR)	Apply formatter	2026-08-12T15:33:09.3678852Z ^[[90mpackages/core/test/unit/runtime/clock-tick-identity.test.ts^[[39m 9ms (unchanged)
prettier --write (same-repository PR)	Apply formatter	2026-08-12T15:33:09.3784859Z ^[[90mpackages/core/test/unit/runtime/patch-registry-subscriber-errors.test.ts^[[39m 9ms (unchanged)
prettier --write (same-repository PR)	Apply formatter	2026-08-12T15:33:09.3856258Z ^[[90mpackages/core/test/unit/runtime/patch-registry.test.ts^[[39m 6ms (unchanged)
prettier --write (same-repository PR)	Apply formatter	2026-08-12T15:33:09.3992868Z ^[[90mpackages/core/test/unit/runtime/publisher-reentrancy.test.ts^[[39m 12ms (unchanged)
prettier --write (same-repository PR)	Apply formatter	2026-08-12T15:33:09.4064649Z ^[[90mpackages/core/test/unit/scripts/acceptance-scan.test.ts^[[39m 4ms (unchanged)
prettier --write (same-repository PR)	Apply formatter	2026-08-12T15:33:09.4163057Z ^[[90mpackages/core/test/unit/scripts/boundary-scan.test.ts^[[39m 9ms (unchanged)
prettier --write (same-repository PR)	Apply formatter	2026-08-12T15:33:09.4208768Z ^[[90mpackages/core/test/unit/scripts/mutation-config.test.ts^[[39m 3ms (unchanged)
prettier --write (same-repository PR)	Apply formatter	2026-08-12T15:33:09.4250987Z ^[[90mpackages/react/package.json^[[39m 1ms (unchanged)
prettier --write (same-repository PR)	Apply formatter	2026-08-12T15:33:09.4296095Z ^[[90mpackages/react/src/index.ts^[[39m 2ms (unchanged)
prettier --write (same-repository PR)	Apply formatter	2026-08-12T15:33:09.4337026Z ^[[90mpackages/react/src/patch-store.ts^[[39m 3ms (unchanged)
prettier --write (same-repository PR)	Apply formatter	2026-08-12T15:33:09.4410253Z ^[[90mpackages/react/test/patch-store-lifecycle.test.ts^[[39m 5ms (unchanged)
prettier --write (same-repository PR)	Apply formatter	2026-08-12T15:33:09.4468817Z ^[[90mpackages/react/test/patch-store.test.ts^[[39m 4ms (unchanged)
prettier --write (same-repository PR)	Apply formatter	2026-08-12T15:33:09.4525940Z ^[[90mpackages/react/test/public-hook-render.test.ts^[[39m 4ms (unchanged)
prettier --write (same-repository PR)	Apply formatter	2026-08-12T15:33:09.4569434Z ^[[90mpackages/react/test/public-hook.test.ts^[[39m 1ms (unchanged)
prettier --write (same-repository PR)	Apply formatter	2026-08-12T15:33:09.4623667Z ^[[90mpackages/react/test/public-package-surface.test.ts^[[39m 4ms (unchanged)
prettier --write (same-repository PR)	Apply formatter	2026-08-12T15:33:09.4656023Z ^[[90mperformance/budgets.json^[[39m 1ms (unchanged)
prettier --write (same-repository PR)	Apply formatter	2026-08-12T15:33:09.4753961Z ^[[90mperformance/graph-benchmark.mjs^[[39m 9ms (unchanged)
prettier --write (same-repository PR)	Apply formatter	2026-08-12T15:33:09.4908560Z ^[[90mprogress/A3.md^[[39m 4ms (unchanged)
prettier --write (same-repository PR)	Apply formatter	2026-08-12T15:33:09.4957705Z ^[[90mprogress/B1.md^[[39m 4ms (unchanged)
prettier --write (same-repository PR)	Apply formatter	2026-08-12T15:33:09.5034828Z ^[[90mprogress/B2.md^[[39m 6ms (unchanged)
prettier --write (same-repository PR)	Apply formatter	2026-08-12T15:33:09.5082114Z ^[[90mprogress/C1.md^[[39m 4ms (unchanged)
prettier --write (same-repository PR)	Apply formatter	2026-08-12T15:33:09.5178640Z ^[[90mprogress/C2.md^[[39m 8ms (unchanged)
prettier --write (same-repository PR)	Apply formatter	2026-08-12T15:33:09.5229415Z ^[[90mprogress/C3.md^[[39m 4ms (unchanged)
prettier --write (same-repository PR)	Apply formatter	2026-08-12T15:33:09.5264656Z ^[[90mprogress/D1.md^[[39m 2ms (unchanged)
prettier --write (same-repository PR)	Apply formatter	2026-08-12T15:33:09.5356482Z ^[[90mprogress/D2.md^[[39m 8ms (unchanged)
prettier --write (same-repository PR)	Apply formatter	2026-08-12T15:33:09.5395882Z ^[[90mprogress/D3.md^[[39m 3ms (unchanged)
prettier --write (same-repository PR)	Apply formatter	2026-08-12T15:33:09.5438679Z ^[[90mprogress/E1.md^[[39m 3ms (unchanged)
prettier --write (same-repository PR)	Apply formatter	2026-08-12T15:33:09.5476258Z ^[[90mprogress/E3.md^[[39m 3ms (unchanged)
prettier --write (same-repository PR)	Apply formatter	2026-08-12T15:33:09.5544571Z ^[[90mprogress/README.md^[[39m 6ms (unchanged)
prettier --write (same-repository PR)	Apply formatter	2026-08-12T15:33:09.5697008Z ^[[90mprogress/STATUS.md^[[39m 13ms (unchanged)
prettier --write (same-repository PR)	Apply formatter	2026-08-12T15:33:09.5738526Z ^[[90mprogress/W0-baseline.md^[[39m 4ms (unchanged)
prettier --write (same-repository PR)	Apply formatter	2026-08-12T15:33:09.5846720Z ^[[90mREADME.md^[[39m 10ms (unchanged)
prettier --write (same-repository PR)	Apply formatter	2026-08-12T15:33:09.5981651Z ^[[90mRECOVERY.md^[[39m 6ms (unchanged)
prettier --write (same-repository PR)	Apply formatter	2026-08-12T15:33:09.6026010Z ^[[90mscripts/acceptance-scan.d.mts^[[39m 2ms (unchanged)
prettier --write (same-repository PR)	Apply formatter	2026-08-12T15:33:09.6127466Z ^[[90mscripts/acceptance-scan.mjs^[[39m 8ms (unchanged)
prettier --write (same-repository PR)	Apply formatter	2026-08-12T15:33:09.6174646Z ^[[90mscripts/boundary-scan-fixtures.ts^[[39m 1ms (unchanged)
prettier --write (same-repository PR)	Apply formatter	2026-08-12T15:33:09.6210489Z ^[[90mscripts/boundary-scan.d.mts^[[39m 2ms (unchanged)
prettier --write (same-repository PR)	Apply formatter	2026-08-12T15:33:09.6369841Z ^[[90mscripts/boundary-scan.mjs^[[39m 14ms (unchanged)
prettier --write (same-repository PR)	Apply formatter	2026-08-12T15:33:09.6407925Z ^[[90mscripts/mutation-summary.mjs^[[39m 3ms (unchanged)
prettier --write (same-repository PR)	Apply formatter	2026-08-12T15:33:09.6437095Z ^[[90mstryker.config.json^[[39m 2ms (unchanged)
prettier --write (same-repository PR)	Apply formatter	2026-08-12T15:33:09.6496243Z ^[[90mtsconfig.json^[[39m 1ms (unchanged)
prettier --write (same-repository PR)	Apply formatter	2026-08-12T15:33:09.6511500Z ^[[90mvitest.stryker.config.ts^[[39m 1ms (unchanged)
prettier --write (same-repository PR)	Apply formatter	2026-08-12T15:33:09.6744357Z ^[[90mWAVE-PLAN.md^[[39m 22ms (unchanged)
prettier --write (same-repository PR)	Commit formatting changes	﻿2026-08-12T15:33:09.7121660Z ##[group]Run if git diff --quiet; then
prettier --write (same-repository PR)	Commit formatting changes	2026-08-12T15:33:09.7122033Z ^[[36;1mif git diff --quiet; then^[[0m
prettier --write (same-repository PR)	Commit formatting changes	2026-08-12T15:33:09.7122321Z ^[[36;1m  echo "No formatting drift."^[[0m
prettier --write (same-repository PR)	Commit formatting changes	2026-08-12T15:33:09.7122578Z ^[[36;1m  exit 0^[[0m
prettier --write (same-repository PR)	Commit formatting changes	2026-08-12T15:33:09.7122769Z ^[[36;1mfi^[[0m
prettier --write (same-repository PR)	Commit formatting changes	2026-08-12T15:33:09.7123000Z ^[[36;1mgit config user.name "github-actions[bot]"^[[0m
prettier --write (same-repository PR)	Commit formatting changes	2026-08-12T15:33:09.7123454Z ^[[36;1mgit config user.email "41898282+github-actions[bot]@users.noreply.github.com"^[[0m
prettier --write (same-repository PR)	Commit formatting changes	2026-08-12T15:33:09.7123873Z ^[[36;1mgit add -A^[[0m
prettier --write (same-repository PR)	Commit formatting changes	2026-08-12T15:33:09.7124124Z ^[[36;1mgit commit -m "chore: apply prettier"^[[0m
prettier --write (same-repository PR)	Commit formatting changes	2026-08-12T15:33:09.7124445Z ^[[36;1mgit push origin "HEAD:${TARGET_BRANCH}"^[[0m
prettier --write (same-repository PR)	Commit formatting changes	2026-08-12T15:33:09.7168741Z shell: /usr/bin/bash -e {0}
prettier --write (same-repository PR)	Commit formatting changes	2026-08-12T15:33:09.7168994Z env:
prettier --write (same-repository PR)	Commit formatting changes	2026-08-12T15:33:09.7169222Z   TARGET_BRANCH: fix/P0-1-clock-tick-identity
prettier --write (same-repository PR)	Commit formatting changes	2026-08-12T15:33:09.7169686Z ##[endgroup]
prettier --write (same-repository PR)	Commit formatting changes	2026-08-12T15:33:09.7443782Z [fix/P0-1-clock-tick-identity 2e24201] chore: apply prettier
prettier --write (same-repository PR)	Commit formatting changes	2026-08-12T15:33:09.7444624Z  2 files changed, 40 insertions(+), 37 deletions(-)
prettier --write (same-repository PR)	Commit formatting changes	2026-08-12T15:33:11.1082346Z To https://github.com/chahyasantoso/motion5
prettier --write (same-repository PR)	Commit formatting changes	2026-08-12T15:33:11.1082942Z    c39ab7c..2e24201  HEAD -> fix/P0-1-clock-tick-identity
prettier --write (same-repository PR)	Post Run actions/setup-node@v4	﻿2026-08-12T15:33:11.1236757Z Node 20 is being deprecated. This workflow is running with Node 24 by default. If you need to temporarily use Node 20, you can set the ACTIONS_ALLOW_USE_UNSECURE_NODE_VERSION=true environment variable. For more information see: https://github.blog/changelog/2025-09-19-deprecation-of-node-20-on-github-actions-runners/
prettier --write (same-repository PR)	Post Run actions/setup-node@v4	2026-08-12T15:33:11.1238024Z Post job cleanup.
prettier --write (same-repository PR)	Post Run actions/setup-node@v4	2026-08-12T15:33:11.2424978Z (node:2351) [DEP0040] DeprecationWarning: The `punycode` module is deprecated. Please use a userland alternative instead.
prettier --write (same-repository PR)	Post Run actions/setup-node@v4	2026-08-12T15:33:11.2426233Z (Use `node --trace-deprecation ...` to show where the warning was created)
prettier --write (same-repository PR)	Post Run actions/setup-node@v4	2026-08-12T15:33:11.2429214Z Cache hit occurred on the primary key node-cache-Linux-x64-npm-3c2bed2e4d5560c16cd47e37968a04b8819d6133a5ba040e0974537bdfacd89f, not saving cache.
prettier --write (same-repository PR)	Post Run actions/checkout@v4	﻿2026-08-12T15:33:11.2572926Z Node 20 is being deprecated. This workflow is running with Node 24 by default. If you need to temporarily use Node 20, you can set the ACTIONS_ALLOW_USE_UNSECURE_NODE_VERSION=true environment variable. For more information see: https://github.blog/changelog/2025-09-19-deprecation-of-node-20-on-github-actions-runners/
prettier --write (same-repository PR)	Post Run actions/checkout@v4	2026-08-12T15:33:11.2574193Z Post job cleanup.
prettier --write (same-repository PR)	Post Run actions/checkout@v4	2026-08-12T15:33:11.3418997Z [command]/usr/bin/git version
prettier --write (same-repository PR)	Post Run actions/checkout@v4	2026-08-12T15:33:11.3478921Z git version 2.54.0
prettier --write (same-repository PR)	Post Run actions/checkout@v4	2026-08-12T15:33:11.3508226Z Temporarily overriding HOME='/home/runner/work/_temp/f6f11d81-4044-4798-a493-06b95e3ec7f8' before making global git config changes
prettier --write (same-repository PR)	Post Run actions/checkout@v4	2026-08-12T15:33:11.3509822Z Adding repository directory to the temporary git global config as a safe directory
prettier --write (same-repository PR)	Post Run actions/checkout@v4	2026-08-12T15:33:11.3513879Z [command]/usr/bin/git config --global --add safe.directory /home/runner/work/motion5/motion5
prettier --write (same-repository PR)	Post Run actions/checkout@v4	2026-08-12T15:33:11.3555268Z [command]/usr/bin/git config --local --name-only --get-regexp core\.sshCommand
prettier --write (same-repository PR)	Post Run actions/checkout@v4	2026-08-12T15:33:11.3589317Z [command]/usr/bin/git submodule foreach --recursive sh -c "git config --local --name-only --get-regexp 'core\.sshCommand' && git config --local --unset-all 'core.sshCommand' || :"
prettier --write (same-repository PR)	Post Run actions/checkout@v4	2026-08-12T15:33:11.3867910Z [command]/usr/bin/git config --local --name-only --get-regexp http\.https\:\/\/github\.com\/\.extraheader
prettier --write (same-repository PR)	Post Run actions/checkout@v4	2026-08-12T15:33:11.3918344Z http.https://github.com/.extraheader
prettier --write (same-repository PR)	Post Run actions/checkout@v4	2026-08-12T15:33:11.3920283Z [command]/usr/bin/git config --local --unset-all http.https://github.com/.extraheader
prettier --write (same-repository PR)	Post Run actions/checkout@v4	2026-08-12T15:33:11.3950743Z [command]/usr/bin/git submodule foreach --recursive sh -c "git config --local --name-only --get-regexp 'http\.https\:\/\/github\.com\/\.extraheader' && git config --local --unset-all 'http.https://github.com/.extraheader' || :"
prettier --write (same-repository PR)	Post Run actions/checkout@v4	2026-08-12T15:33:11.4229705Z [command]/usr/bin/git config --local --name-only --get-regexp ^includeIf\.gitdir:
prettier --write (same-repository PR)	Post Run actions/checkout@v4	2026-08-12T15:33:11.4279385Z [command]/usr/bin/git submodule foreach --recursive git config --local --show-origin --name-only --get-regexp remote.origin.url
prettier --write (same-repository PR)	Complete job	﻿2026-08-12T15:33:11.4724104Z Cleaning up orphan processes
prettier --write (same-repository PR)	Complete job	2026-08-12T15:33:11.4992738Z ##[warning]Node.js 20 is deprecated. The following actions target Node.js 20 but are being forced to run on Node.js 24: actions/checkout@v4, actions/setup-node@v4. For more information see: https://github.blog/changelog/2025-09-19-deprecation-of-node-20-on-github-actions-runners/
