prettier --write (same-repository PR)	Set up job	﻿2026-08-12T13:09:14.1729969Z Current runner version: '2.336.0'
prettier --write (same-repository PR)	Set up job	2026-08-12T13:09:14.1755433Z ##[group]Runner Image Provisioner
prettier --write (same-repository PR)	Set up job	2026-08-12T13:09:14.1756291Z Hosted Compute Agent
prettier --write (same-repository PR)	Set up job	2026-08-12T13:09:14.1756954Z Version: 20260707.563
prettier --write (same-repository PR)	Set up job	2026-08-12T13:09:14.1757578Z Commit: 02667638d2b423fbc733a8e32a88b44996a3ba6e
prettier --write (same-repository PR)	Set up job	2026-08-12T13:09:14.1758279Z Build Date: 2026-07-07T19:33:50Z
prettier --write (same-repository PR)	Set up job	2026-08-12T13:09:14.1759048Z Worker ID: {3299e454-48d3-4169-a9ed-321c170d60cb}
prettier --write (same-repository PR)	Set up job	2026-08-12T13:09:14.1759798Z Azure Region: westcentralus
prettier --write (same-repository PR)	Set up job	2026-08-12T13:09:14.1760424Z ##[endgroup]
prettier --write (same-repository PR)	Set up job	2026-08-12T13:09:14.1762080Z ##[group]Operating System
prettier --write (same-repository PR)	Set up job	2026-08-12T13:09:14.1762742Z Ubuntu
prettier --write (same-repository PR)	Set up job	2026-08-12T13:09:14.1763369Z 24.04.4
prettier --write (same-repository PR)	Set up job	2026-08-12T13:09:14.1763871Z LTS
prettier --write (same-repository PR)	Set up job	2026-08-12T13:09:14.1764358Z ##[endgroup]
prettier --write (same-repository PR)	Set up job	2026-08-12T13:09:14.1764962Z ##[group]Runner Image
prettier --write (same-repository PR)	Set up job	2026-08-12T13:09:14.1765553Z Image: ubuntu-24.04
prettier --write (same-repository PR)	Set up job	2026-08-12T13:09:14.1766137Z Version: 20260720.247.2
prettier --write (same-repository PR)	Set up job	2026-08-12T13:09:14.1767236Z Included Software: https://github.com/actions/runner-images/blob/ubuntu24/20260720.247/images/ubuntu/Ubuntu2404-Readme.md
prettier --write (same-repository PR)	Set up job	2026-08-12T13:09:14.1769024Z Image Release: https://github.com/actions/runner-images/releases/tag/ubuntu24%2F20260720.247
prettier --write (same-repository PR)	Set up job	2026-08-12T13:09:14.1770050Z ##[endgroup]
prettier --write (same-repository PR)	Set up job	2026-08-12T13:09:14.1771348Z ##[group]GITHUB_TOKEN Permissions
prettier --write (same-repository PR)	Set up job	2026-08-12T13:09:14.1773698Z Contents: write
prettier --write (same-repository PR)	Set up job	2026-08-12T13:09:14.1774388Z Metadata: read
prettier --write (same-repository PR)	Set up job	2026-08-12T13:09:14.1774974Z PullRequests: read
prettier --write (same-repository PR)	Set up job	2026-08-12T13:09:14.1775542Z ##[endgroup]
prettier --write (same-repository PR)	Set up job	2026-08-12T13:09:14.1778276Z Secret source: Actions
prettier --write (same-repository PR)	Set up job	2026-08-12T13:09:14.1779324Z Prepare workflow directory
prettier --write (same-repository PR)	Set up job	2026-08-12T13:09:14.2166695Z Prepare all required actions
prettier --write (same-repository PR)	Set up job	2026-08-12T13:09:14.2214942Z Getting action download info
prettier --write (same-repository PR)	Set up job	2026-08-12T13:09:14.5225328Z Download action repository 'actions/checkout@v4' (SHA:11d5960a326750d5838078e36cf38b85af677262)
prettier --write (same-repository PR)	Set up job	2026-08-12T13:09:15.1954419Z Download action repository 'actions/setup-node@v4' (SHA:49933ea5288caeca8642d1e84afbd3f7d6820020)
prettier --write (same-repository PR)	Set up job	2026-08-12T13:09:15.3880422Z Complete job name: prettier --write (same-repository PR)
prettier --write (same-repository PR)	Run actions/checkout@v4	﻿2026-08-12T13:09:15.4685873Z Node 20 is being deprecated. This workflow is running with Node 24 by default. If you need to temporarily use Node 20, you can set the ACTIONS_ALLOW_USE_UNSECURE_NODE_VERSION=true environment variable. For more information see: https://github.blog/changelog/2025-09-19-deprecation-of-node-20-on-github-actions-runners/
prettier --write (same-repository PR)	Run actions/checkout@v4	2026-08-12T13:09:15.4695062Z ##[group]Run actions/checkout@v4
prettier --write (same-repository PR)	Run actions/checkout@v4	2026-08-12T13:09:15.4695888Z with:
prettier --write (same-repository PR)	Run actions/checkout@v4	2026-08-12T13:09:15.4696369Z   ref: fix/E3-mutation-gate
prettier --write (same-repository PR)	Run actions/checkout@v4	2026-08-12T13:09:15.4696945Z   repository: chahyasantoso/motion5
prettier --write (same-repository PR)	Run actions/checkout@v4	2026-08-12T13:09:15.4697523Z   fetch-depth: 0
prettier --write (same-repository PR)	Run actions/checkout@v4	2026-08-12T13:09:15.4701283Z   token: ***
prettier --write (same-repository PR)	Run actions/checkout@v4	2026-08-12T13:09:15.4701981Z   ssh-strict: true
prettier --write (same-repository PR)	Run actions/checkout@v4	2026-08-12T13:09:15.4702468Z   ssh-user: git
prettier --write (same-repository PR)	Run actions/checkout@v4	2026-08-12T13:09:15.4702965Z   persist-credentials: true
prettier --write (same-repository PR)	Run actions/checkout@v4	2026-08-12T13:09:15.4703486Z   clean: true
prettier --write (same-repository PR)	Run actions/checkout@v4	2026-08-12T13:09:15.4703956Z   sparse-checkout-cone-mode: true
prettier --write (same-repository PR)	Run actions/checkout@v4	2026-08-12T13:09:15.4704515Z   fetch-tags: false
prettier --write (same-repository PR)	Run actions/checkout@v4	2026-08-12T13:09:15.4705007Z   show-progress: true
prettier --write (same-repository PR)	Run actions/checkout@v4	2026-08-12T13:09:15.4705486Z   lfs: false
prettier --write (same-repository PR)	Run actions/checkout@v4	2026-08-12T13:09:15.4705998Z   submodules: false
prettier --write (same-repository PR)	Run actions/checkout@v4	2026-08-12T13:09:15.4706476Z   set-safe-directory: true
prettier --write (same-repository PR)	Run actions/checkout@v4	2026-08-12T13:09:15.4707016Z   allow-unsafe-pr-checkout: false
prettier --write (same-repository PR)	Run actions/checkout@v4	2026-08-12T13:09:15.4707863Z ##[endgroup]
prettier --write (same-repository PR)	Run actions/checkout@v4	2026-08-12T13:09:15.5958172Z Syncing repository: chahyasantoso/motion5
prettier --write (same-repository PR)	Run actions/checkout@v4	2026-08-12T13:09:15.5960894Z ##[group]Getting Git version info
prettier --write (same-repository PR)	Run actions/checkout@v4	2026-08-12T13:09:15.5962450Z Working directory is '/home/runner/work/motion5/motion5'
prettier --write (same-repository PR)	Run actions/checkout@v4	2026-08-12T13:09:15.5964329Z [command]/usr/bin/git version
prettier --write (same-repository PR)	Run actions/checkout@v4	2026-08-12T13:09:15.6917358Z git version 2.54.0
prettier --write (same-repository PR)	Run actions/checkout@v4	2026-08-12T13:09:15.6972717Z ##[endgroup]
prettier --write (same-repository PR)	Run actions/checkout@v4	2026-08-12T13:09:15.6988976Z Temporarily overriding HOME='/home/runner/work/_temp/3241063f-a168-41c6-93b1-6c74b73658ef' before making global git config changes
prettier --write (same-repository PR)	Run actions/checkout@v4	2026-08-12T13:09:15.6990702Z Adding repository directory to the temporary git global config as a safe directory
prettier --write (same-repository PR)	Run actions/checkout@v4	2026-08-12T13:09:15.6995706Z [command]/usr/bin/git config --global --add safe.directory /home/runner/work/motion5/motion5
prettier --write (same-repository PR)	Run actions/checkout@v4	2026-08-12T13:09:15.7051182Z Deleting the contents of '/home/runner/work/motion5/motion5'
prettier --write (same-repository PR)	Run actions/checkout@v4	2026-08-12T13:09:15.7055976Z ##[group]Initializing the repository
prettier --write (same-repository PR)	Run actions/checkout@v4	2026-08-12T13:09:15.7061076Z [command]/usr/bin/git init /home/runner/work/motion5/motion5
prettier --write (same-repository PR)	Run actions/checkout@v4	2026-08-12T13:09:15.7199400Z hint: Using 'master' as the name for the initial branch. This default branch name
prettier --write (same-repository PR)	Run actions/checkout@v4	2026-08-12T13:09:15.7201483Z hint: will change to "main" in Git 3.0. To configure the initial branch name
prettier --write (same-repository PR)	Run actions/checkout@v4	2026-08-12T13:09:15.7203532Z hint: to use in all of your new repositories, which will suppress this warning,
prettier --write (same-repository PR)	Run actions/checkout@v4	2026-08-12T13:09:15.7205073Z hint: call:
prettier --write (same-repository PR)	Run actions/checkout@v4	2026-08-12T13:09:15.7205915Z hint:
prettier --write (same-repository PR)	Run actions/checkout@v4	2026-08-12T13:09:15.7206632Z hint: 	git config --global init.defaultBranch <name>
prettier --write (same-repository PR)	Run actions/checkout@v4	2026-08-12T13:09:15.7207400Z hint:
prettier --write (same-repository PR)	Run actions/checkout@v4	2026-08-12T13:09:15.7208049Z hint: Names commonly chosen instead of 'master' are 'main', 'trunk' and
prettier --write (same-repository PR)	Run actions/checkout@v4	2026-08-12T13:09:15.7209099Z hint: 'development'. The just-created branch can be renamed via this command:
prettier --write (same-repository PR)	Run actions/checkout@v4	2026-08-12T13:09:15.7209914Z hint:
prettier --write (same-repository PR)	Run actions/checkout@v4	2026-08-12T13:09:15.7210356Z hint: 	git branch -m <name>
prettier --write (same-repository PR)	Run actions/checkout@v4	2026-08-12T13:09:15.7211227Z hint:
prettier --write (same-repository PR)	Run actions/checkout@v4	2026-08-12T13:09:15.7212442Z hint: Disable this message with "git config set advice.defaultBranchName false"
prettier --write (same-repository PR)	Run actions/checkout@v4	2026-08-12T13:09:15.7213613Z Initialized empty Git repository in /home/runner/work/motion5/motion5/.git/
prettier --write (same-repository PR)	Run actions/checkout@v4	2026-08-12T13:09:15.7216963Z [command]/usr/bin/git remote add origin https://github.com/chahyasantoso/motion5
prettier --write (same-repository PR)	Run actions/checkout@v4	2026-08-12T13:09:15.7281183Z ##[endgroup]
prettier --write (same-repository PR)	Run actions/checkout@v4	2026-08-12T13:09:15.7282383Z ##[group]Disabling automatic garbage collection
prettier --write (same-repository PR)	Run actions/checkout@v4	2026-08-12T13:09:15.7285550Z [command]/usr/bin/git config --local gc.auto 0
prettier --write (same-repository PR)	Run actions/checkout@v4	2026-08-12T13:09:15.7318120Z ##[endgroup]
prettier --write (same-repository PR)	Run actions/checkout@v4	2026-08-12T13:09:15.7318925Z ##[group]Setting up auth
prettier --write (same-repository PR)	Run actions/checkout@v4	2026-08-12T13:09:15.7324895Z [command]/usr/bin/git config --local --name-only --get-regexp core\.sshCommand
prettier --write (same-repository PR)	Run actions/checkout@v4	2026-08-12T13:09:15.7363290Z [command]/usr/bin/git submodule foreach --recursive sh -c "git config --local --name-only --get-regexp 'core\.sshCommand' && git config --local --unset-all 'core.sshCommand' || :"
prettier --write (same-repository PR)	Run actions/checkout@v4	2026-08-12T13:09:15.7730576Z [command]/usr/bin/git config --local --name-only --get-regexp http\.https\:\/\/github\.com\/\.extraheader
prettier --write (same-repository PR)	Run actions/checkout@v4	2026-08-12T13:09:15.7765857Z [command]/usr/bin/git submodule foreach --recursive sh -c "git config --local --name-only --get-regexp 'http\.https\:\/\/github\.com\/\.extraheader' && git config --local --unset-all 'http.https://github.com/.extraheader' || :"
prettier --write (same-repository PR)	Run actions/checkout@v4	2026-08-12T13:09:15.7991609Z [command]/usr/bin/git config --local --name-only --get-regexp ^includeIf\.gitdir:
prettier --write (same-repository PR)	Run actions/checkout@v4	2026-08-12T13:09:15.8027183Z [command]/usr/bin/git submodule foreach --recursive git config --local --show-origin --name-only --get-regexp remote.origin.url
prettier --write (same-repository PR)	Run actions/checkout@v4	2026-08-12T13:09:15.8253749Z [command]/usr/bin/git config --local http.https://github.com/.extraheader AUTHORIZATION: basic ***
prettier --write (same-repository PR)	Run actions/checkout@v4	2026-08-12T13:09:15.8291437Z ##[endgroup]
prettier --write (same-repository PR)	Run actions/checkout@v4	2026-08-12T13:09:15.8292723Z ##[group]Fetching the repository
prettier --write (same-repository PR)	Run actions/checkout@v4	2026-08-12T13:09:15.8301566Z [command]/usr/bin/git -c protocol.version=2 fetch --prune --no-recurse-submodules origin +refs/heads/*:refs/remotes/origin/* +refs/tags/*:refs/tags/*
prettier --write (same-repository PR)	Run actions/checkout@v4	2026-08-12T13:09:17.1842966Z From https://github.com/chahyasantoso/motion5
prettier --write (same-repository PR)	Run actions/checkout@v4	2026-08-12T13:09:17.1844175Z  * [new branch]      chore/format-31354308601 -> origin/chore/format-31354308601
prettier --write (same-repository PR)	Run actions/checkout@v4	2026-08-12T13:09:17.1845198Z  * [new branch]      chore/r6-core-package-boundary -> origin/chore/r6-core-package-boundary
prettier --write (same-repository PR)	Run actions/checkout@v4	2026-08-12T13:09:17.1845851Z  * [new branch]      ci-logs                -> origin/ci-logs
prettier --write (same-repository PR)	Run actions/checkout@v4	2026-08-12T13:09:17.1846373Z  * [new branch]      ci/archive-workflow    -> origin/ci/archive-workflow
prettier --write (same-repository PR)	Run actions/checkout@v4	2026-08-12T13:09:17.1846999Z  * [new branch]      ci/auto-format-pr-branches -> origin/ci/auto-format-pr-branches
prettier --write (same-repository PR)	Run actions/checkout@v4	2026-08-12T13:09:17.1847737Z  * [new branch]      docs/detailed-plan-and-trd -> origin/docs/detailed-plan-and-trd
prettier --write (same-repository PR)	Run actions/checkout@v4	2026-08-12T13:09:17.1848484Z  * [new branch]      docs/p0-06-trd-and-detailed-plan -> origin/docs/p0-06-trd-and-detailed-plan
prettier --write (same-repository PR)	Run actions/checkout@v4	2026-08-12T13:09:17.1849287Z  * [new branch]      docs/phase3-implementation-review -> origin/docs/phase3-implementation-review
prettier --write (same-repository PR)	Run actions/checkout@v4	2026-08-12T13:09:17.1850132Z  * [new branch]      docs/r9-status-and-plan-truth-pass -> origin/docs/r9-status-and-plan-truth-pass
prettier --write (same-repository PR)	Run actions/checkout@v4	2026-08-12T13:09:17.1851333Z  * [new branch]      docs/repo-review-and-remediation-plan -> origin/docs/repo-review-and-remediation-plan
prettier --write (same-repository PR)	Run actions/checkout@v4	2026-08-12T13:09:17.1852520Z  * [new branch]      feat/p0-04-ports-and-fakes -> origin/feat/p0-04-ports-and-fakes
prettier --write (same-repository PR)	Run actions/checkout@v4	2026-08-12T13:09:17.1853369Z  * [new branch]      feat/p0-05-golden-fixtures-and-integration -> origin/feat/p0-05-golden-fixtures-and-integration
prettier --write (same-repository PR)	Run actions/checkout@v4	2026-08-12T13:09:17.1854239Z  * [new branch]      feat/p1-01-immutable-value-snapshots -> origin/feat/p1-01-immutable-value-snapshots
prettier --write (same-repository PR)	Run actions/checkout@v4	2026-08-12T13:09:17.1854975Z  * [new branch]      feat/p1-02-plugin-registry -> origin/feat/p1-02-plugin-registry
prettier --write (same-repository PR)	Run actions/checkout@v4	2026-08-12T13:09:17.1855575Z  * [new branch]      feat/p1-03-track-leaf  -> origin/feat/p1-03-track-leaf
prettier --write (same-repository PR)	Run actions/checkout@v4	2026-08-12T13:09:17.1856198Z  * [new branch]      feat/p1-04-lifecycle-primitives -> origin/feat/p1-04-lifecycle-primitives
prettier --write (same-repository PR)	Run actions/checkout@v4	2026-08-12T13:09:17.1856856Z  * [new branch]      feat/p1-05-motion-scheduling -> origin/feat/p1-05-motion-scheduling
prettier --write (same-repository PR)	Run actions/checkout@v4	2026-08-12T13:09:17.1857521Z  * [new branch]      feat/p1-06-trigger-delegates -> origin/feat/p1-06-trigger-delegates
prettier --write (same-repository PR)	Run actions/checkout@v4	2026-08-12T13:09:17.1858110Z  * [new branch]      feat/p2-01-qualified-ids -> origin/feat/p2-01-qualified-ids
prettier --write (same-repository PR)	Run actions/checkout@v4	2026-08-12T13:09:17.1858739Z  * [new branch]      feat/p2-02-03-graph-ir-validation -> origin/feat/p2-02-03-graph-ir-validation
prettier --write (same-repository PR)	Run actions/checkout@v4	2026-08-12T13:09:17.1859460Z  * [new branch]      feat/p2-04-cycle-detection-and-order -> origin/feat/p2-04-cycle-detection-and-order
prettier --write (same-repository PR)	Run actions/checkout@v4	2026-08-12T13:09:17.1860216Z  * [new branch]      feat/p2-05-stable-observation-state -> origin/feat/p2-05-stable-observation-state
prettier --write (same-repository PR)	Run actions/checkout@v4	2026-08-12T13:09:17.1860970Z  * [new branch]      feat/p2-06-graph-binding-transactions -> origin/feat/p2-06-graph-binding-transactions
prettier --write (same-repository PR)	Run actions/checkout@v4	2026-08-12T13:09:17.1861826Z  * [new branch]      feat/p2-07-boundary-scan-ci-gate -> origin/feat/p2-07-boundary-scan-ci-gate
prettier --write (same-repository PR)	Run actions/checkout@v4	2026-08-12T13:09:17.1862476Z  * [new branch]      feat/p3-01-patch-registry -> origin/feat/p3-01-patch-registry
prettier --write (same-repository PR)	Run actions/checkout@v4	2026-08-12T13:09:17.1863372Z  * [new branch]      feat/p3-02-03-publisher-failure-semantics -> origin/feat/p3-02-03-publisher-failure-semantics
prettier --write (same-repository PR)	Run actions/checkout@v4	2026-08-12T13:09:17.1864078Z  * [new branch]      feat/p3-04-graph-runtime -> origin/feat/p3-04-graph-runtime
prettier --write (same-repository PR)	Run actions/checkout@v4	2026-08-12T13:09:17.1864652Z  * [new branch]      feat/p3-05-project-runtime -> origin/feat/p3-05-project-runtime
prettier --write (same-repository PR)	Run actions/checkout@v4	2026-08-12T13:09:17.1865540Z  * [new branch]      feat/p3-06-07-engine-and-benchmarks -> origin/feat/p3-06-07-engine-and-benchmarks
prettier --write (same-repository PR)	Run actions/checkout@v4	2026-08-12T13:09:17.1866231Z  * [new branch]      feat/p4-01-02-adapters -> origin/feat/p4-01-02-adapters
prettier --write (same-repository PR)	Run actions/checkout@v4	2026-08-12T13:09:17.1866874Z  * [new branch]      feat/p4-03-04-react-consumer-boundary -> origin/feat/p4-03-04-react-consumer-boundary
prettier --write (same-repository PR)	Run actions/checkout@v4	2026-08-12T13:09:17.1867679Z  * [new branch]      feat/p4-05-current-main-integration-build -> origin/feat/p4-05-current-main-integration-build
prettier --write (same-repository PR)	Run actions/checkout@v4	2026-08-12T13:09:17.1868466Z  * [new branch]      feat/p4-05-integration-build-gate -> origin/feat/p4-05-integration-build-gate
prettier --write (same-repository PR)	Run actions/checkout@v4	2026-08-12T13:09:17.1869207Z  * [new branch]      feat/r5-engine-compose-resolver -> origin/feat/r5-engine-compose-resolver
prettier --write (same-repository PR)	Run actions/checkout@v4	2026-08-12T13:09:17.1869956Z  * [new branch]      feat/r8-dom-adapter-target-resolution -> origin/feat/r8-dom-adapter-target-resolution
prettier --write (same-repository PR)	Run actions/checkout@v4	2026-08-12T13:09:17.1870648Z  * [new branch]      fix/A3-publisher-reentrancy -> origin/fix/A3-publisher-reentrancy
prettier --write (same-repository PR)	Run actions/checkout@v4	2026-08-12T13:09:17.1871211Z  * [new branch]      fix/A3-red-evidence    -> origin/fix/A3-red-evidence
prettier --write (same-repository PR)	Run actions/checkout@v4	2026-08-12T13:09:17.1871952Z  * [new branch]      fix/B1-track-contribution -> origin/fix/B1-track-contribution
prettier --write (same-repository PR)	Run actions/checkout@v4	2026-08-12T13:09:17.1872737Z  * [new branch]      fix/B2-gsap-stop-compilation -> origin/fix/B2-gsap-stop-compilation
prettier --write (same-repository PR)	Run actions/checkout@v4	2026-08-12T13:09:17.1873435Z  * [new branch]      fix/B2-gsap-stop-compilation-clean -> origin/fix/B2-gsap-stop-compilation-clean
prettier --write (same-repository PR)	Run actions/checkout@v4	2026-08-12T13:09:17.1874181Z  * [new branch]      fix/B2-gsap-stop-compilation-repair -> origin/fix/B2-gsap-stop-compilation-repair
prettier --write (same-repository PR)	Run actions/checkout@v4	2026-08-12T13:09:17.1874861Z  * [new branch]      fix/C1-react-store-lifecycle -> origin/fix/C1-react-store-lifecycle
prettier --write (same-repository PR)	Run actions/checkout@v4	2026-08-12T13:09:17.1875668Z  * [new branch]      fix/C2-react-public-surface -> origin/fix/C2-react-public-surface
prettier --write (same-repository PR)	Run actions/checkout@v4	2026-08-12T13:09:17.1876234Z  * [new branch]      fix/C3-dom-contract    -> origin/fix/C3-dom-contract
prettier --write (same-repository PR)	Run actions/checkout@v4	2026-08-12T13:09:17.1876775Z  * [new branch]      fix/D1-boundary-discovery -> origin/fix/D1-boundary-discovery
prettier --write (same-repository PR)	Run actions/checkout@v4	2026-08-12T13:09:17.1877378Z  * [new branch]      fix/D2-boundary-self-test -> origin/fix/D2-boundary-self-test
prettier --write (same-repository PR)	Run actions/checkout@v4	2026-08-12T13:09:17.1877950Z  * [new branch]      fix/D3-evidence-gates  -> origin/fix/D3-evidence-gates
prettier --write (same-repository PR)	Run actions/checkout@v4	2026-08-12T13:09:17.1878558Z  * [new branch]      fix/D3-evidence-gates-rescue -> origin/fix/D3-evidence-gates-rescue
prettier --write (same-repository PR)	Run actions/checkout@v4	2026-08-12T13:09:17.1879173Z  * [new branch]      fix/D3-evidence-gates-v2 -> origin/fix/D3-evidence-gates-v2
prettier --write (same-repository PR)	Run actions/checkout@v4	2026-08-12T13:09:17.1879844Z  * [new branch]      fix/E1-required-build-rescue -> origin/fix/E1-required-build-rescue
prettier --write (same-repository PR)	Run actions/checkout@v4	2026-08-12T13:09:17.1880479Z  * [new branch]      fix/E1-required-build-v2 -> origin/fix/E1-required-build-v2
prettier --write (same-repository PR)	Run actions/checkout@v4	2026-08-12T13:09:17.1881149Z  * [new branch]      fix/E2-end-to-end-proof-rescue -> origin/fix/E2-end-to-end-proof-rescue
prettier --write (same-repository PR)	Run actions/checkout@v4	2026-08-12T13:09:17.1881990Z  * [new branch]      fix/E3-mutation-gate   -> origin/fix/E3-mutation-gate
prettier --write (same-repository PR)	Run actions/checkout@v4	2026-08-12T13:09:17.1882670Z  * [new branch]      fix/r1-publisher-input-resolution -> origin/fix/r1-publisher-input-resolution
prettier --write (same-repository PR)	Run actions/checkout@v4	2026-08-12T13:09:17.1883354Z  * [new branch]      fix/r2-output-edge-merge -> origin/fix/r2-output-edge-merge
prettier --write (same-repository PR)	Run actions/checkout@v4	2026-08-12T13:09:17.1883991Z  * [new branch]      fix/r3-track-input-recompute -> origin/fix/r3-track-input-recompute
prettier --write (same-repository PR)	Run actions/checkout@v4	2026-08-12T13:09:17.1884673Z  * [new branch]      fix/r4-membership-gates-seeds -> origin/fix/r4-membership-gates-seeds
prettier --write (same-repository PR)	Run actions/checkout@v4	2026-08-12T13:09:17.1885504Z  * [new branch]      fix/r7-boundary-scan-coverage-and-self-test -> origin/fix/r7-boundary-scan-coverage-and-self-test
prettier --write (same-repository PR)	Run actions/checkout@v4	2026-08-12T13:09:17.1886188Z  * [new branch]      main                   -> origin/main
prettier --write (same-repository PR)	Run actions/checkout@v4	2026-08-12T13:09:17.1886729Z  * [new branch]      merge/E2-clean-into-rescue -> origin/merge/E2-clean-into-rescue
prettier --write (same-repository PR)	Run actions/checkout@v4	2026-08-12T13:09:17.1887571Z  * [new branch]      phase-0r1-gsap-contract-proof -> origin/phase-0r1-gsap-contract-proof
prettier --write (same-repository PR)	Run actions/checkout@v4	2026-08-12T13:09:17.1888246Z  * [new branch]      phase-0r2-1r1-gap-closure -> origin/phase-0r2-1r1-gap-closure
prettier --write (same-repository PR)	Run actions/checkout@v4	2026-08-12T13:09:17.1888872Z  * [new branch]      phase-0r2-stop-validation -> origin/phase-0r2-stop-validation
prettier --write (same-repository PR)	Run actions/checkout@v4	2026-08-12T13:09:17.1889524Z  * [new branch]      phase-1r1-plugin-compilation -> origin/phase-1r1-plugin-compilation
prettier --write (same-repository PR)	Run actions/checkout@v4	2026-08-12T13:09:17.1890268Z  * [new branch]      phase-1r2-track-compiler-lifetime -> origin/phase-1r2-track-compiler-lifetime
prettier --write (same-repository PR)	Run actions/checkout@v4	2026-08-12T13:09:17.1891030Z  * [new branch]      phase-1r3-progress-invalidation -> origin/phase-1r3-progress-invalidation
prettier --write (same-repository PR)	Run actions/checkout@v4	2026-08-12T13:09:17.1891907Z  * [new branch]      rescue/restore-motionpath-parity -> origin/rescue/restore-motionpath-parity
prettier --write (same-repository PR)	Run actions/checkout@v4	2026-08-12T13:09:17.1892681Z  * [new branch]      restore-motionpath-value-pipeline -> origin/restore-motionpath-value-pipeline
prettier --write (same-repository PR)	Run actions/checkout@v4	2026-08-12T13:09:17.1982677Z ##[endgroup]
prettier --write (same-repository PR)	Run actions/checkout@v4	2026-08-12T13:09:17.1983910Z ##[group]Determining the checkout info
prettier --write (same-repository PR)	Run actions/checkout@v4	2026-08-12T13:09:17.1992868Z [command]/usr/bin/git branch --list --remote origin/fix/E3-mutation-gate
prettier --write (same-repository PR)	Run actions/checkout@v4	2026-08-12T13:09:17.2026266Z   origin/fix/E3-mutation-gate
prettier --write (same-repository PR)	Run actions/checkout@v4	2026-08-12T13:09:17.2047273Z ##[endgroup]
prettier --write (same-repository PR)	Run actions/checkout@v4	2026-08-12T13:09:17.2047656Z [command]/usr/bin/git sparse-checkout disable
prettier --write (same-repository PR)	Run actions/checkout@v4	2026-08-12T13:09:17.2090730Z [command]/usr/bin/git config --local --unset-all extensions.worktreeConfig
prettier --write (same-repository PR)	Run actions/checkout@v4	2026-08-12T13:09:17.2120361Z ##[group]Checking out the ref
prettier --write (same-repository PR)	Run actions/checkout@v4	2026-08-12T13:09:17.2124665Z [command]/usr/bin/git checkout --progress --force -B fix/E3-mutation-gate refs/remotes/origin/fix/E3-mutation-gate
prettier --write (same-repository PR)	Run actions/checkout@v4	2026-08-12T13:09:17.2258245Z Switched to a new branch 'fix/E3-mutation-gate'
prettier --write (same-repository PR)	Run actions/checkout@v4	2026-08-12T13:09:17.2261954Z branch 'fix/E3-mutation-gate' set up to track 'origin/fix/E3-mutation-gate'.
prettier --write (same-repository PR)	Run actions/checkout@v4	2026-08-12T13:09:17.2268330Z ##[endgroup]
prettier --write (same-repository PR)	Run actions/checkout@v4	2026-08-12T13:09:17.2316810Z [command]/usr/bin/git log -1 --format=%H
prettier --write (same-repository PR)	Run actions/checkout@v4	2026-08-12T13:09:17.2346375Z bfb8271fd6dd9d97db5c09da2a5c9e8ae137782f
prettier --write (same-repository PR)	Run actions/setup-node@v4	﻿2026-08-12T13:09:17.2685475Z Node 20 is being deprecated. This workflow is running with Node 24 by default. If you need to temporarily use Node 20, you can set the ACTIONS_ALLOW_USE_UNSECURE_NODE_VERSION=true environment variable. For more information see: https://github.blog/changelog/2025-09-19-deprecation-of-node-20-on-github-actions-runners/
prettier --write (same-repository PR)	Run actions/setup-node@v4	2026-08-12T13:09:17.2687315Z ##[group]Run actions/setup-node@v4
prettier --write (same-repository PR)	Run actions/setup-node@v4	2026-08-12T13:09:17.2687633Z with:
prettier --write (same-repository PR)	Run actions/setup-node@v4	2026-08-12T13:09:17.2687875Z   node-version: 24
prettier --write (same-repository PR)	Run actions/setup-node@v4	2026-08-12T13:09:17.2688130Z   cache: npm
prettier --write (same-repository PR)	Run actions/setup-node@v4	2026-08-12T13:09:17.2688375Z   always-auth: false
prettier --write (same-repository PR)	Run actions/setup-node@v4	2026-08-12T13:09:17.2688647Z   check-latest: false
prettier --write (same-repository PR)	Run actions/setup-node@v4	2026-08-12T13:09:17.2691096Z   token: ***
prettier --write (same-repository PR)	Run actions/setup-node@v4	2026-08-12T13:09:17.2691349Z ##[endgroup]
prettier --write (same-repository PR)	Run actions/setup-node@v4	2026-08-12T13:09:17.4147152Z Found in cache @ /opt/hostedtoolcache/node/24.18.0/x64
prettier --write (same-repository PR)	Run actions/setup-node@v4	2026-08-12T13:09:17.4150613Z (node:2426) [DEP0040] DeprecationWarning: The `punycode` module is deprecated. Please use a userland alternative instead.
prettier --write (same-repository PR)	Run actions/setup-node@v4	2026-08-12T13:09:17.4151448Z (Use `node --trace-deprecation ...` to show where the warning was created)
prettier --write (same-repository PR)	Run actions/setup-node@v4	2026-08-12T13:09:17.4154005Z ##[group]Environment details
prettier --write (same-repository PR)	Run actions/setup-node@v4	2026-08-12T13:09:20.4191547Z node: v24.18.0
prettier --write (same-repository PR)	Run actions/setup-node@v4	2026-08-12T13:09:20.4192231Z npm: 11.16.0
prettier --write (same-repository PR)	Run actions/setup-node@v4	2026-08-12T13:09:20.4192579Z yarn: 1.22.22
prettier --write (same-repository PR)	Run actions/setup-node@v4	2026-08-12T13:09:20.4193468Z ##[endgroup]
prettier --write (same-repository PR)	Run actions/setup-node@v4	2026-08-12T13:09:20.4258464Z [command]/opt/hostedtoolcache/node/24.18.0/x64/bin/npm config get cache
prettier --write (same-repository PR)	Run actions/setup-node@v4	2026-08-12T13:09:20.7292460Z /home/runner/.npm
prettier --write (same-repository PR)	Run actions/setup-node@v4	2026-08-12T13:09:20.9563915Z Cache hit for: node-cache-Linux-x64-npm-c2e5d555bc9e84f526536f7ce98adc37976096bfe7c2dc15d7b2e5553d204784
prettier --write (same-repository PR)	Run actions/setup-node@v4	2026-08-12T13:09:20.9653139Z (node:2426) [DEP0169] DeprecationWarning: `url.parse()` behavior is not standardized and prone to errors that have security implications. Use the WHATWG URL API instead. CVEs are not issued for `url.parse()` vulnerabilities.
prettier --write (same-repository PR)	Run actions/setup-node@v4	2026-08-12T13:09:22.1714915Z Received 26320600 of 30514904 (86.3%), 25.1 MBs/sec
prettier --write (same-repository PR)	Run actions/setup-node@v4	2026-08-12T13:09:22.1947929Z Received 30514904 of 30514904 (100.0%), 28.4 MBs/sec
prettier --write (same-repository PR)	Run actions/setup-node@v4	2026-08-12T13:09:22.1948554Z Cache Size: ~29 MB (30514904 B)
prettier --write (same-repository PR)	Run actions/setup-node@v4	2026-08-12T13:09:22.1976421Z [command]/usr/bin/tar -xf /home/runner/work/_temp/bd881d61-b980-4a90-b326-a4c6f0361f06/cache.tzst -P -C /home/runner/work/motion5/motion5 --use-compress-program unzstd
prettier --write (same-repository PR)	Run actions/setup-node@v4	2026-08-12T13:09:22.4292427Z Cache restored successfully
prettier --write (same-repository PR)	Run actions/setup-node@v4	2026-08-12T13:09:22.4309966Z Cache restored from key: node-cache-Linux-x64-npm-c2e5d555bc9e84f526536f7ce98adc37976096bfe7c2dc15d7b2e5553d204784
prettier --write (same-repository PR)	Install locked dependencies	﻿2026-08-12T13:09:22.4511052Z ##[group]Run npm ci --ignore-scripts --no-audit --no-fund
prettier --write (same-repository PR)	Install locked dependencies	2026-08-12T13:09:22.4511551Z ^[[36;1mnpm ci --ignore-scripts --no-audit --no-fund^[[0m
prettier --write (same-repository PR)	Install locked dependencies	2026-08-12T13:09:22.5038306Z shell: /usr/bin/bash -e {0}
prettier --write (same-repository PR)	Install locked dependencies	2026-08-12T13:09:22.5038604Z ##[endgroup]
prettier --write (same-repository PR)	Install locked dependencies	2026-08-12T13:09:25.4447832Z npm warn deprecated @babel/plugin-proposal-explicit-resource-management@7.27.4: This proposal has been merged to the ECMAScript standard and thus this plugin is no longer maintained. Please use @babel/plugin-transform-explicit-resource-management instead.
prettier --write (same-repository PR)	Install locked dependencies	2026-08-12T13:09:27.7671582Z 
prettier --write (same-repository PR)	Install locked dependencies	2026-08-12T13:09:27.7672502Z added 234 packages in 5s
prettier --write (same-repository PR)	Apply formatter	﻿2026-08-12T13:09:27.8264364Z ##[group]Run npm run format
prettier --write (same-repository PR)	Apply formatter	2026-08-12T13:09:27.8264666Z ^[[36;1mnpm run format^[[0m
prettier --write (same-repository PR)	Apply formatter	2026-08-12T13:09:27.8308427Z shell: /usr/bin/bash -e {0}
prettier --write (same-repository PR)	Apply formatter	2026-08-12T13:09:27.8308695Z ##[endgroup]
prettier --write (same-repository PR)	Apply formatter	2026-08-12T13:09:27.9346578Z 
prettier --write (same-repository PR)	Apply formatter	2026-08-12T13:09:27.9347213Z > motion5@0.0.0 format
prettier --write (same-repository PR)	Apply formatter	2026-08-12T13:09:27.9347805Z > prettier . --write
prettier --write (same-repository PR)	Apply formatter	2026-08-12T13:09:27.9348091Z 
prettier --write (same-repository PR)	Apply formatter	2026-08-12T13:09:28.1247765Z ^[[90m.github/pull_request_template.md^[[39m 38ms (unchanged)
prettier --write (same-repository PR)	Apply formatter	2026-08-12T13:09:28.1582976Z ^[[90m.github/workflows/archive-ci-logs.yml^[[39m 30ms (unchanged)
prettier --write (same-repository PR)	Apply formatter	2026-08-12T13:09:28.1672089Z ^[[90m.github/workflows/bootstrap-lockfile.yml^[[39m 6ms (unchanged)
prettier --write (same-repository PR)	Apply formatter	2026-08-12T13:09:28.1809653Z ^[[90m.github/workflows/ci.yml^[[39m 12ms (unchanged)
prettier --write (same-repository PR)	Apply formatter	2026-08-12T13:09:28.1893849Z ^[[90m.github/workflows/format-manual.yml^[[39m 5ms (unchanged)
prettier --write (same-repository PR)	Apply formatter	2026-08-12T13:09:28.1951161Z ^[[90m.github/workflows/format.yml^[[39m 4ms (unchanged)
prettier --write (same-repository PR)	Apply formatter	2026-08-12T13:09:28.2173260Z ^[[90m.github/workflows/recovery-audit.yml^[[39m 15ms (unchanged)
prettier --write (same-repository PR)	Apply formatter	2026-08-12T13:09:28.2571331Z ^[[90m.prettierrc.json^[[39m 34ms (unchanged)
prettier --write (same-repository PR)	Apply formatter	2026-08-12T13:09:28.2647213Z ^[[90mdocs/acceptance-map.json^[[39m 4ms (unchanged)
prettier --write (same-repository PR)	Apply formatter	2026-08-12T13:09:28.3803353Z ^[[90mdocs/ARCHITECTURE.md^[[39m 113ms (unchanged)
prettier --write (same-repository PR)	Apply formatter	2026-08-12T13:09:28.4211054Z ^[[90mdocs/AUTHORED-SCHEMA.md^[[39m 36ms (unchanged)
prettier --write (same-repository PR)	Apply formatter	2026-08-12T13:09:28.4371101Z ^[[90mdocs/CI-WORKFLOW.md^[[39m 14ms (unchanged)
prettier --write (same-repository PR)	Apply formatter	2026-08-12T13:09:28.4870138Z ^[[90mdocs/DECISIONS.md^[[39m 47ms (unchanged)
prettier --write (same-repository PR)	Apply formatter	2026-08-12T13:09:28.4931354Z ^[[90mdocs/FORMATTING.md^[[39m 4ms (unchanged)
prettier --write (same-repository PR)	Apply formatter	2026-08-12T13:09:28.6105777Z ^[[90mdocs/IMPLEMENTATION-PLAN.md^[[39m 114ms (unchanged)
prettier --write (same-repository PR)	Apply formatter	2026-08-12T13:09:28.6345410Z ^[[90mdocs/IMPLEMENTOR-BRIEF-MOTIONPATH-TO-MOTION5.md^[[39m 21ms (unchanged)
prettier --write (same-repository PR)	Apply formatter	2026-08-12T13:09:28.6491437Z ^[[90mdocs/MIGRATION-V4-TO-V5.md^[[39m 13ms (unchanged)
prettier --write (same-repository PR)	Apply formatter	2026-08-12T13:09:28.6774175Z ^[[90mdocs/PHASE-3-4-CONSOLIDATED-AUDIT.md^[[39m 27ms (unchanged)
prettier --write (same-repository PR)	Apply formatter	2026-08-12T13:09:28.6965420Z ^[[90mdocs/PHASE-3-4-RECOVERY-PLAN.md^[[39m 17ms (unchanged)
prettier --write (same-repository PR)	Apply formatter	2026-08-12T13:09:28.7103559Z ^[[90mdocs/PHASE-3-IMPLEMENTATION-REVIEW.md^[[39m 12ms (unchanged)
prettier --write (same-repository PR)	Apply formatter	2026-08-12T13:09:28.8321249Z ^[[90mdocs/PHASE-4-IMPLEMENTATION-REVIEW.md^[[39m 120ms (unchanged)
prettier --write (same-repository PR)	Apply formatter	2026-08-12T13:09:28.8490869Z ^[[90mdocs/PR-WORKFLOW.md^[[39m 10ms (unchanged)
prettier --write (same-repository PR)	Apply formatter	2026-08-12T13:09:28.8726384Z ^[[90mdocs/PRD.md^[[39m 18ms (unchanged)
prettier --write (same-repository PR)	Apply formatter	2026-08-12T13:09:28.8845162Z ^[[90mdocs/README.md^[[39m 9ms (unchanged)
prettier --write (same-repository PR)	Apply formatter	2026-08-12T13:09:28.8909461Z ^[[90mdocs/SESSION-STATUS.md^[[39m 5ms (unchanged)
prettier --write (same-repository PR)	Apply formatter	2026-08-12T13:09:28.8983983Z ^[[90mdocs/TESTING-STRATEGY.md^[[39m 6ms (unchanged)
prettier --write (same-repository PR)	Apply formatter	2026-08-12T13:09:28.9616837Z ^[[90mdocs/TRD.md^[[39m 62ms (unchanged)
prettier --write (same-repository PR)	Apply formatter	2026-08-12T13:09:28.9669732Z ^[[90mpackage.json^[[39m 2ms (unchanged)
prettier --write (same-repository PR)	Apply formatter	2026-08-12T13:09:28.9717624Z ^[[90mpackages/core/package.json^[[39m 1ms (unchanged)
prettier --write (same-repository PR)	Apply formatter	2026-08-12T13:09:28.9887100Z ^[[90mpackages/core/src/adapters/browser-clock.ts^[[39m 13ms (unchanged)
prettier --write (same-repository PR)	Apply formatter	2026-08-12T13:09:29.0069888Z ^[[90mpackages/core/src/adapters/dom.ts^[[39m 16ms (unchanged)
prettier --write (same-repository PR)	Apply formatter	2026-08-12T13:09:29.0343721Z ^[[90mpackages/core/src/adapters/interpolator/gsap.ts^[[39m 24ms (unchanged)
prettier --write (same-repository PR)	Apply formatter	2026-08-12T13:09:29.0452774Z ^[[90mpackages/core/src/contract/golden.ts^[[39m 7ms (unchanged)
prettier --write (same-repository PR)	Apply formatter	2026-08-12T13:09:29.0552759Z ^[[90mpackages/core/src/contract/migrate-v4-to-v5.ts^[[39m 8ms (unchanged)
prettier --write (same-repository PR)	Apply formatter	2026-08-12T13:09:29.0613953Z ^[[90mpackages/core/src/contract/v5.ts^[[39m 5ms (unchanged)
prettier --write (same-repository PR)	Apply formatter	2026-08-12T13:09:29.1173108Z ^[[90mpackages/core/src/contract/validate-v5.ts^[[39m 53ms (unchanged)
prettier --write (same-repository PR)	Apply formatter	2026-08-12T13:09:29.1383411Z ^[[90mpackages/core/src/domain/lifecycle.ts^[[39m 10ms (unchanged)
prettier --write (same-repository PR)	Apply formatter	2026-08-12T13:09:29.1616302Z ^[[90mpackages/core/src/domain/motion.ts^[[39m 18ms (unchanged)
prettier --write (same-repository PR)	Apply formatter	2026-08-12T13:09:29.1859947Z ^[[90mpackages/core/src/domain/plugins.ts^[[39m 23ms (unchanged)
prettier --write (same-repository PR)	Apply formatter	2026-08-12T13:09:29.1979794Z ^[[90mpackages/core/src/domain/track.ts^[[39m 11ms (unchanged)
prettier --write (same-repository PR)	Apply formatter	2026-08-12T13:09:29.2066700Z ^[[90mpackages/core/src/domain/triggers.ts^[[39m 8ms (unchanged)
prettier --write (same-repository PR)	Apply formatter	2026-08-12T13:09:29.2173913Z ^[[90mpackages/core/src/domain/values.ts^[[39m 9ms (unchanged)
prettier --write (same-repository PR)	Apply formatter	2026-08-12T13:09:29.2352202Z ^[[90mpackages/core/src/engine.ts^[[39m 11ms (unchanged)
prettier --write (same-repository PR)	Apply formatter	2026-08-12T13:09:29.2473903Z ^[[90mpackages/core/src/graph/binding.ts^[[39m 9ms (unchanged)
prettier --write (same-repository PR)	Apply formatter	2026-08-12T13:09:29.2523085Z ^[[90mpackages/core/src/graph/compare.ts^[[39m 2ms (unchanged)
prettier --write (same-repository PR)	Apply formatter	2026-08-12T13:09:29.2609613Z ^[[90mpackages/core/src/graph/ids.ts^[[39m 6ms (unchanged)
prettier --write (same-repository PR)	Apply formatter	2026-08-12T13:09:29.2863038Z ^[[90mpackages/core/src/graph/ir.ts^[[39m 22ms (unchanged)
prettier --write (same-repository PR)	Apply formatter	2026-08-12T13:09:29.3083241Z ^[[90mpackages/core/src/graph/observation-state.ts^[[39m 20ms (unchanged)
prettier --write (same-repository PR)	Apply formatter	2026-08-12T13:09:29.3231036Z ^[[90mpackages/core/src/graph/order.ts^[[39m 13ms (unchanged)
prettier --write (same-repository PR)	Apply formatter	2026-08-12T13:09:29.3320988Z ^[[90mpackages/core/src/index.ts^[[39m 3ms (unchanged)
prettier --write (same-repository PR)	Apply formatter	2026-08-12T13:09:29.3355505Z ^[[90mpackages/core/src/internal.ts^[[39m 1ms (unchanged)
prettier --write (same-repository PR)	Apply formatter	2026-08-12T13:09:29.3438675Z ^[[90mpackages/core/src/ports/clock.ts^[[39m 4ms (unchanged)
prettier --write (same-repository PR)	Apply formatter	2026-08-12T13:09:29.3533294Z ^[[90mpackages/core/src/ports/fakes.ts^[[39m 8ms (unchanged)
prettier --write (same-repository PR)	Apply formatter	2026-08-12T13:09:29.3562755Z ^[[90mpackages/core/src/ports/interpolator.ts^[[39m 2ms (unchanged)
prettier --write (same-repository PR)	Apply formatter	2026-08-12T13:09:29.3591225Z ^[[90mpackages/core/src/ports/scheduler.ts^[[39m 2ms (unchanged)
prettier --write (same-repository PR)	Apply formatter	2026-08-12T13:09:29.3740524Z ^[[90mpackages/core/src/runtime/graph-publisher.ts^[[39m 12ms (unchanged)
prettier --write (same-repository PR)	Apply formatter	2026-08-12T13:09:29.3840742Z ^[[90mpackages/core/src/runtime/graph-runtime.ts^[[39m 9ms (unchanged)
prettier --write (same-repository PR)	Apply formatter	2026-08-12T13:09:29.3973944Z ^[[90mpackages/core/src/runtime/patch-registry.ts^[[39m 12ms (unchanged)
prettier --write (same-repository PR)	Apply formatter	2026-08-12T13:09:29.4142502Z ^[[90mpackages/core/src/runtime/project-runtime.ts^[[39m 7ms (unchanged)
prettier --write (same-repository PR)	Apply formatter	2026-08-12T13:09:29.4260409Z ^[[90mpackages/core/test/contract/adapters.test.ts^[[39m 8ms (unchanged)
prettier --write (same-repository PR)	Apply formatter	2026-08-12T13:09:29.4311957Z ^[[90mpackages/core/test/contract/gsap-multi-stop.test.ts^[[39m 3ms (unchanged)
prettier --write (same-repository PR)	Apply formatter	2026-08-12T13:09:29.4380213Z ^[[90mpackages/core/test/contract/ports.test.ts^[[39m 6ms (unchanged)
prettier --write (same-repository PR)	Apply formatter	2026-08-12T13:09:29.4494490Z ^[[90mpackages/core/test/contract/v5-validator.test.ts^[[39m 10ms (unchanged)
prettier --write (same-repository PR)	Apply formatter	2026-08-12T13:09:29.4560715Z ^[[90mpackages/core/test/fixtures/v5-contract.ts^[[39m 2ms (unchanged)
prettier --write (same-repository PR)	Apply formatter	2026-08-12T13:09:29.4637600Z ^[[90mpackages/core/test/integration/contract-baseline.test.ts^[[39m 5ms (unchanged)
prettier --write (same-repository PR)	Apply formatter	2026-08-12T13:09:29.4746678Z ^[[90mpackages/core/test/integration/dom-patch-apply.test.ts^[[39m 9ms (unchanged)
prettier --write (same-repository PR)	Apply formatter	2026-08-12T13:09:29.4817988Z ^[[90mpackages/core/test/integration/end-to-end.test.ts^[[39m 6ms (unchanged)
prettier --write (same-repository PR)	Apply formatter	2026-08-12T13:09:29.4894295Z ^[[90mpackages/core/test/integration/engine-headless.test.ts^[[39m 6ms (unchanged)
prettier --write (same-repository PR)	Apply formatter	2026-08-12T13:09:29.5003767Z ^[[90mpackages/core/test/integration/flush-output-merge.test.ts^[[39m 9ms (unchanged)
prettier --write (same-repository PR)	Apply formatter	2026-08-12T13:09:29.5032992Z ^[[90mpackages/core/test/integration/golden-roundtrip.test.ts^[[39m 2ms (unchanged)
prettier --write (same-repository PR)	Apply formatter	2026-08-12T13:09:29.5196247Z ^[[90mpackages/core/test/integration/graph-publisher.test.ts^[[39m 14ms (unchanged)
prettier --write (same-repository PR)	Apply formatter	2026-08-12T13:09:29.5342594Z ^[[90mpackages/core/test/integration/graph-rollback.test.ts^[[39m 13ms (unchanged)
prettier --write (same-repository PR)	Apply formatter	2026-08-12T13:09:29.5442133Z ^[[90mpackages/core/test/integration/graph-runtime.test.ts^[[39m 8ms (unchanged)
prettier --write (same-repository PR)	Apply formatter	2026-08-12T13:09:29.5497273Z ^[[90mpackages/core/test/integration/membership-gating.test.ts^[[39m 4ms (unchanged)
prettier --write (same-repository PR)	Apply formatter	2026-08-12T13:09:29.5581928Z ^[[90mpackages/core/test/integration/partial-seed-inputs.test.ts^[[39m 7ms (unchanged)
prettier --write (same-repository PR)	Apply formatter	2026-08-12T13:09:29.5658407Z ^[[90mpackages/core/test/integration/project-runtime.test.ts^[[39m 6ms (unchanged)
prettier --write (same-repository PR)	Apply formatter	2026-08-12T13:09:29.5768720Z ^[[90mpackages/core/test/integration/publisher-output-merge-consistency.test.ts^[[39m 10ms (unchanged)
prettier --write (same-repository PR)	Apply formatter	2026-08-12T13:09:29.6044600Z ^[[90mpackages/core/test/migration/v4-to-v5.test.ts^[[39m 7ms (unchanged)
prettier --write (same-repository PR)	Apply formatter	2026-08-12T13:09:29.6145147Z ^[[90mpackages/core/test/unit/domain/lifecycle.test.ts^[[39m 6ms (unchanged)
prettier --write (same-repository PR)	Apply formatter	2026-08-12T13:09:29.6249956Z ^[[90mpackages/core/test/unit/domain/motion.test.ts^[[39m 8ms (unchanged)
prettier --write (same-repository PR)	Apply formatter	2026-08-12T13:09:29.6377193Z ^[[90mpackages/core/test/unit/domain/plugins.test.ts^[[39m 11ms (unchanged)
prettier --write (same-repository PR)	Apply formatter	2026-08-12T13:09:29.6433210Z ^[[90mpackages/core/test/unit/domain/track-contribution.test.ts^[[39m 3ms (unchanged)
prettier --write (same-repository PR)	Apply formatter	2026-08-12T13:09:29.6578597Z ^[[90mpackages/core/test/unit/domain/track.test.ts^[[39m 15ms (unchanged)
prettier --write (same-repository PR)	Apply formatter	2026-08-12T13:09:29.6632823Z ^[[90mpackages/core/test/unit/domain/triggers.test.ts^[[39m 4ms (unchanged)
prettier --write (same-repository PR)	Apply formatter	2026-08-12T13:09:29.6718288Z ^[[90mpackages/core/test/unit/domain/values.test.ts^[[39m 7ms (unchanged)
prettier --write (same-repository PR)	Apply formatter	2026-08-12T13:09:29.6796475Z ^[[90mpackages/core/test/unit/graph/ids.test.ts^[[39m 4ms (unchanged)
prettier --write (same-repository PR)	Apply formatter	2026-08-12T13:09:29.6893013Z ^[[90mpackages/core/test/unit/graph/ir-validation.test.ts^[[39m 8ms (unchanged)
prettier --write (same-repository PR)	Apply formatter	2026-08-12T13:09:29.7040841Z ^[[90mpackages/core/test/unit/graph/observation-state.test.ts^[[39m 13ms (unchanged)
prettier --write (same-repository PR)	Apply formatter	2026-08-12T13:09:29.7142326Z ^[[90mpackages/core/test/unit/graph/order.test.ts^[[39m 8ms (unchanged)
prettier --write (same-repository PR)	Apply formatter	2026-08-12T13:09:29.7165170Z ^[[90mpackages/core/test/unit/placeholder.test.ts^[[39m 1ms (unchanged)
prettier --write (same-repository PR)	Apply formatter	2026-08-12T13:09:29.7277343Z ^[[90mpackages/core/test/unit/runtime/patch-registry-subscriber-errors.test.ts^[[39m 8ms (unchanged)
prettier --write (same-repository PR)	Apply formatter	2026-08-12T13:09:29.7348305Z ^[[90mpackages/core/test/unit/runtime/patch-registry.test.ts^[[39m 6ms (unchanged)
prettier --write (same-repository PR)	Apply formatter	2026-08-12T13:09:29.7505343Z ^[[90mpackages/core/test/unit/runtime/publisher-reentrancy.test.ts^[[39m 14ms (unchanged)
prettier --write (same-repository PR)	Apply formatter	2026-08-12T13:09:29.7573912Z ^[[90mpackages/core/test/unit/scripts/acceptance-scan.test.ts^[[39m 4ms (unchanged)
prettier --write (same-repository PR)	Apply formatter	2026-08-12T13:09:29.7709289Z ^[[90mpackages/core/test/unit/scripts/boundary-scan.test.ts^[[39m 7ms (unchanged)
prettier --write (same-repository PR)	Apply formatter	2026-08-12T13:09:29.7745682Z ^[[90mpackages/core/test/unit/scripts/mutation-config.test.ts^[[39m 2ms (unchanged)
prettier --write (same-repository PR)	Apply formatter	2026-08-12T13:09:29.7787600Z ^[[90mpackages/react/package.json^[[39m 1ms (unchanged)
prettier --write (same-repository PR)	Apply formatter	2026-08-12T13:09:29.7830380Z ^[[90mpackages/react/src/index.ts^[[39m 2ms (unchanged)
prettier --write (same-repository PR)	Apply formatter	2026-08-12T13:09:29.7872444Z ^[[90mpackages/react/src/patch-store.ts^[[39m 3ms (unchanged)
prettier --write (same-repository PR)	Apply formatter	2026-08-12T13:09:29.7945605Z ^[[90mpackages/react/test/patch-store-lifecycle.test.ts^[[39m 4ms (unchanged)
prettier --write (same-repository PR)	Apply formatter	2026-08-12T13:09:29.7989444Z ^[[90mpackages/react/test/patch-store.test.ts^[[39m 3ms (unchanged)
prettier --write (same-repository PR)	Apply formatter	2026-08-12T13:09:29.8029440Z ^[[90mpackages/react/test/public-hook-render.test.ts^[[39m 3ms (unchanged)
prettier --write (same-repository PR)	Apply formatter	2026-08-12T13:09:29.8050659Z ^[[90mpackages/react/test/public-hook.test.ts^[[39m 1ms (unchanged)
prettier --write (same-repository PR)	Apply formatter	2026-08-12T13:09:29.8120756Z ^[[90mpackages/react/test/public-package-surface.test.ts^[[39m 6ms (unchanged)
prettier --write (same-repository PR)	Apply formatter	2026-08-12T13:09:29.8150814Z ^[[90mperformance/budgets.json^[[39m 1ms (unchanged)
prettier --write (same-repository PR)	Apply formatter	2026-08-12T13:09:29.8259385Z ^[[90mperformance/graph-benchmark.mjs^[[39m 10ms (unchanged)
prettier --write (same-repository PR)	Apply formatter	2026-08-12T13:09:29.8350430Z ^[[90mprogress/A3.md^[[39m 7ms (unchanged)
prettier --write (same-repository PR)	Apply formatter	2026-08-12T13:09:29.8421551Z ^[[90mprogress/B1.md^[[39m 6ms (unchanged)
prettier --write (same-repository PR)	Apply formatter	2026-08-12T13:09:29.8521542Z ^[[90mprogress/B2.md^[[39m 9ms (unchanged)
prettier --write (same-repository PR)	Apply formatter	2026-08-12T13:09:29.8584772Z ^[[90mprogress/C1.md^[[39m 5ms (unchanged)
prettier --write (same-repository PR)	Apply formatter	2026-08-12T13:09:29.8721804Z ^[[90mprogress/C2.md^[[39m 12ms (unchanged)
prettier --write (same-repository PR)	Apply formatter	2026-08-12T13:09:29.8784627Z ^[[90mprogress/C3.md^[[39m 5ms (unchanged)
prettier --write (same-repository PR)	Apply formatter	2026-08-12T13:09:29.8829631Z ^[[90mprogress/D1.md^[[39m 3ms (unchanged)
prettier --write (same-repository PR)	Apply formatter	2026-08-12T13:09:29.8958961Z ^[[90mprogress/D2.md^[[39m 12ms (unchanged)
prettier --write (same-repository PR)	Apply formatter	2026-08-12T13:09:29.9070645Z ^[[90mprogress/D3.md^[[39m 3ms (unchanged)
prettier --write (same-repository PR)	Apply formatter	2026-08-12T13:09:29.9112566Z ^[[90mprogress/E1.md^[[39m 3ms (unchanged)
prettier --write (same-repository PR)	Apply formatter	2026-08-12T13:09:29.9185782Z ^[[90mprogress/E3.md^[[39m 6ms (unchanged)
prettier --write (same-repository PR)	Apply formatter	2026-08-12T13:09:29.9292459Z ^[[90mprogress/README.md^[[39m 9ms (unchanged)
prettier --write (same-repository PR)	Apply formatter	2026-08-12T13:09:29.9356382Z ^[[90mprogress/STATUS.md^[[39m 5ms (unchanged)
prettier --write (same-repository PR)	Apply formatter	2026-08-12T13:09:29.9424539Z ^[[90mprogress/W0-baseline.md^[[39m 4ms (unchanged)
prettier --write (same-repository PR)	Apply formatter	2026-08-12T13:09:29.9525345Z ^[[90mREADME.md^[[39m 9ms (unchanged)
prettier --write (same-repository PR)	Apply formatter	2026-08-12T13:09:29.9591484Z ^[[90mRECOVERY.md^[[39m 6ms (unchanged)
prettier --write (same-repository PR)	Apply formatter	2026-08-12T13:09:29.9632431Z ^[[90mscripts/acceptance-scan.d.mts^[[39m 2ms (unchanged)
prettier --write (same-repository PR)	Apply formatter	2026-08-12T13:09:29.9696818Z ^[[90mscripts/acceptance-scan.mjs^[[39m 5ms (unchanged)
prettier --write (same-repository PR)	Apply formatter	2026-08-12T13:09:29.9720182Z ^[[90mscripts/boundary-scan-fixtures.ts^[[39m 1ms (unchanged)
prettier --write (same-repository PR)	Apply formatter	2026-08-12T13:09:29.9742409Z ^[[90mscripts/boundary-scan.d.mts^[[39m 1ms (unchanged)
prettier --write (same-repository PR)	Apply formatter	2026-08-12T13:09:29.9887690Z ^[[90mscripts/boundary-scan.mjs^[[39m 13ms (unchanged)
prettier --write (same-repository PR)	Apply formatter	2026-08-12T13:09:29.9924155Z ^[[90mstryker.config.json^[[39m 1ms (unchanged)
prettier --write (same-repository PR)	Apply formatter	2026-08-12T13:09:29.9933008Z ^[[90mtsconfig.json^[[39m 1ms (unchanged)
prettier --write (same-repository PR)	Apply formatter	2026-08-12T13:09:29.9982978Z ^[[90mvitest.stryker.config.ts^[[39m 1ms (unchanged)
prettier --write (same-repository PR)	Apply formatter	2026-08-12T13:09:30.0420946Z ^[[90mWAVE-PLAN.md^[[39m 35ms (unchanged)
prettier --write (same-repository PR)	Commit formatting changes	﻿2026-08-12T13:09:30.0869022Z ##[group]Run if git diff --quiet; then
prettier --write (same-repository PR)	Commit formatting changes	2026-08-12T13:09:30.0869389Z ^[[36;1mif git diff --quiet; then^[[0m
prettier --write (same-repository PR)	Commit formatting changes	2026-08-12T13:09:30.0869671Z ^[[36;1m  echo "No formatting drift."^[[0m
prettier --write (same-repository PR)	Commit formatting changes	2026-08-12T13:09:30.0869931Z ^[[36;1m  exit 0^[[0m
prettier --write (same-repository PR)	Commit formatting changes	2026-08-12T13:09:30.0870128Z ^[[36;1mfi^[[0m
prettier --write (same-repository PR)	Commit formatting changes	2026-08-12T13:09:30.0870370Z ^[[36;1mgit config user.name "github-actions[bot]"^[[0m
prettier --write (same-repository PR)	Commit formatting changes	2026-08-12T13:09:30.0870826Z ^[[36;1mgit config user.email "41898282+github-actions[bot]@users.noreply.github.com"^[[0m
prettier --write (same-repository PR)	Commit formatting changes	2026-08-12T13:09:30.0871248Z ^[[36;1mgit add -A^[[0m
prettier --write (same-repository PR)	Commit formatting changes	2026-08-12T13:09:30.0871506Z ^[[36;1mgit commit -m "chore: apply prettier"^[[0m
prettier --write (same-repository PR)	Commit formatting changes	2026-08-12T13:09:30.0872183Z ^[[36;1mgit push origin "HEAD:${TARGET_BRANCH}"^[[0m
prettier --write (same-repository PR)	Commit formatting changes	2026-08-12T13:09:30.0915708Z shell: /usr/bin/bash -e {0}
prettier --write (same-repository PR)	Commit formatting changes	2026-08-12T13:09:30.0915971Z env:
prettier --write (same-repository PR)	Commit formatting changes	2026-08-12T13:09:30.0916185Z   TARGET_BRANCH: fix/E3-mutation-gate
prettier --write (same-repository PR)	Commit formatting changes	2026-08-12T13:09:30.0916463Z ##[endgroup]
prettier --write (same-repository PR)	Commit formatting changes	2026-08-12T13:09:30.1025762Z No formatting drift.
prettier --write (same-repository PR)	Post Run actions/setup-node@v4	﻿2026-08-12T13:09:30.1115411Z Node 20 is being deprecated. This workflow is running with Node 24 by default. If you need to temporarily use Node 20, you can set the ACTIONS_ALLOW_USE_UNSECURE_NODE_VERSION=true environment variable. For more information see: https://github.blog/changelog/2025-09-19-deprecation-of-node-20-on-github-actions-runners/
prettier --write (same-repository PR)	Post Run actions/setup-node@v4	2026-08-12T13:09:30.1116679Z Post job cleanup.
prettier --write (same-repository PR)	Post Run actions/setup-node@v4	2026-08-12T13:09:30.2573392Z (node:2517) [DEP0040] DeprecationWarning: The `punycode` module is deprecated. Please use a userland alternative instead.
prettier --write (same-repository PR)	Post Run actions/setup-node@v4	2026-08-12T13:09:30.2574854Z (Use `node --trace-deprecation ...` to show where the warning was created)
prettier --write (same-repository PR)	Post Run actions/setup-node@v4	2026-08-12T13:09:30.2577565Z Cache hit occurred on the primary key node-cache-Linux-x64-npm-c2e5d555bc9e84f526536f7ce98adc37976096bfe7c2dc15d7b2e5553d204784, not saving cache.
prettier --write (same-repository PR)	Post Run actions/checkout@v4	﻿2026-08-12T13:09:30.2722457Z Node 20 is being deprecated. This workflow is running with Node 24 by default. If you need to temporarily use Node 20, you can set the ACTIONS_ALLOW_USE_UNSECURE_NODE_VERSION=true environment variable. For more information see: https://github.blog/changelog/2025-09-19-deprecation-of-node-20-on-github-actions-runners/
prettier --write (same-repository PR)	Post Run actions/checkout@v4	2026-08-12T13:09:30.2723780Z Post job cleanup.
prettier --write (same-repository PR)	Post Run actions/checkout@v4	2026-08-12T13:09:30.3620720Z [command]/usr/bin/git version
prettier --write (same-repository PR)	Post Run actions/checkout@v4	2026-08-12T13:09:30.3671326Z git version 2.54.0
prettier --write (same-repository PR)	Post Run actions/checkout@v4	2026-08-12T13:09:30.3717304Z Temporarily overriding HOME='/home/runner/work/_temp/f1b364c1-8f6b-4f33-9bfd-0d82c9c4db7d' before making global git config changes
prettier --write (same-repository PR)	Post Run actions/checkout@v4	2026-08-12T13:09:30.3719114Z Adding repository directory to the temporary git global config as a safe directory
prettier --write (same-repository PR)	Post Run actions/checkout@v4	2026-08-12T13:09:30.3742901Z [command]/usr/bin/git config --global --add safe.directory /home/runner/work/motion5/motion5
prettier --write (same-repository PR)	Post Run actions/checkout@v4	2026-08-12T13:09:30.3770688Z [command]/usr/bin/git config --local --name-only --get-regexp core\.sshCommand
prettier --write (same-repository PR)	Post Run actions/checkout@v4	2026-08-12T13:09:30.3816391Z [command]/usr/bin/git submodule foreach --recursive sh -c "git config --local --name-only --get-regexp 'core\.sshCommand' && git config --local --unset-all 'core.sshCommand' || :"
prettier --write (same-repository PR)	Post Run actions/checkout@v4	2026-08-12T13:09:30.4120365Z [command]/usr/bin/git config --local --name-only --get-regexp http\.https\:\/\/github\.com\/\.extraheader
prettier --write (same-repository PR)	Post Run actions/checkout@v4	2026-08-12T13:09:30.4158108Z http.https://github.com/.extraheader
prettier --write (same-repository PR)	Post Run actions/checkout@v4	2026-08-12T13:09:30.4174522Z [command]/usr/bin/git config --local --unset-all http.https://github.com/.extraheader
prettier --write (same-repository PR)	Post Run actions/checkout@v4	2026-08-12T13:09:30.4246903Z [command]/usr/bin/git submodule foreach --recursive sh -c "git config --local --name-only --get-regexp 'http\.https\:\/\/github\.com\/\.extraheader' && git config --local --unset-all 'http.https://github.com/.extraheader' || :"
prettier --write (same-repository PR)	Post Run actions/checkout@v4	2026-08-12T13:09:30.4586710Z [command]/usr/bin/git config --local --name-only --get-regexp ^includeIf\.gitdir:
prettier --write (same-repository PR)	Post Run actions/checkout@v4	2026-08-12T13:09:30.4633859Z [command]/usr/bin/git submodule foreach --recursive git config --local --show-origin --name-only --get-regexp remote.origin.url
prettier --write (same-repository PR)	Complete job	﻿2026-08-12T13:09:30.5181461Z Cleaning up orphan processes
prettier --write (same-repository PR)	Complete job	2026-08-12T13:09:30.5526153Z ##[warning]Node.js 20 is deprecated. The following actions target Node.js 20 but are being forced to run on Node.js 24: actions/checkout@v4, actions/setup-node@v4. For more information see: https://github.blog/changelog/2025-09-19-deprecation-of-node-20-on-github-actions-runners/
