quality (node 24)	Run npm test	﻿2026-09-05T07:36:06.2804070Z ##[group]Run npm test
quality (node 24)	Run npm test	2026-09-05T07:36:06.2804454Z ^[[36;1mnpm test^[[0m
quality (node 24)	Run npm test	2026-09-05T07:36:06.2829519Z shell: /usr/bin/bash -e {0}
quality (node 24)	Run npm test	2026-09-05T07:36:06.2829991Z env:
quality (node 24)	Run npm test	2026-09-05T07:36:06.2830274Z   NODE_VERSION: 24
quality (node 24)	Run npm test	2026-09-05T07:36:06.2830598Z ##[endgroup]
quality (node 24)	Run npm test	2026-09-05T07:36:06.3750741Z 
quality (node 24)	Run npm test	2026-09-05T07:36:06.3751496Z > motion5@0.0.0 test
quality (node 24)	Run npm test	2026-09-05T07:36:06.3751910Z > vitest run
quality (node 24)	Run npm test	2026-09-05T07:36:06.3752089Z 
quality (node 24)	Run npm test	2026-09-05T07:36:06.8092171Z 
quality (node 24)	Run npm test	2026-09-05T07:36:06.8095693Z ^[[1m^[[30m^[[46m RUN ^[[49m^[[39m^[[22m ^[[36mv4.1.10 ^[[39m^[[90m/home/runner/work/motion5/motion5^[[39m
quality (node 24)	Run npm test	2026-09-05T07:36:06.8096320Z 
quality (node 24)	Run npm test	2026-09-05T07:36:07.2142726Z  ^[[32m✓^[[39m packages/core/test/unit/scripts/evidence-case-ids.test.ts ^[[2m(^[[22m^[[2m5 tests^[[22m^[[2m)^[[22m^[[32m 37^[[2mms^[[22m^[[39m
quality (node 24)	Run npm test	2026-09-05T07:36:07.4556372Z  ^[[32m✓^[[39m packages/core/test/unit/plugins/pivot-offset-solve.test.ts ^[[2m(^[[22m^[[2m10 tests^[[22m^[[2m)^[[22m^[[32m 28^[[2mms^[[22m^[[39m
quality (node 24)	Run npm test	2026-09-05T07:36:07.4812346Z  ^[[31m❯^[[39m packages/core/test/unit/runtime/structural-commit-path.test.ts ^[[2m(^[[22m^[[2m11 tests^[[22m^[[2m | ^[[22m^[[31m3 failed^[[39m^[[2m)^[[22m^[[32m 36^[[2mms^[[22m^[[39m
quality (node 24)	Run npm test	2026-09-05T07:36:07.4815264Z      ^[[32m✓^[[39m RA-1 creates the Motion before the graph is asked and destroys it on refusal^[[32m 7^[[2mms^[[22m^[[39m
quality (node 24)	Run npm test	2026-09-05T07:36:07.4817263Z      ^[[32m✓^[[39m RA-2 reports a createMotion failure verbatim and rolls nothing back^[[32m 2^[[2mms^[[22m^[[39m
quality (node 24)	Run npm test	2026-09-05T07:36:07.4825335Z      ^[[32m✓^[[39m RA-3 compiles a new Track, then registers it with its Motion, then mounts it^[[32m 4^[[2mms^[[22m^[[39m
quality (node 24)	Run npm test	2026-09-05T07:36:07.4827286Z      ^[[32m✓^[[39m RA-4 disposes the compiled Track and registers nothing when the graph refuses^[[32m 1^[[2mms^[[22m^[[39m
quality (node 24)	Run npm test	2026-09-05T07:36:07.4828786Z      ^[[32m✓^[[39m RA-5 drops the entry before the removal hooks run, and runs them in order^[[32m 1^[[2mms^[[22m^[[39m
quality (node 24)	Run npm test	2026-09-05T07:36:07.4830316Z      ^[[32m✓^[[39m RA-6 refuses a Motion that still owns tracks and reaches no hook^[[32m 1^[[2mms^[[22m^[[39m
quality (node 24)	Run npm test	2026-09-05T07:36:07.4842725Z      ^[[32m✓^[[39m RA-7 leaves the retained definitions and the committed graph agreeing^[[32m 2^[[2mms^[[22m^[[39m
quality (node 24)	Run npm test	2026-09-05T07:36:07.4867347Z ^[[31m     ^[[31m×^[[31m RA-114 refuses the commit a hook disposed, rolls it back, then tears down once^[[39m^[[32m 9^[[2mms^[[22m^[[39m
quality (node 24)	Run npm test	2026-09-05T07:36:07.4869251Z ^[[31m     ^[[31m×^[[31m RA-115 keeps a hook's own failure ahead of the disposal it also asked for^[[39m^[[32m 4^[[2mms^[[22m^[[39m
quality (node 24)	Run npm test	2026-09-05T07:36:07.4870904Z      ^[[32m✓^[[39m RA-116 answers as disposed from the call rather than from the teardown^[[32m 1^[[2mms^[[22m^[[39m
quality (node 24)	Run npm test	2026-09-05T07:36:07.4872712Z ^[[31m     ^[[31m×^[[31m RA-117 finishes the settle steps a settle hook disposed through, and skips the flush^[[39m^[[32m 2^[[2mms^[[22m^[[39m
quality (node 24)	Run npm test	2026-09-05T07:36:07.6250777Z ^[[90mstderr^[[2m | packages/core/test/integration/phase7-walker-demo.test.ts^[[2m > ^[[22m^[[2mPhase 7: Walker Demo Integration Suite^[[2m > ^[[22m^[[2m9. Use React usePatch hook at the React boundary
quality (node 24)	Run npm test	2026-09-05T07:36:07.6253691Z ^[[22m^[[39mreact-test-renderer is deprecated. See https://react.dev/warnings/react-test-renderer
quality (node 24)	Run npm test	2026-09-05T07:36:07.6255345Z An update to Root inside a test was not wrapped in act(...).
quality (node 24)	Run npm test	2026-09-05T07:36:07.6256363Z 
quality (node 24)	Run npm test	2026-09-05T07:36:07.6267810Z When testing, code that causes React state updates should be wrapped into act(...):
quality (node 24)	Run npm test	2026-09-05T07:36:07.6268673Z 
quality (node 24)	Run npm test	2026-09-05T07:36:07.6268985Z act(() => {
quality (node 24)	Run npm test	2026-09-05T07:36:07.6269791Z   /* fire events that update state */
quality (node 24)	Run npm test	2026-09-05T07:36:07.6270463Z });
quality (node 24)	Run npm test	2026-09-05T07:36:07.6271053Z /* assert on the output */
quality (node 24)	Run npm test	2026-09-05T07:36:07.6271518Z 
quality (node 24)	Run npm test	2026-09-05T07:36:07.6272564Z This ensures that you're testing the behavior the user would see in the browser. Learn more at https://react.dev/link/wrap-tests-with-act
quality (node 24)	Run npm test	2026-09-05T07:36:07.6273517Z 
quality (node 24)	Run npm test	2026-09-05T07:36:07.6478484Z  ^[[32m✓^[[39m packages/core/test/integration/phase7-walker-demo.test.ts ^[[2m(^[[22m^[[2m13 tests^[[22m^[[2m)^[[22m^[[32m 113^[[2mms^[[22m^[[39m
quality (node 24)	Run npm test	2026-09-05T07:36:07.6787801Z  ^[[32m✓^[[39m packages/core/test/unit/runtime/schema-transaction.test.ts ^[[2m(^[[22m^[[2m9 tests^[[22m^[[2m)^[[22m^[[32m 33^[[2mms^[[22m^[[39m
quality (node 24)	Run npm test	2026-09-05T07:36:07.7788401Z  ^[[32m✓^[[39m packages/core/test/unit/runtime/keyframe-property-edit.test.ts ^[[2m(^[[22m^[[2m8 tests^[[22m^[[2m)^[[22m^[[32m 40^[[2mms^[[22m^[[39m
quality (node 24)	Run npm test	2026-09-05T07:36:07.8790461Z  ^[[32m✓^[[39m packages/core/test/unit/graph/resolve-solvers.test.ts ^[[2m(^[[22m^[[2m10 tests^[[22m^[[2m)^[[22m^[[32m 29^[[2mms^[[22m^[[39m
quality (node 24)	Run npm test	2026-09-05T07:36:07.9319829Z  ^[[32m✓^[[39m packages/core/test/unit/runtime/handle-base.test.ts ^[[2m(^[[22m^[[2m9 tests^[[22m^[[2m)^[[22m^[[32m 17^[[2mms^[[22m^[[39m
quality (node 24)	Run npm test	2026-09-05T07:36:08.0222298Z  ^[[32m✓^[[39m packages/core/test/unit/runtime/plugin-group-edit.test.ts ^[[2m(^[[22m^[[2m9 tests^[[22m^[[2m)^[[22m^[[32m 35^[[2mms^[[22m^[[39m
quality (node 24)	Run npm test	2026-09-05T07:36:08.1488111Z  ^[[32m✓^[[39m packages/core/test/unit/runtime/plugin-require-edit.test.ts ^[[2m(^[[22m^[[2m9 tests^[[22m^[[2m)^[[22m^[[32m 23^[[2mms^[[22m^[[39m
quality (node 24)	Run npm test	2026-09-05T07:36:08.1904378Z  ^[[32m✓^[[39m packages/core/test/integration/bare-authored-leaf.test.ts ^[[2m(^[[22m^[[2m12 tests^[[22m^[[2m)^[[22m^[[32m 51^[[2mms^[[22m^[[39m
quality (node 24)	Run npm test	2026-09-05T07:36:08.2371229Z  ^[[32m✓^[[39m packages/core/test/unit/domain/dict-valued-requirements.test.ts ^[[2m(^[[22m^[[2m12 tests^[[22m^[[2m)^[[22m^[[32m 15^[[2mms^[[22m^[[39m
quality (node 24)	Run npm test	2026-09-05T07:36:08.4305199Z  ^[[32m✓^[[39m packages/core/test/integration/t4-runtime-motion-parity.test.ts ^[[2m(^[[22m^[[2m7 tests^[[22m^[[2m)^[[22m^[[32m 30^[[2mms^[[22m^[[39m
quality (node 24)	Run npm test	2026-09-05T07:36:08.4438514Z  ^[[32m✓^[[39m packages/core/test/unit/runtime/immediate-verb-refusal.test.ts ^[[2m(^[[22m^[[2m7 tests^[[22m^[[2m)^[[22m^[[32m 17^[[2mms^[[22m^[[39m
quality (node 24)	Run npm test	2026-09-05T07:36:08.4557409Z  ^[[32m✓^[[39m packages/core/test/unit/runtime/commit-write-cost.test.ts ^[[2m(^[[22m^[[2m6 tests^[[22m^[[2m)^[[22m^[[32m 34^[[2mms^[[22m^[[39m
quality (node 24)	Run npm test	2026-09-05T07:36:08.6610678Z  ^[[32m✓^[[39m packages/core/test/unit/plugins/fabrik-solve.test.ts ^[[2m(^[[22m^[[2m8 tests^[[22m^[[2m)^[[22m^[[32m 21^[[2mms^[[22m^[[39m
quality (node 24)	Run npm test	2026-09-05T07:36:08.7271059Z  ^[[32m✓^[[39m packages/core/test/unit/runtime/recompile-predicate.test.ts ^[[2m(^[[22m^[[2m5 tests^[[22m^[[2m)^[[22m^[[32m 46^[[2mms^[[22m^[[39m
quality (node 24)	Run npm test	2026-09-05T07:36:08.8778953Z  ^[[32m✓^[[39m packages/core/test/integration/engine-teardown-ownership.test.ts ^[[2m(^[[22m^[[2m6 tests^[[22m^[[2m)^[[22m^[[32m 16^[[2mms^[[22m^[[39m
quality (node 24)	Run npm test	2026-09-05T07:36:08.9987959Z  ^[[32m✓^[[39m packages/core/test/unit/runtime/stale-track-handle.test.ts ^[[2m(^[[22m^[[2m8 tests^[[22m^[[2m)^[[22m^[[32m 20^[[2mms^[[22m^[[39m
quality (node 24)	Run npm test	2026-09-05T07:36:09.0584959Z  ^[[32m✓^[[39m packages/core/test/unit/runtime/publisher-solver-members.test.ts ^[[2m(^[[22m^[[2m6 tests^[[22m^[[2m)^[[22m^[[32m 11^[[2mms^[[22m^[[39m
quality (node 24)	Run npm test	2026-09-05T07:36:09.2172713Z  ^[[32m✓^[[39m packages/core/test/unit/graph/solver-goals.test.ts ^[[2m(^[[22m^[[2m11 tests^[[22m^[[2m)^[[22m^[[32m 22^[[2mms^[[22m^[[39m
quality (node 24)	Run npm test	2026-09-05T07:36:09.2938015Z  ^[[32m✓^[[39m packages/core/test/integration/plugin-group-values-section.test.ts ^[[2m(^[[22m^[[2m13 tests^[[22m^[[2m)^[[22m^[[32m 30^[[2mms^[[22m^[[39m
quality (node 24)	Run npm test	2026-09-05T07:36:09.4634781Z  ^[[32m✓^[[39m packages/core/test/unit/runtime/live-value-updates.test.ts ^[[2m(^[[22m^[[2m9 tests^[[22m^[[2m)^[[22m^[[32m 42^[[2mms^[[22m^[[39m
quality (node 24)	Run npm test	2026-09-05T07:36:09.5051071Z  ^[[32m✓^[[39m packages/core/test/unit/scripts/read-budget-scan.test.ts ^[[2m(^[[22m^[[2m18 tests^[[22m^[[2m)^[[22m^[[32m 42^[[2mms^[[22m^[[39m
quality (node 24)	Run npm test	2026-09-05T07:36:09.6166778Z  ^[[32m✓^[[39m packages/core/test/unit/scripts/apply-ai-edit.test.ts ^[[2m(^[[22m^[[2m19 tests^[[22m^[[2m)^[[22m^[[33m 1027^[[2mms^[[22m^[[39m
quality (node 24)	Run npm test	2026-09-05T07:36:09.7683494Z  ^[[32m✓^[[39m packages/core/test/unit/domain/plugins.test.ts ^[[2m(^[[22m^[[2m19 tests^[[22m^[[2m)^[[22m^[[32m 14^[[2mms^[[22m^[[39m
quality (node 24)	Run npm test	2026-09-05T07:36:09.8033408Z  ^[[32m✓^[[39m packages/core/test/contract/gsap-patch-keys.test.ts ^[[2m(^[[22m^[[2m11 tests^[[22m^[[2m)^[[22m^[[32m 38^[[2mms^[[22m^[[39m
quality (node 24)	Run npm test	2026-09-05T07:36:09.8815657Z  ^[[32m✓^[[39m packages/core/test/integration/trigger-time-loop.test.ts ^[[2m(^[[22m^[[2m11 tests^[[22m^[[2m)^[[22m^[[32m 32^[[2mms^[[22m^[[39m
quality (node 24)	Run npm test	2026-09-05T07:36:09.9886062Z  ^[[32m✓^[[39m packages/core/test/unit/domain/track-live-values.test.ts ^[[2m(^[[22m^[[2m7 tests^[[22m^[[2m)^[[22m^[[32m 15^[[2mms^[[22m^[[39m
quality (node 24)	Run npm test	2026-09-05T07:36:10.0294246Z  ^[[32m✓^[[39m packages/core/test/unit/runtime/motion-driver-edit.test.ts ^[[2m(^[[22m^[[2m6 tests^[[22m^[[2m)^[[22m^[[32m 19^[[2mms^[[22m^[[39m
quality (node 24)	Run npm test	2026-09-05T07:36:10.1257857Z  ^[[32m✓^[[39m packages/core/test/unit/runtime/snapshot-one-walk.test.ts ^[[2m(^[[22m^[[2m3 tests^[[22m^[[2m)^[[22m^[[32m 21^[[2mms^[[22m^[[39m
quality (node 24)	Run npm test	2026-09-05T07:36:10.2126931Z  ^[[32m✓^[[39m packages/core/test/integration/authored-leaf-reader.test.ts ^[[2m(^[[22m^[[2m4 tests^[[22m^[[2m)^[[22m^[[32m 10^[[2mms^[[22m^[[39m
quality (node 24)	Run npm test	2026-09-05T07:36:10.2724514Z  ^[[32m✓^[[39m packages/core/test/unit/scripts/boundary-scan.test.ts ^[[2m(^[[22m^[[2m18 tests^[[22m^[[2m)^[[22m^[[32m 100^[[2mms^[[22m^[[39m
quality (node 24)	Run npm test	2026-09-05T07:36:10.3649852Z  ^[[32m✓^[[39m packages/core/test/unit/runtime/declined-build-write-drop.test.ts ^[[2m(^[[22m^[[2m3 tests^[[22m^[[2m)^[[22m^[[32m 20^[[2mms^[[22m^[[39m
quality (node 24)	Run npm test	2026-09-05T07:36:10.4017992Z  ^[[32m✓^[[39m packages/core/test/unit/graph/solved-pivot-offset.test.ts ^[[2m(^[[22m^[[2m3 tests^[[22m^[[2m)^[[22m^[[32m 8^[[2mms^[[22m^[[39m
quality (node 24)	Run npm test	2026-09-05T07:36:10.4688535Z  ^[[32m✓^[[39m packages/core/test/unit/domain/motion-track-resolution.test.ts ^[[2m(^[[22m^[[2m12 tests^[[22m^[[2m)^[[22m^[[32m 16^[[2mms^[[22m^[[39m
quality (node 24)	Run npm test	2026-09-05T07:36:10.5662795Z  ^[[32m✓^[[39m packages/core/test/unit/graph/solved-rotation-weight.test.ts ^[[2m(^[[22m^[[2m5 tests^[[22m^[[2m)^[[22m^[[32m 16^[[2mms^[[22m^[[39m
quality (node 24)	Run npm test	2026-09-05T07:36:10.6788740Z  ^[[32m✓^[[39m packages/core/test/integration/solver-member-cache.test.ts ^[[2m(^[[22m^[[2m4 tests^[[22m^[[2m)^[[22m^[[32m 44^[[2mms^[[22m^[[39m
quality (node 24)	Run npm test	2026-09-05T07:36:10.7518257Z  ^[[32m✓^[[39m packages/core/test/integration/ik-fabrik-chain.test.ts ^[[2m(^[[22m^[[2m2 tests^[[22m^[[2m)^[[22m^[[32m 45^[[2mms^[[22m^[[39m
quality (node 24)	Run npm test	2026-09-05T07:36:10.7698345Z  ^[[32m✓^[[39m packages/core/test/unit/runtime/clock-consumer-error-boundary.test.ts ^[[2m(^[[22m^[[2m7 tests^[[22m^[[2m)^[[22m^[[32m 23^[[2mms^[[22m^[[39m
quality (node 24)	Run npm test	2026-09-05T07:36:10.9421798Z  ^[[32m✓^[[39m packages/core/test/unit/graph/graph-dependants.test.ts ^[[2m(^[[22m^[[2m5 tests^[[22m^[[2m)^[[22m^[[32m 13^[[2mms^[[22m^[[39m
quality (node 24)	Run npm test	2026-09-05T07:36:10.9777577Z  ^[[32m✓^[[39m packages/core/test/unit/runtime/dependants-of-reverse-topology.test.ts ^[[2m(^[[22m^[[2m3 tests^[[22m^[[2m)^[[22m^[[32m 12^[[2mms^[[22m^[[39m
quality (node 24)	Run npm test	2026-09-05T07:36:10.9879993Z  ^[[32m✓^[[39m packages/core/test/integration/ik-two-bone.test.ts ^[[2m(^[[22m^[[2m4 tests^[[22m^[[2m)^[[22m^[[32m 39^[[2mms^[[22m^[[39m
quality (node 24)	Run npm test	2026-09-05T07:36:11.1838003Z  ^[[32m✓^[[39m packages/core/test/integration/rollback-error-precedence.test.ts ^[[2m(^[[22m^[[2m3 tests^[[22m^[[2m)^[[22m^[[32m 15^[[2mms^[[22m^[[39m
quality (node 24)	Run npm test	2026-09-05T07:36:11.1961910Z  ^[[32m✓^[[39m packages/core/test/unit/runtime/removal-flush-seed.test.ts ^[[2m(^[[22m^[[2m2 tests^[[22m^[[2m)^[[22m^[[32m 11^[[2mms^[[22m^[[39m
quality (node 24)	Run npm test	2026-09-05T07:36:11.2207604Z  ^[[32m✓^[[39m packages/core/test/unit/domain/motion-dispose-ownership.test.ts ^[[2m(^[[22m^[[2m5 tests^[[22m^[[2m)^[[22m^[[32m 14^[[2mms^[[22m^[[39m
quality (node 24)	Run npm test	2026-09-05T07:36:11.3998003Z  ^[[32m✓^[[39m packages/core/test/unit/graph/finalize-graph.test.ts ^[[2m(^[[22m^[[2m4 tests^[[22m^[[2m)^[[22m^[[32m 11^[[2mms^[[22m^[[39m
quality (node 24)	Run npm test	2026-09-05T07:36:11.4189216Z  ^[[32m✓^[[39m packages/core/test/unit/adapters/incremental-graph-builder-eviction.test.ts ^[[2m(^[[22m^[[2m7 tests^[[22m^[[2m)^[[22m^[[32m 14^[[2mms^[[22m^[[39m
quality (node 24)	Run npm test	2026-09-05T07:36:11.4633045Z  ^[[32m✓^[[39m packages/core/test/contract/microtask-scheduler.test.ts ^[[2m(^[[22m^[[2m8 tests^[[22m^[[2m)^[[22m^[[32m 12^[[2mms^[[22m^[[39m
quality (node 24)	Run npm test	2026-09-05T07:36:11.6083178Z  ^[[32m✓^[[39m packages/core/test/unit/domain/motion-track-mutation-atomicity.test.ts ^[[2m(^[[22m^[[2m6 tests^[[22m^[[2m)^[[22m^[[32m 8^[[2mms^[[22m^[[39m
quality (node 24)	Run npm test	2026-09-05T07:36:11.6278250Z  ^[[32m✓^[[39m packages/core/test/integration/adoption.test.ts ^[[2m(^[[22m^[[2m10 tests^[[22m^[[2m)^[[22m^[[32m 22^[[2mms^[[22m^[[39m
quality (node 24)	Run npm test	2026-09-05T07:36:11.6590049Z  ^[[32m✓^[[39m packages/core/test/contract/v5-validator.test.ts ^[[2m(^[[22m^[[2m14 tests^[[22m^[[2m)^[[22m^[[32m 15^[[2mms^[[22m^[[39m
quality (node 24)	Run npm test	2026-09-05T07:36:11.7874772Z  ^[[32m✓^[[39m packages/core/test/unit/plugins/fabrik-dispatch.test.ts ^[[2m(^[[22m^[[2m3 tests^[[22m^[[2m)^[[22m^[[32m 11^[[2mms^[[22m^[[39m
quality (node 24)	Run npm test	2026-09-05T07:36:11.8393122Z  ^[[32m✓^[[39m packages/core/test/unit/plugins/ik-solve.test.ts ^[[2m(^[[22m^[[2m6 tests^[[22m^[[2m)^[[22m^[[32m 6^[[2mms^[[22m^[[39m
quality (node 24)	Run npm test	2026-09-05T07:36:11.8727828Z  ^[[32m✓^[[39m packages/core/test/unit/runtime/mount-flush-seed.test.ts ^[[2m(^[[22m^[[2m3 tests^[[22m^[[2m)^[[22m^[[32m 32^[[2mms^[[22m^[[39m
quality (node 24)	Run npm test	2026-09-05T07:36:12.0380729Z  ^[[32m✓^[[39m packages/core/test/integration/motion-trigger-types.test.ts ^[[2m(^[[22m^[[2m4 tests^[[22m^[[2m)^[[22m^[[32m 22^[[2mms^[[22m^[[39m
quality (node 24)	Run npm test	2026-09-05T07:36:12.0464959Z  ^[[32m✓^[[39m packages/core/test/unit/runtime/structural-commit-flush.test.ts ^[[2m(^[[22m^[[2m6 tests^[[22m^[[2m)^[[22m^[[32m 18^[[2mms^[[22m^[[39m
quality (node 24)	Run npm test	2026-09-05T07:36:12.0667727Z  ^[[32m✓^[[39m packages/core/test/unit/graph/incremental-cache.test.ts ^[[2m(^[[22m^[[2m6 tests^[[22m^[[2m)^[[22m^[[32m 13^[[2mms^[[22m^[[39m
quality (node 24)	Run npm test	2026-09-05T07:36:12.2309922Z  ^[[32m✓^[[39m packages/core/test/unit/plugins/fk-solved-weight.test.ts ^[[2m(^[[22m^[[2m7 tests^[[22m^[[2m)^[[22m^[[32m 10^[[2mms^[[22m^[[39m
quality (node 24)	Run npm test	2026-09-05T07:36:12.2927856Z  ^[[32m✓^[[39m packages/core/test/integration/plugin-owned-requirements.test.ts ^[[2m(^[[22m^[[2m6 tests^[[22m^[[2m)^[[22m^[[32m 34^[[2mms^[[22m^[[39m
quality (node 24)	Run npm test	2026-09-05T07:36:12.3044026Z  ^[[32m✓^[[39m packages/core/test/integration/phase0-red-baseline.test.ts ^[[2m(^[[22m^[[2m5 tests^[[22m^[[2m)^[[22m^[[32m 22^[[2mms^[[22m^[[39m
quality (node 24)	Run npm test	2026-09-05T07:36:12.4793887Z  ^[[32m✓^[[39m packages/core/test/unit/graph/single-input-channel.test.ts ^[[2m(^[[22m^[[2m7 tests^[[22m^[[2m)^[[22m^[[32m 7^[[2mms^[[22m^[[39m
quality (node 24)	Run npm test	2026-09-05T07:36:12.4924293Z  ^[[32m✓^[[39m packages/core/test/integration/replace-track-transactionality.test.ts ^[[2m(^[[22m^[[2m4 tests^[[22m^[[2m)^[[22m^[[32m 27^[[2mms^[[22m^[[39m
quality (node 24)	Run npm test	2026-09-05T07:36:12.5042809Z  ^[[32m✓^[[39m packages/core/test/integration/phase4-dynamic-lifecycle.test.ts ^[[2m(^[[22m^[[2m6 tests^[[22m^[[2m)^[[22m^[[32m 18^[[2mms^[[22m^[[39m
quality (node 24)	Run npm test	2026-09-05T07:36:12.6721088Z  ^[[32m✓^[[39m packages/core/test/unit/domain/track-compose-from.test.ts ^[[2m(^[[22m^[[2m7 tests^[[22m^[[2m)^[[22m^[[32m 9^[[2mms^[[22m^[[39m
quality (node 24)	Run npm test	2026-09-05T07:36:12.7037486Z  ^[[32m✓^[[39m packages/core/test/unit/graph/arity-lift.test.ts ^[[2m(^[[22m^[[2m2 tests^[[22m^[[2m)^[[22m^[[32m 12^[[2mms^[[22m^[[39m
quality (node 24)	Run npm test	2026-09-05T07:36:12.7463785Z  ^[[32m✓^[[39m packages/core/test/contract/trigger-factory.test.ts ^[[2m(^[[22m^[[2m9 tests^[[22m^[[2m)^[[22m^[[32m 22^[[2mms^[[22m^[[39m
quality (node 24)	Run npm test	2026-09-05T07:36:12.8745200Z  ^[[32m✓^[[39m packages/core/test/unit/domain/plugin-contribution-contract.test.ts ^[[2m(^[[22m^[[2m6 tests^[[22m^[[2m)^[[22m^[[32m 9^[[2mms^[[22m^[[39m
quality (node 24)	Run npm test	2026-09-05T07:36:12.8806042Z  ^[[32m✓^[[39m packages/core/test/unit/domain/track.test.ts ^[[2m(^[[22m^[[2m9 tests^[[22m^[[2m)^[[22m^[[32m 13^[[2mms^[[22m^[[39m
quality (node 24)	Run npm test	2026-09-05T07:36:12.9348039Z  ^[[32m✓^[[39m packages/core/test/unit/plugins/fk-pivot-offset.test.ts ^[[2m(^[[22m^[[2m6 tests^[[22m^[[2m)^[[22m^[[32m 7^[[2mms^[[22m^[[39m
quality (node 24)	Run npm test	2026-09-05T07:36:13.1103321Z  ^[[32m✓^[[39m packages/core/test/contract/gsap-one-tween.test.ts ^[[2m(^[[22m^[[2m11 tests^[[22m^[[2m)^[[22m^[[32m 27^[[2mms^[[22m^[[39m
quality (node 24)	Run npm test	2026-09-05T07:36:13.1328077Z  ^[[32m✓^[[39m packages/core/test/unit/runtime/track-staging.test.ts ^[[2m(^[[22m^[[2m4 tests^[[22m^[[2m)^[[22m^[[32m 12^[[2mms^[[22m^[[39m
quality (node 24)	Run npm test	2026-09-05T07:36:13.3279634Z  ^[[32m✓^[[39m packages/core/test/unit/runtime/publisher-reentrancy.test.ts ^[[2m(^[[22m^[[2m5 tests^[[22m^[[2m)^[[22m^[[32m 11^[[2mms^[[22m^[[39m
quality (node 24)	Run npm test	2026-09-05T07:36:13.3588798Z  ^[[32m✓^[[39m packages/core/test/integration/trigger-time.test.ts ^[[2m(^[[22m^[[2m7 tests^[[22m^[[2m)^[[22m^[[32m 25^[[2mms^[[22m^[[39m
quality (node 24)	Run npm test	2026-09-05T07:36:13.4776919Z  ^[[32m✓^[[39m packages/core/test/unit/domain/authored-group-values-one-reader.test.ts ^[[2m(^[[22m^[[2m3 tests^[[22m^[[2m)^[[22m^[[32m 10^[[2mms^[[22m^[[39m
quality (node 24)	Run npm test	2026-09-05T07:36:13.5268906Z  ^[[32m✓^[[39m packages/core/test/unit/domain/motion.test.ts ^[[2m(^[[22m^[[2m11 tests^[[22m^[[2m)^[[22m^[[32m 9^[[2mms^[[22m^[[39m
quality (node 24)	Run npm test	2026-09-05T07:36:13.6751030Z  ^[[32m✓^[[39m packages/core/test/unit/runtime/patch-registry.test.ts ^[[2m(^[[22m^[[2m10 tests^[[22m^[[2m)^[[22m^[[32m 17^[[2mms^[[22m^[[39m
quality (node 24)	Run npm test	2026-09-05T07:36:13.8499210Z  ^[[32m✓^[[39m packages/core/test/integration/ik-multi-goal.test.ts ^[[2m(^[[22m^[[2m2 tests^[[22m^[[2m)^[[22m^[[32m 44^[[2mms^[[22m^[[39m
quality (node 24)	Run npm test	2026-09-05T07:36:13.9212018Z  ^[[32m✓^[[39m packages/core/test/unit/graph/observation-state.test.ts ^[[2m(^[[22m^[[2m8 tests^[[22m^[[2m)^[[22m^[[32m 13^[[2mms^[[22m^[[39m
quality (node 24)	Run npm test	2026-09-05T07:36:14.1305941Z  ^[[32m✓^[[39m packages/core/test/integration/trigger-scroll.test.ts ^[[2m(^[[22m^[[2m6 tests^[[22m^[[2m)^[[22m^[[32m 25^[[2mms^[[22m^[[39m
quality (node 24)	Run npm test	2026-09-05T07:36:14.2237359Z  ^[[32m✓^[[39m packages/core/test/integration/mutation-transactionality.test.ts ^[[2m(^[[22m^[[2m3 tests^[[22m^[[2m)^[[22m^[[32m 40^[[2mms^[[22m^[[39m
quality (node 24)	Run npm test	2026-09-05T07:36:14.4588070Z  ^[[32m✓^[[39m packages/core/test/unit/adapters/time-loop-cycle.test.ts ^[[2m(^[[22m^[[2m10 tests^[[22m^[[2m)^[[22m^[[32m 11^[[2mms^[[22m^[[39m
quality (node 24)	Run npm test	2026-09-05T07:36:14.4897577Z  ^[[32m✓^[[39m packages/core/test/integration/engine-x3-contribution.test.ts ^[[2m(^[[22m^[[2m5 tests^[[22m^[[2m)^[[22m^[[32m 43^[[2mms^[[22m^[[39m
quality (node 24)	Run npm test	2026-09-05T07:36:14.7557697Z  ^[[32m✓^[[39m packages/core/test/integration/phase3-trigger-port.test.ts ^[[2m(^[[22m^[[2m5 tests^[[22m^[[2m)^[[22m^[[32m 18^[[2mms^[[22m^[[39m
quality (node 24)	Run npm test	2026-09-05T07:36:14.7674731Z  ^[[32m✓^[[39m packages/core/test/integration/per-plugin-key-ownership.test.ts ^[[2m(^[[22m^[[2m4 tests^[[22m^[[2m)^[[22m^[[32m 35^[[2mms^[[22m^[[39m
quality (node 24)	Run npm test	2026-09-05T07:36:14.9838332Z  ^[[32m✓^[[39m packages/core/test/unit/runtime/publisher-snapshot-memo.test.ts ^[[2m(^[[22m^[[2m4 tests^[[22m^[[2m)^[[22m^[[32m 13^[[2mms^[[22m^[[39m
quality (node 24)	Run npm test	2026-09-05T07:36:15.1455661Z  ^[[32m✓^[[39m packages/core/test/unit/runtime/live-value-animated.test.ts ^[[2m(^[[22m^[[2m3 tests^[[22m^[[2m)^[[22m^[[32m 56^[[2mms^[[22m^[[39m
quality (node 24)	Run npm test	2026-09-05T07:36:15.2088089Z  ^[[32m✓^[[39m packages/core/test/integration/p2-runtime-smells.test.ts ^[[2m(^[[22m^[[2m6 tests^[[22m^[[2m)^[[22m^[[32m 12^[[2mms^[[22m^[[39m
quality (node 24)	Run npm test	2026-09-05T07:36:15.3418367Z  ^[[32m✓^[[39m packages/core/test/unit/graph/solver-goal-required.test.ts ^[[2m(^[[22m^[[2m2 tests^[[22m^[[2m)^[[22m^[[32m 8^[[2mms^[[22m^[[39m
quality (node 24)	Run npm test	2026-09-05T07:36:15.4370030Z  ^[[32m✓^[[39m packages/core/test/unit/graph/observation-target-removal.test.ts ^[[2m(^[[22m^[[2m5 tests^[[22m^[[2m)^[[22m^[[32m 9^[[2mms^[[22m^[[39m
quality (node 24)	Run npm test	2026-09-05T07:36:15.6398960Z  ^[[32m✓^[[39m packages/core/test/integration/option-c-track-resolution.test.ts ^[[2m(^[[22m^[[2m5 tests^[[22m^[[2m)^[[22m^[[32m 30^[[2mms^[[22m^[[39m
quality (node 24)	Run npm test	2026-09-05T07:36:15.6666116Z  ^[[32m✓^[[39m packages/core/test/contract/validation-owner.test.ts ^[[2m(^[[22m^[[2m6 tests^[[22m^[[2m)^[[22m^[[32m 15^[[2mms^[[22m^[[39m
quality (node 24)	Run npm test	2026-09-05T07:36:15.8436665Z  ^[[32m✓^[[39m packages/core/test/unit/scripts/public-declaration-surface.test.ts ^[[2m(^[[22m^[[2m3 tests^[[22m^[[2m)^[[22m^[[33m 2778^[[2mms^[[22m^[[39m
quality (node 24)	Run npm test	2026-09-05T07:36:15.8438302Z      ^[[33m^[[2m✓^[[22m^[[39m scans the emitted entry declaration closure, not just source strings ^[[33m 2775^[[2mms^[[22m^[[39m
quality (node 24)	Run npm test	2026-09-05T07:36:15.8534382Z  ^[[32m✓^[[39m packages/core/test/unit/domain/plugin-requirements.test.ts ^[[2m(^[[22m^[[2m6 tests^[[22m^[[2m)^[[22m^[[32m 8^[[2mms^[[22m^[[39m
quality (node 24)	Run npm test	2026-09-05T07:36:15.9326345Z  ^[[32m✓^[[39m packages/core/test/integration/phase2-motion-scheduling.test.ts ^[[2m(^[[22m^[[2m5 tests^[[22m^[[2m)^[[22m^[[32m 19^[[2mms^[[22m^[[39m
quality (node 24)	Run npm test	2026-09-05T07:36:16.0025960Z  ^[[32m✓^[[39m packages/core/test/unit/plugins/angle-blend.test.ts ^[[2m(^[[22m^[[2m4 tests^[[22m^[[2m)^[[22m^[[32m 9^[[2mms^[[22m^[[39m
quality (node 24)	Run npm test	2026-09-05T07:36:16.0968393Z  ^[[32m✓^[[39m packages/core/test/unit/plugins/fabrik-arity-one.test.ts ^[[2m(^[[22m^[[2m1 test^[[22m^[[2m)^[[22m^[[32m 6^[[2mms^[[22m^[[39m
quality (node 24)	Run npm test	2026-09-05T07:36:16.1420328Z  ^[[32m✓^[[39m packages/core/test/integration/live-value-composition.test.ts ^[[2m(^[[22m^[[2m2 tests^[[22m^[[2m)^[[22m^[[32m 35^[[2mms^[[22m^[[39m
quality (node 24)	Run npm test	2026-09-05T07:36:16.2374724Z  ^[[32m✓^[[39m packages/core/test/integration/unified-mutation-surface.test.ts ^[[2m(^[[22m^[[2m5 tests^[[22m^[[2m)^[[22m^[[32m 29^[[2mms^[[22m^[[39m
quality (node 24)	Run npm test	2026-09-05T07:36:16.3398003Z  ^[[32m✓^[[39m packages/core/test/integration/runtime-motion-lifecycle.test.ts ^[[2m(^[[22m^[[2m6 tests^[[22m^[[2m)^[[22m^[[32m 28^[[2mms^[[22m^[[39m
quality (node 24)	Run npm test	2026-09-05T07:36:16.3567976Z  ^[[32m✓^[[39m packages/core/test/unit/runtime/clock-tick-identity.test.ts ^[[2m(^[[22m^[[2m4 tests^[[22m^[[2m)^[[22m^[[32m 13^[[2mms^[[22m^[[39m
quality (node 24)	Run npm test	2026-09-05T07:36:16.4307805Z  ^[[32m✓^[[39m packages/core/test/contract/gsap-equivalence.test.ts ^[[2m(^[[22m^[[2m6 tests^[[22m^[[2m)^[[22m^[[32m 15^[[2mms^[[22m^[[39m
quality (node 24)	Run npm test	2026-09-05T07:36:16.5364077Z  ^[[32m✓^[[39m packages/core/test/unit/runtime/patch-registry-structural-change.test.ts ^[[2m(^[[22m^[[2m7 tests^[[22m^[[2m)^[[22m^[[32m 6^[[2mms^[[22m^[[39m
quality (node 24)	Run npm test	2026-09-05T07:36:16.5916793Z  ^[[32m✓^[[39m packages/core/test/integration/observation-identity.test.ts ^[[2m(^[[22m^[[2m5 tests^[[22m^[[2m)^[[22m^[[32m 23^[[2mms^[[22m^[[39m
quality (node 24)	Run npm test	2026-09-05T07:36:16.6308232Z  ^[[32m✓^[[39m packages/core/test/integration/cross-motion.test.ts ^[[2m(^[[22m^[[2m3 tests^[[22m^[[2m)^[[22m^[[32m 13^[[2mms^[[22m^[[39m
quality (node 24)	Run npm test	2026-09-05T07:36:16.7787008Z  ^[[32m✓^[[39m packages/core/test/unit/graph/ir-validation.test.ts ^[[2m(^[[22m^[[2m6 tests^[[22m^[[2m)^[[22m^[[32m 12^[[2mms^[[22m^[[39m
quality (node 24)	Run npm test	2026-09-05T07:36:16.7839280Z  ^[[32m✓^[[39m packages/core/test/integration/issue-114-motion-track-regressions.test.ts ^[[2m(^[[22m^[[2m5 tests^[[22m^[[2m)^[[22m^[[32m 28^[[2mms^[[22m^[[39m
quality (node 24)	Run npm test	2026-09-05T07:36:16.7958065Z  ^[[32m✓^[[39m packages/core/test/unit/graph/order.test.ts ^[[2m(^[[22m^[[2m8 tests^[[22m^[[2m)^[[22m^[[32m 9^[[2mms^[[22m^[[39m
quality (node 24)	Run npm test	2026-09-05T07:36:16.9617006Z  ^[[32m✓^[[39m packages/core/test/unit/domain/motion-progress-range.test.ts ^[[2m(^[[22m^[[2m4 tests^[[22m^[[2m)^[[22m^[[32m 8^[[2mms^[[22m^[[39m
quality (node 24)	Run npm test	2026-09-05T07:36:17.0248256Z  ^[[32m✓^[[39m packages/core/test/integration/diagnostics.test.ts ^[[2m(^[[22m^[[2m4 tests^[[22m^[[2m)^[[22m^[[32m 16^[[2mms^[[22m^[[39m
quality (node 24)	Run npm test	2026-09-05T07:36:17.1252829Z  ^[[32m✓^[[39m packages/core/test/unit/adapters/trigger-factory-no-fallback.test.ts ^[[2m(^[[22m^[[2m3 tests^[[22m^[[2m)^[[22m^[[32m 8^[[2mms^[[22m^[[39m
quality (node 24)	Run npm test	2026-09-05T07:36:17.2607318Z  ^[[32m✓^[[39m packages/core/test/unit/runtime/composition-output-shape.test.ts ^[[2m(^[[22m^[[2m3 tests^[[22m^[[2m)^[[22m^[[32m 17^[[2mms^[[22m^[[39m
quality (node 24)	Run npm test	2026-09-05T07:36:17.3721227Z  ^[[32m✓^[[39m packages/core/test/contract/gsap-authored-duration.test.ts ^[[2m(^[[22m^[[2m5 tests^[[22m^[[2m)^[[22m^[[32m 23^[[2mms^[[22m^[[39m
quality (node 24)	Run npm test	2026-09-05T07:36:17.4777612Z  ^[[32m✓^[[39m packages/core/test/unit/runtime/scheduler-reentrancy.test.ts ^[[2m(^[[22m^[[2m4 tests^[[22m^[[2m)^[[22m^[[32m 14^[[2mms^[[22m^[[39m
quality (node 24)	Run npm test	2026-09-05T07:36:17.5878017Z  ^[[32m✓^[[39m packages/core/test/contract/project-templates-removal.test.ts ^[[2m(^[[22m^[[2m2 tests^[[22m^[[2m)^[[22m^[[32m 10^[[2mms^[[22m^[[39m
quality (node 24)	Run npm test	2026-09-05T07:36:17.7207881Z  ^[[32m✓^[[39m packages/core/test/unit/runtime/patch-registry-subscriber-errors.test.ts ^[[2m(^[[22m^[[2m4 tests^[[22m^[[2m)^[[22m^[[32m 9^[[2mms^[[22m^[[39m
quality (node 24)	Run npm test	2026-09-05T07:36:17.8895254Z  ^[[32m✓^[[39m packages/core/test/integration/adopted-track-immutability.test.ts ^[[2m(^[[22m^[[2m4 tests^[[22m^[[2m)^[[22m^[[32m 22^[[2mms^[[22m^[[39m
quality (node 24)	Run npm test	2026-09-05T07:36:17.9145943Z  ^[[32m✓^[[39m packages/core/test/unit/adapters/scroll-trigger-gsap.test.ts ^[[2m(^[[22m^[[2m4 tests^[[22m^[[2m)^[[22m^[[32m 8^[[2mms^[[22m^[[39m
quality (node 24)	Run npm test	2026-09-05T07:36:18.1167014Z  ^[[32m✓^[[39m packages/core/test/integration/publisher-output-merge-consistency.test.ts ^[[2m(^[[22m^[[2m2 tests^[[22m^[[2m)^[[22m^[[32m 8^[[2mms^[[22m^[[39m
quality (node 24)	Run npm test	2026-09-05T07:36:18.1237689Z  ^[[32m✓^[[39m packages/core/test/unit/runtime/publisher-requirement-inputs.test.ts ^[[2m(^[[22m^[[2m2 tests^[[22m^[[2m)^[[22m^[[32m 8^[[2mms^[[22m^[[39m
quality (node 24)	Run npm test	2026-09-05T07:36:18.3938183Z  ^[[32m✓^[[39m packages/core/test/integration/keyframe-groups.test.ts ^[[2m(^[[22m^[[2m3 tests^[[22m^[[2m)^[[22m^[[32m 29^[[2mms^[[22m^[[39m
quality (node 24)	Run npm test	2026-09-05T07:36:18.4037934Z  ^[[32m✓^[[39m packages/core/test/integration/replace-motion-track.test.ts ^[[2m(^[[22m^[[2m3 tests^[[22m^[[2m)^[[22m^[[32m 39^[[2mms^[[22m^[[39m
quality (node 24)	Run npm test	2026-09-05T07:36:18.5946426Z  ^[[32m✓^[[39m packages/core/test/unit/scripts/session-status-shape.test.ts ^[[2m(^[[22m^[[2m3 tests^[[22m^[[2m)^[[22m^[[32m 14^[[2mms^[[22m^[[39m
quality (node 24)	Run npm test	2026-09-05T07:36:18.6612478Z  ^[[32m✓^[[39m packages/core/test/integration/engine-headless.test.ts ^[[2m(^[[22m^[[2m4 tests^[[22m^[[2m)^[[22m^[[32m 21^[[2mms^[[22m^[[39m
quality (node 24)	Run npm test	2026-09-05T07:36:18.8645000Z  ^[[32m✓^[[39m packages/core/test/integration/internal-key-strip.test.ts ^[[2m(^[[22m^[[2m3 tests^[[22m^[[2m)^[[22m^[[32m 20^[[2mms^[[22m^[[39m
quality (node 24)	Run npm test	2026-09-05T07:36:18.9362663Z  ^[[32m✓^[[39m packages/core/test/integration/handle-adoption.test.ts ^[[2m(^[[22m^[[2m4 tests^[[22m^[[2m)^[[22m^[[32m 25^[[2mms^[[22m^[[39m
quality (node 24)	Run npm test	2026-09-05T07:36:19.1257807Z  ^[[32m✓^[[39m packages/core/test/integration/remount.test.ts ^[[2m(^[[22m^[[2m2 tests^[[22m^[[2m)^[[22m^[[32m 24^[[2mms^[[22m^[[39m
quality (node 24)	Run npm test	2026-09-05T07:36:19.1324074Z  ^[[32m✓^[[39m packages/core/test/contract/ports.test.ts ^[[2m(^[[22m^[[2m7 tests^[[22m^[[2m)^[[22m^[[32m 8^[[2mms^[[22m^[[39m
quality (node 24)	Run npm test	2026-09-05T07:36:19.3457543Z  ^[[32m✓^[[39m packages/core/test/unit/graph/edge-order.test.ts ^[[2m(^[[22m^[[2m2 tests^[[22m^[[2m)^[[22m^[[32m 11^[[2mms^[[22m^[[39m
quality (node 24)	Run npm test	2026-09-05T07:36:19.4142480Z ^[[90mstderr^[[2m | packages/react/test/public-hook-render.test.ts^[[2m > ^[[22m^[[2mReact public hook render/update (C2)^[[2m > ^[[22m^[[2mrenders the current patch and updates after publication
quality (node 24)	Run npm test	2026-09-05T07:36:19.4257816Z ^[[22m^[[39mreact-test-renderer is deprecated. See https://react.dev/warnings/react-test-renderer
quality (node 24)	Run npm test	2026-09-05T07:36:19.4306394Z An update to Root inside a test was not wrapped in act(...).
quality (node 24)	Run npm test	2026-09-05T07:36:19.4306890Z 
quality (node 24)	Run npm test	2026-09-05T07:36:19.4307251Z When testing, code that causes React state updates should be wrapped into act(...):
quality (node 24)	Run npm test	2026-09-05T07:36:19.4307617Z 
quality (node 24)	Run npm test	2026-09-05T07:36:19.4307770Z act(() => {
quality (node 24)	Run npm test	2026-09-05T07:36:19.4308125Z   /* fire events that update state */
quality (node 24)	Run npm test	2026-09-05T07:36:19.4308495Z });
quality (node 24)	Run npm test	2026-09-05T07:36:19.4308850Z /* assert on the output */
quality (node 24)	Run npm test	2026-09-05T07:36:19.4309055Z 
quality (node 24)	Run npm test	2026-09-05T07:36:19.4309646Z This ensures that you're testing the behavior the user would see in the browser. Learn more at https://react.dev/link/wrap-tests-with-act
quality (node 24)	Run npm test	2026-09-05T07:36:19.4310170Z 
quality (node 24)	Run npm test	2026-09-05T07:36:19.4311196Z ^[[90mstderr^[[2m | packages/react/test/public-hook-render.test.ts^[[2m > ^[[22m^[[2mReact public hook render/update (C2)^[[2m > ^[[22m^[[2mH-4 hands a consumer the same stripped values the publisher retained
quality (node 24)	Run npm test	2026-09-05T07:36:19.4312407Z ^[[22m^[[39mreact-test-renderer is deprecated. See https://react.dev/warnings/react-test-renderer
quality (node 24)	Run npm test	2026-09-05T07:36:19.4313103Z An update to Root inside a test was not wrapped in act(...).
quality (node 24)	Run npm test	2026-09-05T07:36:19.4313406Z 
quality (node 24)	Run npm test	2026-09-05T07:36:19.4313772Z When testing, code that causes React state updates should be wrapped into act(...):
quality (node 24)	Run npm test	2026-09-05T07:36:19.4314116Z 
quality (node 24)	Run npm test	2026-09-05T07:36:19.4314266Z act(() => {
quality (node 24)	Run npm test	2026-09-05T07:36:19.4314592Z   /* fire events that update state */
quality (node 24)	Run npm test	2026-09-05T07:36:19.4314990Z });
quality (node 24)	Run npm test	2026-09-05T07:36:19.4315321Z /* assert on the output */
quality (node 24)	Run npm test	2026-09-05T07:36:19.4315664Z 
quality (node 24)	Run npm test	2026-09-05T07:36:19.4316410Z This ensures that you're testing the behavior the user would see in the browser. Learn more at https://react.dev/link/wrap-tests-with-act
quality (node 24)	Run npm test	2026-09-05T07:36:19.4317011Z 
quality (node 24)	Run npm test	2026-09-05T07:36:19.4317786Z  ^[[32m✓^[[39m packages/react/test/public-hook-render.test.ts ^[[2m(^[[22m^[[2m2 tests^[[22m^[[2m)^[[22m^[[32m 33^[[2mms^[[22m^[[39m
quality (node 24)	Run npm test	2026-09-05T07:36:19.5342042Z  ^[[32m✓^[[39m packages/core/test/unit/graph/references.test.ts ^[[2m(^[[22m^[[2m7 tests^[[22m^[[2m)^[[22m^[[32m 5^[[2mms^[[22m^[[39m
quality (node 24)	Run npm test	2026-09-05T07:36:19.6547471Z  ^[[32m✓^[[39m packages/core/test/integration/graph-publisher.test.ts ^[[2m(^[[22m^[[2m3 tests^[[22m^[[2m)^[[22m^[[32m 10^[[2mms^[[22m^[[39m
quality (node 24)	Run npm test	2026-09-05T07:36:19.7265944Z  ^[[32m✓^[[39m packages/core/test/integration/project-runtime.test.ts ^[[2m(^[[22m^[[2m4 tests^[[22m^[[2m)^[[22m^[[32m 10^[[2mms^[[22m^[[39m
quality (node 24)	Run npm test	2026-09-05T07:36:19.8648155Z  ^[[32m✓^[[39m packages/core/test/contract/adapters.test.ts ^[[2m(^[[22m^[[2m4 tests^[[22m^[[2m)^[[22m^[[32m 7^[[2mms^[[22m^[[39m
quality (node 24)	Run npm test	2026-09-05T07:36:19.9129540Z  ^[[32m✓^[[39m packages/core/test/integration/flush-output-merge.test.ts ^[[2m(^[[22m^[[2m2 tests^[[22m^[[2m)^[[22m^[[32m 6^[[2mms^[[22m^[[39m
quality (node 24)	Run npm test	2026-09-05T07:36:20.0763176Z  ^[[32m✓^[[39m packages/core/test/integration/graph-runtime.test.ts ^[[2m(^[[22m^[[2m4 tests^[[22m^[[2m)^[[22m^[[32m 16^[[2mms^[[22m^[[39m
quality (node 24)	Run npm test	2026-09-05T07:36:20.1832103Z  ^[[32m✓^[[39m packages/core/test/contract/gsap-absolute-stops.test.ts ^[[2m(^[[22m^[[2m3 tests^[[22m^[[2m)^[[22m^[[32m 24^[[2mms^[[22m^[[39m
quality (node 24)	Run npm test	2026-09-05T07:36:20.3036486Z  ^[[32m✓^[[39m packages/core/test/integration/graph-rollback.test.ts ^[[2m(^[[22m^[[2m4 tests^[[22m^[[2m)^[[22m^[[32m 14^[[2mms^[[22m^[[39m
quality (node 24)	Run npm test	2026-09-05T07:36:20.3908307Z  ^[[32m✓^[[39m packages/core/test/unit/plugins/fk-solver-override.test.ts ^[[2m(^[[22m^[[2m3 tests^[[22m^[[2m)^[[22m^[[32m 6^[[2mms^[[22m^[[39m
quality (node 24)	Run npm test	2026-09-05T07:36:20.5800442Z  ^[[32m✓^[[39m packages/core/test/integration/engine-load-validation.test.ts ^[[2m(^[[22m^[[2m4 tests^[[22m^[[2m)^[[22m^[[32m 18^[[2mms^[[22m^[[39m
quality (node 24)	Run npm test	2026-09-05T07:36:20.6135927Z  ^[[32m✓^[[39m packages/core/test/migration/v4-to-v5.test.ts ^[[2m(^[[22m^[[2m6 tests^[[22m^[[2m)^[[22m^[[32m 9^[[2mms^[[22m^[[39m
quality (node 24)	Run npm test	2026-09-05T07:36:20.8309033Z  ^[[32m✓^[[39m packages/core/test/contract/graph-builder-incremental.test.ts ^[[2m(^[[22m^[[2m3 tests^[[22m^[[2m)^[[22m^[[32m 9^[[2mms^[[22m^[[39m
quality (node 24)	Run npm test	2026-09-05T07:36:20.8602897Z  ^[[32m✓^[[39m packages/core/test/integration/partial-seed-inputs.test.ts ^[[2m(^[[22m^[[2m1 test^[[22m^[[2m)^[[22m^[[32m 10^[[2mms^[[22m^[[39m
quality (node 24)	Run npm test	2026-09-05T07:36:21.0280065Z  ^[[32m✓^[[39m packages/core/test/integration/dom-patch-apply.test.ts ^[[2m(^[[22m^[[2m2 tests^[[22m^[[2m)^[[22m^[[32m 6^[[2mms^[[22m^[[39m
quality (node 24)	Run npm test	2026-09-05T07:36:21.0827972Z  ^[[32m✓^[[39m packages/core/test/integration/single-input-channel.test.ts ^[[2m(^[[22m^[[2m1 test^[[22m^[[2m)^[[22m^[[32m 21^[[2mms^[[22m^[[39m
quality (node 24)	Run npm test	2026-09-05T07:36:21.2113579Z  ^[[32m✓^[[39m packages/core/test/unit/domain/track-node-id.test.ts ^[[2m(^[[22m^[[2m3 tests^[[22m^[[2m)^[[22m^[[32m 7^[[2mms^[[22m^[[39m
quality (node 24)	Run npm test	2026-09-05T07:36:21.2496350Z  ^[[32m✓^[[39m packages/core/test/unit/runtime/patch-registry-listener-snapshot.test.ts ^[[2m(^[[22m^[[2m3 tests^[[22m^[[2m)^[[22m^[[32m 7^[[2mms^[[22m^[[39m
quality (node 24)	Run npm test	2026-09-05T07:36:21.3988603Z  ^[[32m✓^[[39m packages/core/test/unit/domain/time-driver.test.ts ^[[2m(^[[22m^[[2m3 tests^[[22m^[[2m)^[[22m^[[32m 8^[[2mms^[[22m^[[39m
quality (node 24)	Run npm test	2026-09-05T07:36:21.5039968Z  ^[[32m✓^[[39m packages/core/test/integration/adopt-destroy-readopt.test.ts ^[[2m(^[[22m^[[2m1 test^[[22m^[[2m)^[[22m^[[32m 19^[[2mms^[[22m^[[39m
quality (node 24)	Run npm test	2026-09-05T07:36:21.6027928Z  ^[[32m✓^[[39m packages/core/test/unit/graph/edge-key-separator.test.ts ^[[2m(^[[22m^[[2m2 tests^[[22m^[[2m)^[[22m^[[32m 10^[[2mms^[[22m^[[39m
quality (node 24)	Run npm test	2026-09-05T07:36:21.6906591Z  ^[[32m✓^[[39m packages/core/test/unit/scripts/governance-gates.test.ts ^[[2m(^[[22m^[[2m5 tests^[[22m^[[2m)^[[22m^[[32m 8^[[2mms^[[22m^[[39m
quality (node 24)	Run npm test	2026-09-05T07:36:21.8437464Z  ^[[32m✓^[[39m packages/core/test/unit/graph/requirement-edge-construction.test.ts ^[[2m(^[[22m^[[2m3 tests^[[22m^[[2m)^[[22m^[[32m 9^[[2mms^[[22m^[[39m
quality (node 24)	Run npm test	2026-09-05T07:36:21.9258444Z ^[[90mstderr^[[2m | packages/react/test/public-package-surface.test.ts^[[2m > ^[[22m^[[2mReact public package surface (C2)^[[2m > ^[[22m^[[2mrenders and updates through the package entry alone
quality (node 24)	Run npm test	2026-09-05T07:36:21.9260419Z ^[[22m^[[39mreact-test-renderer is deprecated. See https://react.dev/warnings/react-test-renderer
quality (node 24)	Run npm test	2026-09-05T07:36:21.9261562Z An update to Root inside a test was not wrapped in act(...).
quality (node 24)	Run npm test	2026-09-05T07:36:21.9262166Z 
quality (node 24)	Run npm test	2026-09-05T07:36:21.9262654Z When testing, code that causes React state updates should be wrapped into act(...):
quality (node 24)	Run npm test	2026-09-05T07:36:21.9263223Z 
quality (node 24)	Run npm test	2026-09-05T07:36:21.9263425Z act(() => {
quality (node 24)	Run npm test	2026-09-05T07:36:21.9263982Z   /* fire events that update state */
quality (node 24)	Run npm test	2026-09-05T07:36:21.9264551Z });
quality (node 24)	Run npm test	2026-09-05T07:36:21.9265067Z /* assert on the output */
quality (node 24)	Run npm test	2026-09-05T07:36:21.9265592Z 
quality (node 24)	Run npm test	2026-09-05T07:36:21.9266573Z This ensures that you're testing the behavior the user would see in the browser. Learn more at https://react.dev/link/wrap-tests-with-act
quality (node 24)	Run npm test	2026-09-05T07:36:21.9268464Z 
quality (node 24)	Run npm test	2026-09-05T07:36:21.9297620Z  ^[[32m✓^[[39m packages/react/test/public-package-surface.test.ts ^[[2m(^[[22m^[[2m1 test^[[22m^[[2m)^[[22m^[[32m 18^[[2mms^[[22m^[[39m
quality (node 24)	Run npm test	2026-09-05T07:36:22.0649862Z  ^[[32m✓^[[39m packages/core/test/integration/motion-trigger-lifecycle.test.ts ^[[2m(^[[22m^[[2m1 test^[[22m^[[2m)^[[22m^[[32m 8^[[2mms^[[22m^[[39m
quality (node 24)	Run npm test	2026-09-05T07:36:22.1343946Z  ^[[32m✓^[[39m packages/react/test/patch-store-lifecycle.test.ts ^[[2m(^[[22m^[[2m2 tests^[[22m^[[2m)^[[22m^[[32m 7^[[2mms^[[22m^[[39m
quality (node 24)	Run npm test	2026-09-05T07:36:22.2621586Z  ^[[32m✓^[[39m packages/core/test/unit/domain/plugin-contribution-completeness.test.ts ^[[2m(^[[22m^[[2m3 tests^[[22m^[[2m)^[[22m^[[32m 7^[[2mms^[[22m^[[39m
quality (node 24)	Run npm test	2026-09-05T07:36:22.3628250Z  ^[[32m✓^[[39m packages/core/test/unit/domain/s7-plugin-evidence.test.ts ^[[2m(^[[22m^[[2m3 tests^[[22m^[[2m)^[[22m^[[32m 10^[[2mms^[[22m^[[39m
quality (node 24)	Run npm test	2026-09-05T07:36:22.4434285Z  ^[[32m✓^[[39m packages/react/test/patch-store-destroy.test.ts ^[[2m(^[[22m^[[2m3 tests^[[22m^[[2m)^[[22m^[[32m 7^[[2mms^[[22m^[[39m
quality (node 24)	Run npm test	2026-09-05T07:36:22.5159718Z  ^[[32m✓^[[39m packages/core/test/unit/scripts/public-port-types.test.ts ^[[2m(^[[22m^[[2m2 tests^[[22m^[[2m)^[[22m^[[33m 5582^[[2mms^[[22m^[[39m
quality (node 24)	Run npm test	2026-09-05T07:36:22.5161608Z      ^[[33m^[[2m✓^[[22m^[[39m K-9 names all five port contracts from the entry declarations ^[[33m 1486^[[2mms^[[22m^[[39m
quality (node 24)	Run npm test	2026-09-05T07:36:22.5163426Z      ^[[33m^[[2m✓^[[22m^[[39m K-10 still cannot name a runtime internal through the same entry ^[[33m 1530^[[2mms^[[22m^[[39m
quality (node 24)	Run npm test	2026-09-05T07:36:22.5559713Z  ^[[32m✓^[[39m packages/core/test/contract/gsap-sparse-percent-map.test.ts ^[[2m(^[[22m^[[2m3 tests^[[22m^[[2m)^[[22m^[[32m 17^[[2mms^[[22m^[[39m
quality (node 24)	Run npm test	2026-09-05T07:36:22.6260310Z  ^[[32m✓^[[39m packages/core/test/integration/dom-plugin-metadata.test.ts ^[[2m(^[[22m^[[2m1 test^[[22m^[[2m)^[[22m^[[32m 6^[[2mms^[[22m^[[39m
quality (node 24)	Run npm test	2026-09-05T07:36:22.7363704Z  ^[[32m✓^[[39m packages/core/test/contract/gsap-paused-timeline.test.ts ^[[2m(^[[22m^[[2m2 tests^[[22m^[[2m)^[[22m^[[32m 6^[[2mms^[[22m^[[39m
quality (node 24)	Run npm test	2026-09-05T07:36:22.7828284Z  ^[[32m✓^[[39m packages/core/test/unit/engine/motion-entry-shape.test.ts ^[[2m(^[[22m^[[2m3 tests^[[22m^[[2m)^[[22m^[[32m 4^[[2mms^[[22m^[[39m
quality (node 24)	Run npm test	2026-09-05T07:36:22.8007973Z  ^[[32m✓^[[39m packages/core/test/integration/end-to-end.test.ts ^[[2m(^[[22m^[[2m1 test^[[22m^[[2m)^[[22m^[[32m 17^[[2mms^[[22m^[[39m
quality (node 24)	Run npm test	2026-09-05T07:36:22.9374295Z  ^[[32m✓^[[39m packages/core/test/integration/contract-baseline.test.ts ^[[2m(^[[22m^[[2m5 tests^[[22m^[[2m)^[[22m^[[32m 23^[[2mms^[[22m^[[39m
quality (node 24)	Run npm test	2026-09-05T07:36:22.9647264Z  ^[[32m✓^[[39m packages/core/test/unit/graph/edge-key-canonical.test.ts ^[[2m(^[[22m^[[2m3 tests^[[22m^[[2m)^[[22m^[[32m 6^[[2mms^[[22m^[[39m
quality (node 24)	Run npm test	2026-09-05T07:36:22.9792480Z  ^[[32m✓^[[39m packages/core/test/unit/domain/lifecycle.test.ts ^[[2m(^[[22m^[[2m5 tests^[[22m^[[2m)^[[22m^[[32m 8^[[2mms^[[22m^[[39m
quality (node 24)	Run npm test	2026-09-05T07:36:23.1223477Z  ^[[32m✓^[[39m packages/core/test/unit/scripts/acceptance-scan.test.ts ^[[2m(^[[22m^[[2m3 tests^[[22m^[[2m)^[[22m^[[32m 23^[[2mms^[[22m^[[39m
quality (node 24)	Run npm test	2026-09-05T07:36:23.1399748Z  ^[[32m✓^[[39m packages/core/test/unit/graph/ids.test.ts ^[[2m(^[[22m^[[2m5 tests^[[22m^[[2m)^[[22m^[[32m 8^[[2mms^[[22m^[[39m
quality (node 24)	Run npm test	2026-09-05T07:36:23.2156668Z  ^[[32m✓^[[39m packages/core/test/integration/project-handle-surface.test.ts ^[[2m(^[[22m^[[2m1 test^[[22m^[[2m)^[[22m^[[32m 12^[[2mms^[[22m^[[39m
quality (node 24)	Run npm test	2026-09-05T07:36:23.2836141Z  ^[[32m✓^[[39m packages/core/test/unit/domain/values.test.ts ^[[2m(^[[22m^[[2m6 tests^[[22m^[[2m)^[[22m^[[32m 8^[[2mms^[[22m^[[39m
quality (node 24)	Run npm test	2026-09-05T07:36:23.3152275Z  ^[[32m✓^[[39m packages/core/test/unit/runtime/patch-registry-retention.test.ts ^[[2m(^[[22m^[[2m2 tests^[[22m^[[2m)^[[22m^[[32m 7^[[2mms^[[22m^[[39m
quality (node 24)	Run npm test	2026-09-05T07:36:23.3926132Z  ^[[32m✓^[[39m packages/core/test/unit/adapters/scroll-trigger-range.test.ts ^[[2m(^[[22m^[[2m1 test^[[22m^[[2m)^[[22m^[[32m 5^[[2mms^[[22m^[[39m
quality (node 24)	Run npm test	2026-09-05T07:36:23.4293341Z  ^[[32m✓^[[39m packages/core/test/unit/scripts/mutation-config.test.ts ^[[2m(^[[22m^[[2m1 test^[[22m^[[2m)^[[22m^[[32m 5^[[2mms^[[22m^[[39m
quality (node 24)	Run npm test	2026-09-05T07:36:23.4978179Z  ^[[32m✓^[[39m packages/core/test/integration/dom-transform-removal.test.ts ^[[2m(^[[22m^[[2m2 tests^[[22m^[[2m)^[[22m^[[32m 5^[[2mms^[[22m^[[39m
quality (node 24)	Run npm test	2026-09-05T07:36:23.5806631Z  ^[[32m✓^[[39m packages/react/test/patch-store.test.ts ^[[2m(^[[22m^[[2m1 test^[[22m^[[2m)^[[22m^[[32m 6^[[2mms^[[22m^[[39m
quality (node 24)	Run npm test	2026-09-05T07:36:23.5993551Z  ^[[32m✓^[[39m packages/core/test/contract/s4-validation-owner.test.ts ^[[2m(^[[22m^[[2m2 tests^[[22m^[[2m)^[[22m^[[32m 6^[[2mms^[[22m^[[39m
quality (node 24)	Run npm test	2026-09-05T07:36:23.6509217Z  ^[[32m✓^[[39m packages/core/test/unit/scripts/s7-recovery-audit.test.ts ^[[2m(^[[22m^[[2m1 test^[[22m^[[2m)^[[22m^[[32m 3^[[2mms^[[22m^[[39m
quality (node 24)	Run npm test	2026-09-05T07:36:23.7751586Z  ^[[32m✓^[[39m packages/core/test/integration/membership-gating.test.ts ^[[2m(^[[22m^[[2m1 test^[[22m^[[2m)^[[22m^[[32m 9^[[2mms^[[22m^[[39m
quality (node 24)	Run npm test	2026-09-05T07:36:23.8349666Z  ^[[32m✓^[[39m packages/core/test/integration/runtime-motion-trigger-validation.test.ts ^[[2m(^[[22m^[[2m1 test^[[22m^[[2m)^[[22m^[[32m 10^[[2mms^[[22m^[[39m
quality (node 24)	Run npm test	2026-09-05T07:36:23.8641210Z  ^[[32m✓^[[39m packages/core/test/integration/plugin-use-contract.test.ts ^[[2m(^[[22m^[[2m1 test^[[22m^[[2m)^[[22m^[[32m 7^[[2mms^[[22m^[[39m
quality (node 24)	Run npm test	2026-09-05T07:36:23.9773393Z  ^[[32m✓^[[39m packages/core/test/contract/gsap-multi-stop.test.ts ^[[2m(^[[22m^[[2m1 test^[[22m^[[2m)^[[22m^[[32m 7^[[2mms^[[22m^[[39m
quality (node 24)	Run npm test	2026-09-05T07:36:24.0409553Z  ^[[32m✓^[[39m packages/core/test/integration/golden-roundtrip.test.ts ^[[2m(^[[22m^[[2m1 test^[[22m^[[2m)^[[22m^[[32m 14^[[2mms^[[22m^[[39m
quality (node 24)	Run npm test	2026-09-05T07:36:24.0479614Z  ^[[32m✓^[[39m packages/core/test/unit/placeholder.test.ts ^[[2m(^[[22m^[[2m2 tests^[[22m^[[2m)^[[22m^[[32m 4^[[2mms^[[22m^[[39m
quality (node 24)	Run npm test	2026-09-05T07:36:24.1094559Z  ^[[32m✓^[[39m packages/react/test/public-hook.test.ts ^[[2m(^[[22m^[[2m1 test^[[22m^[[2m)^[[22m^[[32m 2^[[2mms^[[22m^[[39m
quality (node 24)	Run npm test	2026-09-05T07:36:24.1151026Z 
quality (node 24)	Run npm test	2026-09-05T07:36:24.1152225Z ^[[31m⎯⎯⎯⎯⎯⎯⎯^[[39m^[[1m^[[41m Failed Tests 3 ^[[49m^[[22m^[[31m⎯⎯⎯⎯⎯⎯⎯^[[39m
quality (node 24)	Run npm test	2026-09-05T07:36:24.1152712Z 
quality (node 24)	Run npm test	2026-09-05T07:36:24.1156615Z ^[[41m^[[1m FAIL ^[[22m^[[49m packages/core/test/unit/runtime/structural-commit-path.test.ts^[[2m > ^[[22ma structural change runs one transaction, in one order^[[2m > ^[[22mRA-114 refuses the commit a hook disposed, rolls it back, then tears down once
quality (node 24)	Run npm test	2026-09-05T07:36:24.1162788Z ^[[31m^[[1mAssertionError^[[22m: expected 'GraphRuntime is disposed.' to be 'ProjectRuntime is disposed.' // Object.is equality^[[39m
quality (node 24)	Run npm test	2026-09-05T07:36:24.1163648Z 
quality (node 24)	Run npm test	2026-09-05T07:36:24.1164128Z Expected: ^[[32m"^[[7mProject^[[27mRuntime is disposed."^[[39m
quality (node 24)	Run npm test	2026-09-05T07:36:24.1165078Z Received: ^[[31m"^[[7mGraph^[[27mRuntime is disposed."^[[39m
quality (node 24)	Run npm test	2026-09-05T07:36:24.1165715Z 
quality (node 24)	Run npm test	2026-09-05T07:36:24.1166581Z ^[[36m ^[[2m❯^[[22m packages/core/test/unit/runtime/structural-commit-path.test.ts:^[[2m382:39^[[22m^[[39m
quality (node 24)	Run npm test	2026-09-05T07:36:24.1216825Z     ^[[90m380|^[[39m     // caller: the exact shape issue #288 corrected for a recipe, one …
quality (node 24)	Run npm test	2026-09-05T07:36:24.1218243Z     ^[[90m381|^[[39m     ^[[34mexpect^[[39m(thrown)^[[33m.^[[39m^[[34mtoBeInstanceOf^[[39m(^[[33mError^[[39m)^[[33m;^[[39m
quality (node 24)	Run npm test	2026-09-05T07:36:24.1219437Z     ^[[90m382|^[[39m     expect((thrown as Error).message).toBe("ProjectRuntime is disposed…
quality (node 24)	Run npm test	2026-09-05T07:36:24.1220491Z     ^[[90m   |^[[39m                                       ^[[31m^^[[39m
quality (node 24)	Run npm test	2026-09-05T07:36:24.1221466Z     ^[[90m383|^[[39m     // Not an `AggregateError`, which is the assertion that the rollba…
quality (node 24)	Run npm test	2026-09-05T07:36:24.1222562Z     ^[[90m384|^[[39m     // `disposeTrack` handed to a torn-down composition is exactly the…
quality (node 24)	Run npm test	2026-09-05T07:36:24.1223155Z 
quality (node 24)	Run npm test	2026-09-05T07:36:24.1229798Z ^[[31m^[[2m⎯⎯⎯⎯⎯⎯⎯⎯⎯⎯⎯⎯⎯⎯⎯⎯⎯⎯⎯⎯⎯⎯⎯⎯[1/3]⎯^[[22m^[[39m
quality (node 24)	Run npm test	2026-09-05T07:36:24.1230213Z 
quality (node 24)	Run npm test	2026-09-05T07:36:24.1230295Z 
quality (node 24)	Run npm test	2026-09-05T07:36:24.1231375Z ^[[41m^[[1m FAIL ^[[22m^[[49m packages/core/test/unit/runtime/structural-commit-path.test.ts^[[2m > ^[[22ma structural change runs one transaction, in one order^[[2m > ^[[22mRA-115 keeps a hook's own failure ahead of the disposal it also asked for
quality (node 24)	Run npm test	2026-09-05T07:36:24.1232924Z ^[[31m^[[1mAssertionError^[[22m: expected [ 'stage hero/arm', …(3) ] to deeply equal [ 'stage hero/arm', …(3) ]^[[39m
quality (node 24)	Run npm test	2026-09-05T07:36:24.1233422Z 
quality (node 24)	Run npm test	2026-09-05T07:36:24.1233660Z ^[[32m- Expected^[[39m
quality (node 24)	Run npm test	2026-09-05T07:36:24.1234265Z ^[[31m+ Received^[[39m
quality (node 24)	Run npm test	2026-09-05T07:36:24.1234498Z 
quality (node 24)	Run npm test	2026-09-05T07:36:24.1234776Z ^[[2m  [^[[22m
quality (node 24)	Run npm test	2026-09-05T07:36:24.1235320Z ^[[2m    "stage hero/arm",^[[22m
quality (node 24)	Run npm test	2026-09-05T07:36:24.1236249Z ^[[2m    "motion-replace hero/arm 500",^[[22m
quality (node 24)	Run npm test	2026-09-05T07:36:24.1236751Z ^[[32m-   "stage-rollback hero/arm",^[[39m
quality (node 24)	Run npm test	2026-09-05T07:36:24.1237429Z ^[[2m    "composition-dispose",^[[22m
quality (node 24)	Run npm test	2026-09-05T07:36:24.1238125Z ^[[31m+   "stage-rollback hero/arm",^[[39m
quality (node 24)	Run npm test	2026-09-05T07:36:24.1238709Z ^[[2m  ]^[[22m
quality (node 24)	Run npm test	2026-09-05T07:36:24.1238957Z 
quality (node 24)	Run npm test	2026-09-05T07:36:24.1239697Z ^[[36m ^[[2m❯^[[22m packages/core/test/unit/runtime/structural-commit-path.test.ts:^[[2m437:29^[[22m^[[39m
quality (node 24)	Run npm test	2026-09-05T07:36:24.1240924Z     ^[[90m435|^[[39m     // rule, asked of a hook that disposed as well as failed. The roll…
quality (node 24)	Run npm test	2026-09-05T07:36:24.1241986Z     ^[[90m436|^[[39m     // teardown, which is the same ordering `RA-114` owns arriving thr…
quality (node 24)	Run npm test	2026-09-05T07:36:24.1243037Z     ^[[90m437|^[[39m     ^[[34mexpect^[[39m(journal^[[33m.^[[39mentries)^[[33m.^[[39m^[[34mtoEqual^[[39m([
quality (node 24)	Run npm test	2026-09-05T07:36:24.1243970Z     ^[[90m   |^[[39m                             ^[[31m^^[[39m
quality (node 24)	Run npm test	2026-09-05T07:36:24.1244490Z     ^[[90m438|^[[39m       ^[[32m"stage hero/arm"^[[39m^[[33m,^[[39m
quality (node 24)	Run npm test	2026-09-05T07:36:24.1245302Z     ^[[90m439|^[[39m       ^[[32m"motion-replace hero/arm 500"^[[39m^[[33m,^[[39m
quality (node 24)	Run npm test	2026-09-05T07:36:24.1245965Z 
quality (node 24)	Run npm test	2026-09-05T07:36:24.1246530Z ^[[31m^[[2m⎯⎯⎯⎯⎯⎯⎯⎯⎯⎯⎯⎯⎯⎯⎯⎯⎯⎯⎯⎯⎯⎯⎯⎯[2/3]⎯^[[22m^[[39m
quality (node 24)	Run npm test	2026-09-05T07:36:24.1246784Z 
quality (node 24)	Run npm test	2026-09-05T07:36:24.1247982Z ^[[41m^[[1m FAIL ^[[22m^[[49m packages/core/test/unit/runtime/structural-commit-path.test.ts^[[2m > ^[[22ma structural change runs one transaction, in one order^[[2m > ^[[22mRA-117 finishes the settle steps a settle hook disposed through, and skips the flush
quality (node 24)	Run npm test	2026-09-05T07:36:24.1249547Z ^[[31m^[[1mAssertionError^[[22m: expected Error: GraphRuntime is disposed. to be undefined^[[39m
quality (node 24)	Run npm test	2026-09-05T07:36:24.1249917Z 
quality (node 24)	Run npm test	2026-09-05T07:36:24.1250098Z ^[[32m- Expected:^[[39m
quality (node 24)	Run npm test	2026-09-05T07:36:24.1250446Z undefined
quality (node 24)	Run npm test	2026-09-05T07:36:24.1250631Z 
quality (node 24)	Run npm test	2026-09-05T07:36:24.1250825Z ^[[31m+ Received:^[[39m
quality (node 24)	Run npm test	2026-09-05T07:36:24.1251282Z Error {
quality (node 24)	Run npm test	2026-09-05T07:36:24.1251693Z   "message": "GraphRuntime is disposed.",
quality (node 24)	Run npm test	2026-09-05T07:36:24.1252285Z }
quality (node 24)	Run npm test	2026-09-05T07:36:24.1252491Z 
quality (node 24)	Run npm test	2026-09-05T07:36:24.1253356Z ^[[36m ^[[2m❯^[[22m packages/core/test/unit/runtime/structural-commit-path.test.ts:^[[2m502:28^[[22m^[[39m
quality (node 24)	Run npm test	2026-09-05T07:36:24.1254170Z     ^[[90m500|^[[39m     // `#apply` after the commit had been adopted, past the one phase …
quality (node 24)	Run npm test	2026-09-05T07:36:24.1254825Z     ^[[90m501|^[[39m     ^[[90m// revert list by design.^[[39m
quality (node 24)	Run npm test	2026-09-05T07:36:24.1255637Z     ^[[90m502|^[[39m     ^[[34mexpect^[[39m(outcome^[[33m.^[[39mthrown)^[[33m.^[[39m^[[34mtoBeUndefined^[[39m()^[[33m;^[[39m
quality (node 24)	Run npm test	2026-09-05T07:36:24.1256387Z     ^[[90m   |^[[39m                            ^[[31m^^[[39m
quality (node 24)	Run npm test	2026-09-05T07:36:24.1257145Z     ^[[90m503|^[[39m     ^[[34mexpect^[[39m(outcome^[[33m.^[[39mvalue^[[33m?.^[[39mid)^[[33m.^[[39m^[[34mtoBe^[[39m(^[[33mADDED_ID^[[39m)^[[33m;^[[39m
quality (node 24)	Run npm test	2026-09-05T07:36:24.1257813Z     ^[[90m504|^[[39m
quality (node 24)	Run npm test	2026-09-05T07:36:24.1258109Z 
quality (node 24)	Run npm test	2026-09-05T07:36:24.1258518Z ^[[31m^[[2m⎯⎯⎯⎯⎯⎯⎯⎯⎯⎯⎯⎯⎯⎯⎯⎯⎯⎯⎯⎯⎯⎯⎯⎯[3/3]⎯^[[22m^[[39m
quality (node 24)	Run npm test	2026-09-05T07:36:24.1258846Z 
quality (node 24)	Run npm test	2026-09-05T07:36:24.1259578Z ^[[2m Test Files ^[[22m ^[[1m^[[31m1 failed^[[39m^[[22m^[[2m | ^[[22m^[[1m^[[32m184 passed^[[39m^[[22m^[[90m (185)^[[39m
quality (node 24)	Run npm test	2026-09-05T07:36:24.1260748Z ^[[2m      Tests ^[[22m ^[[1m^[[31m3 failed^[[39m^[[22m^[[2m | ^[[22m^[[1m^[[32m942 passed^[[39m^[[22m^[[90m (945)^[[39m
quality (node 24)	Run npm test	2026-09-05T07:36:24.1261390Z ^[[2m   Start at ^[[22m 07:36:06
quality (node 24)	Run npm test	2026-09-05T07:36:24.1262112Z ^[[2m   Duration ^[[22m 17.28s^[[2m (transform 2.55s, setup 1.15s, import 9.67s, tests 12.71s, environment 21ms)^[[22m
quality (node 24)	Run npm test	2026-09-05T07:36:24.1262548Z 
quality (node 24)	Run npm test	2026-09-05T07:36:24.1271783Z 
quality (node 24)	Run npm test	2026-09-05T07:36:24.1293987Z ##[error]AssertionError: expected 'GraphRuntime is disposed.' to be 'ProjectRuntime is disposed.' // Object.is equality
quality (node 24)	Run npm test	
quality (node 24)	Run npm test	Expected: "ProjectRuntime is disposed."
quality (node 24)	Run npm test	Received: "GraphRuntime is disposed."
quality (node 24)	Run npm test	
quality (node 24)	Run npm test	 ❯ packages/core/test/unit/runtime/structural-commit-path.test.ts:382:39
quality (node 24)	Run npm test	
quality (node 24)	Run npm test	
quality (node 24)	Run npm test	2026-09-05T07:36:24.1302190Z 
quality (node 24)	Run npm test	2026-09-05T07:36:24.1305344Z ##[error]AssertionError: expected [ 'stage hero/arm', …(3) ] to deeply equal [ 'stage hero/arm', …(3) ]
quality (node 24)	Run npm test	
quality (node 24)	Run npm test	- Expected
quality (node 24)	Run npm test	+ Received
quality (node 24)	Run npm test	
quality (node 24)	Run npm test	  [
quality (node 24)	Run npm test	    "stage hero/arm",
quality (node 24)	Run npm test	    "motion-replace hero/arm 500",
quality (node 24)	Run npm test	-   "stage-rollback hero/arm",
quality (node 24)	Run npm test	    "composition-dispose",
quality (node 24)	Run npm test	+   "stage-rollback hero/arm",
quality (node 24)	Run npm test	  ]
quality (node 24)	Run npm test	
quality (node 24)	Run npm test	 ❯ packages/core/test/unit/runtime/structural-commit-path.test.ts:437:29
quality (node 24)	Run npm test	
quality (node 24)	Run npm test	
quality (node 24)	Run npm test	2026-09-05T07:36:24.1307426Z 
quality (node 24)	Run npm test	2026-09-05T07:36:24.1309701Z ##[error]AssertionError: expected Error: GraphRuntime is disposed. to be undefined
quality (node 24)	Run npm test	
quality (node 24)	Run npm test	- Expected:
quality (node 24)	Run npm test	undefined
quality (node 24)	Run npm test	
quality (node 24)	Run npm test	+ Received:
quality (node 24)	Run npm test	Error {
quality (node 24)	Run npm test	  "message": "GraphRuntime is disposed.",
quality (node 24)	Run npm test	}
quality (node 24)	Run npm test	
quality (node 24)	Run npm test	 ❯ packages/core/test/unit/runtime/structural-commit-path.test.ts:502:28
quality (node 24)	Run npm test	
quality (node 24)	Run npm test	
quality (node 24)	Run npm test	2026-09-05T07:36:24.1720455Z ##[error]Process completed with exit code 1.
