prettier --write (same-repository PR)	Set up job	﻿2026-08-12T06:41:57.3909657Z Current runner version: '2.336.0'
prettier --write (same-repository PR)	Set up job	2026-08-12T06:41:57.3948066Z ##[group]Runner Image Provisioner
prettier --write (same-repository PR)	Set up job	2026-08-12T06:41:57.3949242Z Hosted Compute Agent
prettier --write (same-repository PR)	Set up job	2026-08-12T06:41:57.3950146Z Version: 20260729.566
prettier --write (same-repository PR)	Set up job	2026-08-12T06:41:57.3951424Z Commit: cf7153fe6e25b664e8693c24944bf2b00355d109
prettier --write (same-repository PR)	Set up job	2026-08-12T06:41:57.3952525Z Build Date: 2026-07-29T19:17:02Z
prettier --write (same-repository PR)	Set up job	2026-08-12T06:41:57.3953628Z Worker ID: {64552fb0-d1cc-40bf-859b-cb76f0d22aeb}
prettier --write (same-repository PR)	Set up job	2026-08-12T06:41:57.3954716Z Azure Region: eastus2
prettier --write (same-repository PR)	Set up job	2026-08-12T06:41:57.3955569Z ##[endgroup]
prettier --write (same-repository PR)	Set up job	2026-08-12T06:41:57.3957629Z ##[group]Operating System
prettier --write (same-repository PR)	Set up job	2026-08-12T06:41:57.3958597Z Ubuntu
prettier --write (same-repository PR)	Set up job	2026-08-12T06:41:57.3959518Z 24.04.4
prettier --write (same-repository PR)	Set up job	2026-08-12T06:41:57.3960324Z LTS
prettier --write (same-repository PR)	Set up job	2026-08-12T06:41:57.3961327Z ##[endgroup]
prettier --write (same-repository PR)	Set up job	2026-08-12T06:41:57.3962390Z ##[group]Runner Image
prettier --write (same-repository PR)	Set up job	2026-08-12T06:41:57.3963306Z Image: ubuntu-24.04
prettier --write (same-repository PR)	Set up job	2026-08-12T06:41:57.3964144Z Version: 20260810.271.1
prettier --write (same-repository PR)	Set up job	2026-08-12T06:41:57.3966002Z Included Software: https://github.com/actions/runner-images/blob/ubuntu24/20260810.271/images/ubuntu/Ubuntu2404-Readme.md
prettier --write (same-repository PR)	Set up job	2026-08-12T06:41:57.3968915Z Image Release: https://github.com/actions/runner-images/releases/tag/ubuntu24%2F20260810.271
prettier --write (same-repository PR)	Set up job	2026-08-12T06:41:57.3970691Z ##[endgroup]
prettier --write (same-repository PR)	Set up job	2026-08-12T06:41:57.3972639Z ##[group]GITHUB_TOKEN Permissions
prettier --write (same-repository PR)	Set up job	2026-08-12T06:41:57.3975999Z Contents: write
prettier --write (same-repository PR)	Set up job	2026-08-12T06:41:57.3976938Z Metadata: read
prettier --write (same-repository PR)	Set up job	2026-08-12T06:41:57.3977954Z PullRequests: read
prettier --write (same-repository PR)	Set up job	2026-08-12T06:41:57.3978809Z ##[endgroup]
prettier --write (same-repository PR)	Set up job	2026-08-12T06:41:57.3982079Z Secret source: Actions
prettier --write (same-repository PR)	Set up job	2026-08-12T06:41:57.3984034Z Prepare workflow directory
prettier --write (same-repository PR)	Set up job	2026-08-12T06:41:57.4442715Z Prepare all required actions
prettier --write (same-repository PR)	Set up job	2026-08-12T06:41:57.4509761Z Getting action download info
prettier --write (same-repository PR)	Set up job	2026-08-12T06:41:57.6269474Z Download action repository 'actions/checkout@v4' (SHA:11d5960a326750d5838078e36cf38b85af677262)
prettier --write (same-repository PR)	Set up job	2026-08-12T06:41:57.7572432Z Download action repository 'actions/setup-node@v4' (SHA:49933ea5288caeca8642d1e84afbd3f7d6820020)
prettier --write (same-repository PR)	Set up job	2026-08-12T06:41:57.9555152Z Complete job name: prettier --write (same-repository PR)
prettier --write (same-repository PR)	Run actions/checkout@v4	﻿2026-08-12T06:41:58.0338502Z Node 20 is being deprecated. This workflow is running with Node 24 by default. If you need to temporarily use Node 20, you can set the ACTIONS_ALLOW_USE_UNSECURE_NODE_VERSION=true environment variable. For more information see: https://github.blog/changelog/2025-09-19-deprecation-of-node-20-on-github-actions-runners/
prettier --write (same-repository PR)	Run actions/checkout@v4	2026-08-12T06:41:58.0347774Z ##[group]Run actions/checkout@v4
prettier --write (same-repository PR)	Run actions/checkout@v4	2026-08-12T06:41:58.0348507Z with:
prettier --write (same-repository PR)	Run actions/checkout@v4	2026-08-12T06:41:58.0348945Z   ref: fix/E1-required-build-v2
prettier --write (same-repository PR)	Run actions/checkout@v4	2026-08-12T06:41:58.0349481Z   repository: chahyasantoso/motion5
prettier --write (same-repository PR)	Run actions/checkout@v4	2026-08-12T06:41:58.0350010Z   fetch-depth: 0
prettier --write (same-repository PR)	Run actions/checkout@v4	2026-08-12T06:41:58.0354344Z   token: ***
prettier --write (same-repository PR)	Run actions/checkout@v4	2026-08-12T06:41:58.0354779Z   ssh-strict: true
prettier --write (same-repository PR)	Run actions/checkout@v4	2026-08-12T06:41:58.0355219Z   ssh-user: git
prettier --write (same-repository PR)	Run actions/checkout@v4	2026-08-12T06:41:58.0355672Z   persist-credentials: true
prettier --write (same-repository PR)	Run actions/checkout@v4	2026-08-12T06:41:58.0356166Z   clean: true
prettier --write (same-repository PR)	Run actions/checkout@v4	2026-08-12T06:41:58.0356612Z   sparse-checkout-cone-mode: true
prettier --write (same-repository PR)	Run actions/checkout@v4	2026-08-12T06:41:58.0357125Z   fetch-tags: false
prettier --write (same-repository PR)	Run actions/checkout@v4	2026-08-12T06:41:58.0357563Z   show-progress: true
prettier --write (same-repository PR)	Run actions/checkout@v4	2026-08-12T06:41:58.0358000Z   lfs: false
prettier --write (same-repository PR)	Run actions/checkout@v4	2026-08-12T06:41:58.0358470Z   submodules: false
prettier --write (same-repository PR)	Run actions/checkout@v4	2026-08-12T06:41:58.0358920Z   set-safe-directory: true
prettier --write (same-repository PR)	Run actions/checkout@v4	2026-08-12T06:41:58.0359406Z   allow-unsafe-pr-checkout: false
prettier --write (same-repository PR)	Run actions/checkout@v4	2026-08-12T06:41:58.0360160Z ##[endgroup]
prettier --write (same-repository PR)	Run actions/checkout@v4	2026-08-12T06:41:58.1464544Z Syncing repository: chahyasantoso/motion5
prettier --write (same-repository PR)	Run actions/checkout@v4	2026-08-12T06:41:58.1467634Z ##[group]Getting Git version info
prettier --write (same-repository PR)	Run actions/checkout@v4	2026-08-12T06:41:58.1468777Z Working directory is '/home/runner/work/motion5/motion5'
prettier --write (same-repository PR)	Run actions/checkout@v4	2026-08-12T06:41:58.1470302Z [command]/usr/bin/git version
prettier --write (same-repository PR)	Run actions/checkout@v4	2026-08-12T06:41:58.1507499Z git version 2.54.0
prettier --write (same-repository PR)	Run actions/checkout@v4	2026-08-12T06:41:58.1529590Z ##[endgroup]
prettier --write (same-repository PR)	Run actions/checkout@v4	2026-08-12T06:41:58.1545924Z Temporarily overriding HOME='/home/runner/work/_temp/5ed95dec-f799-46c1-8e0c-99ecbd70d8e4' before making global git config changes
prettier --write (same-repository PR)	Run actions/checkout@v4	2026-08-12T06:41:58.1548079Z Adding repository directory to the temporary git global config as a safe directory
prettier --write (same-repository PR)	Run actions/checkout@v4	2026-08-12T06:41:58.1552097Z [command]/usr/bin/git config --global --add safe.directory /home/runner/work/motion5/motion5
prettier --write (same-repository PR)	Run actions/checkout@v4	2026-08-12T06:41:58.1618623Z Deleting the contents of '/home/runner/work/motion5/motion5'
prettier --write (same-repository PR)	Run actions/checkout@v4	2026-08-12T06:41:58.1624647Z ##[group]Initializing the repository
prettier --write (same-repository PR)	Run actions/checkout@v4	2026-08-12T06:41:58.1629616Z [command]/usr/bin/git init /home/runner/work/motion5/motion5
prettier --write (same-repository PR)	Run actions/checkout@v4	2026-08-12T06:41:58.1728744Z hint: Using 'master' as the name for the initial branch. This default branch name
prettier --write (same-repository PR)	Run actions/checkout@v4	2026-08-12T06:41:58.1730339Z hint: will change to "main" in Git 3.0. To configure the initial branch name
prettier --write (same-repository PR)	Run actions/checkout@v4	2026-08-12T06:41:58.1731953Z hint: to use in all of your new repositories, which will suppress this warning,
prettier --write (same-repository PR)	Run actions/checkout@v4	2026-08-12T06:41:58.1733119Z hint: call:
prettier --write (same-repository PR)	Run actions/checkout@v4	2026-08-12T06:41:58.1733718Z hint:
prettier --write (same-repository PR)	Run actions/checkout@v4	2026-08-12T06:41:58.1735171Z hint: 	git config --global init.defaultBranch <name>
prettier --write (same-repository PR)	Run actions/checkout@v4	2026-08-12T06:41:58.1736250Z hint:
prettier --write (same-repository PR)	Run actions/checkout@v4	2026-08-12T06:41:58.1737161Z hint: Names commonly chosen instead of 'master' are 'main', 'trunk' and
prettier --write (same-repository PR)	Run actions/checkout@v4	2026-08-12T06:41:58.1738622Z hint: 'development'. The just-created branch can be renamed via this command:
prettier --write (same-repository PR)	Run actions/checkout@v4	2026-08-12T06:41:58.1739769Z hint:
prettier --write (same-repository PR)	Run actions/checkout@v4	2026-08-12T06:41:58.1740379Z hint: 	git branch -m <name>
prettier --write (same-repository PR)	Run actions/checkout@v4	2026-08-12T06:41:58.1741325Z hint:
prettier --write (same-repository PR)	Run actions/checkout@v4	2026-08-12T06:41:58.1742350Z hint: Disable this message with "git config set advice.defaultBranchName false"
prettier --write (same-repository PR)	Run actions/checkout@v4	2026-08-12T06:41:58.1743932Z Initialized empty Git repository in /home/runner/work/motion5/motion5/.git/
prettier --write (same-repository PR)	Run actions/checkout@v4	2026-08-12T06:41:58.1749459Z [command]/usr/bin/git remote add origin https://github.com/chahyasantoso/motion5
prettier --write (same-repository PR)	Run actions/checkout@v4	2026-08-12T06:41:58.1795915Z ##[endgroup]
prettier --write (same-repository PR)	Run actions/checkout@v4	2026-08-12T06:41:58.1797125Z ##[group]Disabling automatic garbage collection
prettier --write (same-repository PR)	Run actions/checkout@v4	2026-08-12T06:41:58.1800959Z [command]/usr/bin/git config --local gc.auto 0
prettier --write (same-repository PR)	Run actions/checkout@v4	2026-08-12T06:41:58.1836449Z ##[endgroup]
prettier --write (same-repository PR)	Run actions/checkout@v4	2026-08-12T06:41:58.1837909Z ##[group]Setting up auth
prettier --write (same-repository PR)	Run actions/checkout@v4	2026-08-12T06:41:58.1844882Z [command]/usr/bin/git config --local --name-only --get-regexp core\.sshCommand
prettier --write (same-repository PR)	Run actions/checkout@v4	2026-08-12T06:41:58.1884154Z [command]/usr/bin/git submodule foreach --recursive sh -c "git config --local --name-only --get-regexp 'core\.sshCommand' && git config --local --unset-all 'core.sshCommand' || :"
prettier --write (same-repository PR)	Run actions/checkout@v4	2026-08-12T06:41:58.2271579Z [command]/usr/bin/git config --local --name-only --get-regexp http\.https\:\/\/github\.com\/\.extraheader
prettier --write (same-repository PR)	Run actions/checkout@v4	2026-08-12T06:41:58.2324098Z [command]/usr/bin/git submodule foreach --recursive sh -c "git config --local --name-only --get-regexp 'http\.https\:\/\/github\.com\/\.extraheader' && git config --local --unset-all 'http.https://github.com/.extraheader' || :"
prettier --write (same-repository PR)	Run actions/checkout@v4	2026-08-12T06:41:58.2581398Z [command]/usr/bin/git config --local --name-only --get-regexp ^includeIf\.gitdir:
prettier --write (same-repository PR)	Run actions/checkout@v4	2026-08-12T06:41:58.2622929Z [command]/usr/bin/git submodule foreach --recursive git config --local --show-origin --name-only --get-regexp remote.origin.url
prettier --write (same-repository PR)	Run actions/checkout@v4	2026-08-12T06:41:58.2872131Z [command]/usr/bin/git config --local http.https://github.com/.extraheader AUTHORIZATION: basic ***
prettier --write (same-repository PR)	Run actions/checkout@v4	2026-08-12T06:41:58.2917583Z ##[endgroup]
prettier --write (same-repository PR)	Run actions/checkout@v4	2026-08-12T06:41:58.2918605Z ##[group]Fetching the repository
prettier --write (same-repository PR)	Run actions/checkout@v4	2026-08-12T06:41:58.2927873Z [command]/usr/bin/git -c protocol.version=2 fetch --prune --no-recurse-submodules origin +refs/heads/*:refs/remotes/origin/* +refs/tags/*:refs/tags/*
prettier --write (same-repository PR)	Run actions/checkout@v4	2026-08-12T06:41:58.9724772Z From https://github.com/chahyasantoso/motion5
prettier --write (same-repository PR)	Run actions/checkout@v4	2026-08-12T06:41:58.9727097Z  * [new branch]      chore/format-31354308601 -> origin/chore/format-31354308601
prettier --write (same-repository PR)	Run actions/checkout@v4	2026-08-12T06:41:58.9729482Z  * [new branch]      chore/r6-core-package-boundary -> origin/chore/r6-core-package-boundary
prettier --write (same-repository PR)	Run actions/checkout@v4	2026-08-12T06:41:58.9731737Z  * [new branch]      ci-logs                -> origin/ci-logs
prettier --write (same-repository PR)	Run actions/checkout@v4	2026-08-12T06:41:58.9733396Z  * [new branch]      ci/archive-workflow    -> origin/ci/archive-workflow
prettier --write (same-repository PR)	Run actions/checkout@v4	2026-08-12T06:41:58.9735328Z  * [new branch]      ci/auto-format-pr-branches -> origin/ci/auto-format-pr-branches
prettier --write (same-repository PR)	Run actions/checkout@v4	2026-08-12T06:41:58.9737731Z  * [new branch]      docs/detailed-plan-and-trd -> origin/docs/detailed-plan-and-trd
prettier --write (same-repository PR)	Run actions/checkout@v4	2026-08-12T06:41:58.9740763Z  * [new branch]      docs/p0-06-trd-and-detailed-plan -> origin/docs/p0-06-trd-and-detailed-plan
prettier --write (same-repository PR)	Run actions/checkout@v4	2026-08-12T06:41:58.9743034Z  * [new branch]      docs/phase3-implementation-review -> origin/docs/phase3-implementation-review
prettier --write (same-repository PR)	Run actions/checkout@v4	2026-08-12T06:41:58.9745515Z  * [new branch]      docs/r9-status-and-plan-truth-pass -> origin/docs/r9-status-and-plan-truth-pass
prettier --write (same-repository PR)	Run actions/checkout@v4	2026-08-12T06:41:58.9748816Z  * [new branch]      docs/repo-review-and-remediation-plan -> origin/docs/repo-review-and-remediation-plan
prettier --write (same-repository PR)	Run actions/checkout@v4	2026-08-12T06:41:58.9751808Z  * [new branch]      feat/p0-04-ports-and-fakes -> origin/feat/p0-04-ports-and-fakes
prettier --write (same-repository PR)	Run actions/checkout@v4	2026-08-12T06:41:58.9755406Z  * [new branch]      feat/p0-05-golden-fixtures-and-integration -> origin/feat/p0-05-golden-fixtures-and-integration
prettier --write (same-repository PR)	Run actions/checkout@v4	2026-08-12T06:41:58.9759676Z  * [new branch]      feat/p1-01-immutable-value-snapshots -> origin/feat/p1-01-immutable-value-snapshots
prettier --write (same-repository PR)	Run actions/checkout@v4	2026-08-12T06:41:58.9763301Z  * [new branch]      feat/p1-02-plugin-registry -> origin/feat/p1-02-plugin-registry
prettier --write (same-repository PR)	Run actions/checkout@v4	2026-08-12T06:41:58.9765723Z  * [new branch]      feat/p1-03-track-leaf  -> origin/feat/p1-03-track-leaf
prettier --write (same-repository PR)	Run actions/checkout@v4	2026-08-12T06:41:58.9768228Z  * [new branch]      feat/p1-04-lifecycle-primitives -> origin/feat/p1-04-lifecycle-primitives
prettier --write (same-repository PR)	Run actions/checkout@v4	2026-08-12T06:41:58.9771032Z  * [new branch]      feat/p1-05-motion-scheduling -> origin/feat/p1-05-motion-scheduling
prettier --write (same-repository PR)	Run actions/checkout@v4	2026-08-12T06:41:58.9773507Z  * [new branch]      feat/p1-06-trigger-delegates -> origin/feat/p1-06-trigger-delegates
prettier --write (same-repository PR)	Run actions/checkout@v4	2026-08-12T06:41:58.9775814Z  * [new branch]      feat/p2-01-qualified-ids -> origin/feat/p2-01-qualified-ids
prettier --write (same-repository PR)	Run actions/checkout@v4	2026-08-12T06:41:58.9778278Z  * [new branch]      feat/p2-02-03-graph-ir-validation -> origin/feat/p2-02-03-graph-ir-validation
prettier --write (same-repository PR)	Run actions/checkout@v4	2026-08-12T06:41:58.9781396Z  * [new branch]      feat/p2-04-cycle-detection-and-order -> origin/feat/p2-04-cycle-detection-and-order
prettier --write (same-repository PR)	Run actions/checkout@v4	2026-08-12T06:41:58.9784525Z  * [new branch]      feat/p2-05-stable-observation-state -> origin/feat/p2-05-stable-observation-state
prettier --write (same-repository PR)	Run actions/checkout@v4	2026-08-12T06:41:58.9787828Z  * [new branch]      feat/p2-06-graph-binding-transactions -> origin/feat/p2-06-graph-binding-transactions
prettier --write (same-repository PR)	Run actions/checkout@v4	2026-08-12T06:41:58.9791381Z  * [new branch]      feat/p2-07-boundary-scan-ci-gate -> origin/feat/p2-07-boundary-scan-ci-gate
prettier --write (same-repository PR)	Run actions/checkout@v4	2026-08-12T06:41:58.9794092Z  * [new branch]      feat/p3-01-patch-registry -> origin/feat/p3-01-patch-registry
prettier --write (same-repository PR)	Run actions/checkout@v4	2026-08-12T06:41:58.9797421Z  * [new branch]      feat/p3-02-03-publisher-failure-semantics -> origin/feat/p3-02-03-publisher-failure-semantics
prettier --write (same-repository PR)	Run actions/checkout@v4	2026-08-12T06:41:58.9800381Z  * [new branch]      feat/p3-04-graph-runtime -> origin/feat/p3-04-graph-runtime
prettier --write (same-repository PR)	Run actions/checkout@v4	2026-08-12T06:41:58.9803022Z  * [new branch]      feat/p3-05-project-runtime -> origin/feat/p3-05-project-runtime
prettier --write (same-repository PR)	Run actions/checkout@v4	2026-08-12T06:41:58.9806040Z  * [new branch]      feat/p3-06-07-engine-and-benchmarks -> origin/feat/p3-06-07-engine-and-benchmarks
prettier --write (same-repository PR)	Run actions/checkout@v4	2026-08-12T06:41:58.9808775Z  * [new branch]      feat/p4-01-02-adapters -> origin/feat/p4-01-02-adapters
prettier --write (same-repository PR)	Run actions/checkout@v4	2026-08-12T06:41:58.9811632Z  * [new branch]      feat/p4-03-04-react-consumer-boundary -> origin/feat/p4-03-04-react-consumer-boundary
prettier --write (same-repository PR)	Run actions/checkout@v4	2026-08-12T06:41:58.9814986Z  * [new branch]      feat/p4-05-current-main-integration-build -> origin/feat/p4-05-current-main-integration-build
prettier --write (same-repository PR)	Run actions/checkout@v4	2026-08-12T06:41:58.9818238Z  * [new branch]      feat/p4-05-integration-build-gate -> origin/feat/p4-05-integration-build-gate
prettier --write (same-repository PR)	Run actions/checkout@v4	2026-08-12T06:41:58.9821453Z  * [new branch]      feat/r5-engine-compose-resolver -> origin/feat/r5-engine-compose-resolver
prettier --write (same-repository PR)	Run actions/checkout@v4	2026-08-12T06:41:58.9824622Z  * [new branch]      feat/r8-dom-adapter-target-resolution -> origin/feat/r8-dom-adapter-target-resolution
prettier --write (same-repository PR)	Run actions/checkout@v4	2026-08-12T06:41:58.9827561Z  * [new branch]      fix/A3-publisher-reentrancy -> origin/fix/A3-publisher-reentrancy
prettier --write (same-repository PR)	Run actions/checkout@v4	2026-08-12T06:41:58.9829923Z  * [new branch]      fix/A3-red-evidence    -> origin/fix/A3-red-evidence
prettier --write (same-repository PR)	Run actions/checkout@v4	2026-08-12T06:41:58.9832423Z  * [new branch]      fix/B1-track-contribution -> origin/fix/B1-track-contribution
prettier --write (same-repository PR)	Run actions/checkout@v4	2026-08-12T06:41:58.9834958Z  * [new branch]      fix/B2-gsap-stop-compilation -> origin/fix/B2-gsap-stop-compilation
prettier --write (same-repository PR)	Run actions/checkout@v4	2026-08-12T06:41:58.9837844Z  * [new branch]      fix/B2-gsap-stop-compilation-clean -> origin/fix/B2-gsap-stop-compilation-clean
prettier --write (same-repository PR)	Run actions/checkout@v4	2026-08-12T06:41:58.9841096Z  * [new branch]      fix/B2-gsap-stop-compilation-repair -> origin/fix/B2-gsap-stop-compilation-repair
prettier --write (same-repository PR)	Run actions/checkout@v4	2026-08-12T06:41:58.9843988Z  * [new branch]      fix/C1-react-store-lifecycle -> origin/fix/C1-react-store-lifecycle
prettier --write (same-repository PR)	Run actions/checkout@v4	2026-08-12T06:41:58.9846808Z  * [new branch]      fix/C2-react-public-surface -> origin/fix/C2-react-public-surface
prettier --write (same-repository PR)	Run actions/checkout@v4	2026-08-12T06:41:58.9849202Z  * [new branch]      fix/C3-dom-contract    -> origin/fix/C3-dom-contract
prettier --write (same-repository PR)	Run actions/checkout@v4	2026-08-12T06:41:58.9852076Z  * [new branch]      fix/D1-boundary-discovery -> origin/fix/D1-boundary-discovery
prettier --write (same-repository PR)	Run actions/checkout@v4	2026-08-12T06:41:58.9854509Z  * [new branch]      fix/D2-boundary-self-test -> origin/fix/D2-boundary-self-test
prettier --write (same-repository PR)	Run actions/checkout@v4	2026-08-12T06:41:58.9857617Z  * [new branch]      fix/D3-evidence-gates  -> origin/fix/D3-evidence-gates
prettier --write (same-repository PR)	Run actions/checkout@v4	2026-08-12T06:41:58.9860902Z  * [new branch]      fix/D3-evidence-gates-rescue -> origin/fix/D3-evidence-gates-rescue
prettier --write (same-repository PR)	Run actions/checkout@v4	2026-08-12T06:41:58.9863540Z  * [new branch]      fix/D3-evidence-gates-v2 -> origin/fix/D3-evidence-gates-v2
prettier --write (same-repository PR)	Run actions/checkout@v4	2026-08-12T06:41:58.9866844Z  * [new branch]      fix/E1-required-build-rescue -> origin/fix/E1-required-build-rescue
prettier --write (same-repository PR)	Run actions/checkout@v4	2026-08-12T06:41:58.9870171Z  * [new branch]      fix/E1-required-build-v2 -> origin/fix/E1-required-build-v2
prettier --write (same-repository PR)	Run actions/checkout@v4	2026-08-12T06:41:58.9874354Z  * [new branch]      fix/r1-publisher-input-resolution -> origin/fix/r1-publisher-input-resolution
prettier --write (same-repository PR)	Run actions/checkout@v4	2026-08-12T06:41:58.9878408Z  * [new branch]      fix/r2-output-edge-merge -> origin/fix/r2-output-edge-merge
prettier --write (same-repository PR)	Run actions/checkout@v4	2026-08-12T06:41:58.9882215Z  * [new branch]      fix/r3-track-input-recompute -> origin/fix/r3-track-input-recompute
prettier --write (same-repository PR)	Run actions/checkout@v4	2026-08-12T06:41:58.9886334Z  * [new branch]      fix/r4-membership-gates-seeds -> origin/fix/r4-membership-gates-seeds
prettier --write (same-repository PR)	Run actions/checkout@v4	2026-08-12T06:41:58.9891029Z  * [new branch]      fix/r7-boundary-scan-coverage-and-self-test -> origin/fix/r7-boundary-scan-coverage-and-self-test
prettier --write (same-repository PR)	Run actions/checkout@v4	2026-08-12T06:41:58.9894784Z  * [new branch]      main                   -> origin/main
prettier --write (same-repository PR)	Run actions/checkout@v4	2026-08-12T06:41:58.9897613Z  * [new branch]      phase-0r1-gsap-contract-proof -> origin/phase-0r1-gsap-contract-proof
prettier --write (same-repository PR)	Run actions/checkout@v4	2026-08-12T06:41:58.9900132Z  * [new branch]      phase-0r2-1r1-gap-closure -> origin/phase-0r2-1r1-gap-closure
prettier --write (same-repository PR)	Run actions/checkout@v4	2026-08-12T06:41:58.9902729Z  * [new branch]      phase-0r2-stop-validation -> origin/phase-0r2-stop-validation
prettier --write (same-repository PR)	Run actions/checkout@v4	2026-08-12T06:41:58.9905599Z  * [new branch]      phase-1r1-plugin-compilation -> origin/phase-1r1-plugin-compilation
prettier --write (same-repository PR)	Run actions/checkout@v4	2026-08-12T06:41:58.9908364Z  * [new branch]      phase-1r2-track-compiler-lifetime -> origin/phase-1r2-track-compiler-lifetime
prettier --write (same-repository PR)	Run actions/checkout@v4	2026-08-12T06:41:58.9912295Z  * [new branch]      phase-1r3-progress-invalidation -> origin/phase-1r3-progress-invalidation
prettier --write (same-repository PR)	Run actions/checkout@v4	2026-08-12T06:41:58.9915226Z  * [new branch]      rescue/restore-motionpath-parity -> origin/rescue/restore-motionpath-parity
prettier --write (same-repository PR)	Run actions/checkout@v4	2026-08-12T06:41:58.9918140Z  * [new branch]      restore-motionpath-value-pipeline -> origin/restore-motionpath-value-pipeline
prettier --write (same-repository PR)	Run actions/checkout@v4	2026-08-12T06:41:58.9923270Z ##[endgroup]
prettier --write (same-repository PR)	Run actions/checkout@v4	2026-08-12T06:41:58.9924917Z ##[group]Determining the checkout info
prettier --write (same-repository PR)	Run actions/checkout@v4	2026-08-12T06:41:58.9926673Z [command]/usr/bin/git branch --list --remote origin/fix/E1-required-build-v2
prettier --write (same-repository PR)	Run actions/checkout@v4	2026-08-12T06:41:58.9930844Z   origin/fix/E1-required-build-v2
prettier --write (same-repository PR)	Run actions/checkout@v4	2026-08-12T06:41:58.9944078Z ##[endgroup]
prettier --write (same-repository PR)	Run actions/checkout@v4	2026-08-12T06:41:58.9945756Z [command]/usr/bin/git sparse-checkout disable
prettier --write (same-repository PR)	Run actions/checkout@v4	2026-08-12T06:41:59.0005857Z [command]/usr/bin/git config --local --unset-all extensions.worktreeConfig
prettier --write (same-repository PR)	Run actions/checkout@v4	2026-08-12T06:41:59.0043254Z ##[group]Checking out the ref
prettier --write (same-repository PR)	Run actions/checkout@v4	2026-08-12T06:41:59.0047555Z [command]/usr/bin/git checkout --progress --force -B fix/E1-required-build-v2 refs/remotes/origin/fix/E1-required-build-v2
prettier --write (same-repository PR)	Run actions/checkout@v4	2026-08-12T06:41:59.0185908Z Switched to a new branch 'fix/E1-required-build-v2'
prettier --write (same-repository PR)	Run actions/checkout@v4	2026-08-12T06:41:59.0189161Z branch 'fix/E1-required-build-v2' set up to track 'origin/fix/E1-required-build-v2'.
prettier --write (same-repository PR)	Run actions/checkout@v4	2026-08-12T06:41:59.0194875Z ##[endgroup]
prettier --write (same-repository PR)	Run actions/checkout@v4	2026-08-12T06:41:59.0248802Z [command]/usr/bin/git log -1 --format=%H
prettier --write (same-repository PR)	Run actions/checkout@v4	2026-08-12T06:41:59.0283564Z 495c565449bba06410a7806ed243cf416a138373
prettier --write (same-repository PR)	Run actions/setup-node@v4	﻿2026-08-12T06:41:59.0734887Z Node 20 is being deprecated. This workflow is running with Node 24 by default. If you need to temporarily use Node 20, you can set the ACTIONS_ALLOW_USE_UNSECURE_NODE_VERSION=true environment variable. For more information see: https://github.blog/changelog/2025-09-19-deprecation-of-node-20-on-github-actions-runners/
prettier --write (same-repository PR)	Run actions/setup-node@v4	2026-08-12T06:41:59.0740727Z ##[group]Run actions/setup-node@v4
prettier --write (same-repository PR)	Run actions/setup-node@v4	2026-08-12T06:41:59.0741811Z with:
prettier --write (same-repository PR)	Run actions/setup-node@v4	2026-08-12T06:41:59.0742639Z   node-version: 24
prettier --write (same-repository PR)	Run actions/setup-node@v4	2026-08-12T06:41:59.0743539Z   cache: npm
prettier --write (same-repository PR)	Run actions/setup-node@v4	2026-08-12T06:41:59.0744401Z   always-auth: false
prettier --write (same-repository PR)	Run actions/setup-node@v4	2026-08-12T06:41:59.0745332Z   check-latest: false
prettier --write (same-repository PR)	Run actions/setup-node@v4	2026-08-12T06:41:59.0755098Z   token: ***
prettier --write (same-repository PR)	Run actions/setup-node@v4	2026-08-12T06:41:59.0755976Z ##[endgroup]
prettier --write (same-repository PR)	Run actions/setup-node@v4	2026-08-12T06:41:59.2231131Z Found in cache @ /opt/hostedtoolcache/node/24.19.0/x64
prettier --write (same-repository PR)	Run actions/setup-node@v4	2026-08-12T06:41:59.2235420Z (node:2181) [DEP0040] DeprecationWarning: The `punycode` module is deprecated. Please use a userland alternative instead.
prettier --write (same-repository PR)	Run actions/setup-node@v4	2026-08-12T06:41:59.2238090Z (Use `node --trace-deprecation ...` to show where the warning was created)
prettier --write (same-repository PR)	Run actions/setup-node@v4	2026-08-12T06:41:59.2240885Z ##[group]Environment details
prettier --write (same-repository PR)	Run actions/setup-node@v4	2026-08-12T06:42:02.4289940Z node: v24.19.0
prettier --write (same-repository PR)	Run actions/setup-node@v4	2026-08-12T06:42:02.4290783Z npm: 11.17.0
prettier --write (same-repository PR)	Run actions/setup-node@v4	2026-08-12T06:42:02.4291193Z yarn: 1.22.22
prettier --write (same-repository PR)	Run actions/setup-node@v4	2026-08-12T06:42:02.4292508Z ##[endgroup]
prettier --write (same-repository PR)	Run actions/setup-node@v4	2026-08-12T06:42:02.4312382Z [command]/opt/hostedtoolcache/node/24.19.0/x64/bin/npm config get cache
prettier --write (same-repository PR)	Run actions/setup-node@v4	2026-08-12T06:42:02.7245224Z /home/runner/.npm
prettier --write (same-repository PR)	Run actions/setup-node@v4	2026-08-12T06:42:02.8138456Z Cache hit for: node-cache-Linux-x64-npm-8fd21980c56e1531048f0bccbf8860b09c4f44035a216fedc1d0a678b1093d45
prettier --write (same-repository PR)	Run actions/setup-node@v4	2026-08-12T06:42:02.8242964Z (node:2181) [DEP0169] DeprecationWarning: `url.parse()` behavior is not standardized and prone to errors that have security implications. Use the WHATWG URL API instead. CVEs are not issued for `url.parse()` vulnerabilities.
prettier --write (same-repository PR)	Run actions/setup-node@v4	2026-08-12T06:42:03.0225110Z Received 22865211 of 22865211 (100.0%), 122.5 MBs/sec
prettier --write (same-repository PR)	Run actions/setup-node@v4	2026-08-12T06:42:03.0225810Z Cache Size: ~22 MB (22865211 B)
prettier --write (same-repository PR)	Run actions/setup-node@v4	2026-08-12T06:42:03.0251789Z [command]/usr/bin/tar -xf /home/runner/work/_temp/ba95a595-4e0b-4d64-bc0a-94134aac6904/cache.tzst -P -C /home/runner/work/motion5/motion5 --use-compress-program unzstd
prettier --write (same-repository PR)	Run actions/setup-node@v4	2026-08-12T06:42:03.0713072Z Cache restored successfully
prettier --write (same-repository PR)	Run actions/setup-node@v4	2026-08-12T06:42:03.0728208Z Cache restored from key: node-cache-Linux-x64-npm-8fd21980c56e1531048f0bccbf8860b09c4f44035a216fedc1d0a678b1093d45
prettier --write (same-repository PR)	Install locked dependencies	﻿2026-08-12T06:42:03.0927793Z ##[group]Run npm ci --ignore-scripts --no-audit --no-fund
prettier --write (same-repository PR)	Install locked dependencies	2026-08-12T06:42:03.0928342Z ^[[36;1mnpm ci --ignore-scripts --no-audit --no-fund^[[0m
prettier --write (same-repository PR)	Install locked dependencies	2026-08-12T06:42:03.1035009Z shell: /usr/bin/bash -e {0}
prettier --write (same-repository PR)	Install locked dependencies	2026-08-12T06:42:03.1035322Z ##[endgroup]
prettier --write (same-repository PR)	Install locked dependencies	2026-08-12T06:42:05.3622963Z 
prettier --write (same-repository PR)	Install locked dependencies	2026-08-12T06:42:05.3630669Z added 58 packages in 2s
prettier --write (same-repository PR)	Apply formatter	﻿2026-08-12T06:42:05.4132291Z ##[group]Run npm run format
prettier --write (same-repository PR)	Apply formatter	2026-08-12T06:42:05.4132630Z ^[[36;1mnpm run format^[[0m
prettier --write (same-repository PR)	Apply formatter	2026-08-12T06:42:05.4175874Z shell: /usr/bin/bash -e {0}
prettier --write (same-repository PR)	Apply formatter	2026-08-12T06:42:05.4176172Z ##[endgroup]
prettier --write (same-repository PR)	Apply formatter	2026-08-12T06:42:05.5235533Z 
prettier --write (same-repository PR)	Apply formatter	2026-08-12T06:42:05.5236258Z > motion5@0.0.0 format
prettier --write (same-repository PR)	Apply formatter	2026-08-12T06:42:05.5236679Z > prettier . --write
prettier --write (same-repository PR)	Apply formatter	2026-08-12T06:42:05.5236852Z 
prettier --write (same-repository PR)	Apply formatter	2026-08-12T06:42:05.7038349Z ^[[90m.github/pull_request_template.md^[[39m 34ms (unchanged)
prettier --write (same-repository PR)	Apply formatter	2026-08-12T06:42:05.7366448Z ^[[90m.github/workflows/archive-ci-logs.yml^[[39m 29ms (unchanged)
prettier --write (same-repository PR)	Apply formatter	2026-08-12T06:42:05.7449323Z ^[[90m.github/workflows/bootstrap-lockfile.yml^[[39m 5ms (unchanged)
prettier --write (same-repository PR)	Apply formatter	2026-08-12T06:42:05.7623621Z ^[[90m.github/workflows/ci.yml^[[39m 14ms (unchanged)
prettier --write (same-repository PR)	Apply formatter	2026-08-12T06:42:05.7725309Z ^[[90m.github/workflows/format-manual.yml^[[39m 7ms (unchanged)
prettier --write (same-repository PR)	Apply formatter	2026-08-12T06:42:05.7792583Z ^[[90m.github/workflows/format.yml^[[39m 5ms (unchanged)
prettier --write (same-repository PR)	Apply formatter	2026-08-12T06:42:05.8024196Z ^[[90m.github/workflows/recovery-audit.yml^[[39m 16ms (unchanged)
prettier --write (same-repository PR)	Apply formatter	2026-08-12T06:42:05.8437010Z ^[[90m.prettierrc.json^[[39m 35ms (unchanged)
prettier --write (same-repository PR)	Apply formatter	2026-08-12T06:42:05.8491372Z ^[[90mdocs/acceptance-map.json^[[39m 3ms (unchanged)
prettier --write (same-repository PR)	Apply formatter	2026-08-12T06:42:05.9512847Z ^[[90mdocs/ARCHITECTURE.md^[[39m 100ms (unchanged)
prettier --write (same-repository PR)	Apply formatter	2026-08-12T06:42:05.9952707Z ^[[90mdocs/AUTHORED-SCHEMA.md^[[39m 42ms (unchanged)
prettier --write (same-repository PR)	Apply formatter	2026-08-12T06:42:06.0180141Z ^[[90mdocs/CI-WORKFLOW.md^[[39m 15ms (unchanged)
prettier --write (same-repository PR)	Apply formatter	2026-08-12T06:42:06.0747803Z ^[[90mdocs/DECISIONS.md^[[39m 52ms (unchanged)
prettier --write (same-repository PR)	Apply formatter	2026-08-12T06:42:06.0808458Z ^[[90mdocs/FORMATTING.md^[[39m 4ms (unchanged)
prettier --write (same-repository PR)	Apply formatter	2026-08-12T06:42:06.1964658Z ^[[90mdocs/IMPLEMENTATION-PLAN.md^[[39m 114ms (unchanged)
prettier --write (same-repository PR)	Apply formatter	2026-08-12T06:42:06.2218419Z ^[[90mdocs/IMPLEMENTOR-BRIEF-MOTIONPATH-TO-MOTION5.md^[[39m 22ms (unchanged)
prettier --write (same-repository PR)	Apply formatter	2026-08-12T06:42:06.2361186Z ^[[90mdocs/MIGRATION-V4-TO-V5.md^[[39m 12ms (unchanged)
prettier --write (same-repository PR)	Apply formatter	2026-08-12T06:42:06.2682626Z ^[[90mdocs/PHASE-3-4-CONSOLIDATED-AUDIT.md^[[39m 30ms (unchanged)
prettier --write (same-repository PR)	Apply formatter	2026-08-12T06:42:06.2898571Z ^[[90mdocs/PHASE-3-4-RECOVERY-PLAN.md^[[39m 18ms (unchanged)
prettier --write (same-repository PR)	Apply formatter	2026-08-12T06:42:06.3040943Z ^[[90mdocs/PHASE-3-IMPLEMENTATION-REVIEW.md^[[39m 12ms (unchanged)
prettier --write (same-repository PR)	Apply formatter	2026-08-12T06:42:06.4261885Z ^[[90mdocs/PHASE-4-IMPLEMENTATION-REVIEW.md^[[39m 120ms (unchanged)
prettier --write (same-repository PR)	Apply formatter	2026-08-12T06:42:06.4456724Z ^[[90mdocs/PR-WORKFLOW.md^[[39m 8ms (unchanged)
prettier --write (same-repository PR)	Apply formatter	2026-08-12T06:42:06.4657911Z ^[[90mdocs/PRD.md^[[39m 19ms (unchanged)
prettier --write (same-repository PR)	Apply formatter	2026-08-12T06:42:06.4758094Z ^[[90mdocs/README.md^[[39m 9ms (unchanged)
prettier --write (same-repository PR)	Apply formatter	2026-08-12T06:42:06.4841404Z ^[[90mdocs/SESSION-STATUS.md^[[39m 6ms (unchanged)
prettier --write (same-repository PR)	Apply formatter	2026-08-12T06:42:06.4916304Z ^[[90mdocs/TESTING-STRATEGY.md^[[39m 6ms (unchanged)
prettier --write (same-repository PR)	Apply formatter	2026-08-12T06:42:06.5648463Z ^[[90mdocs/TRD.md^[[39m 71ms (unchanged)
prettier --write (same-repository PR)	Apply formatter	2026-08-12T06:42:06.5681890Z ^[[90mpackage.json^[[39m 2ms (unchanged)
prettier --write (same-repository PR)	Apply formatter	2026-08-12T06:42:06.5725063Z ^[[90mpackages/core/package.json^[[39m 1ms (unchanged)
prettier --write (same-repository PR)	Apply formatter	2026-08-12T06:42:06.5881923Z ^[[90mpackages/core/src/adapters/browser-clock.ts^[[39m 12ms (unchanged)
prettier --write (same-repository PR)	Apply formatter	2026-08-12T06:42:06.6057762Z ^[[90mpackages/core/src/adapters/dom.ts^[[39m 16ms (unchanged)
prettier --write (same-repository PR)	Apply formatter	2026-08-12T06:42:06.6289969Z ^[[90mpackages/core/src/adapters/interpolator/gsap.ts^[[39m 20ms (unchanged)
prettier --write (same-repository PR)	Apply formatter	2026-08-12T06:42:06.6417089Z ^[[90mpackages/core/src/contract/golden.ts^[[39m 10ms (unchanged)
prettier --write (same-repository PR)	Apply formatter	2026-08-12T06:42:06.6518344Z ^[[90mpackages/core/src/contract/migrate-v4-to-v5.ts^[[39m 9ms (unchanged)
prettier --write (same-repository PR)	Apply formatter	2026-08-12T06:42:06.6596988Z ^[[90mpackages/core/src/contract/v5.ts^[[39m 6ms (unchanged)
prettier --write (same-repository PR)	Apply formatter	2026-08-12T06:42:06.7147637Z ^[[90mpackages/core/src/contract/validate-v5.ts^[[39m 50ms (unchanged)
prettier --write (same-repository PR)	Apply formatter	2026-08-12T06:42:06.7317252Z ^[[90mpackages/core/src/domain/lifecycle.ts^[[39m 9ms (unchanged)
prettier --write (same-repository PR)	Apply formatter	2026-08-12T06:42:06.7477418Z ^[[90mpackages/core/src/domain/motion.ts^[[39m 15ms (unchanged)
prettier --write (same-repository PR)	Apply formatter	2026-08-12T06:42:06.7724099Z ^[[90mpackages/core/src/domain/plugins.ts^[[39m 22ms (unchanged)
prettier --write (same-repository PR)	Apply formatter	2026-08-12T06:42:06.7862951Z ^[[90mpackages/core/src/domain/track.ts^[[39m 8ms (unchanged)
prettier --write (same-repository PR)	Apply formatter	2026-08-12T06:42:06.7957441Z ^[[90mpackages/core/src/domain/triggers.ts^[[39m 8ms (unchanged)
prettier --write (same-repository PR)	Apply formatter	2026-08-12T06:42:06.8046462Z ^[[90mpackages/core/src/domain/values.ts^[[39m 7ms (unchanged)
prettier --write (same-repository PR)	Apply formatter	2026-08-12T06:42:06.8147680Z ^[[90mpackages/core/src/engine.ts^[[39m 8ms (unchanged)
prettier --write (same-repository PR)	Apply formatter	2026-08-12T06:42:06.8289849Z ^[[90mpackages/core/src/graph/binding.ts^[[39m 10ms (unchanged)
prettier --write (same-repository PR)	Apply formatter	2026-08-12T06:42:06.8334569Z ^[[90mpackages/core/src/graph/compare.ts^[[39m 2ms (unchanged)
prettier --write (same-repository PR)	Apply formatter	2026-08-12T06:42:06.8423450Z ^[[90mpackages/core/src/graph/ids.ts^[[39m 7ms (unchanged)
prettier --write (same-repository PR)	Apply formatter	2026-08-12T06:42:06.8622851Z ^[[90mpackages/core/src/graph/ir.ts^[[39m 18ms (unchanged)
prettier --write (same-repository PR)	Apply formatter	2026-08-12T06:42:06.8893233Z ^[[90mpackages/core/src/graph/observation-state.ts^[[39m 19ms (unchanged)
prettier --write (same-repository PR)	Apply formatter	2026-08-12T06:42:06.9018895Z ^[[90mpackages/core/src/graph/order.ts^[[39m 11ms (unchanged)
prettier --write (same-repository PR)	Apply formatter	2026-08-12T06:42:06.9071863Z ^[[90mpackages/core/src/index.ts^[[39m 2ms (unchanged)
prettier --write (same-repository PR)	Apply formatter	2026-08-12T06:42:06.9100009Z ^[[90mpackages/core/src/internal.ts^[[39m 2ms (unchanged)
prettier --write (same-repository PR)	Apply formatter	2026-08-12T06:42:06.9165595Z ^[[90mpackages/core/src/ports/clock.ts^[[39m 4ms (unchanged)
prettier --write (same-repository PR)	Apply formatter	2026-08-12T06:42:06.9282653Z ^[[90mpackages/core/src/ports/fakes.ts^[[39m 9ms (unchanged)
prettier --write (same-repository PR)	Apply formatter	2026-08-12T06:42:06.9316713Z ^[[90mpackages/core/src/ports/interpolator.ts^[[39m 2ms (unchanged)
prettier --write (same-repository PR)	Apply formatter	2026-08-12T06:42:06.9358197Z ^[[90mpackages/core/src/ports/scheduler.ts^[[39m 2ms (unchanged)
prettier --write (same-repository PR)	Apply formatter	2026-08-12T06:42:06.9525760Z ^[[90mpackages/core/src/runtime/graph-publisher.ts^[[39m 14ms (unchanged)
prettier --write (same-repository PR)	Apply formatter	2026-08-12T06:42:06.9741064Z ^[[90mpackages/core/src/runtime/graph-runtime.ts^[[39m 10ms (unchanged)
prettier --write (same-repository PR)	Apply formatter	2026-08-12T06:42:06.9866957Z ^[[90mpackages/core/src/runtime/patch-registry.ts^[[39m 11ms (unchanged)
prettier --write (same-repository PR)	Apply formatter	2026-08-12T06:42:06.9930886Z ^[[90mpackages/core/src/runtime/project-runtime.ts^[[39m 5ms (unchanged)
prettier --write (same-repository PR)	Apply formatter	2026-08-12T06:42:07.0172736Z ^[[90mpackages/core/test/contract/adapters.test.ts^[[39m 9ms (unchanged)
prettier --write (same-repository PR)	Apply formatter	2026-08-12T06:42:07.0227587Z ^[[90mpackages/core/test/contract/gsap-multi-stop.test.ts^[[39m 4ms (unchanged)
prettier --write (same-repository PR)	Apply formatter	2026-08-12T06:42:07.0315853Z ^[[90mpackages/core/test/contract/ports.test.ts^[[39m 8ms (unchanged)
prettier --write (same-repository PR)	Apply formatter	2026-08-12T06:42:07.0450045Z ^[[90mpackages/core/test/contract/v5-validator.test.ts^[[39m 12ms (unchanged)
prettier --write (same-repository PR)	Apply formatter	2026-08-12T06:42:07.0505616Z ^[[90mpackages/core/test/fixtures/v5-contract.ts^[[39m 2ms (unchanged)
prettier --write (same-repository PR)	Apply formatter	2026-08-12T06:42:07.0585627Z ^[[90mpackages/core/test/integration/contract-baseline.test.ts^[[39m 5ms (unchanged)
prettier --write (same-repository PR)	Apply formatter	2026-08-12T06:42:07.0695407Z ^[[90mpackages/core/test/integration/dom-patch-apply.test.ts^[[39m 9ms (unchanged)
prettier --write (same-repository PR)	Apply formatter	2026-08-12T06:42:07.0766136Z ^[[90mpackages/core/test/integration/engine-headless.test.ts^[[39m 6ms (unchanged)
prettier --write (same-repository PR)	Apply formatter	2026-08-12T06:42:07.0854051Z ^[[90mpackages/core/test/integration/flush-output-merge.test.ts^[[39m 7ms (unchanged)
prettier --write (same-repository PR)	Apply formatter	2026-08-12T06:42:07.0882234Z ^[[90mpackages/core/test/integration/golden-roundtrip.test.ts^[[39m 1ms (unchanged)
prettier --write (same-repository PR)	Apply formatter	2026-08-12T06:42:07.0995705Z ^[[90mpackages/core/test/integration/graph-publisher.test.ts^[[39m 10ms (unchanged)
prettier --write (same-repository PR)	Apply formatter	2026-08-12T06:42:07.1112909Z ^[[90mpackages/core/test/integration/graph-rollback.test.ts^[[39m 9ms (unchanged)
prettier --write (same-repository PR)	Apply formatter	2026-08-12T06:42:07.1212659Z ^[[90mpackages/core/test/integration/graph-runtime.test.ts^[[39m 8ms (unchanged)
prettier --write (same-repository PR)	Apply formatter	2026-08-12T06:42:07.1290167Z ^[[90mpackages/core/test/integration/membership-gating.test.ts^[[39m 6ms (unchanged)
prettier --write (same-repository PR)	Apply formatter	2026-08-12T06:42:07.1392926Z ^[[90mpackages/core/test/integration/partial-seed-inputs.test.ts^[[39m 7ms (unchanged)
prettier --write (same-repository PR)	Apply formatter	2026-08-12T06:42:07.1487940Z ^[[90mpackages/core/test/integration/project-runtime.test.ts^[[39m 7ms (unchanged)
prettier --write (same-repository PR)	Apply formatter	2026-08-12T06:42:07.1618497Z ^[[90mpackages/core/test/integration/publisher-output-merge-consistency.test.ts^[[39m 10ms (unchanged)
prettier --write (same-repository PR)	Apply formatter	2026-08-12T06:42:07.1738075Z ^[[90mpackages/core/test/migration/v4-to-v5.test.ts^[[39m 9ms (unchanged)
prettier --write (same-repository PR)	Apply formatter	2026-08-12T06:42:07.1834413Z ^[[90mpackages/core/test/unit/domain/lifecycle.test.ts^[[39m 5ms (unchanged)
prettier --write (same-repository PR)	Apply formatter	2026-08-12T06:42:07.1916627Z ^[[90mpackages/core/test/unit/domain/motion.test.ts^[[39m 7ms (unchanged)
prettier --write (same-repository PR)	Apply formatter	2026-08-12T06:42:07.2126965Z ^[[90mpackages/core/test/unit/domain/plugins.test.ts^[[39m 11ms (unchanged)
prettier --write (same-repository PR)	Apply formatter	2026-08-12T06:42:07.2175308Z ^[[90mpackages/core/test/unit/domain/track-contribution.test.ts^[[39m 3ms (unchanged)
prettier --write (same-repository PR)	Apply formatter	2026-08-12T06:42:07.2331087Z ^[[90mpackages/core/test/unit/domain/track.test.ts^[[39m 13ms (unchanged)
prettier --write (same-repository PR)	Apply formatter	2026-08-12T06:42:07.2386934Z ^[[90mpackages/core/test/unit/domain/triggers.test.ts^[[39m 4ms (unchanged)
prettier --write (same-repository PR)	Apply formatter	2026-08-12T06:42:07.2446940Z ^[[90mpackages/core/test/unit/domain/values.test.ts^[[39m 5ms (unchanged)
prettier --write (same-repository PR)	Apply formatter	2026-08-12T06:42:07.2512353Z ^[[90mpackages/core/test/unit/graph/ids.test.ts^[[39m 4ms (unchanged)
prettier --write (same-repository PR)	Apply formatter	2026-08-12T06:42:07.2648758Z ^[[90mpackages/core/test/unit/graph/ir-validation.test.ts^[[39m 11ms (unchanged)
prettier --write (same-repository PR)	Apply formatter	2026-08-12T06:42:07.2788065Z ^[[90mpackages/core/test/unit/graph/observation-state.test.ts^[[39m 12ms (unchanged)
prettier --write (same-repository PR)	Apply formatter	2026-08-12T06:42:07.2926972Z ^[[90mpackages/core/test/unit/graph/order.test.ts^[[39m 12ms (unchanged)
prettier --write (same-repository PR)	Apply formatter	2026-08-12T06:42:07.2958286Z ^[[90mpackages/core/test/unit/placeholder.test.ts^[[39m 1ms (unchanged)
prettier --write (same-repository PR)	Apply formatter	2026-08-12T06:42:07.3073144Z ^[[90mpackages/core/test/unit/runtime/patch-registry-subscriber-errors.test.ts^[[39m 9ms (unchanged)
prettier --write (same-repository PR)	Apply formatter	2026-08-12T06:42:07.3159290Z ^[[90mpackages/core/test/unit/runtime/patch-registry.test.ts^[[39m 7ms (unchanged)
prettier --write (same-repository PR)	Apply formatter	2026-08-12T06:42:07.3317528Z ^[[90mpackages/core/test/unit/runtime/publisher-reentrancy.test.ts^[[39m 14ms (unchanged)
prettier --write (same-repository PR)	Apply formatter	2026-08-12T06:42:07.3395582Z ^[[90mpackages/core/test/unit/scripts/acceptance-scan.test.ts^[[39m 5ms (unchanged)
prettier --write (same-repository PR)	Apply formatter	2026-08-12T06:42:07.3593300Z ^[[90mpackages/core/test/unit/scripts/boundary-scan.test.ts^[[39m 6ms (unchanged)
prettier --write (same-repository PR)	Apply formatter	2026-08-12T06:42:07.3633194Z ^[[90mpackages/react/package.json^[[39m 1ms (unchanged)
prettier --write (same-repository PR)	Apply formatter	2026-08-12T06:42:07.3674131Z ^[[90mpackages/react/src/index.ts^[[39m 2ms (unchanged)
prettier --write (same-repository PR)	Apply formatter	2026-08-12T06:42:07.3718629Z ^[[90mpackages/react/src/patch-store.ts^[[39m 3ms (unchanged)
prettier --write (same-repository PR)	Apply formatter	2026-08-12T06:42:07.3789936Z ^[[90mpackages/react/test/patch-store-lifecycle.test.ts^[[39m 5ms (unchanged)
prettier --write (same-repository PR)	Apply formatter	2026-08-12T06:42:07.3836160Z ^[[90mpackages/react/test/patch-store.test.ts^[[39m 3ms (unchanged)
prettier --write (same-repository PR)	Apply formatter	2026-08-12T06:42:07.3879529Z ^[[90mpackages/react/test/public-hook-render.test.ts^[[39m 3ms (unchanged)
prettier --write (same-repository PR)	Apply formatter	2026-08-12T06:42:07.3905329Z ^[[90mpackages/react/test/public-hook.test.ts^[[39m 1ms (unchanged)
prettier --write (same-repository PR)	Apply formatter	2026-08-12T06:42:07.3959693Z ^[[90mpackages/react/test/public-package-surface.test.ts^[[39m 4ms (unchanged)
prettier --write (same-repository PR)	Apply formatter	2026-08-12T06:42:07.3989792Z ^[[90mperformance/budgets.json^[[39m 1ms (unchanged)
prettier --write (same-repository PR)	Apply formatter	2026-08-12T06:42:07.4094230Z ^[[90mperformance/graph-benchmark.mjs^[[39m 9ms (unchanged)
prettier --write (same-repository PR)	Apply formatter	2026-08-12T06:42:07.4166709Z ^[[90mprogress/A3.md^[[39m 5ms (unchanged)
prettier --write (same-repository PR)	Apply formatter	2026-08-12T06:42:07.4223671Z ^[[90mprogress/B1.md^[[39m 4ms (unchanged)
prettier --write (same-repository PR)	Apply formatter	2026-08-12T06:42:07.4301037Z ^[[90mprogress/B2.md^[[39m 7ms (unchanged)
prettier --write (same-repository PR)	Apply formatter	2026-08-12T06:42:07.4349433Z ^[[90mprogress/C1.md^[[39m 4ms (unchanged)
prettier --write (same-repository PR)	Apply formatter	2026-08-12T06:42:07.4451094Z ^[[90mprogress/C2.md^[[39m 9ms (unchanged)
prettier --write (same-repository PR)	Apply formatter	2026-08-12T06:42:07.4501088Z ^[[90mprogress/C3.md^[[39m 4ms (unchanged)
prettier --write (same-repository PR)	Apply formatter	2026-08-12T06:42:07.4536344Z ^[[90mprogress/D1.md^[[39m 2ms (unchanged)
prettier --write (same-repository PR)	Apply formatter	2026-08-12T06:42:07.4640934Z ^[[90mprogress/D2.md^[[39m 9ms (unchanged)
prettier --write (same-repository PR)	Apply formatter	2026-08-12T06:42:07.4762397Z ^[[90mprogress/D3.md^[[39m 3ms (unchanged)
prettier --write (same-repository PR)	Apply formatter	2026-08-12T06:42:07.4805078Z ^[[90mprogress/E1.md^[[39m 3ms (unchanged)
prettier --write (same-repository PR)	Apply formatter	2026-08-12T06:42:07.4873427Z ^[[90mprogress/README.md^[[39m 6ms (unchanged)
prettier --write (same-repository PR)	Apply formatter	2026-08-12T06:42:07.5006761Z ^[[90mprogress/STATUS.md^[[39m 11ms (unchanged)
prettier --write (same-repository PR)	Apply formatter	2026-08-12T06:42:07.5062649Z ^[[90mprogress/W0-baseline.md^[[39m 4ms (unchanged)
prettier --write (same-repository PR)	Apply formatter	2026-08-12T06:42:07.5165765Z ^[[90mREADME.md^[[39m 9ms (unchanged)
prettier --write (same-repository PR)	Apply formatter	2026-08-12T06:42:07.5251408Z ^[[90mRECOVERY.md^[[39m 7ms (unchanged)
prettier --write (same-repository PR)	Apply formatter	2026-08-12T06:42:07.5287432Z ^[[90mscripts/acceptance-scan.d.mts^[[39m 2ms (unchanged)
prettier --write (same-repository PR)	Apply formatter	2026-08-12T06:42:07.5357358Z ^[[90mscripts/acceptance-scan.mjs^[[39m 6ms (unchanged)
prettier --write (same-repository PR)	Apply formatter	2026-08-12T06:42:07.5403395Z ^[[90mscripts/boundary-scan-fixtures.ts^[[39m 1ms (unchanged)
prettier --write (same-repository PR)	Apply formatter	2026-08-12T06:42:07.5426061Z ^[[90mscripts/boundary-scan.d.mts^[[39m 1ms (unchanged)
prettier --write (same-repository PR)	Apply formatter	2026-08-12T06:42:07.5573873Z ^[[90mscripts/boundary-scan.mjs^[[39m 14ms (unchanged)
prettier --write (same-repository PR)	Apply formatter	2026-08-12T06:42:07.5621571Z ^[[90mtsconfig.json^[[39m 1ms (unchanged)
prettier --write (same-repository PR)	Apply formatter	2026-08-12T06:42:07.5868831Z ^[[90mWAVE-PLAN.md^[[39m 26ms (unchanged)
prettier --write (same-repository PR)	Commit formatting changes	﻿2026-08-12T06:42:07.6475222Z ##[group]Run if git diff --quiet; then
prettier --write (same-repository PR)	Commit formatting changes	2026-08-12T06:42:07.6475605Z ^[[36;1mif git diff --quiet; then^[[0m
prettier --write (same-repository PR)	Commit formatting changes	2026-08-12T06:42:07.6475892Z ^[[36;1m  echo "No formatting drift."^[[0m
prettier --write (same-repository PR)	Commit formatting changes	2026-08-12T06:42:07.6476155Z ^[[36;1m  exit 0^[[0m
prettier --write (same-repository PR)	Commit formatting changes	2026-08-12T06:42:07.6476358Z ^[[36;1mfi^[[0m
prettier --write (same-repository PR)	Commit formatting changes	2026-08-12T06:42:07.6476611Z ^[[36;1mgit config user.name "github-actions[bot]"^[[0m
prettier --write (same-repository PR)	Commit formatting changes	2026-08-12T06:42:07.6477074Z ^[[36;1mgit config user.email "41898282+github-actions[bot]@users.noreply.github.com"^[[0m
prettier --write (same-repository PR)	Commit formatting changes	2026-08-12T06:42:07.6477498Z ^[[36;1mgit add -A^[[0m
prettier --write (same-repository PR)	Commit formatting changes	2026-08-12T06:42:07.6477756Z ^[[36;1mgit commit -m "chore: apply prettier"^[[0m
prettier --write (same-repository PR)	Commit formatting changes	2026-08-12T06:42:07.6478082Z ^[[36;1mgit push origin "HEAD:${TARGET_BRANCH}"^[[0m
prettier --write (same-repository PR)	Commit formatting changes	2026-08-12T06:42:07.6518628Z shell: /usr/bin/bash -e {0}
prettier --write (same-repository PR)	Commit formatting changes	2026-08-12T06:42:07.6518899Z env:
prettier --write (same-repository PR)	Commit formatting changes	2026-08-12T06:42:07.6519130Z   TARGET_BRANCH: fix/E1-required-build-v2
prettier --write (same-repository PR)	Commit formatting changes	2026-08-12T06:42:07.6519441Z ##[endgroup]
prettier --write (same-repository PR)	Commit formatting changes	2026-08-12T06:42:07.6630188Z No formatting drift.
prettier --write (same-repository PR)	Post Run actions/setup-node@v4	﻿2026-08-12T06:42:07.6733682Z Node 20 is being deprecated. This workflow is running with Node 24 by default. If you need to temporarily use Node 20, you can set the ACTIONS_ALLOW_USE_UNSECURE_NODE_VERSION=true environment variable. For more information see: https://github.blog/changelog/2025-09-19-deprecation-of-node-20-on-github-actions-runners/
prettier --write (same-repository PR)	Post Run actions/setup-node@v4	2026-08-12T06:42:07.6734876Z Post job cleanup.
prettier --write (same-repository PR)	Post Run actions/setup-node@v4	2026-08-12T06:42:07.8042041Z (node:2269) [DEP0040] DeprecationWarning: The `punycode` module is deprecated. Please use a userland alternative instead.
prettier --write (same-repository PR)	Post Run actions/setup-node@v4	2026-08-12T06:42:07.8042923Z (Use `node --trace-deprecation ...` to show where the warning was created)
prettier --write (same-repository PR)	Post Run actions/setup-node@v4	2026-08-12T06:42:07.8045938Z Cache hit occurred on the primary key node-cache-Linux-x64-npm-8fd21980c56e1531048f0bccbf8860b09c4f44035a216fedc1d0a678b1093d45, not saving cache.
prettier --write (same-repository PR)	Post Run actions/checkout@v4	﻿2026-08-12T06:42:07.8200940Z Node 20 is being deprecated. This workflow is running with Node 24 by default. If you need to temporarily use Node 20, you can set the ACTIONS_ALLOW_USE_UNSECURE_NODE_VERSION=true environment variable. For more information see: https://github.blog/changelog/2025-09-19-deprecation-of-node-20-on-github-actions-runners/
prettier --write (same-repository PR)	Post Run actions/checkout@v4	2026-08-12T06:42:07.8202341Z Post job cleanup.
prettier --write (same-repository PR)	Post Run actions/checkout@v4	2026-08-12T06:42:07.9086796Z [command]/usr/bin/git version
prettier --write (same-repository PR)	Post Run actions/checkout@v4	2026-08-12T06:42:07.9131172Z git version 2.54.0
prettier --write (same-repository PR)	Post Run actions/checkout@v4	2026-08-12T06:42:07.9168961Z Temporarily overriding HOME='/home/runner/work/_temp/3c00f74a-28e3-4f80-a028-27c6cb317f9f' before making global git config changes
prettier --write (same-repository PR)	Post Run actions/checkout@v4	2026-08-12T06:42:07.9170659Z Adding repository directory to the temporary git global config as a safe directory
prettier --write (same-repository PR)	Post Run actions/checkout@v4	2026-08-12T06:42:07.9174731Z [command]/usr/bin/git config --global --add safe.directory /home/runner/work/motion5/motion5
prettier --write (same-repository PR)	Post Run actions/checkout@v4	2026-08-12T06:42:07.9223036Z [command]/usr/bin/git config --local --name-only --get-regexp core\.sshCommand
prettier --write (same-repository PR)	Post Run actions/checkout@v4	2026-08-12T06:42:07.9265687Z [command]/usr/bin/git submodule foreach --recursive sh -c "git config --local --name-only --get-regexp 'core\.sshCommand' && git config --local --unset-all 'core.sshCommand' || :"
prettier --write (same-repository PR)	Post Run actions/checkout@v4	2026-08-12T06:42:07.9555839Z [command]/usr/bin/git config --local --name-only --get-regexp http\.https\:\/\/github\.com\/\.extraheader
prettier --write (same-repository PR)	Post Run actions/checkout@v4	2026-08-12T06:42:07.9589041Z http.https://github.com/.extraheader
prettier --write (same-repository PR)	Post Run actions/checkout@v4	2026-08-12T06:42:07.9608392Z [command]/usr/bin/git config --local --unset-all http.https://github.com/.extraheader
prettier --write (same-repository PR)	Post Run actions/checkout@v4	2026-08-12T06:42:07.9644972Z [command]/usr/bin/git submodule foreach --recursive sh -c "git config --local --name-only --get-regexp 'http\.https\:\/\/github\.com\/\.extraheader' && git config --local --unset-all 'http.https://github.com/.extraheader' || :"
prettier --write (same-repository PR)	Post Run actions/checkout@v4	2026-08-12T06:42:07.9954653Z [command]/usr/bin/git config --local --name-only --get-regexp ^includeIf\.gitdir:
prettier --write (same-repository PR)	Post Run actions/checkout@v4	2026-08-12T06:42:08.0000287Z [command]/usr/bin/git submodule foreach --recursive git config --local --show-origin --name-only --get-regexp remote.origin.url
prettier --write (same-repository PR)	Complete job	﻿2026-08-12T06:42:08.0409120Z Cleaning up orphan processes
prettier --write (same-repository PR)	Complete job	2026-08-12T06:42:08.0702152Z ##[warning]Node.js 20 is deprecated. The following actions target Node.js 20 but are being forced to run on Node.js 24: actions/checkout@v4, actions/setup-node@v4. For more information see: https://github.blog/changelog/2025-09-19-deprecation-of-node-20-on-github-actions-runners/
