quality (node 24)	Unit tests	﻿2026-08-13T00:24:00.0529983Z ##[group]Run npm test
quality (node 24)	Unit tests	2026-08-13T00:24:00.0530284Z ^[[36;1mnpm test^[[0m
quality (node 24)	Unit tests	2026-08-13T00:24:00.0572793Z shell: /usr/bin/bash -e {0}
quality (node 24)	Unit tests	2026-08-13T00:24:00.0573118Z ##[endgroup]
quality (node 24)	Unit tests	2026-08-13T00:24:00.1700563Z 
quality (node 24)	Unit tests	2026-08-13T00:24:00.1701355Z > motion5@0.0.0 test
quality (node 24)	Unit tests	2026-08-13T00:24:00.1701899Z > vitest run
quality (node 24)	Unit tests	2026-08-13T00:24:00.1702138Z 
quality (node 24)	Unit tests	2026-08-13T00:24:00.4825519Z 
quality (node 24)	Unit tests	2026-08-13T00:24:00.4828288Z ^[[1m^[[30m^[[46m RUN ^[[49m^[[39m^[[22m ^[[36mv4.1.10 ^[[39m^[[90m/home/runner/work/motion5/motion5^[[39m
quality (node 24)	Unit tests	2026-08-13T00:24:00.4830088Z 
quality (node 24)	Unit tests	2026-08-13T00:24:00.9064072Z  ^[[32m✓^[[39m packages/core/test/unit/graph/observation-state.test.ts ^[[2m(^[[22m^[[2m8 tests^[[22m^[[2m)^[[22m^[[32m 11^[[2mms^[[22m^[[39m
quality (node 24)	Unit tests	2026-08-13T00:24:00.9525834Z  ^[[32m✓^[[39m packages/core/test/unit/runtime/publisher-reentrancy.test.ts ^[[2m(^[[22m^[[2m5 tests^[[22m^[[2m)^[[22m^[[32m 14^[[2mms^[[22m^[[39m
quality (node 24)	Unit tests	2026-08-13T00:24:00.9954827Z  ^[[31m❯^[[39m packages/core/test/contract/gsap-authored-duration.test.ts ^[[2m(^[[22m^[[2m5 tests^[[22m^[[2m | ^[[22m^[[31m1 failed^[[39m^[[2m)^[[22m^[[32m 20^[[2mms^[[22m^[[39m
quality (node 24)	Unit tests	2026-08-13T00:24:00.9976590Z      ^[[32m✓^[[39m keeps the authored duration when the last stop ends before the end^[[32m 5^[[2mms^[[22m^[[39m
quality (node 24)	Unit tests	2026-08-13T00:24:00.9978360Z      ^[[32m✓^[[39m scales the pinned duration by the configured track duration^[[32m 1^[[2mms^[[22m^[[39m
quality (node 24)	Unit tests	2026-08-13T00:24:00.9981754Z      ^[[32m✓^[[39m holds every property independently when the grids end at different positions^[[32m 1^[[2mms^[[22m^[[39m
quality (node 24)	Unit tests	2026-08-13T00:24:00.9983708Z      ^[[32m✓^[[39m reports the authored duration for a track with no authored stops^[[32m 0^[[2mms^[[22m^[[39m
quality (node 24)	Unit tests	2026-08-13T00:24:01.0000095Z ^[[31m     ^[[31m×^[[31m pins only when the tail is short, and never through the published proxy^[[39m^[[32m 11^[[2mms^[[22m^[[39m
quality (node 24)	Unit tests	2026-08-13T00:24:01.1447659Z  ^[[32m✓^[[39m packages/core/test/contract/gsap-absolute-stops.test.ts ^[[2m(^[[22m^[[2m2 tests^[[22m^[[2m)^[[22m^[[32m 9^[[2mms^[[22m^[[39m
quality (node 24)	Unit tests	2026-08-13T00:24:01.1999882Z  ^[[32m✓^[[39m packages/core/test/contract/v5-validator.test.ts ^[[2m(^[[22m^[[2m9 tests^[[22m^[[2m)^[[22m^[[32m 10^[[2mms^[[22m^[[39m
quality (node 24)	Unit tests	2026-08-13T00:24:01.2276243Z  ^[[32m✓^[[39m packages/core/test/unit/domain/plugins.test.ts ^[[2m(^[[22m^[[2m8 tests^[[22m^[[2m)^[[22m^[[32m 13^[[2mms^[[22m^[[39m
quality (node 24)	Unit tests	2026-08-13T00:24:01.4045568Z  ^[[32m✓^[[39m packages/core/test/unit/scripts/boundary-scan.test.ts ^[[2m(^[[22m^[[2m10 tests^[[22m^[[2m)^[[22m^[[32m 58^[[2mms^[[22m^[[39m
quality (node 24)	Unit tests	2026-08-13T00:24:01.4537674Z  ^[[32m✓^[[39m packages/core/test/unit/runtime/clock-tick-identity.test.ts ^[[2m(^[[22m^[[2m4 tests^[[22m^[[2m)^[[22m^[[32m 11^[[2mms^[[22m^[[39m
quality (node 24)	Unit tests	2026-08-13T00:24:01.4623746Z  ^[[32m✓^[[39m packages/core/test/unit/graph/order.test.ts ^[[2m(^[[22m^[[2m8 tests^[[22m^[[2m)^[[22m^[[32m 11^[[2mms^[[22m^[[39m
quality (node 24)	Unit tests	2026-08-13T00:24:01.6200163Z  ^[[32m✓^[[39m packages/core/test/unit/graph/ir-validation.test.ts ^[[2m(^[[22m^[[2m6 tests^[[22m^[[2m)^[[22m^[[32m 9^[[2mms^[[22m^[[39m
quality (node 24)	Unit tests	2026-08-13T00:24:01.6517285Z  ^[[32m✓^[[39m packages/core/test/integration/publisher-output-merge-consistency.test.ts ^[[2m(^[[22m^[[2m2 tests^[[22m^[[2m)^[[22m^[[32m 7^[[2mms^[[22m^[[39m
quality (node 24)	Unit tests	2026-08-13T00:24:01.6867363Z  ^[[32m✓^[[39m packages/core/test/contract/adapters.test.ts ^[[2m(^[[22m^[[2m4 tests^[[22m^[[2m)^[[22m^[[32m 8^[[2mms^[[22m^[[39m
quality (node 24)	Unit tests	2026-08-13T00:24:01.8309117Z  ^[[32m✓^[[39m packages/core/test/unit/runtime/patch-registry-subscriber-errors.test.ts ^[[2m(^[[22m^[[2m4 tests^[[22m^[[2m)^[[22m^[[32m 10^[[2mms^[[22m^[[39m
quality (node 24)	Unit tests	2026-08-13T00:24:01.8707696Z  ^[[32m✓^[[39m packages/core/test/unit/domain/track.test.ts ^[[2m(^[[22m^[[2m5 tests^[[22m^[[2m)^[[22m^[[32m 10^[[2mms^[[22m^[[39m
quality (node 24)	Unit tests	2026-08-13T00:24:01.8817312Z  ^[[32m✓^[[39m packages/core/test/unit/runtime/patch-registry.test.ts ^[[2m(^[[22m^[[2m5 tests^[[22m^[[2m)^[[22m^[[32m 10^[[2mms^[[22m^[[39m
quality (node 24)	Unit tests	2026-08-13T00:24:02.0530705Z  ^[[32m✓^[[39m packages/core/test/integration/graph-publisher.test.ts ^[[2m(^[[22m^[[2m3 tests^[[22m^[[2m)^[[22m^[[32m 11^[[2mms^[[22m^[[39m
quality (node 24)	Unit tests	2026-08-13T00:24:02.0897299Z  ^[[32m✓^[[39m packages/core/test/integration/graph-rollback.test.ts ^[[2m(^[[22m^[[2m4 tests^[[22m^[[2m)^[[22m^[[32m 10^[[2mms^[[22m^[[39m
quality (node 24)	Unit tests	2026-08-13T00:24:02.0991112Z  ^[[32m✓^[[39m packages/core/test/migration/v4-to-v5.test.ts ^[[2m(^[[22m^[[2m6 tests^[[22m^[[2m)^[[22m^[[32m 10^[[2mms^[[22m^[[39m
quality (node 24)	Unit tests	2026-08-13T00:24:02.2282533Z  ^[[32m✓^[[39m packages/core/test/integration/flush-output-merge.test.ts ^[[2m(^[[22m^[[2m2 tests^[[22m^[[2m)^[[22m^[[32m 5^[[2mms^[[22m^[[39m
quality (node 24)	Unit tests	2026-08-13T00:24:02.3017742Z  ^[[32m✓^[[39m packages/core/test/integration/dom-patch-apply.test.ts ^[[2m(^[[22m^[[2m2 tests^[[22m^[[2m)^[[22m^[[32m 7^[[2mms^[[22m^[[39m
quality (node 24)	Unit tests	2026-08-13T00:24:02.3170143Z  ^[[32m✓^[[39m packages/core/test/integration/graph-runtime.test.ts ^[[2m(^[[22m^[[2m3 tests^[[22m^[[2m)^[[22m^[[32m 11^[[2mms^[[22m^[[39m
quality (node 24)	Unit tests	2026-08-13T00:24:02.4738746Z  ^[[32m✓^[[39m packages/core/test/integration/engine-headless.test.ts ^[[2m(^[[22m^[[2m3 tests^[[22m^[[2m)^[[22m^[[32m 9^[[2mms^[[22m^[[39m
quality (node 24)	Unit tests	2026-08-13T00:24:02.5123392Z  ^[[32m✓^[[39m packages/react/test/patch-store-lifecycle.test.ts ^[[2m(^[[22m^[[2m2 tests^[[22m^[[2m)^[[22m^[[32m 7^[[2mms^[[22m^[[39m
quality (node 24)	Unit tests	2026-08-13T00:24:02.5615575Z ^[[90mstderr^[[2m | packages/react/test/public-package-surface.test.ts^[[2m > ^[[22m^[[2mReact public package surface (C2)^[[2m > ^[[22m^[[2mrenders and updates through the package entry alone
quality (node 24)	Unit tests	2026-08-13T00:24:02.5618499Z ^[[22m^[[39mreact-test-renderer is deprecated. See https://react.dev/warnings/react-test-renderer
quality (node 24)	Unit tests	2026-08-13T00:24:02.5622276Z The current testing environment is not configured to support act(...)
quality (node 24)	Unit tests	2026-08-13T00:24:02.5623537Z The current testing environment is not configured to support act(...)
quality (node 24)	Unit tests	2026-08-13T00:24:02.5624891Z The current testing environment is not configured to support act(...)
quality (node 24)	Unit tests	2026-08-13T00:24:02.5625659Z 
quality (node 24)	Unit tests	2026-08-13T00:24:02.5647667Z  ^[[32m✓^[[39m packages/react/test/public-package-surface.test.ts ^[[2m(^[[22m^[[2m1 test^[[22m^[[2m)^[[22m^[[32m 20^[[2mms^[[22m^[[39m
quality (node 24)	Unit tests	2026-08-13T00:24:02.6969209Z  ^[[32m✓^[[39m packages/core/test/integration/project-runtime.test.ts ^[[2m(^[[22m^[[2m3 tests^[[22m^[[2m)^[[22m^[[32m 7^[[2mms^[[22m^[[39m
quality (node 24)	Unit tests	2026-08-13T00:24:02.7078494Z  ^[[32m✓^[[39m packages/core/test/contract/ports.test.ts ^[[2m(^[[22m^[[2m5 tests^[[22m^[[2m)^[[22m^[[32m 10^[[2mms^[[22m^[[39m
quality (node 24)	Unit tests	2026-08-13T00:24:02.7907064Z  ^[[32m✓^[[39m packages/core/test/unit/domain/motion.test.ts ^[[2m(^[[22m^[[2m4 tests^[[22m^[[2m)^[[22m^[[32m 10^[[2mms^[[22m^[[39m
quality (node 24)	Unit tests	2026-08-13T00:24:02.8967155Z  ^[[32m✓^[[39m packages/core/test/integration/partial-seed-inputs.test.ts ^[[2m(^[[22m^[[2m1 test^[[22m^[[2m)^[[22m^[[32m 7^[[2mms^[[22m^[[39m
quality (node 24)	Unit tests	2026-08-13T00:24:02.9706713Z  ^[[32m✓^[[39m packages/core/test/integration/end-to-end.test.ts ^[[2m(^[[22m^[[2m1 test^[[22m^[[2m)^[[22m^[[32m 12^[[2mms^[[22m^[[39m
quality (node 24)	Unit tests	2026-08-13T00:24:03.0073319Z  ^[[32m✓^[[39m packages/core/test/integration/contract-baseline.test.ts ^[[2m(^[[22m^[[2m5 tests^[[22m^[[2m)^[[22m^[[32m 20^[[2mms^[[22m^[[39m
quality (node 24)	Unit tests	2026-08-13T00:24:03.1079207Z  ^[[32m✓^[[39m packages/core/test/unit/domain/lifecycle.test.ts ^[[2m(^[[22m^[[2m5 tests^[[22m^[[2m)^[[22m^[[32m 10^[[2mms^[[22m^[[39m
quality (node 24)	Unit tests	2026-08-13T00:24:03.1681679Z  ^[[32m✓^[[39m packages/core/test/unit/graph/ids.test.ts ^[[2m(^[[22m^[[2m5 tests^[[22m^[[2m)^[[22m^[[32m 9^[[2mms^[[22m^[[39m
quality (node 24)	Unit tests	2026-08-13T00:24:03.2167980Z  ^[[32m✓^[[39m packages/core/test/unit/scripts/acceptance-scan.test.ts ^[[2m(^[[22m^[[2m3 tests^[[22m^[[2m)^[[22m^[[32m 14^[[2mms^[[22m^[[39m
quality (node 24)	Unit tests	2026-08-13T00:24:03.3618688Z  ^[[32m✓^[[39m packages/core/test/contract/gsap-paused-timeline.test.ts ^[[2m(^[[22m^[[2m2 tests^[[22m^[[2m)^[[22m^[[32m 8^[[2mms^[[22m^[[39m
quality (node 24)	Unit tests	2026-08-13T00:24:03.3657188Z  ^[[32m✓^[[39m packages/core/test/unit/domain/values.test.ts ^[[2m(^[[22m^[[2m6 tests^[[22m^[[2m)^[[22m^[[32m 7^[[2mms^[[22m^[[39m
quality (node 24)	Unit tests	2026-08-13T00:24:03.4115188Z  ^[[32m✓^[[39m packages/core/test/unit/domain/triggers.test.ts ^[[2m(^[[22m^[[2m6 tests^[[22m^[[2m)^[[22m^[[32m 10^[[2mms^[[22m^[[39m
quality (node 24)	Unit tests	2026-08-13T00:24:03.5599729Z  ^[[32m✓^[[39m packages/react/test/patch-store.test.ts ^[[2m(^[[22m^[[2m1 test^[[22m^[[2m)^[[22m^[[32m 5^[[2mms^[[22m^[[39m
quality (node 24)	Unit tests	2026-08-13T00:24:03.5856543Z ^[[90mstderr^[[2m | packages/react/test/public-hook-render.test.ts^[[2m > ^[[22m^[[2mReact public hook render/update (C2)^[[2m > ^[[22m^[[2mrenders the current patch and updates after publication
quality (node 24)	Unit tests	2026-08-13T00:24:03.5859141Z ^[[22m^[[39mreact-test-renderer is deprecated. See https://react.dev/warnings/react-test-renderer
quality (node 24)	Unit tests	2026-08-13T00:24:03.5860239Z The current testing environment is not configured to support act(...)
quality (node 24)	Unit tests	2026-08-13T00:24:03.5861132Z The current testing environment is not configured to support act(...)
quality (node 24)	Unit tests	2026-08-13T00:24:03.5862383Z The current testing environment is not configured to support act(...)
quality (node 24)	Unit tests	2026-08-13T00:24:03.5862829Z 
quality (node 24)	Unit tests	2026-08-13T00:24:03.5882188Z  ^[[32m✓^[[39m packages/react/test/public-hook-render.test.ts ^[[2m(^[[22m^[[2m1 test^[[22m^[[2m)^[[22m^[[32m 18^[[2mms^[[22m^[[39m
quality (node 24)	Unit tests	2026-08-13T00:24:03.5936763Z  ^[[32m✓^[[39m packages/core/test/unit/scripts/mutation-config.test.ts ^[[2m(^[[22m^[[2m1 test^[[22m^[[2m)^[[22m^[[32m 6^[[2mms^[[22m^[[39m
quality (node 24)	Unit tests	2026-08-13T00:24:03.7454919Z  ^[[32m✓^[[39m packages/core/test/integration/membership-gating.test.ts ^[[2m(^[[22m^[[2m1 test^[[22m^[[2m)^[[22m^[[32m 8^[[2mms^[[22m^[[39m
quality (node 24)	Unit tests	2026-08-13T00:24:03.7795055Z  ^[[32m✓^[[39m packages/core/test/unit/domain/track-contribution.test.ts ^[[2m(^[[22m^[[2m1 test^[[22m^[[2m)^[[22m^[[32m 7^[[2mms^[[22m^[[39m
quality (node 24)	Unit tests	2026-08-13T00:24:03.8167071Z  ^[[32m✓^[[39m packages/core/test/contract/gsap-multi-stop.test.ts ^[[2m(^[[22m^[[2m1 test^[[22m^[[2m)^[[22m^[[32m 6^[[2mms^[[22m^[[39m
quality (node 24)	Unit tests	2026-08-13T00:24:03.9568016Z  ^[[32m✓^[[39m packages/core/test/unit/placeholder.test.ts ^[[2m(^[[22m^[[2m2 tests^[[22m^[[2m)^[[22m^[[32m 4^[[2mms^[[22m^[[39m
quality (node 24)	Unit tests	2026-08-13T00:24:03.9844070Z  ^[[32m✓^[[39m packages/core/test/integration/golden-roundtrip.test.ts ^[[2m(^[[22m^[[2m1 test^[[22m^[[2m)^[[22m^[[32m 14^[[2mms^[[22m^[[39m
quality (node 24)	Unit tests	2026-08-13T00:24:03.9996288Z  ^[[32m✓^[[39m packages/react/test/public-hook.test.ts ^[[2m(^[[22m^[[2m1 test^[[22m^[[2m)^[[22m^[[32m 3^[[2mms^[[22m^[[39m
quality (node 24)	Unit tests	2026-08-13T00:24:04.0028316Z 
quality (node 24)	Unit tests	2026-08-13T00:24:04.0036385Z ^[[31m⎯⎯⎯⎯⎯⎯⎯^[[39m^[[1m^[[41m Failed Tests 1 ^[[49m^[[22m^[[31m⎯⎯⎯⎯⎯⎯⎯^[[39m
quality (node 24)	Unit tests	2026-08-13T00:24:04.0037010Z 
quality (node 24)	Unit tests	2026-08-13T00:24:04.0038975Z ^[[41m^[[1m FAIL ^[[22m^[[49m packages/core/test/contract/gsap-authored-duration.test.ts^[[2m > ^[[22mGSAP authored-duration pinning (P0-3b)^[[2m > ^[[22mpins only when the tail is short, and never through the published proxy
quality (node 24)	Unit tests	2026-08-13T00:24:04.0041598Z ^[[31m^[[1mAssertionError^[[22m: expected [ 'x', '_gsap' ] to deeply equal [ 'x' ]^[[39m
quality (node 24)	Unit tests	2026-08-13T00:24:04.0042241Z 
quality (node 24)	Unit tests	2026-08-13T00:24:04.0042727Z ^[[32m- Expected^[[39m
quality (node 24)	Unit tests	2026-08-13T00:24:04.0043140Z ^[[31m+ Received^[[39m
quality (node 24)	Unit tests	2026-08-13T00:24:04.0043338Z 
quality (node 24)	Unit tests	2026-08-13T00:24:04.0043556Z ^[[2m  [^[[22m
quality (node 24)	Unit tests	2026-08-13T00:24:04.0047508Z ^[[2m    "x",^[[22m
quality (node 24)	Unit tests	2026-08-13T00:24:04.0047904Z ^[[31m+   "_gsap",^[[39m
quality (node 24)	Unit tests	2026-08-13T00:24:04.0048364Z ^[[2m  ]^[[22m
quality (node 24)	Unit tests	2026-08-13T00:24:04.0048560Z 
quality (node 24)	Unit tests	2026-08-13T00:24:04.0049377Z ^[[36m ^[[2m❯^[[22m packages/core/test/contract/gsap-authored-duration.test.ts:^[[2m160:46^[[22m^[[39m
quality (node 24)	Unit tests	2026-08-13T00:24:04.0086834Z     ^[[90m158|^[[39m     // would flow through Track.compose into a published patch and on …
quality (node 24)	Unit tests	2026-08-13T00:24:04.0087996Z     ^[[90m159|^[[39m     shortTimeline^[[33m.^[[39m^[[34mprogress^[[39m(^[[34m1^[[39m)^[[33m;^[[39m
quality (node 24)	Unit tests	2026-08-13T00:24:04.0090294Z     ^[[90m160|^[[39m     ^[[34mexpect^[[39m(^[[33mObject^[[39m^[[33m.^[[39m^[[34mkeys^[[39m(shortTimeline^[[33m.^[[39mstate))^[[33m.^[[39m^[[34mtoEqual^[[39m([^[[32m"x"^[[39m])^[[33m;^[[39m
quality (node 24)	Unit tests	2026-08-13T00:24:04.0091954Z     ^[[90m   |^[[39m                                              ^[[31m^^[[39m
quality (node 24)	Unit tests	2026-08-13T00:24:04.0092368Z 
quality (node 24)	Unit tests	2026-08-13T00:24:04.0092733Z     ^[[90m161|^[[39m
quality (node 24)	Unit tests	2026-08-13T00:24:04.0093389Z     ^[[90m162|^[[39m     completeTimeline^[[33m.^[[39m^[[34mkill^[[39m()^[[33m;^[[39m
quality (node 24)	Unit tests	2026-08-13T00:24:04.0093858Z 
quality (node 24)	Unit tests	2026-08-13T00:24:04.0094263Z ^[[31m^[[2m⎯⎯⎯⎯⎯⎯⎯⎯⎯⎯⎯⎯⎯⎯⎯⎯⎯⎯⎯⎯⎯⎯⎯⎯[1/1]⎯^[[22m^[[39m
quality (node 24)	Unit tests	2026-08-13T00:24:04.0094785Z 
quality (node 24)	Unit tests	2026-08-13T00:24:04.0098423Z ^[[2m Test Files ^[[22m ^[[1m^[[31m1 failed^[[39m^[[22m^[[2m | ^[[22m^[[1m^[[32m44 passed^[[39m^[[22m^[[90m (45)^[[39m
quality (node 24)	Unit tests	2026-08-13T00:24:04.0099400Z ^[[2m      Tests ^[[22m ^[[1m^[[31m1 failed^[[39m^[[22m^[[2m | ^[[22m^[[1m^[[32m166 passed^[[39m^[[22m^[[90m (167)^[[39m
quality (node 24)	Unit tests	2026-08-13T00:24:04.0100224Z ^[[2m   Start at ^[[22m 00:24:00
quality (node 24)	Unit tests	2026-08-13T00:24:04.0102175Z ^[[2m   Duration ^[[22m 3.51s^[[2m (transform 1.01s, setup 0ms, import 2.29s, tests 496ms, environment 6ms)^[[22m
quality (node 24)	Unit tests	2026-08-13T00:24:04.0103718Z 
quality (node 24)	Unit tests	2026-08-13T00:24:04.0118783Z 
quality (node 24)	Unit tests	2026-08-13T00:24:04.0142778Z ##[error]AssertionError: expected [ 'x', '_gsap' ] to deeply equal [ 'x' ]
quality (node 24)	Unit tests	
quality (node 24)	Unit tests	- Expected
quality (node 24)	Unit tests	+ Received
quality (node 24)	Unit tests	
quality (node 24)	Unit tests	  [
quality (node 24)	Unit tests	    "x",
quality (node 24)	Unit tests	+   "_gsap",
quality (node 24)	Unit tests	  ]
quality (node 24)	Unit tests	
quality (node 24)	Unit tests	 ❯ packages/core/test/contract/gsap-authored-duration.test.ts:160:46
quality (node 24)	Unit tests	
quality (node 24)	Unit tests	
quality (node 24)	Unit tests	2026-08-13T00:24:04.0638029Z ##[error]Process completed with exit code 1.
