quality (node 24)	Run npm test	﻿2026-09-06T06:05:10.8028183Z ##[group]Run npm test
quality (node 24)	Run npm test	2026-09-06T06:05:10.8028491Z ^[[36;1mnpm test^[[0m
quality (node 24)	Run npm test	2026-09-06T06:05:10.8064758Z shell: /usr/bin/bash -e {0}
quality (node 24)	Run npm test	2026-09-06T06:05:10.8065036Z env:
quality (node 24)	Run npm test	2026-09-06T06:05:10.8065236Z   NODE_VERSION: 24
quality (node 24)	Run npm test	2026-09-06T06:05:10.8065452Z ##[endgroup]
quality (node 24)	Run npm test	2026-09-06T06:05:10.9078719Z 
quality (node 24)	Run npm test	2026-09-06T06:05:10.9079365Z > motion5@0.0.0 test
quality (node 24)	Run npm test	2026-09-06T06:05:10.9079850Z > vitest run
quality (node 24)	Run npm test	2026-09-06T06:05:10.9080003Z 
quality (node 24)	Run npm test	2026-09-06T06:05:11.2123129Z 
quality (node 24)	Run npm test	2026-09-06T06:05:11.2127527Z ^[[1m^[[30m^[[46m RUN ^[[49m^[[39m^[[22m ^[[36mv4.1.10 ^[[39m^[[90m/home/runner/work/motion5/motion5^[[39m
quality (node 24)	Run npm test	2026-09-06T06:05:11.2128598Z 
quality (node 24)	Run npm test	2026-09-06T06:05:11.5603826Z  ^[[32m✓^[[39m packages/core/test/unit/scripts/evidence-case-ids.test.ts ^[[2m(^[[22m^[[2m5 tests^[[22m^[[2m)^[[22m^[[32m 40^[[2mms^[[22m^[[39m
quality (node 24)	Run npm test	2026-09-06T06:05:11.8524059Z  ^[[32m✓^[[39m packages/core/test/unit/plugins/pivot-offset-solve.test.ts ^[[2m(^[[22m^[[2m10 tests^[[22m^[[2m)^[[22m^[[32m 39^[[2mms^[[22m^[[39m
quality (node 24)	Run npm test	2026-09-06T06:05:11.9990700Z  ^[[31m❯^[[39m packages/core/test/unit/runtime/structural-commit-path.test.ts ^[[2m(^[[22m^[[2m39 tests^[[22m^[[2m | ^[[22m^[[31m6 failed^[[39m^[[2m)^[[22m^[[32m 68^[[2mms^[[22m^[[39m
quality (node 24)	Run npm test	2026-09-06T06:05:11.9994076Z ^[[31m     ^[[31m×^[[31m RA-140 attempts every release after detach and graph disposal failures^[[39m^[[32m 23^[[2mms^[[22m^[[39m
quality (node 24)	Run npm test	2026-09-06T06:05:11.9996121Z ^[[31m     ^[[31m×^[[31m RA-141 preserves effect and rollback diagnoses ahead of a failing release^[[39m^[[32m 6^[[2mms^[[22m^[[39m
quality (node 24)	Run npm test	2026-09-06T06:05:11.9997574Z ^[[31m     ^[[31m×^[[31m RA-142 returns the accepted handle despite deferred release failure^[[39m^[[32m 2^[[2mms^[[22m^[[39m
quality (node 24)	Run npm test	2026-09-06T06:05:11.9999520Z ^[[31m     ^[[31m×^[[31m RA-143 retains the disposal refusal and counts a thrown undefined release^[[39m^[[32m 1^[[2mms^[[22m^[[39m
quality (node 24)	Run npm test	2026-09-06T06:05:12.0000454Z      ^[[32m✓^[[39m RA-144 leaves successful release silent, complete and idempotent^[[32m 1^[[2mms^[[22m^[[39m
quality (node 24)	Run npm test	2026-09-06T06:05:12.0015021Z ^[[31m     ^[[31m×^[[31m cannot replace an outcome while formatting a hostile thrown value^[[39m^[[32m 2^[[2mms^[[22m^[[39m
quality (node 24)	Run npm test	2026-09-06T06:05:12.0016087Z ^[[31m     ^[[31m×^[[31m preserves a settle failure when release also fails^[[39m^[[32m 1^[[2mms^[[22m^[[39m
quality (node 24)	Run npm test	2026-09-06T06:05:12.0017367Z      ^[[32m✓^[[39m RA-1 creates the Motion before the graph is asked and destroys it on refusal^[[32m 1^[[2mms^[[22m^[[39m
quality (node 24)	Run npm test	2026-09-06T06:05:12.0019050Z      ^[[32m✓^[[39m RA-2 reports a createMotion failure verbatim and rolls nothing back^[[32m 2^[[2mms^[[22m^[[39m
quality (node 24)	Run npm test	2026-09-06T06:05:12.0020837Z      ^[[32m✓^[[39m RA-3 compiles a new Track, then registers it with its Motion, then mounts it^[[32m 1^[[2mms^[[22m^[[39m
quality (node 24)	Run npm test	2026-09-06T06:05:12.0022993Z      ^[[32m✓^[[39m RA-4 disposes the compiled Track and registers nothing when the graph refuses^[[32m 1^[[2mms^[[22m^[[39m
quality (node 24)	Run npm test	2026-09-06T06:05:12.0024983Z      ^[[32m✓^[[39m RA-5 drops the entry before the removal hooks run, and runs them in order^[[32m 1^[[2mms^[[22m^[[39m
quality (node 24)	Run npm test	2026-09-06T06:05:12.0029887Z      ^[[32m✓^[[39m RA-6 refuses a Motion that still owns tracks and reaches no hook^[[32m 1^[[2mms^[[22m^[[39m
quality (node 24)	Run npm test	2026-09-06T06:05:12.0031889Z      ^[[32m✓^[[39m RA-7 leaves the retained definitions and the committed graph agreeing^[[32m 2^[[2mms^[[22m^[[39m
quality (node 24)	Run npm test	2026-09-06T06:05:12.0034178Z      ^[[32m✓^[[39m RA-114 refuses the commit a hook disposed, rolls it back, then tears down once^[[32m 1^[[2mms^[[22m^[[39m
quality (node 24)	Run npm test	2026-09-06T06:05:12.0035926Z      ^[[32m✓^[[39m RA-115 keeps a hook's own failure ahead of the disposal it also asked for^[[32m 0^[[2mms^[[22m^[[39m
quality (node 24)	Run npm test	2026-09-06T06:05:12.0037644Z      ^[[32m✓^[[39m RA-116 answers as disposed from the call rather than from the teardown^[[32m 1^[[2mms^[[22m^[[39m
quality (node 24)	Run npm test	2026-09-06T06:05:12.0039491Z      ^[[32m✓^[[39m RA-117 finishes the settle steps a settle hook disposed through, and skips the flush^[[32m 1^[[2mms^[[22m^[[39m
quality (node 24)	Run npm test	2026-09-06T06:05:12.0041639Z      ^[[32m✓^[[39m RA-118 refuses a structural entry point re-entered from inside a commit's effects^[[32m 1^[[2mms^[[22m^[[39m
quality (node 24)	Run npm test	2026-09-06T06:05:12.0043543Z      ^[[32m✓^[[39m RA-119 leaves the calling commit whole when its hook keeps the refusal to itself^[[32m 1^[[2mms^[[22m^[[39m
quality (node 24)	Run npm test	2026-09-06T06:05:12.0045233Z      ^[[32m✓^[[39m RA-120 refuses a removal of the node the commit it re-entered is replacing^[[32m 1^[[2mms^[[22m^[[39m
quality (node 24)	Run npm test	2026-09-06T06:05:12.0047419Z      ^[[32m✓^[[39m RA-121 refuses a re-entry from a settle step, and finishes the phase it interrupted^[[32m 1^[[2mms^[[22m^[[39m
quality (node 24)	Run npm test	2026-09-06T06:05:12.0049368Z      ^[[32m✓^[[39m RA-122 leaves a hook's reads answering, and its commit accepted once the commit returned^[[32m 1^[[2mms^[[22m^[[39m
quality (node 24)	Run npm test	2026-09-06T06:05:12.0051545Z      ^[[32m✓^[[39m RA-134 refuses a mount of the node the commit is adding, so its settle step still owns it^[[32m 1^[[2mms^[[22m^[[39m
quality (node 24)	Run npm test	2026-09-06T06:05:12.0053538Z      ^[[32m✓^[[39m RA-135 leaves a hook's reads answering, and publishes the commit's own flush exactly once^[[32m 1^[[2mms^[[22m^[[39m
quality (node 24)	Run npm test	2026-09-06T06:05:12.0055414Z      ^[[32m✓^[[39m RA-126 mounts and publishes an accepted add even when Motion registration throws^[[32m 1^[[2mms^[[22m^[[39m
quality (node 24)	Run npm test	2026-09-06T06:05:12.0057365Z      ^[[32m✓^[[39m RA-127 preserves every settle failure and the later synchronous flush failure in order^[[32m 2^[[2mms^[[22m^[[39m
quality (node 24)	Run npm test	2026-09-06T06:05:12.0059301Z      ^[[32m✓^[[39m RA-128 keeps a replacement committed and publishes after its staged commit throws^[[32m 1^[[2mms^[[22m^[[39m
quality (node 24)	Run npm test	2026-09-06T06:05:12.0061492Z      ^[[32m✓^[[39m RA-129 deregisters after disposal throws and continues to later Motion cleanup^[[32m 1^[[2mms^[[22m^[[39m
quality (node 24)	Run npm test	2026-09-06T06:05:12.0063249Z      ^[[32m✓^[[39m RA-130 leaves a successful settle ordered before its single publication^[[32m 1^[[2mms^[[22m^[[39m
quality (node 24)	Run npm test	2026-09-06T06:05:12.0064709Z      ^[[32m✓^[[39m preserves a settle failure when snapshot resolution also throws^[[32m 1^[[2mms^[[22m^[[39m
quality (node 24)	Run npm test	2026-09-06T06:05:12.0065987Z      ^[[32m✓^[[39m preserves a lone flush failure including a thrown undefined^[[32m 3^[[2mms^[[22m^[[39m
quality (node 24)	Run npm test	2026-09-06T06:05:12.0067534Z      ^[[32m✓^[[39m completes later settle steps after a disposing hook throws and still skips publication^[[32m 1^[[2mms^[[22m^[[39m
quality (node 24)	Run npm test	2026-09-06T06:05:12.0069297Z      ^[[32m✓^[[39m records composition diagnostics while preserving the independent settle error^[[32m 1^[[2mms^[[22m^[[39m
quality (node 24)	Run npm test	2026-09-06T06:05:12.0071247Z      ^[[32m✓^[[39m counts a thrown undefined as a settle failure and permits a later commit^[[32m 1^[[2mms^[[22m^[[39m
quality (node 24)	Run npm test	2026-09-06T06:05:12.0073053Z      ^[[32m✓^[[39m RA-136 refuses a live write from inside a commit before its seam is reached^[[32m 1^[[2mms^[[22m^[[39m
quality (node 24)	Run npm test	2026-09-06T06:05:12.0090709Z      ^[[32m✓^[[39m RA-137 refuses a tier 0 edit from inside a commit that is moving the motions half^[[32m 1^[[2mms^[[22m^[[39m
quality (node 24)	Run npm test	2026-09-06T06:05:12.0092787Z      ^[[32m✓^[[39m RA-138 answers the condition that is true rather than an absence that is not^[[32m 1^[[2mms^[[22m^[[39m
quality (node 24)	Run npm test	2026-09-06T06:05:12.0094634Z      ^[[32m✓^[[39m RA-139 leaves every write path working outside a commit, and a reading hook untouched^[[32m 1^[[2mms^[[22m^[[39m
quality (node 24)	Run npm test	2026-09-06T06:05:12.1010441Z ^[[90mstderr^[[2m | packages/core/test/integration/phase7-walker-demo.test.ts^[[2m > ^[[22m^[[2mPhase 7: Walker Demo Integration Suite^[[2m > ^[[22m^[[2m9. Use React usePatch hook at the React boundary
quality (node 24)	Run npm test	2026-09-06T06:05:12.1096927Z ^[[22m^[[39mreact-test-renderer is deprecated. See https://react.dev/warnings/react-test-renderer
quality (node 24)	Run npm test	2026-09-06T06:05:12.1123704Z An update to Root inside a test was not wrapped in act(...).
quality (node 24)	Run npm test	2026-09-06T06:05:12.1141415Z 
quality (node 24)	Run npm test	2026-09-06T06:05:12.1142134Z When testing, code that causes React state updates should be wrapped into act(...):
quality (node 24)	Run npm test	2026-09-06T06:05:12.1142794Z 
quality (node 24)	Run npm test	2026-09-06T06:05:12.1142982Z act(() => {
quality (node 24)	Run npm test	2026-09-06T06:05:12.1143463Z   /* fire events that update state */
quality (node 24)	Run npm test	2026-09-06T06:05:12.1143983Z });
quality (node 24)	Run npm test	2026-09-06T06:05:12.1144398Z /* assert on the output */
quality (node 24)	Run npm test	2026-09-06T06:05:12.1144709Z 
quality (node 24)	Run npm test	2026-09-06T06:05:12.1145784Z This ensures that you're testing the behavior the user would see in the browser. Learn more at https://react.dev/link/wrap-tests-with-act
quality (node 24)	Run npm test	2026-09-06T06:05:12.1146769Z 
quality (node 24)	Run npm test	2026-09-06T06:05:12.1286380Z  ^[[32m✓^[[39m packages/core/test/integration/phase7-walker-demo.test.ts ^[[2m(^[[22m^[[2m13 tests^[[22m^[[2m)^[[22m^[[32m 124^[[2mms^[[22m^[[39m
quality (node 24)	Run npm test	2026-09-06T06:05:12.1298953Z  ^[[32m✓^[[39m packages/core/test/unit/runtime/schema-transaction.test.ts ^[[2m(^[[22m^[[2m9 tests^[[22m^[[2m)^[[22m^[[32m 31^[[2mms^[[22m^[[39m
quality (node 24)	Run npm test	2026-09-06T06:05:12.3108258Z  ^[[32m✓^[[39m packages/core/test/unit/runtime/keyframe-property-edit.test.ts ^[[2m(^[[22m^[[2m8 tests^[[22m^[[2m)^[[22m^[[32m 68^[[2mms^[[22m^[[39m
quality (node 24)	Run npm test	2026-09-06T06:05:12.3976647Z  ^[[32m✓^[[39m packages/core/test/unit/graph/resolve-solvers.test.ts ^[[2m(^[[22m^[[2m10 tests^[[22m^[[2m)^[[22m^[[32m 31^[[2mms^[[22m^[[39m
quality (node 24)	Run npm test	2026-09-06T06:05:12.4937073Z  ^[[32m✓^[[39m packages/core/test/unit/runtime/live-value-updates.test.ts ^[[2m(^[[22m^[[2m12 tests^[[22m^[[2m)^[[22m^[[32m 81^[[2mms^[[22m^[[39m
quality (node 24)	Run npm test	2026-09-06T06:05:12.5955585Z  ^[[32m✓^[[39m packages/core/test/unit/runtime/handle-base.test.ts ^[[2m(^[[22m^[[2m9 tests^[[22m^[[2m)^[[22m^[[32m 26^[[2mms^[[22m^[[39m
quality (node 24)	Run npm test	2026-09-06T06:05:12.6503539Z  ^[[32m✓^[[39m packages/core/test/unit/runtime/plugin-group-edit.test.ts ^[[2m(^[[22m^[[2m9 tests^[[22m^[[2m)^[[22m^[[32m 37^[[2mms^[[22m^[[39m
quality (node 24)	Run npm test	2026-09-06T06:05:12.8243174Z  ^[[32m✓^[[39m packages/core/test/integration/bare-authored-leaf.test.ts ^[[2m(^[[22m^[[2m12 tests^[[22m^[[2m)^[[22m^[[32m 69^[[2mms^[[22m^[[39m
quality (node 24)	Run npm test	2026-09-06T06:05:12.8669395Z  ^[[32m✓^[[39m packages/core/test/unit/runtime/plugin-require-edit.test.ts ^[[2m(^[[22m^[[2m9 tests^[[22m^[[2m)^[[22m^[[32m 35^[[2mms^[[22m^[[39m
quality (node 24)	Run npm test	2026-09-06T06:05:12.8907542Z  ^[[32m✓^[[39m packages/core/test/unit/runtime/structural-commit-flush.test.ts ^[[2m(^[[22m^[[2m9 tests^[[22m^[[2m)^[[22m^[[32m 29^[[2mms^[[22m^[[39m
quality (node 24)	Run npm test	2026-09-06T06:05:13.0777987Z  ^[[32m✓^[[39m packages/core/test/unit/domain/dict-valued-requirements.test.ts ^[[2m(^[[22m^[[2m12 tests^[[22m^[[2m)^[[22m^[[32m 22^[[2mms^[[22m^[[39m
quality (node 24)	Run npm test	2026-09-06T06:05:13.1281413Z  ^[[32m✓^[[39m packages/core/test/unit/runtime/commit-write-cost.test.ts ^[[2m(^[[22m^[[2m6 tests^[[22m^[[2m)^[[22m^[[32m 32^[[2mms^[[22m^[[39m
quality (node 24)	Run npm test	2026-09-06T06:05:13.1693588Z  ^[[32m✓^[[39m packages/core/test/integration/t4-runtime-motion-parity.test.ts ^[[2m(^[[22m^[[2m7 tests^[[22m^[[2m)^[[22m^[[32m 33^[[2mms^[[22m^[[39m
quality (node 24)	Run npm test	2026-09-06T06:05:13.3184967Z  ^[[32m✓^[[39m packages/core/test/unit/runtime/immediate-verb-refusal.test.ts ^[[2m(^[[22m^[[2m7 tests^[[22m^[[2m)^[[22m^[[32m 19^[[2mms^[[22m^[[39m
quality (node 24)	Run npm test	2026-09-06T06:05:13.4133367Z  ^[[32m✓^[[39m packages/core/test/unit/runtime/motion-driver-edit.test.ts ^[[2m(^[[22m^[[2m9 tests^[[22m^[[2m)^[[22m^[[32m 21^[[2mms^[[22m^[[39m
quality (node 24)	Run npm test	2026-09-06T06:05:13.5408854Z  ^[[32m✓^[[39m packages/core/test/unit/plugins/fabrik-solve.test.ts ^[[2m(^[[22m^[[2m8 tests^[[22m^[[2m)^[[22m^[[32m 27^[[2mms^[[22m^[[39m
quality (node 24)	Run npm test	2026-09-06T06:05:13.7168169Z  ^[[32m✓^[[39m packages/core/test/unit/runtime/recompile-predicate.test.ts ^[[2m(^[[22m^[[2m5 tests^[[22m^[[2m)^[[22m^[[32m 55^[[2mms^[[22m^[[39m
quality (node 24)	Run npm test	2026-09-06T06:05:13.8201640Z  ^[[32m✓^[[39m packages/core/test/integration/engine-teardown-ownership.test.ts ^[[2m(^[[22m^[[2m6 tests^[[22m^[[2m)^[[22m^[[32m 19^[[2mms^[[22m^[[39m
quality (node 24)	Run npm test	2026-09-06T06:05:13.9403878Z  ^[[32m✓^[[39m packages/core/test/unit/runtime/publisher-solver-members.test.ts ^[[2m(^[[22m^[[2m6 tests^[[22m^[[2m)^[[22m^[[32m 16^[[2mms^[[22m^[[39m
quality (node 24)	Run npm test	2026-09-06T06:05:14.0553271Z  ^[[32m✓^[[39m packages/core/test/unit/runtime/stale-track-handle.test.ts ^[[2m(^[[22m^[[2m8 tests^[[22m^[[2m)^[[22m^[[32m 29^[[2mms^[[22m^[[39m
quality (node 24)	Run npm test	2026-09-06T06:05:14.1689100Z  ^[[32m✓^[[39m packages/core/test/unit/graph/solver-goals.test.ts ^[[2m(^[[22m^[[2m11 tests^[[22m^[[2m)^[[22m^[[32m 24^[[2mms^[[22m^[[39m
quality (node 24)	Run npm test	2026-09-06T06:05:14.3233537Z  ^[[32m✓^[[39m packages/core/test/unit/scripts/apply-ai-edit.test.ts ^[[2m(^[[22m^[[2m19 tests^[[22m^[[2m)^[[22m^[[33m 979^[[2mms^[[22m^[[39m
quality (node 24)	Run npm test	2026-09-06T06:05:14.3410919Z  ^[[32m✓^[[39m packages/core/test/integration/plugin-group-values-section.test.ts ^[[2m(^[[22m^[[2m13 tests^[[22m^[[2m)^[[22m^[[32m 44^[[2mms^[[22m^[[39m
quality (node 24)	Run npm test	2026-09-06T06:05:14.4376998Z  ^[[32m✓^[[39m packages/core/test/unit/scripts/read-budget-scan.test.ts ^[[2m(^[[22m^[[2m18 tests^[[22m^[[2m)^[[22m^[[32m 61^[[2mms^[[22m^[[39m
quality (node 24)	Run npm test	2026-09-06T06:05:14.6408865Z  ^[[32m✓^[[39m packages/core/test/unit/domain/plugins.test.ts ^[[2m(^[[22m^[[2m19 tests^[[22m^[[2m)^[[22m^[[32m 18^[[2mms^[[22m^[[39m
quality (node 24)	Run npm test	2026-09-06T06:05:14.7162190Z  ^[[32m✓^[[39m packages/core/test/contract/gsap-patch-keys.test.ts ^[[2m(^[[22m^[[2m11 tests^[[22m^[[2m)^[[22m^[[32m 45^[[2mms^[[22m^[[39m
quality (node 24)	Run npm test	2026-09-06T06:05:14.7403446Z  ^[[32m✓^[[39m packages/core/test/integration/trigger-time-loop.test.ts ^[[2m(^[[22m^[[2m11 tests^[[22m^[[2m)^[[22m^[[32m 46^[[2mms^[[22m^[[39m
quality (node 24)	Run npm test	2026-09-06T06:05:14.8365252Z  ^[[32m✓^[[39m packages/core/test/unit/domain/track-live-values.test.ts ^[[2m(^[[22m^[[2m7 tests^[[22m^[[2m)^[[22m^[[32m 12^[[2mms^[[22m^[[39m
quality (node 24)	Run npm test	2026-09-06T06:05:14.9767157Z  ^[[32m✓^[[39m packages/core/test/unit/runtime/snapshot-one-walk.test.ts ^[[2m(^[[22m^[[2m3 tests^[[22m^[[2m)^[[22m^[[32m 19^[[2mms^[[22m^[[39m
quality (node 24)	Run npm test	2026-09-06T06:05:15.0540173Z  ^[[32m✓^[[39m packages/core/test/integration/authored-leaf-reader.test.ts ^[[2m(^[[22m^[[2m4 tests^[[22m^[[2m)^[[22m^[[32m 13^[[2mms^[[22m^[[39m
quality (node 24)	Run npm test	2026-09-06T06:05:15.1033430Z  ^[[32m✓^[[39m packages/core/test/unit/scripts/boundary-scan.test.ts ^[[2m(^[[22m^[[2m18 tests^[[22m^[[2m)^[[22m^[[32m 159^[[2mms^[[22m^[[39m
quality (node 24)	Run npm test	2026-09-06T06:05:15.2196874Z  ^[[32m✓^[[39m packages/core/test/unit/runtime/declined-build-write-drop.test.ts ^[[2m(^[[22m^[[2m3 tests^[[22m^[[2m)^[[22m^[[32m 19^[[2mms^[[22m^[[39m
quality (node 24)	Run npm test	2026-09-06T06:05:15.2504157Z  ^[[32m✓^[[39m packages/core/test/unit/graph/solved-pivot-offset.test.ts ^[[2m(^[[22m^[[2m3 tests^[[22m^[[2m)^[[22m^[[32m 10^[[2mms^[[22m^[[39m
quality (node 24)	Run npm test	2026-09-06T06:05:15.3403244Z  ^[[32m✓^[[39m packages/core/test/unit/domain/motion-track-resolution.test.ts ^[[2m(^[[22m^[[2m12 tests^[[22m^[[2m)^[[22m^[[32m 23^[[2mms^[[22m^[[39m
quality (node 24)	Run npm test	2026-09-06T06:05:15.4133533Z  ^[[32m✓^[[39m packages/core/test/unit/graph/solved-rotation-weight.test.ts ^[[2m(^[[22m^[[2m5 tests^[[22m^[[2m)^[[22m^[[32m 13^[[2mms^[[22m^[[39m
quality (node 24)	Run npm test	2026-09-06T06:05:15.5746027Z  ^[[32m✓^[[39m packages/core/test/integration/solver-member-cache.test.ts ^[[2m(^[[22m^[[2m4 tests^[[22m^[[2m)^[[22m^[[32m 57^[[2mms^[[22m^[[39m
quality (node 24)	Run npm test	2026-09-06T06:05:15.6384358Z  ^[[32m✓^[[39m packages/core/test/unit/runtime/clock-consumer-error-boundary.test.ts ^[[2m(^[[22m^[[2m7 tests^[[22m^[[2m)^[[22m^[[32m 15^[[2mms^[[22m^[[39m
quality (node 24)	Run npm test	2026-09-06T06:05:15.6900023Z  ^[[32m✓^[[39m packages/core/test/integration/ik-fabrik-chain.test.ts ^[[2m(^[[22m^[[2m2 tests^[[22m^[[2m)^[[22m^[[32m 55^[[2mms^[[22m^[[39m
quality (node 24)	Run npm test	2026-09-06T06:05:15.8432221Z  ^[[32m✓^[[39m packages/core/test/unit/graph/graph-dependants.test.ts ^[[2m(^[[22m^[[2m5 tests^[[22m^[[2m)^[[22m^[[32m 15^[[2mms^[[22m^[[39m
quality (node 24)	Run npm test	2026-09-06T06:05:15.9043049Z  ^[[32m✓^[[39m packages/core/test/integration/ik-two-bone.test.ts ^[[2m(^[[22m^[[2m4 tests^[[22m^[[2m)^[[22m^[[32m 36^[[2mms^[[22m^[[39m
quality (node 24)	Run npm test	2026-09-06T06:05:15.9398513Z  ^[[32m✓^[[39m packages/core/test/unit/runtime/dependants-of-reverse-topology.test.ts ^[[2m(^[[22m^[[2m3 tests^[[22m^[[2m)^[[22m^[[32m 16^[[2mms^[[22m^[[39m
quality (node 24)	Run npm test	2026-09-06T06:05:16.0944796Z  ^[[32m✓^[[39m packages/core/test/integration/rollback-error-precedence.test.ts ^[[2m(^[[22m^[[2m3 tests^[[22m^[[2m)^[[22m^[[32m 21^[[2mms^[[22m^[[39m
quality (node 24)	Run npm test	2026-09-06T06:05:16.1556157Z  ^[[32m✓^[[39m packages/core/test/unit/runtime/removal-flush-seed.test.ts ^[[2m(^[[22m^[[2m2 tests^[[22m^[[2m)^[[22m^[[32m 15^[[2mms^[[22m^[[39m
quality (node 24)	Run npm test	2026-09-06T06:05:16.2128503Z  ^[[32m✓^[[39m packages/core/test/unit/domain/motion-dispose-ownership.test.ts ^[[2m(^[[22m^[[2m5 tests^[[22m^[[2m)^[[22m^[[32m 20^[[2mms^[[22m^[[39m
quality (node 24)	Run npm test	2026-09-06T06:05:16.3320673Z  ^[[32m✓^[[39m packages/core/test/unit/adapters/incremental-graph-builder-eviction.test.ts ^[[2m(^[[22m^[[2m7 tests^[[22m^[[2m)^[[22m^[[32m 21^[[2mms^[[22m^[[39m
quality (node 24)	Run npm test	2026-09-06T06:05:16.3642098Z  ^[[32m✓^[[39m packages/core/test/unit/graph/finalize-graph.test.ts ^[[2m(^[[22m^[[2m4 tests^[[22m^[[2m)^[[22m^[[32m 11^[[2mms^[[22m^[[39m
quality (node 24)	Run npm test	2026-09-06T06:05:16.4983583Z  ^[[32m✓^[[39m packages/core/test/contract/microtask-scheduler.test.ts ^[[2m(^[[22m^[[2m8 tests^[[22m^[[2m)^[[22m^[[32m 11^[[2mms^[[22m^[[39m
quality (node 24)	Run npm test	2026-09-06T06:05:16.5792960Z  ^[[32m✓^[[39m packages/core/test/unit/domain/motion-track-mutation-atomicity.test.ts ^[[2m(^[[22m^[[2m6 tests^[[22m^[[2m)^[[22m^[[32m 15^[[2mms^[[22m^[[39m
quality (node 24)	Run npm test	2026-09-06T06:05:16.6012278Z  ^[[32m✓^[[39m packages/core/test/integration/adoption.test.ts ^[[2m(^[[22m^[[2m10 tests^[[22m^[[2m)^[[22m^[[32m 24^[[2mms^[[22m^[[39m
quality (node 24)	Run npm test	2026-09-06T06:05:16.7135586Z  ^[[32m✓^[[39m packages/core/test/contract/v5-validator.test.ts ^[[2m(^[[22m^[[2m14 tests^[[22m^[[2m)^[[22m^[[32m 15^[[2mms^[[22m^[[39m
quality (node 24)	Run npm test	2026-09-06T06:05:16.8074658Z  ^[[32m✓^[[39m packages/core/test/unit/plugins/fabrik-dispatch.test.ts ^[[2m(^[[22m^[[2m3 tests^[[22m^[[2m)^[[22m^[[32m 8^[[2mms^[[22m^[[39m
quality (node 24)	Run npm test	2026-09-06T06:05:16.8563428Z  ^[[32m✓^[[39m packages/core/test/unit/runtime/mount-flush-seed.test.ts ^[[2m(^[[22m^[[2m3 tests^[[22m^[[2m)^[[22m^[[32m 24^[[2mms^[[22m^[[39m
quality (node 24)	Run npm test	2026-09-06T06:05:16.9151201Z  ^[[32m✓^[[39m packages/core/test/unit/plugins/ik-solve.test.ts ^[[2m(^[[22m^[[2m6 tests^[[22m^[[2m)^[[22m^[[32m 9^[[2mms^[[22m^[[39m
quality (node 24)	Run npm test	2026-09-06T06:05:17.0622090Z  ^[[32m✓^[[39m packages/core/test/unit/graph/incremental-cache.test.ts ^[[2m(^[[22m^[[2m6 tests^[[22m^[[2m)^[[22m^[[32m 18^[[2mms^[[22m^[[39m
quality (node 24)	Run npm test	2026-09-06T06:05:17.1040449Z  ^[[32m✓^[[39m packages/core/test/integration/motion-trigger-types.test.ts ^[[2m(^[[22m^[[2m4 tests^[[22m^[[2m)^[[22m^[[32m 26^[[2mms^[[22m^[[39m
quality (node 24)	Run npm test	2026-09-06T06:05:17.2046838Z  ^[[32m✓^[[39m packages/core/test/integration/plugin-owned-requirements.test.ts ^[[2m(^[[22m^[[2m6 tests^[[22m^[[2m)^[[22m^[[32m 45^[[2mms^[[22m^[[39m
quality (node 24)	Run npm test	2026-09-06T06:05:17.3043149Z  ^[[32m✓^[[39m packages/core/test/unit/plugins/fk-solved-weight.test.ts ^[[2m(^[[22m^[[2m7 tests^[[22m^[[2m)^[[22m^[[32m 13^[[2mms^[[22m^[[39m
quality (node 24)	Run npm test	2026-09-06T06:05:17.3184120Z  ^[[32m✓^[[39m packages/core/test/integration/phase0-red-baseline.test.ts ^[[2m(^[[22m^[[2m5 tests^[[22m^[[2m)^[[22m^[[32m 26^[[2mms^[[22m^[[39m
quality (node 24)	Run npm test	2026-09-06T06:05:17.4347141Z  ^[[32m✓^[[39m packages/core/test/unit/scripts/source-region-anchors.test.ts ^[[2m(^[[22m^[[2m3 tests^[[22m^[[2m)^[[22m^[[32m 46^[[2mms^[[22m^[[39m
quality (node 24)	Run npm test	2026-09-06T06:05:17.5282316Z  ^[[32m✓^[[39m packages/core/test/unit/graph/single-input-channel.test.ts ^[[2m(^[[22m^[[2m7 tests^[[22m^[[2m)^[[22m^[[32m 13^[[2mms^[[22m^[[39m
quality (node 24)	Run npm test	2026-09-06T06:05:17.5723694Z  ^[[32m✓^[[39m packages/core/test/integration/replace-track-transactionality.test.ts ^[[2m(^[[22m^[[2m4 tests^[[22m^[[2m)^[[22m^[[32m 31^[[2mms^[[22m^[[39m
quality (node 24)	Run npm test	2026-09-06T06:05:17.6673516Z  ^[[32m✓^[[39m packages/core/test/integration/phase4-dynamic-lifecycle.test.ts ^[[2m(^[[22m^[[2m6 tests^[[22m^[[2m)^[[22m^[[32m 26^[[2mms^[[22m^[[39m
quality (node 24)	Run npm test	2026-09-06T06:05:17.7751768Z  ^[[32m✓^[[39m packages/core/test/unit/domain/track-compose-from.test.ts ^[[2m(^[[22m^[[2m7 tests^[[22m^[[2m)^[[22m^[[32m 11^[[2mms^[[22m^[[39m
quality (node 24)	Run npm test	2026-09-06T06:05:17.8282920Z  ^[[32m✓^[[39m packages/core/test/contract/trigger-factory.test.ts ^[[2m(^[[22m^[[2m9 tests^[[22m^[[2m)^[[22m^[[32m 22^[[2mms^[[22m^[[39m
quality (node 24)	Run npm test	2026-09-06T06:05:17.8869736Z  ^[[32m✓^[[39m packages/core/test/unit/graph/arity-lift.test.ts ^[[2m(^[[22m^[[2m2 tests^[[22m^[[2m)^[[22m^[[32m 13^[[2mms^[[22m^[[39m
quality (node 24)	Run npm test	2026-09-06T06:05:17.9601890Z  ^[[32m✓^[[39m packages/core/test/unit/domain/plugin-contribution-contract.test.ts ^[[2m(^[[22m^[[2m6 tests^[[22m^[[2m)^[[22m^[[32m 11^[[2mms^[[22m^[[39m
quality (node 24)	Run npm test	2026-09-06T06:05:18.0549915Z  ^[[32m✓^[[39m packages/core/test/unit/domain/track.test.ts ^[[2m(^[[22m^[[2m9 tests^[[22m^[[2m)^[[22m^[[32m 18^[[2mms^[[22m^[[39m
quality (node 24)	Run npm test	2026-09-06T06:05:18.1003220Z  ^[[32m✓^[[39m packages/core/test/unit/plugins/fk-pivot-offset.test.ts ^[[2m(^[[22m^[[2m6 tests^[[22m^[[2m)^[[22m^[[32m 11^[[2mms^[[22m^[[39m
quality (node 24)	Run npm test	2026-09-06T06:05:18.2237838Z  ^[[32m✓^[[39m packages/core/test/contract/gsap-one-tween.test.ts ^[[2m(^[[22m^[[2m11 tests^[[22m^[[2m)^[[22m^[[32m 35^[[2mms^[[22m^[[39m
quality (node 24)	Run npm test	2026-09-06T06:05:18.3440328Z  ^[[32m✓^[[39m packages/core/test/unit/runtime/track-staging.test.ts ^[[2m(^[[22m^[[2m4 tests^[[22m^[[2m)^[[22m^[[32m 17^[[2mms^[[22m^[[39m
quality (node 24)	Run npm test	2026-09-06T06:05:18.4938335Z  ^[[32m✓^[[39m packages/core/test/integration/trigger-time.test.ts ^[[2m(^[[22m^[[2m7 tests^[[22m^[[2m)^[[22m^[[32m 27^[[2mms^[[22m^[[39m
quality (node 24)	Run npm test	2026-09-06T06:05:18.5720101Z  ^[[32m✓^[[39m packages/core/test/unit/runtime/publisher-reentrancy.test.ts ^[[2m(^[[22m^[[2m5 tests^[[22m^[[2m)^[[22m^[[32m 18^[[2mms^[[22m^[[39m
quality (node 24)	Run npm test	2026-09-06T06:05:18.6803590Z  ^[[32m✓^[[39m packages/core/test/unit/domain/authored-group-values-one-reader.test.ts ^[[2m(^[[22m^[[2m3 tests^[[22m^[[2m)^[[22m^[[32m 9^[[2mms^[[22m^[[39m
quality (node 24)	Run npm test	2026-09-06T06:05:18.7938660Z  ^[[32m✓^[[39m packages/core/test/unit/domain/motion.test.ts ^[[2m(^[[22m^[[2m11 tests^[[22m^[[2m)^[[22m^[[32m 21^[[2mms^[[22m^[[39m
quality (node 24)	Run npm test	2026-09-06T06:05:18.9201520Z  ^[[32m✓^[[39m packages/core/test/unit/runtime/patch-registry.test.ts ^[[2m(^[[22m^[[2m10 tests^[[22m^[[2m)^[[22m^[[32m 16^[[2mms^[[22m^[[39m
quality (node 24)	Run npm test	2026-09-06T06:05:19.1499484Z  ^[[32m✓^[[39m packages/core/test/unit/graph/observation-state.test.ts ^[[2m(^[[22m^[[2m8 tests^[[22m^[[2m)^[[22m^[[32m 17^[[2mms^[[22m^[[39m
quality (node 24)	Run npm test	2026-09-06T06:05:19.1778627Z  ^[[32m✓^[[39m packages/core/test/integration/ik-multi-goal.test.ts ^[[2m(^[[22m^[[2m2 tests^[[22m^[[2m)^[[22m^[[32m 46^[[2mms^[[22m^[[39m
quality (node 24)	Run npm test	2026-09-06T06:05:19.4769702Z  ^[[32m✓^[[39m packages/core/test/integration/trigger-scroll.test.ts ^[[2m(^[[22m^[[2m6 tests^[[22m^[[2m)^[[22m^[[32m 29^[[2mms^[[22m^[[39m
quality (node 24)	Run npm test	2026-09-06T06:05:19.5110609Z  ^[[32m✓^[[39m packages/core/test/integration/mutation-transactionality.test.ts ^[[2m(^[[22m^[[2m3 tests^[[22m^[[2m)^[[22m^[[32m 47^[[2mms^[[22m^[[39m
quality (node 24)	Run npm test	2026-09-06T06:05:19.7753591Z  ^[[32m✓^[[39m packages/core/test/unit/adapters/time-loop-cycle.test.ts ^[[2m(^[[22m^[[2m10 tests^[[22m^[[2m)^[[22m^[[32m 13^[[2mms^[[22m^[[39m
quality (node 24)	Run npm test	2026-09-06T06:05:19.7821970Z  ^[[32m✓^[[39m packages/core/test/integration/engine-x3-contribution.test.ts ^[[2m(^[[22m^[[2m5 tests^[[22m^[[2m)^[[22m^[[32m 44^[[2mms^[[22m^[[39m
quality (node 24)	Run npm test	2026-09-06T06:05:20.0539579Z  ^[[32m✓^[[39m packages/core/test/integration/phase3-trigger-port.test.ts ^[[2m(^[[22m^[[2m5 tests^[[22m^[[2m)^[[22m^[[32m 19^[[2mms^[[22m^[[39m
quality (node 24)	Run npm test	2026-09-06T06:05:20.1178643Z  ^[[32m✓^[[39m packages/core/test/integration/per-plugin-key-ownership.test.ts ^[[2m(^[[22m^[[2m4 tests^[[22m^[[2m)^[[22m^[[32m 44^[[2mms^[[22m^[[39m
quality (node 24)	Run npm test	2026-09-06T06:05:20.2829605Z  ^[[32m✓^[[39m packages/core/test/unit/runtime/publisher-snapshot-memo.test.ts ^[[2m(^[[22m^[[2m4 tests^[[22m^[[2m)^[[22m^[[32m 17^[[2mms^[[22m^[[39m
quality (node 24)	Run npm test	2026-09-06T06:05:20.4649546Z  ^[[32m✓^[[39m packages/core/test/unit/runtime/live-value-animated.test.ts ^[[2m(^[[22m^[[2m3 tests^[[22m^[[2m)^[[22m^[[32m 53^[[2mms^[[22m^[[39m
quality (node 24)	Run npm test	2026-09-06T06:05:20.5493374Z  ^[[32m✓^[[39m packages/core/test/integration/p2-runtime-smells.test.ts ^[[2m(^[[22m^[[2m6 tests^[[22m^[[2m)^[[22m^[[32m 14^[[2mms^[[22m^[[39m
quality (node 24)	Run npm test	2026-09-06T06:05:20.7083472Z  ^[[32m✓^[[39m packages/core/test/unit/graph/solver-goal-required.test.ts ^[[2m(^[[22m^[[2m2 tests^[[22m^[[2m)^[[22m^[[32m 13^[[2mms^[[22m^[[39m
quality (node 24)	Run npm test	2026-09-06T06:05:20.7713419Z  ^[[32m✓^[[39m packages/core/test/unit/graph/observation-target-removal.test.ts ^[[2m(^[[22m^[[2m5 tests^[[22m^[[2m)^[[22m^[[32m 8^[[2mms^[[22m^[[39m
quality (node 24)	Run npm test	2026-09-06T06:05:21.0363485Z  ^[[32m✓^[[39m packages/core/test/integration/option-c-track-resolution.test.ts ^[[2m(^[[22m^[[2m5 tests^[[22m^[[2m)^[[22m^[[32m 37^[[2mms^[[22m^[[39m
quality (node 24)	Run npm test	2026-09-06T06:05:21.0436111Z  ^[[32m✓^[[39m packages/core/test/contract/validation-owner.test.ts ^[[2m(^[[22m^[[2m6 tests^[[22m^[[2m)^[[22m^[[32m 17^[[2mms^[[22m^[[39m
quality (node 24)	Run npm test	2026-09-06T06:05:21.2763407Z  ^[[32m✓^[[39m packages/core/test/unit/domain/plugin-requirements.test.ts ^[[2m(^[[22m^[[2m6 tests^[[22m^[[2m)^[[22m^[[32m 11^[[2mms^[[22m^[[39m
quality (node 24)	Run npm test	2026-09-06T06:05:21.2960682Z  ^[[32m✓^[[39m packages/core/test/unit/scripts/public-declaration-surface.test.ts ^[[2m(^[[22m^[[2m3 tests^[[22m^[[2m)^[[22m^[[33m 3060^[[2mms^[[22m^[[39m
quality (node 24)	Run npm test	2026-09-06T06:05:21.2962983Z      ^[[33m^[[2m✓^[[22m^[[39m scans the emitted entry declaration closure, not just source strings ^[[33m 3057^[[2mms^[[22m^[[39m
quality (node 24)	Run npm test	2026-09-06T06:05:21.3225166Z  ^[[32m✓^[[39m packages/core/test/integration/phase2-motion-scheduling.test.ts ^[[2m(^[[22m^[[2m5 tests^[[22m^[[2m)^[[22m^[[32m 17^[[2mms^[[22m^[[39m
quality (node 24)	Run npm test	2026-09-06T06:05:21.4764528Z  ^[[32m✓^[[39m packages/core/test/unit/plugins/angle-blend.test.ts ^[[2m(^[[22m^[[2m4 tests^[[22m^[[2m)^[[22m^[[32m 7^[[2mms^[[22m^[[39m
quality (node 24)	Run npm test	2026-09-06T06:05:21.5139351Z  ^[[32m✓^[[39m packages/core/test/unit/plugins/fabrik-arity-one.test.ts ^[[2m(^[[22m^[[2m1 test^[[22m^[[2m)^[[22m^[[32m 9^[[2mms^[[22m^[[39m
quality (node 24)	Run npm test	2026-09-06T06:05:21.5722566Z  ^[[32m✓^[[39m packages/core/test/integration/live-value-composition.test.ts ^[[2m(^[[22m^[[2m2 tests^[[22m^[[2m)^[[22m^[[32m 31^[[2mms^[[22m^[[39m
quality (node 24)	Run npm test	2026-09-06T06:05:21.7505483Z  ^[[32m✓^[[39m packages/core/test/integration/unified-mutation-surface.test.ts ^[[2m(^[[22m^[[2m5 tests^[[22m^[[2m)^[[22m^[[32m 30^[[2mms^[[22m^[[39m
quality (node 24)	Run npm test	2026-09-06T06:05:21.7900177Z  ^[[32m✓^[[39m packages/core/test/integration/runtime-motion-lifecycle.test.ts ^[[2m(^[[22m^[[2m6 tests^[[22m^[[2m)^[[22m^[[32m 24^[[2mms^[[22m^[[39m
quality (node 24)	Run npm test	2026-09-06T06:05:21.8073966Z  ^[[32m✓^[[39m packages/core/test/unit/runtime/clock-tick-identity.test.ts ^[[2m(^[[22m^[[2m4 tests^[[22m^[[2m)^[[22m^[[32m 19^[[2mms^[[22m^[[39m
quality (node 24)	Run npm test	2026-09-06T06:05:21.9931309Z  ^[[32m✓^[[39m packages/core/test/contract/gsap-equivalence.test.ts ^[[2m(^[[22m^[[2m6 tests^[[22m^[[2m)^[[22m^[[32m 21^[[2mms^[[22m^[[39m
quality (node 24)	Run npm test	2026-09-06T06:05:22.0069008Z  ^[[32m✓^[[39m packages/core/test/unit/runtime/patch-registry-structural-change.test.ts ^[[2m(^[[22m^[[2m7 tests^[[22m^[[2m)^[[22m^[[32m 8^[[2mms^[[22m^[[39m
quality (node 24)	Run npm test	2026-09-06T06:05:22.0753392Z  ^[[32m✓^[[39m packages/core/test/integration/observation-identity.test.ts ^[[2m(^[[22m^[[2m5 tests^[[22m^[[2m)^[[22m^[[32m 32^[[2mms^[[22m^[[39m
quality (node 24)	Run npm test	2026-09-06T06:05:22.2083208Z  ^[[32m✓^[[39m packages/core/test/integration/cross-motion.test.ts ^[[2m(^[[22m^[[2m3 tests^[[22m^[[2m)^[[22m^[[32m 16^[[2mms^[[22m^[[39m
quality (node 24)	Run npm test	2026-09-06T06:05:22.2725534Z  ^[[32m✓^[[39m packages/core/test/integration/issue-114-motion-track-regressions.test.ts ^[[2m(^[[22m^[[2m5 tests^[[22m^[[2m)^[[22m^[[32m 28^[[2mms^[[22m^[[39m
quality (node 24)	Run npm test	2026-09-06T06:05:22.2820423Z  ^[[32m✓^[[39m packages/core/test/unit/graph/ir-validation.test.ts ^[[2m(^[[22m^[[2m6 tests^[[22m^[[2m)^[[22m^[[32m 12^[[2mms^[[22m^[[39m
quality (node 24)	Run npm test	2026-09-06T06:05:22.4003268Z  ^[[32m✓^[[39m packages/core/test/unit/graph/order.test.ts ^[[2m(^[[22m^[[2m8 tests^[[22m^[[2m)^[[22m^[[32m 9^[[2mms^[[22m^[[39m
quality (node 24)	Run npm test	2026-09-06T06:05:22.4929241Z  ^[[32m✓^[[39m packages/core/test/unit/domain/motion-progress-range.test.ts ^[[2m(^[[22m^[[2m4 tests^[[22m^[[2m)^[[22m^[[32m 11^[[2mms^[[22m^[[39m
quality (node 24)	Run npm test	2026-09-06T06:05:22.6301866Z  ^[[32m✓^[[39m packages/core/test/integration/diagnostics.test.ts ^[[2m(^[[22m^[[2m4 tests^[[22m^[[2m)^[[22m^[[32m 12^[[2mms^[[22m^[[39m
quality (node 24)	Run npm test	2026-09-06T06:05:22.6953517Z  ^[[32m✓^[[39m packages/core/test/unit/adapters/trigger-factory-no-fallback.test.ts ^[[2m(^[[22m^[[2m3 tests^[[22m^[[2m)^[[22m^[[32m 6^[[2mms^[[22m^[[39m
quality (node 24)	Run npm test	2026-09-06T06:05:22.8854311Z  ^[[32m✓^[[39m packages/core/test/unit/runtime/composition-output-shape.test.ts ^[[2m(^[[22m^[[2m3 tests^[[22m^[[2m)^[[22m^[[32m 19^[[2mms^[[22m^[[39m
quality (node 24)	Run npm test	2026-09-06T06:05:22.9452439Z  ^[[32m✓^[[39m packages/core/test/contract/gsap-authored-duration.test.ts ^[[2m(^[[22m^[[2m5 tests^[[22m^[[2m)^[[22m^[[32m 27^[[2mms^[[22m^[[39m
quality (node 24)	Run npm test	2026-09-06T06:05:23.1345803Z  ^[[32m✓^[[39m packages/core/test/unit/runtime/scheduler-reentrancy.test.ts ^[[2m(^[[22m^[[2m4 tests^[[22m^[[2m)^[[22m^[[32m 17^[[2mms^[[22m^[[39m
quality (node 24)	Run npm test	2026-09-06T06:05:23.1814086Z  ^[[32m✓^[[39m packages/core/test/contract/project-templates-removal.test.ts ^[[2m(^[[22m^[[2m2 tests^[[22m^[[2m)^[[22m^[[32m 11^[[2mms^[[22m^[[39m
quality (node 24)	Run npm test	2026-09-06T06:05:23.3743653Z  ^[[32m✓^[[39m packages/core/test/unit/runtime/patch-registry-subscriber-errors.test.ts ^[[2m(^[[22m^[[2m4 tests^[[22m^[[2m)^[[22m^[[32m 23^[[2mms^[[22m^[[39m
quality (node 24)	Run npm test	2026-09-06T06:05:23.5024427Z  ^[[32m✓^[[39m packages/core/test/integration/adopted-track-immutability.test.ts ^[[2m(^[[22m^[[2m4 tests^[[22m^[[2m)^[[22m^[[32m 29^[[2mms^[[22m^[[39m
quality (node 24)	Run npm test	2026-09-06T06:05:23.6093449Z  ^[[32m✓^[[39m packages/core/test/unit/adapters/scroll-trigger-gsap.test.ts ^[[2m(^[[22m^[[2m4 tests^[[22m^[[2m)^[[22m^[[32m 12^[[2mms^[[22m^[[39m
quality (node 24)	Run npm test	2026-09-06T06:05:23.7543284Z  ^[[32m✓^[[39m packages/core/test/integration/publisher-output-merge-consistency.test.ts ^[[2m(^[[22m^[[2m2 tests^[[22m^[[2m)^[[22m^[[32m 10^[[2mms^[[22m^[[39m
quality (node 24)	Run npm test	2026-09-06T06:05:23.8433337Z  ^[[32m✓^[[39m packages/core/test/unit/runtime/publisher-requirement-inputs.test.ts ^[[2m(^[[22m^[[2m2 tests^[[22m^[[2m)^[[22m^[[32m 6^[[2mms^[[22m^[[39m
quality (node 24)	Run npm test	2026-09-06T06:05:24.0365096Z  ^[[32m✓^[[39m packages/core/test/integration/replace-motion-track.test.ts ^[[2m(^[[22m^[[2m3 tests^[[22m^[[2m)^[[22m^[[32m 29^[[2mms^[[22m^[[39m
quality (node 24)	Run npm test	2026-09-06T06:05:24.1433292Z  ^[[32m✓^[[39m packages/core/test/integration/keyframe-groups.test.ts ^[[2m(^[[22m^[[2m3 tests^[[22m^[[2m)^[[22m^[[32m 37^[[2mms^[[22m^[[39m
quality (node 24)	Run npm test	2026-09-06T06:05:24.3433451Z  ^[[32m✓^[[39m packages/core/test/integration/engine-headless.test.ts ^[[2m(^[[22m^[[2m4 tests^[[22m^[[2m)^[[22m^[[32m 28^[[2mms^[[22m^[[39m
quality (node 24)	Run npm test	2026-09-06T06:05:24.3973265Z  ^[[32m✓^[[39m packages/core/test/unit/scripts/session-status-shape.test.ts ^[[2m(^[[22m^[[2m3 tests^[[22m^[[2m)^[[22m^[[32m 11^[[2mms^[[22m^[[39m
quality (node 24)	Run npm test	2026-09-06T06:05:24.6291657Z  ^[[32m✓^[[39m packages/core/test/integration/internal-key-strip.test.ts ^[[2m(^[[22m^[[2m3 tests^[[22m^[[2m)^[[22m^[[32m 21^[[2mms^[[22m^[[39m
quality (node 24)	Run npm test	2026-09-06T06:05:24.6813072Z  ^[[32m✓^[[39m packages/core/test/integration/handle-adoption.test.ts ^[[2m(^[[22m^[[2m4 tests^[[22m^[[2m)^[[22m^[[32m 28^[[2mms^[[22m^[[39m
quality (node 24)	Run npm test	2026-09-06T06:05:24.9046399Z  ^[[32m✓^[[39m packages/core/test/integration/remount.test.ts ^[[2m(^[[22m^[[2m2 tests^[[22m^[[2m)^[[22m^[[32m 24^[[2mms^[[22m^[[39m
quality (node 24)	Run npm test	2026-09-06T06:05:24.9182616Z  ^[[32m✓^[[39m packages/core/test/contract/ports.test.ts ^[[2m(^[[22m^[[2m7 tests^[[22m^[[2m)^[[22m^[[32m 14^[[2mms^[[22m^[[39m
quality (node 24)	Run npm test	2026-09-06T06:05:25.1511404Z  ^[[32m✓^[[39m packages/core/test/unit/graph/edge-order.test.ts ^[[2m(^[[22m^[[2m2 tests^[[22m^[[2m)^[[22m^[[32m 19^[[2mms^[[22m^[[39m
quality (node 24)	Run npm test	2026-09-06T06:05:25.2580927Z ^[[90mstderr^[[2m | packages/react/test/public-hook-render.test.ts^[[2m > ^[[22m^[[2mReact public hook render/update (C2)^[[2m > ^[[22m^[[2mrenders the current patch and updates after publication
quality (node 24)	Run npm test	2026-09-06T06:05:25.2585163Z ^[[22m^[[39mreact-test-renderer is deprecated. See https://react.dev/warnings/react-test-renderer
quality (node 24)	Run npm test	2026-09-06T06:05:25.2586694Z An update to Root inside a test was not wrapped in act(...).
quality (node 24)	Run npm test	2026-09-06T06:05:25.2587448Z 
quality (node 24)	Run npm test	2026-09-06T06:05:25.2588269Z When testing, code that causes React state updates should be wrapped into act(...):
quality (node 24)	Run npm test	2026-09-06T06:05:25.2589144Z 
quality (node 24)	Run npm test	2026-09-06T06:05:25.2589511Z act(() => {
quality (node 24)	Run npm test	2026-09-06T06:05:25.2590181Z   /* fire events that update state */
quality (node 24)	Run npm test	2026-09-06T06:05:25.2590941Z });
quality (node 24)	Run npm test	2026-09-06T06:05:25.2591933Z /* assert on the output */
quality (node 24)	Run npm test	2026-09-06T06:05:25.2592463Z 
quality (node 24)	Run npm test	2026-09-06T06:05:25.2593748Z This ensures that you're testing the behavior the user would see in the browser. Learn more at https://react.dev/link/wrap-tests-with-act
quality (node 24)	Run npm test	2026-09-06T06:05:25.2595034Z 
quality (node 24)	Run npm test	2026-09-06T06:05:25.2736604Z ^[[90mstderr^[[2m | packages/react/test/public-hook-render.test.ts^[[2m > ^[[22m^[[2mReact public hook render/update (C2)^[[2m > ^[[22m^[[2mH-4 hands a consumer the same stripped values the publisher retained
quality (node 24)	Run npm test	2026-09-06T06:05:25.2766574Z ^[[22m^[[39mreact-test-renderer is deprecated. See https://react.dev/warnings/react-test-renderer
quality (node 24)	Run npm test	2026-09-06T06:05:25.2793573Z An update to Root inside a test was not wrapped in act(...).
quality (node 24)	Run npm test	2026-09-06T06:05:25.2795186Z  ^[[32m✓^[[39m packages/react/test/public-hook-render.test.ts ^[[2m(^[[22m^[[2m2 tests^[[22m^[[2m)^[[22m^[[32m 40^[[2mms^[[22m^[[39m
quality (node 24)	Run npm test	2026-09-06T06:05:25.2796438Z 
quality (node 24)	Run npm test	2026-09-06T06:05:25.2797281Z When testing, code that causes React state updates should be wrapped into act(...):
quality (node 24)	Run npm test	2026-09-06T06:05:25.2798106Z 
quality (node 24)	Run npm test	2026-09-06T06:05:25.2798542Z act(() => {
quality (node 24)	Run npm test	2026-09-06T06:05:25.2799219Z   /* fire events that update state */
quality (node 24)	Run npm test	2026-09-06T06:05:25.2799918Z });
quality (node 24)	Run npm test	2026-09-06T06:05:25.2800511Z /* assert on the output */
quality (node 24)	Run npm test	2026-09-06T06:05:25.2801356Z 
quality (node 24)	Run npm test	2026-09-06T06:05:25.2802697Z This ensures that you're testing the behavior the user would see in the browser. Learn more at https://react.dev/link/wrap-tests-with-act
quality (node 24)	Run npm test	2026-09-06T06:05:25.2803292Z 
quality (node 24)	Run npm test	2026-09-06T06:05:25.3687832Z  ^[[32m✓^[[39m packages/core/test/unit/graph/references.test.ts ^[[2m(^[[22m^[[2m7 tests^[[22m^[[2m)^[[22m^[[32m 10^[[2mms^[[22m^[[39m
quality (node 24)	Run npm test	2026-09-06T06:05:25.4879477Z  ^[[32m✓^[[39m packages/core/test/integration/graph-publisher.test.ts ^[[2m(^[[22m^[[2m3 tests^[[22m^[[2m)^[[22m^[[32m 8^[[2mms^[[22m^[[39m
quality (node 24)	Run npm test	2026-09-06T06:05:25.6005024Z  ^[[32m✓^[[39m packages/core/test/integration/project-runtime.test.ts ^[[2m(^[[22m^[[2m4 tests^[[22m^[[2m)^[[22m^[[32m 15^[[2mms^[[22m^[[39m
quality (node 24)	Run npm test	2026-09-06T06:05:25.6955395Z  ^[[32m✓^[[39m packages/core/test/contract/adapters.test.ts ^[[2m(^[[22m^[[2m4 tests^[[22m^[[2m)^[[22m^[[32m 12^[[2mms^[[22m^[[39m
quality (node 24)	Run npm test	2026-09-06T06:05:25.8230880Z  ^[[32m✓^[[39m packages/core/test/integration/flush-output-merge.test.ts ^[[2m(^[[22m^[[2m2 tests^[[22m^[[2m)^[[22m^[[32m 6^[[2mms^[[22m^[[39m
quality (node 24)	Run npm test	2026-09-06T06:05:25.9116614Z  ^[[32m✓^[[39m packages/core/test/integration/graph-runtime.test.ts ^[[2m(^[[22m^[[2m4 tests^[[22m^[[2m)^[[22m^[[32m 17^[[2mms^[[22m^[[39m
quality (node 24)	Run npm test	2026-09-06T06:05:26.0904552Z  ^[[32m✓^[[39m packages/core/test/contract/gsap-absolute-stops.test.ts ^[[2m(^[[22m^[[2m3 tests^[[22m^[[2m)^[[22m^[[32m 19^[[2mms^[[22m^[[39m
quality (node 24)	Run npm test	2026-09-06T06:05:26.1570085Z  ^[[32m✓^[[39m packages/core/test/integration/graph-rollback.test.ts ^[[2m(^[[22m^[[2m4 tests^[[22m^[[2m)^[[22m^[[32m 16^[[2mms^[[22m^[[39m
quality (node 24)	Run npm test	2026-09-06T06:05:26.2987723Z  ^[[32m✓^[[39m packages/core/test/unit/plugins/fk-solver-override.test.ts ^[[2m(^[[22m^[[2m3 tests^[[22m^[[2m)^[[22m^[[32m 5^[[2mms^[[22m^[[39m
quality (node 24)	Run npm test	2026-09-06T06:05:26.4713886Z  ^[[32m✓^[[39m packages/core/test/integration/engine-load-validation.test.ts ^[[2m(^[[22m^[[2m4 tests^[[22m^[[2m)^[[22m^[[32m 23^[[2mms^[[22m^[[39m
quality (node 24)	Run npm test	2026-09-06T06:05:26.5342649Z  ^[[32m✓^[[39m packages/core/test/migration/v4-to-v5.test.ts ^[[2m(^[[22m^[[2m6 tests^[[22m^[[2m)^[[22m^[[32m 11^[[2mms^[[22m^[[39m
quality (node 24)	Run npm test	2026-09-06T06:05:26.7114693Z  ^[[32m✓^[[39m packages/core/test/integration/partial-seed-inputs.test.ts ^[[2m(^[[22m^[[2m1 test^[[22m^[[2m)^[[22m^[[32m 8^[[2mms^[[22m^[[39m
quality (node 24)	Run npm test	2026-09-06T06:05:26.7708845Z  ^[[32m✓^[[39m packages/core/test/contract/graph-builder-incremental.test.ts ^[[2m(^[[22m^[[2m3 tests^[[22m^[[2m)^[[22m^[[32m 12^[[2mms^[[22m^[[39m
quality (node 24)	Run npm test	2026-09-06T06:05:26.9660010Z  ^[[32m✓^[[39m packages/core/test/integration/dom-patch-apply.test.ts ^[[2m(^[[22m^[[2m2 tests^[[22m^[[2m)^[[22m^[[32m 9^[[2mms^[[22m^[[39m
quality (node 24)	Run npm test	2026-09-06T06:05:27.0353445Z  ^[[32m✓^[[39m packages/core/test/integration/single-input-channel.test.ts ^[[2m(^[[22m^[[2m1 test^[[22m^[[2m)^[[22m^[[32m 35^[[2mms^[[22m^[[39m
quality (node 24)	Run npm test	2026-09-06T06:05:27.1774111Z  ^[[32m✓^[[39m packages/core/test/unit/domain/track-node-id.test.ts ^[[2m(^[[22m^[[2m3 tests^[[22m^[[2m)^[[22m^[[32m 5^[[2mms^[[22m^[[39m
quality (node 24)	Run npm test	2026-09-06T06:05:27.2316222Z  ^[[32m✓^[[39m packages/core/test/unit/runtime/patch-registry-listener-snapshot.test.ts ^[[2m(^[[22m^[[2m3 tests^[[22m^[[2m)^[[22m^[[32m 7^[[2mms^[[22m^[[39m
quality (node 24)	Run npm test	2026-09-06T06:05:27.3785146Z  ^[[32m✓^[[39m packages/core/test/unit/domain/time-driver.test.ts ^[[2m(^[[22m^[[2m3 tests^[[22m^[[2m)^[[22m^[[32m 8^[[2mms^[[22m^[[39m
quality (node 24)	Run npm test	2026-09-06T06:05:27.4814444Z  ^[[32m✓^[[39m packages/core/test/integration/adopt-destroy-readopt.test.ts ^[[2m(^[[22m^[[2m1 test^[[22m^[[2m)^[[22m^[[32m 15^[[2mms^[[22m^[[39m
quality (node 24)	Run npm test	2026-09-06T06:05:27.5738072Z  ^[[32m✓^[[39m packages/core/test/unit/graph/edge-key-separator.test.ts ^[[2m(^[[22m^[[2m2 tests^[[22m^[[2m)^[[22m^[[32m 10^[[2mms^[[22m^[[39m
quality (node 24)	Run npm test	2026-09-06T06:05:27.6594034Z  ^[[32m✓^[[39m packages/core/test/unit/scripts/governance-gates.test.ts ^[[2m(^[[22m^[[2m5 tests^[[22m^[[2m)^[[22m^[[32m 8^[[2mms^[[22m^[[39m
quality (node 24)	Run npm test	2026-09-06T06:05:27.8005049Z  ^[[32m✓^[[39m packages/core/test/unit/graph/requirement-edge-construction.test.ts ^[[2m(^[[22m^[[2m3 tests^[[22m^[[2m)^[[22m^[[32m 11^[[2mms^[[22m^[[39m
quality (node 24)	Run npm test	2026-09-06T06:05:27.9070280Z ^[[90mstderr^[[2m | packages/react/test/public-package-surface.test.ts^[[2m > ^[[22m^[[2mReact public package surface (C2)^[[2m > ^[[22m^[[2mrenders and updates through the package entry alone
quality (node 24)	Run npm test	2026-09-06T06:05:27.9081679Z ^[[22m^[[39mreact-test-renderer is deprecated. See https://react.dev/warnings/react-test-renderer
quality (node 24)	Run npm test	2026-09-06T06:05:27.9082949Z An update to Root inside a test was not wrapped in act(...).
quality (node 24)	Run npm test	2026-09-06T06:05:27.9083465Z 
quality (node 24)	Run npm test	2026-09-06T06:05:27.9084112Z When testing, code that causes React state updates should be wrapped into act(...):
quality (node 24)	Run npm test	2026-09-06T06:05:27.9084822Z 
quality (node 24)	Run npm test	2026-09-06T06:05:27.9084991Z act(() => {
quality (node 24)	Run npm test	2026-09-06T06:05:27.9085458Z   /* fire events that update state */
quality (node 24)	Run npm test	2026-09-06T06:05:27.9085958Z });
quality (node 24)	Run npm test	2026-09-06T06:05:27.9086370Z /* assert on the output */
quality (node 24)	Run npm test	2026-09-06T06:05:27.9086672Z 
quality (node 24)	Run npm test	2026-09-06T06:05:27.9087749Z This ensures that you're testing the behavior the user would see in the browser. Learn more at https://react.dev/link/wrap-tests-with-act
quality (node 24)	Run npm test	2026-09-06T06:05:27.9088737Z 
quality (node 24)	Run npm test	2026-09-06T06:05:27.9127778Z  ^[[32m✓^[[39m packages/react/test/public-package-surface.test.ts ^[[2m(^[[22m^[[2m1 test^[[22m^[[2m)^[[22m^[[32m 20^[[2mms^[[22m^[[39m
quality (node 24)	Run npm test	2026-09-06T06:05:28.0443194Z  ^[[32m✓^[[39m packages/core/test/integration/motion-trigger-lifecycle.test.ts ^[[2m(^[[22m^[[2m1 test^[[22m^[[2m)^[[22m^[[32m 10^[[2mms^[[22m^[[39m
quality (node 24)	Run npm test	2026-09-06T06:05:28.1486528Z  ^[[32m✓^[[39m packages/react/test/patch-store-lifecycle.test.ts ^[[2m(^[[22m^[[2m2 tests^[[22m^[[2m)^[[22m^[[32m 14^[[2mms^[[22m^[[39m
quality (node 24)	Run npm test	2026-09-06T06:05:28.3030238Z  ^[[32m✓^[[39m packages/core/test/unit/domain/plugin-contribution-completeness.test.ts ^[[2m(^[[22m^[[2m3 tests^[[22m^[[2m)^[[22m^[[32m 10^[[2mms^[[22m^[[39m
quality (node 24)	Run npm test	2026-09-06T06:05:28.3861674Z  ^[[32m✓^[[39m packages/core/test/unit/domain/s7-plugin-evidence.test.ts ^[[2m(^[[22m^[[2m3 tests^[[22m^[[2m)^[[22m^[[32m 12^[[2mms^[[22m^[[39m
quality (node 24)	Run npm test	2026-09-06T06:05:28.5132121Z  ^[[32m✓^[[39m packages/react/test/patch-store-destroy.test.ts ^[[2m(^[[22m^[[2m3 tests^[[22m^[[2m)^[[22m^[[32m 7^[[2mms^[[22m^[[39m
quality (node 24)	Run npm test	2026-09-06T06:05:28.6286136Z  ^[[32m✓^[[39m packages/core/test/contract/gsap-sparse-percent-map.test.ts ^[[2m(^[[22m^[[2m3 tests^[[22m^[[2m)^[[22m^[[32m 21^[[2mms^[[22m^[[39m
quality (node 24)	Run npm test	2026-09-06T06:05:28.7408572Z  ^[[32m✓^[[39m packages/core/test/integration/dom-plugin-metadata.test.ts ^[[2m(^[[22m^[[2m1 test^[[22m^[[2m)^[[22m^[[32m 8^[[2mms^[[22m^[[39m
quality (node 24)	Run npm test	2026-09-06T06:05:28.8946740Z  ^[[32m✓^[[39m packages/core/test/contract/gsap-paused-timeline.test.ts ^[[2m(^[[22m^[[2m2 tests^[[22m^[[2m)^[[22m^[[32m 9^[[2mms^[[22m^[[39m
quality (node 24)	Run npm test	2026-09-06T06:05:28.9988758Z  ^[[32m✓^[[39m packages/core/test/unit/scripts/public-port-types.test.ts ^[[2m(^[[22m^[[2m2 tests^[[22m^[[2m)^[[22m^[[33m 6540^[[2mms^[[22m^[[39m
quality (node 24)	Run npm test	2026-09-06T06:05:28.9991718Z      ^[[33m^[[2m✓^[[22m^[[39m K-9 names all five port contracts from the entry declarations ^[[33m 1774^[[2mms^[[22m^[[39m
quality (node 24)	Run npm test	2026-09-06T06:05:28.9993942Z      ^[[33m^[[2m✓^[[22m^[[39m K-10 still cannot name a runtime internal through the same entry ^[[33m 1776^[[2mms^[[22m^[[39m
quality (node 24)	Run npm test	2026-09-06T06:05:29.0842017Z  ^[[32m✓^[[39m packages/core/test/integration/end-to-end.test.ts ^[[2m(^[[22m^[[2m1 test^[[22m^[[2m)^[[22m^[[32m 18^[[2mms^[[22m^[[39m
quality (node 24)	Run npm test	2026-09-06T06:05:29.1313290Z  ^[[32m✓^[[39m packages/core/test/unit/engine/motion-entry-shape.test.ts ^[[2m(^[[22m^[[2m3 tests^[[22m^[[2m)^[[22m^[[32m 6^[[2mms^[[22m^[[39m
quality (node 24)	Run npm test	2026-09-06T06:05:29.2456097Z  ^[[32m✓^[[39m packages/core/test/integration/contract-baseline.test.ts ^[[2m(^[[22m^[[2m5 tests^[[22m^[[2m)^[[22m^[[32m 16^[[2mms^[[22m^[[39m
quality (node 24)	Run npm test	2026-09-06T06:05:29.3083332Z  ^[[32m✓^[[39m packages/core/test/unit/graph/edge-key-canonical.test.ts ^[[2m(^[[22m^[[2m3 tests^[[22m^[[2m)^[[22m^[[32m 6^[[2mms^[[22m^[[39m
quality (node 24)	Run npm test	2026-09-06T06:05:29.3210309Z  ^[[32m✓^[[39m packages/core/test/unit/domain/lifecycle.test.ts ^[[2m(^[[22m^[[2m5 tests^[[22m^[[2m)^[[22m^[[32m 10^[[2mms^[[22m^[[39m
quality (node 24)	Run npm test	2026-09-06T06:05:29.4614476Z  ^[[32m✓^[[39m packages/core/test/unit/scripts/acceptance-scan.test.ts ^[[2m(^[[22m^[[2m3 tests^[[22m^[[2m)^[[22m^[[32m 24^[[2mms^[[22m^[[39m
quality (node 24)	Run npm test	2026-09-06T06:05:29.5033464Z  ^[[32m✓^[[39m packages/core/test/unit/graph/ids.test.ts ^[[2m(^[[22m^[[2m5 tests^[[22m^[[2m)^[[22m^[[32m 10^[[2mms^[[22m^[[39m
quality (node 24)	Run npm test	2026-09-06T06:05:29.5530290Z  ^[[32m✓^[[39m packages/core/test/integration/project-handle-surface.test.ts ^[[2m(^[[22m^[[2m1 test^[[22m^[[2m)^[[22m^[[32m 11^[[2mms^[[22m^[[39m
quality (node 24)	Run npm test	2026-09-06T06:05:29.6734834Z  ^[[32m✓^[[39m packages/core/test/unit/domain/values.test.ts ^[[2m(^[[22m^[[2m6 tests^[[22m^[[2m)^[[22m^[[32m 9^[[2mms^[[22m^[[39m
quality (node 24)	Run npm test	2026-09-06T06:05:29.6823200Z  ^[[32m✓^[[39m packages/core/test/unit/runtime/patch-registry-retention.test.ts ^[[2m(^[[22m^[[2m2 tests^[[22m^[[2m)^[[22m^[[32m 7^[[2mms^[[22m^[[39m
quality (node 24)	Run npm test	2026-09-06T06:05:29.7369729Z  ^[[32m✓^[[39m packages/core/test/unit/adapters/scroll-trigger-range.test.ts ^[[2m(^[[22m^[[2m1 test^[[22m^[[2m)^[[22m^[[32m 7^[[2mms^[[22m^[[39m
quality (node 24)	Run npm test	2026-09-06T06:05:29.8663599Z  ^[[32m✓^[[39m packages/core/test/unit/scripts/mutation-config.test.ts ^[[2m(^[[22m^[[2m1 test^[[22m^[[2m)^[[22m^[[32m 8^[[2mms^[[22m^[[39m
quality (node 24)	Run npm test	2026-09-06T06:05:29.8787088Z  ^[[32m✓^[[39m packages/core/test/integration/dom-transform-removal.test.ts ^[[2m(^[[22m^[[2m2 tests^[[22m^[[2m)^[[22m^[[32m 5^[[2mms^[[22m^[[39m
quality (node 24)	Run npm test	2026-09-06T06:05:29.9243533Z  ^[[32m✓^[[39m packages/react/test/patch-store.test.ts ^[[2m(^[[22m^[[2m1 test^[[22m^[[2m)^[[22m^[[32m 6^[[2mms^[[22m^[[39m
quality (node 24)	Run npm test	2026-09-06T06:05:30.0526748Z  ^[[32m✓^[[39m packages/core/test/unit/scripts/s7-recovery-audit.test.ts ^[[2m(^[[22m^[[2m1 test^[[22m^[[2m)^[[22m^[[32m 5^[[2mms^[[22m^[[39m
quality (node 24)	Run npm test	2026-09-06T06:05:30.0805999Z  ^[[32m✓^[[39m packages/core/test/contract/s4-validation-owner.test.ts ^[[2m(^[[22m^[[2m2 tests^[[22m^[[2m)^[[22m^[[32m 4^[[2mms^[[22m^[[39m
quality (node 24)	Run npm test	2026-09-06T06:05:30.1417850Z  ^[[32m✓^[[39m packages/core/test/integration/membership-gating.test.ts ^[[2m(^[[22m^[[2m1 test^[[22m^[[2m)^[[22m^[[32m 11^[[2mms^[[22m^[[39m
quality (node 24)	Run npm test	2026-09-06T06:05:30.2938109Z  ^[[32m✓^[[39m packages/core/test/integration/runtime-motion-trigger-validation.test.ts ^[[2m(^[[22m^[[2m1 test^[[22m^[[2m)^[[22m^[[32m 9^[[2mms^[[22m^[[39m
quality (node 24)	Run npm test	2026-09-06T06:05:30.3243661Z  ^[[32m✓^[[39m packages/core/test/integration/plugin-use-contract.test.ts ^[[2m(^[[22m^[[2m1 test^[[22m^[[2m)^[[22m^[[32m 6^[[2mms^[[22m^[[39m
quality (node 24)	Run npm test	2026-09-06T06:05:30.3791463Z  ^[[32m✓^[[39m packages/core/test/contract/gsap-multi-stop.test.ts ^[[2m(^[[22m^[[2m1 test^[[22m^[[2m)^[[22m^[[32m 9^[[2mms^[[22m^[[39m
quality (node 24)	Run npm test	2026-09-06T06:05:30.5103265Z  ^[[32m✓^[[39m packages/core/test/unit/placeholder.test.ts ^[[2m(^[[22m^[[2m2 tests^[[22m^[[2m)^[[22m^[[32m 6^[[2mms^[[22m^[[39m
quality (node 24)	Run npm test	2026-09-06T06:05:30.5200048Z  ^[[32m✓^[[39m packages/core/test/integration/golden-roundtrip.test.ts ^[[2m(^[[22m^[[2m1 test^[[22m^[[2m)^[[22m^[[32m 12^[[2mms^[[22m^[[39m
quality (node 24)	Run npm test	2026-09-06T06:05:30.5583383Z  ^[[32m✓^[[39m packages/react/test/public-hook.test.ts ^[[2m(^[[22m^[[2m1 test^[[22m^[[2m)^[[22m^[[32m 3^[[2mms^[[22m^[[39m
quality (node 24)	Run npm test	2026-09-06T06:05:30.5635251Z 
quality (node 24)	Run npm test	2026-09-06T06:05:30.5636293Z ^[[31m⎯⎯⎯⎯⎯⎯⎯^[[39m^[[1m^[[41m Failed Tests 6 ^[[49m^[[22m^[[31m⎯⎯⎯⎯⎯⎯⎯^[[39m
quality (node 24)	Run npm test	2026-09-06T06:05:30.5637214Z 
quality (node 24)	Run npm test	2026-09-06T06:05:30.5640632Z ^[[41m^[[1m FAIL ^[[22m^[[49m packages/core/test/unit/runtime/structural-commit-path.test.ts^[[2m > ^[[22mproject release preserves the outcome it follows^[[2m > ^[[22mRA-140 attempts every release after detach and graph disposal failures
quality (node 24)	Run npm test	2026-09-06T06:05:30.5645657Z ^[[31m^[[1mAssertionError^[[22m: expected [Function] to not throw an error but 'Error: detach failed' was thrown^[[39m
quality (node 24)	Run npm test	2026-09-06T06:05:30.5646524Z 
quality (node 24)	Run npm test	2026-09-06T06:05:30.5647073Z ^[[32m- Expected:^[[39m
quality (node 24)	Run npm test	2026-09-06T06:05:30.5647446Z undefined
quality (node 24)	Run npm test	2026-09-06T06:05:30.5647648Z 
quality (node 24)	Run npm test	2026-09-06T06:05:30.5647811Z ^[[31m+ Received:^[[39m
quality (node 24)	Run npm test	2026-09-06T06:05:30.5648081Z "Error: detach failed"
quality (node 24)	Run npm test	2026-09-06T06:05:30.5648279Z 
quality (node 24)	Run npm test	2026-09-06T06:05:30.5649251Z ^[[36m ^[[2m❯^[[22m packages/core/test/unit/runtime/structural-commit-path.test.ts:^[[2m395:41^[[22m^[[39m
quality (node 24)	Run npm test	2026-09-06T06:05:30.5782373Z     ^[[90m393|^[[39m       ^[[35mthrow^[[39m ^[[35mnew^[[39m ^[[33mError^[[39m(^[[32m"graph failed"^[[39m)^[[33m;^[[39m
quality (node 24)	Run npm test	2026-09-06T06:05:30.5783491Z     ^[[90m394|^[[39m     })^[[33m;^[[39m
quality (node 24)	Run npm test	2026-09-06T06:05:30.5784965Z     ^[[90m395|^[[39m     ^[[34mexpect^[[39m(() ^[[33m=>^[[39m runtime^[[33m.^[[39m^[[34mdispose^[[39m())^[[33m.^[[39mnot^[[33m.^[[39m^[[34mtoThrow^[[39m()^[[33m;^[[39m
quality (node 24)	Run npm test	2026-09-06T06:05:30.5786402Z     ^[[90m   |^[[39m                                         ^[[31m^^[[39m
quality (node 24)	Run npm test	2026-09-06T06:05:30.5787569Z     ^[[90m396|^[[39m     expect(release).toEqual([`detach ${ADDED_ID}`, `detach ${NODE_ID}`…
quality (node 24)	Run npm test	2026-09-06T06:05:30.5789070Z     ^[[90m397|^[[39m     ^[[34mexpect^[[39m(runtime^[[33m.^[[39minstanceCount)^[[33m.^[[39m^[[34mtoBe^[[39m(^[[34m0^[[39m)^[[33m;^[[39m
quality (node 24)	Run npm test	2026-09-06T06:05:30.5789839Z 
quality (node 24)	Run npm test	2026-09-06T06:05:30.5790282Z ^[[31m^[[2m⎯⎯⎯⎯⎯⎯⎯⎯⎯⎯⎯⎯⎯⎯⎯⎯⎯⎯⎯⎯⎯⎯⎯⎯[1/6]⎯^[[22m^[[39m
quality (node 24)	Run npm test	2026-09-06T06:05:30.5790657Z 
quality (node 24)	Run npm test	2026-09-06T06:05:30.5793024Z ^[[41m^[[1m FAIL ^[[22m^[[49m packages/core/test/unit/runtime/structural-commit-path.test.ts^[[2m > ^[[22mproject release preserves the outcome it follows^[[2m > ^[[22mRA-141 preserves effect and rollback diagnoses ahead of a failing release
quality (node 24)	Run npm test	2026-09-06T06:05:30.5795994Z ^[[31m^[[1mAssertionError^[[22m: expected Error: release failed to be Error: effect refused // Object.is equality^[[39m
quality (node 24)	Run npm test	2026-09-06T06:05:30.5796869Z 
quality (node 24)	Run npm test	2026-09-06T06:05:30.5797113Z ^[[32m- Expected^[[39m
quality (node 24)	Run npm test	2026-09-06T06:05:30.5797595Z ^[[31m+ Received^[[39m
quality (node 24)	Run npm test	2026-09-06T06:05:30.5797831Z 
quality (node 24)	Run npm test	2026-09-06T06:05:30.5798057Z ^[[2m  Error {^[[22m
quality (node 24)	Run npm test	2026-09-06T06:05:30.5798695Z ^[[32m-   "message": "effect refused",^[[39m
quality (node 24)	Run npm test	2026-09-06T06:05:30.5799392Z ^[[31m+   "message": "release failed",^[[39m
quality (node 24)	Run npm test	2026-09-06T06:05:30.5799919Z ^[[2m  }^[[22m
quality (node 24)	Run npm test	2026-09-06T06:05:30.5800123Z 
quality (node 24)	Run npm test	2026-09-06T06:05:30.5801249Z ^[[36m ^[[2m❯^[[22m packages/core/test/unit/runtime/structural-commit-path.test.ts:^[[2m451:29^[[22m^[[39m
quality (node 24)	Run npm test	2026-09-06T06:05:30.5802927Z     ^[[90m449|^[[39m         ^[[34mexpect^[[39m(thrown)^[[33m.^[[39m^[[34mtoBeInstanceOf^[[39m(^[[33mAggregateError^[[39m)^[[33m;^[[39m
quality (node 24)	Run npm test	2026-09-06T06:05:30.5804328Z     ^[[90m450|^[[39m         expect((thrown as AggregateError).errors).toEqual([rejection, …
quality (node 24)	Run npm test	2026-09-06T06:05:30.5805704Z     ^[[90m451|^[[39m       } ^[[35melse^[[39m ^[[34mexpect^[[39m(thrown)^[[33m.^[[39m^[[34mtoBe^[[39m(rejection)^[[33m;^[[39m
quality (node 24)	Run npm test	2026-09-06T06:05:30.5807120Z     ^[[90m   |^[[39m                             ^[[31m^^[[39m
quality (node 24)	Run npm test	2026-09-06T06:05:30.5808167Z     ^[[90m452|^[[39m       expect(journal.entries.slice(-2)).toEqual(["stage-rollback hero/…
quality (node 24)	Run npm test	2026-09-06T06:05:30.5809384Z     ^[[90m453|^[[39m       expect(runtime.diagnostics.entries.map(({ message }) => message)…
quality (node 24)	Run npm test	2026-09-06T06:05:30.5809987Z 
quality (node 24)	Run npm test	2026-09-06T06:05:30.5810416Z ^[[31m^[[2m⎯⎯⎯⎯⎯⎯⎯⎯⎯⎯⎯⎯⎯⎯⎯⎯⎯⎯⎯⎯⎯⎯⎯⎯[2/6]⎯^[[22m^[[39m
quality (node 24)	Run npm test	2026-09-06T06:05:30.5810785Z 
quality (node 24)	Run npm test	2026-09-06T06:05:30.5813076Z ^[[41m^[[1m FAIL ^[[22m^[[49m packages/core/test/unit/runtime/structural-commit-path.test.ts^[[2m > ^[[22mproject release preserves the outcome it follows^[[2m > ^[[22mRA-142 returns the accepted handle despite deferred release failure
quality (node 24)	Run npm test	2026-09-06T06:05:30.5815290Z ^[[31m^[[1mAssertionError^[[22m: expected Error: release failed to be undefined^[[39m
quality (node 24)	Run npm test	2026-09-06T06:05:30.5815887Z 
quality (node 24)	Run npm test	2026-09-06T06:05:30.5816122Z ^[[32m- Expected:^[[39m
quality (node 24)	Run npm test	2026-09-06T06:05:30.5816514Z undefined
quality (node 24)	Run npm test	2026-09-06T06:05:30.5816953Z 
quality (node 24)	Run npm test	2026-09-06T06:05:30.5817211Z ^[[31m+ Received:^[[39m
quality (node 24)	Run npm test	2026-09-06T06:05:30.5817596Z Error {
quality (node 24)	Run npm test	2026-09-06T06:05:30.5817997Z   "message": "release failed",
quality (node 24)	Run npm test	2026-09-06T06:05:30.5818418Z }
quality (node 24)	Run npm test	2026-09-06T06:05:30.5818605Z 
quality (node 24)	Run npm test	2026-09-06T06:05:30.5819507Z ^[[36m ^[[2m❯^[[22m packages/core/test/unit/runtime/structural-commit-path.test.ts:^[[2m468:28^[[22m^[[39m
quality (node 24)	Run npm test	2026-09-06T06:05:30.5821311Z     ^[[90m466|^[[39m     ^[[35mconst^[[39m before ^[[33m=^[[39m runtime^[[33m.^[[39mgraph^[[33m.^[[39msequence^[[33m;^[[39m
quality (node 24)	Run npm test	2026-09-06T06:05:30.5822669Z     ^[[90m467|^[[39m     const outcome = outcomeOf(() => runtime.addTrack({ id: "hand" }, {…
quality (node 24)	Run npm test	2026-09-06T06:05:30.5824037Z     ^[[90m468|^[[39m     ^[[34mexpect^[[39m(outcome^[[33m.^[[39mthrown)^[[33m.^[[39m^[[34mtoBeUndefined^[[39m()^[[33m;^[[39m
quality (node 24)	Run npm test	2026-09-06T06:05:30.5825174Z     ^[[90m   |^[[39m                            ^[[31m^^[[39m
quality (node 24)	Run npm test	2026-09-06T06:05:30.5826469Z     ^[[90m469|^[[39m     ^[[34mexpect^[[39m(outcome^[[33m.^[[39mvalue^[[33m?.^[[39mid)^[[33m.^[[39m^[[34mtoBe^[[39m(^[[33mADDED_ID^[[39m)^[[33m;^[[39m
quality (node 24)	Run npm test	2026-09-06T06:05:30.5828175Z     ^[[90m470|^[[39m     ^[[34mexpect^[[39m(outcome^[[33m.^[[39mvalue^[[33m?.^[[39mlive)^[[33m.^[[39m^[[34mtoBe^[[39m(^[[35mfalse^[[39m)^[[33m;^[[39m
quality (node 24)	Run npm test	2026-09-06T06:05:30.5828973Z 
quality (node 24)	Run npm test	2026-09-06T06:05:30.5829418Z ^[[31m^[[2m⎯⎯⎯⎯⎯⎯⎯⎯⎯⎯⎯⎯⎯⎯⎯⎯⎯⎯⎯⎯⎯⎯⎯⎯[3/6]⎯^[[22m^[[39m
quality (node 24)	Run npm test	2026-09-06T06:05:30.5829788Z 
quality (node 24)	Run npm test	2026-09-06T06:05:30.5835049Z ^[[41m^[[1m FAIL ^[[22m^[[49m packages/core/test/unit/runtime/structural-commit-path.test.ts^[[2m > ^[[22mproject release preserves the outcome it follows^[[2m > ^[[22mRA-143 retains the disposal refusal and counts a thrown undefined release
quality (node 24)	Run npm test	2026-09-06T06:05:30.5837425Z ^[[31m^[[1mAssertionError^[[22m: expected undefined to be an instance of Error^[[39m
quality (node 24)	Run npm test	2026-09-06T06:05:30.5838947Z ^[[36m ^[[2m❯^[[22m packages/core/test/unit/runtime/structural-commit-path.test.ts:^[[2m488:20^[[22m^[[39m
quality (node 24)	Run npm test	2026-09-06T06:05:30.5840214Z     ^[[90m486|^[[39m     host^[[33m.^[[39mruntime ^[[33m=^[[39m runtime^[[33m;^[[39m
quality (node 24)	Run npm test	2026-09-06T06:05:30.5841585Z     ^[[90m487|^[[39m     const thrown = thrownBy(() => runtime.addTrack({ id: "hand" }, { m…
quality (node 24)	Run npm test	2026-09-06T06:05:30.5842980Z     ^[[90m488|^[[39m     ^[[34mexpect^[[39m(thrown)^[[33m.^[[39m^[[34mtoBeInstanceOf^[[39m(^[[33mError^[[39m)^[[33m;^[[39m
quality (node 24)	Run npm test	2026-09-06T06:05:30.5843774Z     ^[[90m   |^[[39m                    ^[[31m^^[[39m
quality (node 24)	Run npm test	2026-09-06T06:05:30.5844510Z     ^[[90m489|^[[39m     ^[[34mexpect^[[39m(thrown)^[[33m.^[[39mnot^[[33m.^[[39m^[[34mtoBeInstanceOf^[[39m(^[[33mAggregateError^[[39m)^[[33m;^[[39m
quality (node 24)	Run npm test	2026-09-06T06:05:30.5845345Z     ^[[90m490|^[[39m     expect((thrown as Error).message).toBe("ProjectRuntime is disposed…
quality (node 24)	Run npm test	2026-09-06T06:05:30.5845701Z 
quality (node 24)	Run npm test	2026-09-06T06:05:30.5845954Z ^[[31m^[[2m⎯⎯⎯⎯⎯⎯⎯⎯⎯⎯⎯⎯⎯⎯⎯⎯⎯⎯⎯⎯⎯⎯⎯⎯[4/6]⎯^[[22m^[[39m
quality (node 24)	Run npm test	2026-09-06T06:05:30.5846176Z 
quality (node 24)	Run npm test	2026-09-06T06:05:30.5847630Z ^[[41m^[[1m FAIL ^[[22m^[[49m packages/core/test/unit/runtime/structural-commit-path.test.ts^[[2m > ^[[22mproject release preserves the outcome it follows^[[2m > ^[[22mcannot replace an outcome while formatting a hostile thrown value
quality (node 24)	Run npm test	2026-09-06T06:05:30.5849280Z ^[[31m^[[1mAssertionError^[[22m: expected [Function] to not throw an error but { toString: [Function toString] } was thrown^[[39m
quality (node 24)	Run npm test	2026-09-06T06:05:30.5849978Z 
quality (node 24)	Run npm test	2026-09-06T06:05:30.5850130Z ^[[32m- Expected:^[[39m
quality (node 24)	Run npm test	2026-09-06T06:05:30.5850357Z undefined
quality (node 24)	Run npm test	2026-09-06T06:05:30.5850476Z 
quality (node 24)	Run npm test	2026-09-06T06:05:30.5850610Z ^[[31m+ Received:^[[39m
quality (node 24)	Run npm test	2026-09-06T06:05:30.5850846Z {
quality (node 24)	Run npm test	2026-09-06T06:05:30.5851570Z   "toString": [Function toString],
quality (node 24)	Run npm test	2026-09-06T06:05:30.5851922Z }
quality (node 24)	Run npm test	2026-09-06T06:05:30.5852032Z 
quality (node 24)	Run npm test	2026-09-06T06:05:30.5852555Z ^[[36m ^[[2m❯^[[22m packages/core/test/unit/runtime/structural-commit-path.test.ts:^[[2m525:41^[[22m^[[39m
quality (node 24)	Run npm test	2026-09-06T06:05:30.5853317Z     ^[[90m523|^[[39m     const journal = recorder({ failAt: { disposeComposition: failure }…
quality (node 24)	Run npm test	2026-09-06T06:05:30.5854311Z     ^[[90m524|^[[39m     ^[[35mconst^[[39m runtime ^[[33m=^[[39m ^[[35mnew^[[39m ^[[33mProjectRuntime^[[39m(^[[33mBASE_PROJECT^[[39m^[[33m,^[[39m journal^[[33m.^[[39moptions)^[[33m;^[[39m
quality (node 24)	Run npm test	2026-09-06T06:05:30.5855401Z     ^[[90m525|^[[39m     ^[[34mexpect^[[39m(() ^[[33m=>^[[39m runtime^[[33m.^[[39m^[[34mdispose^[[39m())^[[33m.^[[39mnot^[[33m.^[[39m^[[34mtoThrow^[[39m()^[[33m;^[[39m
quality (node 24)	Run npm test	2026-09-06T06:05:30.5856278Z     ^[[90m   |^[[39m                                         ^[[31m^^[[39m
quality (node 24)	Run npm test	2026-09-06T06:05:30.5857517Z     ^[[90m526|^[[39m     ^[[34mexpect^[[39m(runtime^[[33m.^[[39mdiagnostics^[[33m.^[[39mentries)^[[33m.^[[39m^[[34mtoHaveLength^[[39m(^[[34m1^[[39m)^[[33m;^[[39m
quality (node 24)	Run npm test	2026-09-06T06:05:30.5859273Z     ^[[90m527|^[[39m     ^[[34mexpect^[[39m(runtime^[[33m.^[[39mdiagnostics^[[33m.^[[39mentries[^[[34m0^[[39m]^[[33m?.^[[39mmessage)^[[33m.^[[39m^[[34mtoBe^[[39m(
quality (node 24)	Run npm test	2026-09-06T06:05:30.5859775Z 
quality (node 24)	Run npm test	2026-09-06T06:05:30.5860026Z ^[[31m^[[2m⎯⎯⎯⎯⎯⎯⎯⎯⎯⎯⎯⎯⎯⎯⎯⎯⎯⎯⎯⎯⎯⎯⎯⎯[5/6]⎯^[[22m^[[39m
quality (node 24)	Run npm test	2026-09-06T06:05:30.5860244Z 
quality (node 24)	Run npm test	2026-09-06T06:05:30.5861726Z ^[[41m^[[1m FAIL ^[[22m^[[49m packages/core/test/unit/runtime/structural-commit-path.test.ts^[[2m > ^[[22mproject release preserves the outcome it follows^[[2m > ^[[22mpreserves a settle failure when release also fails
quality (node 24)	Run npm test	2026-09-06T06:05:30.5863970Z ^[[31m^[[1mAssertionError^[[22m: expected Error: release failed to be Error: settle failed // Object.is equality^[[39m
quality (node 24)	Run npm test	2026-09-06T06:05:30.5864419Z 
quality (node 24)	Run npm test	2026-09-06T06:05:30.5864564Z ^[[32m- Expected^[[39m
quality (node 24)	Run npm test	2026-09-06T06:05:30.5864858Z ^[[31m+ Received^[[39m
quality (node 24)	Run npm test	2026-09-06T06:05:30.5865262Z 
quality (node 24)	Run npm test	2026-09-06T06:05:30.5865478Z ^[[2m  Error {^[[22m
quality (node 24)	Run npm test	2026-09-06T06:05:30.5866002Z ^[[32m-   "message": "settle failed",^[[39m
quality (node 24)	Run npm test	2026-09-06T06:05:30.5866658Z ^[[31m+   "message": "release failed",^[[39m
quality (node 24)	Run npm test	2026-09-06T06:05:30.5867169Z ^[[2m  }^[[22m
quality (node 24)	Run npm test	2026-09-06T06:05:30.5867361Z 
quality (node 24)	Run npm test	2026-09-06T06:05:30.5868197Z ^[[36m ^[[2m❯^[[22m packages/core/test/unit/runtime/structural-commit-path.test.ts:^[[2m542:87^[[22m^[[39m
quality (node 24)	Run npm test	2026-09-06T06:05:30.5869916Z     ^[[90m540|^[[39m     ^[[35mconst^[[39m runtime ^[[33m=^[[39m ^[[35mnew^[[39m ^[[33mProjectRuntime^[[39m(^[[33mBASE_PROJECT^[[39m^[[33m,^[[39m journal^[[33m.^[[39moptions)^[[33m;^[[39m
quality (node 24)	Run npm test	2026-09-06T06:05:30.5870787Z     ^[[90m541|^[[39m     host^[[33m.^[[39mruntime ^[[33m=^[[39m runtime^[[33m;^[[39m
quality (node 24)	Run npm test	2026-09-06T06:05:30.5871633Z     ^[[90m542|^[[39m     expect(thrownBy(() => runtime.addTrack({ id: "hand" }, { motionId:…
quality (node 24)	Run npm test	2026-09-06T06:05:30.5872295Z     ^[[90m   |^[[39m                                                                                       ^[[31m^^[[39m
quality (node 24)	Run npm test	2026-09-06T06:05:30.5873070Z     ^[[90m543|^[[39m     ^[[34mexpect^[[39m(runtime^[[33m.^[[39minstanceCount)^[[33m.^[[39m^[[34mtoBe^[[39m(^[[34m0^[[39m)^[[33m;^[[39m
quality (node 24)	Run npm test	2026-09-06T06:05:30.5873989Z     ^[[90m544|^[[39m     ^[[34mexpect^[[39m(runtime^[[33m.^[[39mgraph^[[33m.^[[39mmemberCount)^[[33m.^[[39m^[[34mtoBe^[[39m(^[[34m0^[[39m)^[[33m;^[[39m
quality (node 24)	Run npm test	2026-09-06T06:05:30.5874441Z 
quality (node 24)	Run npm test	2026-09-06T06:05:30.5874679Z ^[[31m^[[2m⎯⎯⎯⎯⎯⎯⎯⎯⎯⎯⎯⎯⎯⎯⎯⎯⎯⎯⎯⎯⎯⎯⎯⎯[6/6]⎯^[[22m^[[39m
quality (node 24)	Run npm test	2026-09-06T06:05:30.5875069Z 
quality (node 24)	Run npm test	2026-09-06T06:05:30.5875106Z 
quality (node 24)	Run npm test	2026-09-06T06:05:30.5876022Z ^[[2m Test Files ^[[22m ^[[1m^[[31m1 failed^[[39m^[[22m^[[2m | ^[[22m^[[1m^[[32m185 passed^[[39m^[[22m^[[90m (186)^[[39m
quality (node 24)	Run npm test	2026-09-06T06:05:30.5877608Z ^[[2m      Tests ^[[22m ^[[1m^[[31m6 failed^[[39m^[[22m^[[2m | ^[[22m^[[1m^[[32m979 passed^[[39m^[[22m^[[90m (985)^[[39m
quality (node 24)	Run npm test	2026-09-06T06:05:30.5878644Z ^[[2m   Start at ^[[22m 06:05:11
quality (node 24)	Run npm test	2026-09-06T06:05:30.5879958Z ^[[2m   Duration ^[[22m 19.32s^[[2m (transform 2.70s, setup 1.13s, import 10.40s, tests 14.61s, environment 29ms)^[[22m
quality (node 24)	Run npm test	2026-09-06T06:05:30.5880762Z 
quality (node 24)	Run npm test	2026-09-06T06:05:30.5890703Z 
quality (node 24)	Run npm test	2026-09-06T06:05:30.5916565Z ##[error]AssertionError: expected [Function] to not throw an error but 'Error: detach failed' was thrown
quality (node 24)	Run npm test	
quality (node 24)	Run npm test	- Expected:
quality (node 24)	Run npm test	undefined
quality (node 24)	Run npm test	
quality (node 24)	Run npm test	+ Received:
quality (node 24)	Run npm test	"Error: detach failed"
quality (node 24)	Run npm test	
quality (node 24)	Run npm test	 ❯ packages/core/test/unit/runtime/structural-commit-path.test.ts:395:41
quality (node 24)	Run npm test	
quality (node 24)	Run npm test	
quality (node 24)	Run npm test	2026-09-06T06:05:30.5925390Z 
quality (node 24)	Run npm test	2026-09-06T06:05:30.5928193Z ##[error]AssertionError: expected Error: release failed to be Error: effect refused // Object.is equality
quality (node 24)	Run npm test	
quality (node 24)	Run npm test	- Expected
quality (node 24)	Run npm test	+ Received
quality (node 24)	Run npm test	
quality (node 24)	Run npm test	  Error {
quality (node 24)	Run npm test	-   "message": "effect refused",
quality (node 24)	Run npm test	+   "message": "release failed",
quality (node 24)	Run npm test	  }
quality (node 24)	Run npm test	
quality (node 24)	Run npm test	 ❯ packages/core/test/unit/runtime/structural-commit-path.test.ts:451:29
quality (node 24)	Run npm test	
quality (node 24)	Run npm test	
quality (node 24)	Run npm test	2026-09-06T06:05:30.5929825Z 
quality (node 24)	Run npm test	2026-09-06T06:05:30.5932019Z ##[error]AssertionError: expected Error: release failed to be undefined
quality (node 24)	Run npm test	
quality (node 24)	Run npm test	- Expected:
quality (node 24)	Run npm test	undefined
quality (node 24)	Run npm test	
quality (node 24)	Run npm test	+ Received:
quality (node 24)	Run npm test	Error {
quality (node 24)	Run npm test	  "message": "release failed",
quality (node 24)	Run npm test	}
quality (node 24)	Run npm test	
quality (node 24)	Run npm test	 ❯ packages/core/test/unit/runtime/structural-commit-path.test.ts:468:28
quality (node 24)	Run npm test	
quality (node 24)	Run npm test	
quality (node 24)	Run npm test	2026-09-06T06:05:30.5933299Z 
quality (node 24)	Run npm test	2026-09-06T06:05:30.5934699Z ##[error]AssertionError: expected undefined to be an instance of Error
quality (node 24)	Run npm test	 ❯ packages/core/test/unit/runtime/structural-commit-path.test.ts:488:20
quality (node 24)	Run npm test	
quality (node 24)	Run npm test	
quality (node 24)	Run npm test	2026-09-06T06:05:30.5936213Z 
quality (node 24)	Run npm test	2026-09-06T06:05:30.5938431Z ##[error]AssertionError: expected [Function] to not throw an error but { toString: [Function toString] } was thrown
quality (node 24)	Run npm test	
quality (node 24)	Run npm test	- Expected:
quality (node 24)	Run npm test	undefined
quality (node 24)	Run npm test	
quality (node 24)	Run npm test	+ Received:
quality (node 24)	Run npm test	{
quality (node 24)	Run npm test	  "toString": [Function toString],
quality (node 24)	Run npm test	}
quality (node 24)	Run npm test	
quality (node 24)	Run npm test	 ❯ packages/core/test/unit/runtime/structural-commit-path.test.ts:525:41
quality (node 24)	Run npm test	
quality (node 24)	Run npm test	
quality (node 24)	Run npm test	2026-09-06T06:05:30.5939775Z 
quality (node 24)	Run npm test	2026-09-06T06:05:30.5942959Z ##[error]AssertionError: expected Error: release failed to be Error: settle failed // Object.is equality
quality (node 24)	Run npm test	
quality (node 24)	Run npm test	- Expected
quality (node 24)	Run npm test	+ Received
quality (node 24)	Run npm test	
quality (node 24)	Run npm test	  Error {
quality (node 24)	Run npm test	-   "message": "settle failed",
quality (node 24)	Run npm test	+   "message": "release failed",
quality (node 24)	Run npm test	  }
quality (node 24)	Run npm test	
quality (node 24)	Run npm test	 ❯ packages/core/test/unit/runtime/structural-commit-path.test.ts:542:87
quality (node 24)	Run npm test	
quality (node 24)	Run npm test	
quality (node 24)	Run npm test	2026-09-06T06:05:30.6370854Z ##[error]Process completed with exit code 1.
