prettier --write (same-repository PR)	Set up job	﻿2026-08-12T15:52:39.3246343Z Current runner version: '2.336.0'
prettier --write (same-repository PR)	Set up job	2026-08-12T15:52:39.3271405Z ##[group]Runner Image Provisioner
prettier --write (same-repository PR)	Set up job	2026-08-12T15:52:39.3272306Z Hosted Compute Agent
prettier --write (same-repository PR)	Set up job	2026-08-12T15:52:39.3272902Z Version: 20260729.566
prettier --write (same-repository PR)	Set up job	2026-08-12T15:52:39.3273488Z Commit: cf7153fe6e25b664e8693c24944bf2b00355d109
prettier --write (same-repository PR)	Set up job	2026-08-12T15:52:39.3274139Z Build Date: 2026-07-29T19:17:02Z
prettier --write (same-repository PR)	Set up job	2026-08-12T15:52:39.3274802Z Worker ID: {38a075d2-3024-43d0-b698-799d5545ea48}
prettier --write (same-repository PR)	Set up job	2026-08-12T15:52:39.3275669Z Azure Region: westus3
prettier --write (same-repository PR)	Set up job	2026-08-12T15:52:39.3276219Z ##[endgroup]
prettier --write (same-repository PR)	Set up job	2026-08-12T15:52:39.3277582Z ##[group]Operating System
prettier --write (same-repository PR)	Set up job	2026-08-12T15:52:39.3278159Z Ubuntu
prettier --write (same-repository PR)	Set up job	2026-08-12T15:52:39.3278681Z 24.04.4
prettier --write (same-repository PR)	Set up job	2026-08-12T15:52:39.3279177Z LTS
prettier --write (same-repository PR)	Set up job	2026-08-12T15:52:39.3279638Z ##[endgroup]
prettier --write (same-repository PR)	Set up job	2026-08-12T15:52:39.3280170Z ##[group]Runner Image
prettier --write (same-repository PR)	Set up job	2026-08-12T15:52:39.3280708Z Image: ubuntu-24.04
prettier --write (same-repository PR)	Set up job	2026-08-12T15:52:39.3281234Z Version: 20260810.271.1
prettier --write (same-repository PR)	Set up job	2026-08-12T15:52:39.3282216Z Included Software: https://github.com/actions/runner-images/blob/ubuntu24/20260810.271/images/ubuntu/Ubuntu2404-Readme.md
prettier --write (same-repository PR)	Set up job	2026-08-12T15:52:39.3283735Z Image Release: https://github.com/actions/runner-images/releases/tag/ubuntu24%2F20260810.271
prettier --write (same-repository PR)	Set up job	2026-08-12T15:52:39.3284592Z ##[endgroup]
prettier --write (same-repository PR)	Set up job	2026-08-12T15:52:39.3286090Z ##[group]GITHUB_TOKEN Permissions
prettier --write (same-repository PR)	Set up job	2026-08-12T15:52:39.3288217Z Contents: write
prettier --write (same-repository PR)	Set up job	2026-08-12T15:52:39.3288765Z Metadata: read
prettier --write (same-repository PR)	Set up job	2026-08-12T15:52:39.3289344Z PullRequests: read
prettier --write (same-repository PR)	Set up job	2026-08-12T15:52:39.3289858Z ##[endgroup]
prettier --write (same-repository PR)	Set up job	2026-08-12T15:52:39.3291908Z Secret source: Actions
prettier --write (same-repository PR)	Set up job	2026-08-12T15:52:39.3292911Z Prepare workflow directory
prettier --write (same-repository PR)	Set up job	2026-08-12T15:52:39.3606373Z Prepare all required actions
prettier --write (same-repository PR)	Set up job	2026-08-12T15:52:39.3658406Z Getting action download info
prettier --write (same-repository PR)	Set up job	2026-08-12T15:52:39.6761296Z Download action repository 'actions/checkout@v4' (SHA:11d5960a326750d5838078e36cf38b85af677262)
prettier --write (same-repository PR)	Set up job	2026-08-12T15:52:40.6752168Z Download action repository 'actions/setup-node@v4' (SHA:49933ea5288caeca8642d1e84afbd3f7d6820020)
prettier --write (same-repository PR)	Set up job	2026-08-12T15:52:41.2798589Z Complete job name: prettier --write (same-repository PR)
prettier --write (same-repository PR)	Run actions/checkout@v4	﻿2026-08-12T15:52:41.3795018Z Node 20 is being deprecated. This workflow is running with Node 24 by default. If you need to temporarily use Node 20, you can set the ACTIONS_ALLOW_USE_UNSECURE_NODE_VERSION=true environment variable. For more information see: https://github.blog/changelog/2025-09-19-deprecation-of-node-20-on-github-actions-runners/
prettier --write (same-repository PR)	Run actions/checkout@v4	2026-08-12T15:52:41.3807279Z ##[group]Run actions/checkout@v4
prettier --write (same-repository PR)	Run actions/checkout@v4	2026-08-12T15:52:41.3808583Z with:
prettier --write (same-repository PR)	Run actions/checkout@v4	2026-08-12T15:52:41.3809444Z   ref: fix/P0-2-gsap-paused-timeline
prettier --write (same-repository PR)	Run actions/checkout@v4	2026-08-12T15:52:41.3810592Z   repository: chahyasantoso/motion5
prettier --write (same-repository PR)	Run actions/checkout@v4	2026-08-12T15:52:41.3811625Z   fetch-depth: 0
prettier --write (same-repository PR)	Run actions/checkout@v4	2026-08-12T15:52:41.3819436Z   token: ***
prettier --write (same-repository PR)	Run actions/checkout@v4	2026-08-12T15:52:41.3820222Z   ssh-strict: true
prettier --write (same-repository PR)	Run actions/checkout@v4	2026-08-12T15:52:41.3821034Z   ssh-user: git
prettier --write (same-repository PR)	Run actions/checkout@v4	2026-08-12T15:52:41.3821877Z   persist-credentials: true
prettier --write (same-repository PR)	Run actions/checkout@v4	2026-08-12T15:52:41.3822792Z   clean: true
prettier --write (same-repository PR)	Run actions/checkout@v4	2026-08-12T15:52:41.3823635Z   sparse-checkout-cone-mode: true
prettier --write (same-repository PR)	Run actions/checkout@v4	2026-08-12T15:52:41.3824622Z   fetch-tags: false
prettier --write (same-repository PR)	Run actions/checkout@v4	2026-08-12T15:52:41.3825542Z   show-progress: true
prettier --write (same-repository PR)	Run actions/checkout@v4	2026-08-12T15:52:41.3826391Z   lfs: false
prettier --write (same-repository PR)	Run actions/checkout@v4	2026-08-12T15:52:41.3827243Z   submodules: false
prettier --write (same-repository PR)	Run actions/checkout@v4	2026-08-12T15:52:41.3828090Z   set-safe-directory: true
prettier --write (same-repository PR)	Run actions/checkout@v4	2026-08-12T15:52:41.3829038Z   allow-unsafe-pr-checkout: false
prettier --write (same-repository PR)	Run actions/checkout@v4	2026-08-12T15:52:41.3830335Z ##[endgroup]
prettier --write (same-repository PR)	Run actions/checkout@v4	2026-08-12T15:52:41.4891261Z Syncing repository: chahyasantoso/motion5
prettier --write (same-repository PR)	Run actions/checkout@v4	2026-08-12T15:52:41.4895937Z ##[group]Getting Git version info
prettier --write (same-repository PR)	Run actions/checkout@v4	2026-08-12T15:52:41.4898408Z Working directory is '/home/runner/work/motion5/motion5'
prettier --write (same-repository PR)	Run actions/checkout@v4	2026-08-12T15:52:41.4901834Z [command]/usr/bin/git version
prettier --write (same-repository PR)	Run actions/checkout@v4	2026-08-12T15:52:41.4903582Z git version 2.54.0
prettier --write (same-repository PR)	Run actions/checkout@v4	2026-08-12T15:52:41.4909084Z ##[endgroup]
prettier --write (same-repository PR)	Run actions/checkout@v4	2026-08-12T15:52:41.4918728Z Temporarily overriding HOME='/home/runner/work/_temp/55c6d956-cbff-4014-8f5c-6977813fc32c' before making global git config changes
prettier --write (same-repository PR)	Run actions/checkout@v4	2026-08-12T15:52:41.4924032Z Adding repository directory to the temporary git global config as a safe directory
prettier --write (same-repository PR)	Run actions/checkout@v4	2026-08-12T15:52:41.4928338Z [command]/usr/bin/git config --global --add safe.directory /home/runner/work/motion5/motion5
prettier --write (same-repository PR)	Run actions/checkout@v4	2026-08-12T15:52:41.4968021Z Deleting the contents of '/home/runner/work/motion5/motion5'
prettier --write (same-repository PR)	Run actions/checkout@v4	2026-08-12T15:52:41.4973152Z ##[group]Initializing the repository
prettier --write (same-repository PR)	Run actions/checkout@v4	2026-08-12T15:52:41.4978856Z [command]/usr/bin/git init /home/runner/work/motion5/motion5
prettier --write (same-repository PR)	Run actions/checkout@v4	2026-08-12T15:52:41.5089698Z hint: Using 'master' as the name for the initial branch. This default branch name
prettier --write (same-repository PR)	Run actions/checkout@v4	2026-08-12T15:52:41.5092866Z hint: will change to "main" in Git 3.0. To configure the initial branch name
prettier --write (same-repository PR)	Run actions/checkout@v4	2026-08-12T15:52:41.5095059Z hint: to use in all of your new repositories, which will suppress this warning,
prettier --write (same-repository PR)	Run actions/checkout@v4	2026-08-12T15:52:41.5096618Z hint: call:
prettier --write (same-repository PR)	Run actions/checkout@v4	2026-08-12T15:52:41.5097352Z hint:
prettier --write (same-repository PR)	Run actions/checkout@v4	2026-08-12T15:52:41.5098299Z hint: 	git config --global init.defaultBranch <name>
prettier --write (same-repository PR)	Run actions/checkout@v4	2026-08-12T15:52:41.5099412Z hint:
prettier --write (same-repository PR)	Run actions/checkout@v4	2026-08-12T15:52:41.5100474Z hint: Names commonly chosen instead of 'master' are 'main', 'trunk' and
prettier --write (same-repository PR)	Run actions/checkout@v4	2026-08-12T15:52:41.5102198Z hint: 'development'. The just-created branch can be renamed via this command:
prettier --write (same-repository PR)	Run actions/checkout@v4	2026-08-12T15:52:41.5103567Z hint:
prettier --write (same-repository PR)	Run actions/checkout@v4	2026-08-12T15:52:41.5104451Z hint: 	git branch -m <name>
prettier --write (same-repository PR)	Run actions/checkout@v4	2026-08-12T15:52:41.5105600Z hint:
prettier --write (same-repository PR)	Run actions/checkout@v4	2026-08-12T15:52:41.5107387Z hint: Disable this message with "git config set advice.defaultBranchName false"
prettier --write (same-repository PR)	Run actions/checkout@v4	2026-08-12T15:52:41.5109299Z Initialized empty Git repository in /home/runner/work/motion5/motion5/.git/
prettier --write (same-repository PR)	Run actions/checkout@v4	2026-08-12T15:52:41.5112428Z [command]/usr/bin/git remote add origin https://github.com/chahyasantoso/motion5
prettier --write (same-repository PR)	Run actions/checkout@v4	2026-08-12T15:52:41.5154805Z ##[endgroup]
prettier --write (same-repository PR)	Run actions/checkout@v4	2026-08-12T15:52:41.5157782Z ##[group]Disabling automatic garbage collection
prettier --write (same-repository PR)	Run actions/checkout@v4	2026-08-12T15:52:41.5160370Z [command]/usr/bin/git config --local gc.auto 0
prettier --write (same-repository PR)	Run actions/checkout@v4	2026-08-12T15:52:41.5210104Z ##[endgroup]
prettier --write (same-repository PR)	Run actions/checkout@v4	2026-08-12T15:52:41.5213284Z ##[group]Setting up auth
prettier --write (same-repository PR)	Run actions/checkout@v4	2026-08-12T15:52:41.5216510Z [command]/usr/bin/git config --local --name-only --get-regexp core\.sshCommand
prettier --write (same-repository PR)	Run actions/checkout@v4	2026-08-12T15:52:41.5242720Z [command]/usr/bin/git submodule foreach --recursive sh -c "git config --local --name-only --get-regexp 'core\.sshCommand' && git config --local --unset-all 'core.sshCommand' || :"
prettier --write (same-repository PR)	Run actions/checkout@v4	2026-08-12T15:52:41.5551117Z [command]/usr/bin/git config --local --name-only --get-regexp http\.https\:\/\/github\.com\/\.extraheader
prettier --write (same-repository PR)	Run actions/checkout@v4	2026-08-12T15:52:41.5582650Z [command]/usr/bin/git submodule foreach --recursive sh -c "git config --local --name-only --get-regexp 'http\.https\:\/\/github\.com\/\.extraheader' && git config --local --unset-all 'http.https://github.com/.extraheader' || :"
prettier --write (same-repository PR)	Run actions/checkout@v4	2026-08-12T15:52:41.5796629Z [command]/usr/bin/git config --local --name-only --get-regexp ^includeIf\.gitdir:
prettier --write (same-repository PR)	Run actions/checkout@v4	2026-08-12T15:52:41.5828452Z [command]/usr/bin/git submodule foreach --recursive git config --local --show-origin --name-only --get-regexp remote.origin.url
prettier --write (same-repository PR)	Run actions/checkout@v4	2026-08-12T15:52:41.6014095Z [command]/usr/bin/git config --local http.https://github.com/.extraheader AUTHORIZATION: basic ***
prettier --write (same-repository PR)	Run actions/checkout@v4	2026-08-12T15:52:41.6046962Z ##[endgroup]
prettier --write (same-repository PR)	Run actions/checkout@v4	2026-08-12T15:52:41.6048451Z ##[group]Fetching the repository
prettier --write (same-repository PR)	Run actions/checkout@v4	2026-08-12T15:52:41.6056949Z [command]/usr/bin/git -c protocol.version=2 fetch --prune --no-recurse-submodules origin +refs/heads/*:refs/remotes/origin/* +refs/tags/*:refs/tags/*
prettier --write (same-repository PR)	Run actions/checkout@v4	2026-08-12T15:52:43.2941074Z From https://github.com/chahyasantoso/motion5
prettier --write (same-repository PR)	Run actions/checkout@v4	2026-08-12T15:52:43.2946889Z  * [new branch]      chore/format-31354308601 -> origin/chore/format-31354308601
prettier --write (same-repository PR)	Run actions/checkout@v4	2026-08-12T15:52:43.2947962Z  * [new branch]      chore/r6-core-package-boundary -> origin/chore/r6-core-package-boundary
prettier --write (same-repository PR)	Run actions/checkout@v4	2026-08-12T15:52:43.2949106Z  * [new branch]      ci-logs                -> origin/ci-logs
prettier --write (same-repository PR)	Run actions/checkout@v4	2026-08-12T15:52:43.2949985Z  * [new branch]      ci/archive-workflow    -> origin/ci/archive-workflow
prettier --write (same-repository PR)	Run actions/checkout@v4	2026-08-12T15:52:43.2950938Z  * [new branch]      ci/auto-format-pr-branches -> origin/ci/auto-format-pr-branches
prettier --write (same-repository PR)	Run actions/checkout@v4	2026-08-12T15:52:43.2952079Z  * [new branch]      docs/detailed-plan-and-trd -> origin/docs/detailed-plan-and-trd
prettier --write (same-repository PR)	Run actions/checkout@v4	2026-08-12T15:52:43.2953244Z  * [new branch]      docs/p0-06-trd-and-detailed-plan -> origin/docs/p0-06-trd-and-detailed-plan
prettier --write (same-repository PR)	Run actions/checkout@v4	2026-08-12T15:52:43.2955134Z  * [new branch]      docs/phase3-implementation-review -> origin/docs/phase3-implementation-review
prettier --write (same-repository PR)	Run actions/checkout@v4	2026-08-12T15:52:43.2956807Z  * [new branch]      docs/r9-status-and-plan-truth-pass -> origin/docs/r9-status-and-plan-truth-pass
prettier --write (same-repository PR)	Run actions/checkout@v4	2026-08-12T15:52:43.2958383Z  * [new branch]      docs/repo-review-and-remediation-plan -> origin/docs/repo-review-and-remediation-plan
prettier --write (same-repository PR)	Run actions/checkout@v4	2026-08-12T15:52:43.2959583Z  * [new branch]      feat/p0-04-ports-and-fakes -> origin/feat/p0-04-ports-and-fakes
prettier --write (same-repository PR)	Run actions/checkout@v4	2026-08-12T15:52:43.2960737Z  * [new branch]      feat/p0-05-golden-fixtures-and-integration -> origin/feat/p0-05-golden-fixtures-and-integration
prettier --write (same-repository PR)	Run actions/checkout@v4	2026-08-12T15:52:43.2962038Z  * [new branch]      feat/p1-01-immutable-value-snapshots -> origin/feat/p1-01-immutable-value-snapshots
prettier --write (same-repository PR)	Run actions/checkout@v4	2026-08-12T15:52:43.2963112Z  * [new branch]      feat/p1-02-plugin-registry -> origin/feat/p1-02-plugin-registry
prettier --write (same-repository PR)	Run actions/checkout@v4	2026-08-12T15:52:43.2964030Z  * [new branch]      feat/p1-03-track-leaf  -> origin/feat/p1-03-track-leaf
prettier --write (same-repository PR)	Run actions/checkout@v4	2026-08-12T15:52:43.2965015Z  * [new branch]      feat/p1-04-lifecycle-primitives -> origin/feat/p1-04-lifecycle-primitives
prettier --write (same-repository PR)	Run actions/checkout@v4	2026-08-12T15:52:43.2966197Z  * [new branch]      feat/p1-05-motion-scheduling -> origin/feat/p1-05-motion-scheduling
prettier --write (same-repository PR)	Run actions/checkout@v4	2026-08-12T15:52:43.2967288Z  * [new branch]      feat/p1-06-trigger-delegates -> origin/feat/p1-06-trigger-delegates
prettier --write (same-repository PR)	Run actions/checkout@v4	2026-08-12T15:52:43.2968286Z  * [new branch]      feat/p2-01-qualified-ids -> origin/feat/p2-01-qualified-ids
prettier --write (same-repository PR)	Run actions/checkout@v4	2026-08-12T15:52:43.2969349Z  * [new branch]      feat/p2-02-03-graph-ir-validation -> origin/feat/p2-02-03-graph-ir-validation
prettier --write (same-repository PR)	Run actions/checkout@v4	2026-08-12T15:52:43.2970521Z  * [new branch]      feat/p2-04-cycle-detection-and-order -> origin/feat/p2-04-cycle-detection-and-order
prettier --write (same-repository PR)	Run actions/checkout@v4	2026-08-12T15:52:43.2971812Z  * [new branch]      feat/p2-05-stable-observation-state -> origin/feat/p2-05-stable-observation-state
prettier --write (same-repository PR)	Run actions/checkout@v4	2026-08-12T15:52:43.2973091Z  * [new branch]      feat/p2-06-graph-binding-transactions -> origin/feat/p2-06-graph-binding-transactions
prettier --write (same-repository PR)	Run actions/checkout@v4	2026-08-12T15:52:43.2974335Z  * [new branch]      feat/p2-07-boundary-scan-ci-gate -> origin/feat/p2-07-boundary-scan-ci-gate
prettier --write (same-repository PR)	Run actions/checkout@v4	2026-08-12T15:52:43.2975536Z  * [new branch]      feat/p3-01-patch-registry -> origin/feat/p3-01-patch-registry
prettier --write (same-repository PR)	Run actions/checkout@v4	2026-08-12T15:52:43.2978518Z  * [new branch]      feat/p3-02-03-publisher-failure-semantics -> origin/feat/p3-02-03-publisher-failure-semantics
prettier --write (same-repository PR)	Run actions/checkout@v4	2026-08-12T15:52:43.2979656Z  * [new branch]      feat/p3-04-graph-runtime -> origin/feat/p3-04-graph-runtime
prettier --write (same-repository PR)	Run actions/checkout@v4	2026-08-12T15:52:43.2980596Z  * [new branch]      feat/p3-05-project-runtime -> origin/feat/p3-05-project-runtime
prettier --write (same-repository PR)	Run actions/checkout@v4	2026-08-12T15:52:43.2981729Z  * [new branch]      feat/p3-06-07-engine-and-benchmarks -> origin/feat/p3-06-07-engine-and-benchmarks
prettier --write (same-repository PR)	Run actions/checkout@v4	2026-08-12T15:52:43.2982823Z  * [new branch]      feat/p4-01-02-adapters -> origin/feat/p4-01-02-adapters
prettier --write (same-repository PR)	Run actions/checkout@v4	2026-08-12T15:52:43.2983824Z  * [new branch]      feat/p4-03-04-react-consumer-boundary -> origin/feat/p4-03-04-react-consumer-boundary
prettier --write (same-repository PR)	Run actions/checkout@v4	2026-08-12T15:52:43.2985083Z  * [new branch]      feat/p4-05-current-main-integration-build -> origin/feat/p4-05-current-main-integration-build
prettier --write (same-repository PR)	Run actions/checkout@v4	2026-08-12T15:52:43.2986689Z  * [new branch]      feat/p4-05-integration-build-gate -> origin/feat/p4-05-integration-build-gate
prettier --write (same-repository PR)	Run actions/checkout@v4	2026-08-12T15:52:43.2987832Z  * [new branch]      feat/r5-engine-compose-resolver -> origin/feat/r5-engine-compose-resolver
prettier --write (same-repository PR)	Run actions/checkout@v4	2026-08-12T15:52:43.2988969Z  * [new branch]      feat/r8-dom-adapter-target-resolution -> origin/feat/r8-dom-adapter-target-resolution
prettier --write (same-repository PR)	Run actions/checkout@v4	2026-08-12T15:52:43.2990047Z  * [new branch]      fix/A3-publisher-reentrancy -> origin/fix/A3-publisher-reentrancy
prettier --write (same-repository PR)	Run actions/checkout@v4	2026-08-12T15:52:43.2990931Z  * [new branch]      fix/A3-red-evidence    -> origin/fix/A3-red-evidence
prettier --write (same-repository PR)	Run actions/checkout@v4	2026-08-12T15:52:43.2991825Z  * [new branch]      fix/B1-track-contribution -> origin/fix/B1-track-contribution
prettier --write (same-repository PR)	Run actions/checkout@v4	2026-08-12T15:52:43.2992807Z  * [new branch]      fix/B2-gsap-stop-compilation -> origin/fix/B2-gsap-stop-compilation
prettier --write (same-repository PR)	Run actions/checkout@v4	2026-08-12T15:52:43.2993960Z  * [new branch]      fix/B2-gsap-stop-compilation-clean -> origin/fix/B2-gsap-stop-compilation-clean
prettier --write (same-repository PR)	Run actions/checkout@v4	2026-08-12T15:52:43.2995214Z  * [new branch]      fix/B2-gsap-stop-compilation-repair -> origin/fix/B2-gsap-stop-compilation-repair
prettier --write (same-repository PR)	Run actions/checkout@v4	2026-08-12T15:52:43.2996556Z  * [new branch]      fix/C1-react-store-lifecycle -> origin/fix/C1-react-store-lifecycle
prettier --write (same-repository PR)	Run actions/checkout@v4	2026-08-12T15:52:43.2997889Z  * [new branch]      fix/C2-react-public-surface -> origin/fix/C2-react-public-surface
prettier --write (same-repository PR)	Run actions/checkout@v4	2026-08-12T15:52:43.2998840Z  * [new branch]      fix/C3-dom-contract    -> origin/fix/C3-dom-contract
prettier --write (same-repository PR)	Run actions/checkout@v4	2026-08-12T15:52:43.2999762Z  * [new branch]      fix/D1-boundary-discovery -> origin/fix/D1-boundary-discovery
prettier --write (same-repository PR)	Run actions/checkout@v4	2026-08-12T15:52:43.3000744Z  * [new branch]      fix/D2-boundary-self-test -> origin/fix/D2-boundary-self-test
prettier --write (same-repository PR)	Run actions/checkout@v4	2026-08-12T15:52:43.3001665Z  * [new branch]      fix/D3-evidence-gates  -> origin/fix/D3-evidence-gates
prettier --write (same-repository PR)	Run actions/checkout@v4	2026-08-12T15:52:43.3002623Z  * [new branch]      fix/D3-evidence-gates-rescue -> origin/fix/D3-evidence-gates-rescue
prettier --write (same-repository PR)	Run actions/checkout@v4	2026-08-12T15:52:43.3003601Z  * [new branch]      fix/D3-evidence-gates-v2 -> origin/fix/D3-evidence-gates-v2
prettier --write (same-repository PR)	Run actions/checkout@v4	2026-08-12T15:52:43.3004549Z  * [new branch]      fix/E1-required-build-rescue -> origin/fix/E1-required-build-rescue
prettier --write (same-repository PR)	Run actions/checkout@v4	2026-08-12T15:52:43.3005613Z  * [new branch]      fix/E1-required-build-v2 -> origin/fix/E1-required-build-v2
prettier --write (same-repository PR)	Run actions/checkout@v4	2026-08-12T15:52:43.3006645Z  * [new branch]      fix/E2-end-to-end-proof-rescue -> origin/fix/E2-end-to-end-proof-rescue
prettier --write (same-repository PR)	Run actions/checkout@v4	2026-08-12T15:52:43.3007607Z  * [new branch]      fix/E3-mutation-gate   -> origin/fix/E3-mutation-gate
prettier --write (same-repository PR)	Run actions/checkout@v4	2026-08-12T15:52:43.3008543Z  * [new branch]      fix/P0-1-clock-tick-identity -> origin/fix/P0-1-clock-tick-identity
prettier --write (same-repository PR)	Run actions/checkout@v4	2026-08-12T15:52:43.3009593Z  * [new branch]      fix/P0-2-gsap-paused-timeline -> origin/fix/P0-2-gsap-paused-timeline
prettier --write (same-repository PR)	Run actions/checkout@v4	2026-08-12T15:52:43.3010729Z  * [new branch]      fix/r1-publisher-input-resolution -> origin/fix/r1-publisher-input-resolution
prettier --write (same-repository PR)	Run actions/checkout@v4	2026-08-12T15:52:43.3011796Z  * [new branch]      fix/r2-output-edge-merge -> origin/fix/r2-output-edge-merge
prettier --write (same-repository PR)	Run actions/checkout@v4	2026-08-12T15:52:43.3012726Z  * [new branch]      fix/r3-track-input-recompute -> origin/fix/r3-track-input-recompute
prettier --write (same-repository PR)	Run actions/checkout@v4	2026-08-12T15:52:43.3013769Z  * [new branch]      fix/r4-membership-gates-seeds -> origin/fix/r4-membership-gates-seeds
prettier --write (same-repository PR)	Run actions/checkout@v4	2026-08-12T15:52:43.3015074Z  * [new branch]      fix/r7-boundary-scan-coverage-and-self-test -> origin/fix/r7-boundary-scan-coverage-and-self-test
prettier --write (same-repository PR)	Run actions/checkout@v4	2026-08-12T15:52:43.3016827Z  * [new branch]      main                   -> origin/main
prettier --write (same-repository PR)	Run actions/checkout@v4	2026-08-12T15:52:43.3017708Z  * [new branch]      merge/E2-clean-into-rescue -> origin/merge/E2-clean-into-rescue
prettier --write (same-repository PR)	Run actions/checkout@v4	2026-08-12T15:52:43.3018756Z  * [new branch]      phase-0r1-gsap-contract-proof -> origin/phase-0r1-gsap-contract-proof
prettier --write (same-repository PR)	Run actions/checkout@v4	2026-08-12T15:52:43.3019801Z  * [new branch]      phase-0r2-1r1-gap-closure -> origin/phase-0r2-1r1-gap-closure
prettier --write (same-repository PR)	Run actions/checkout@v4	2026-08-12T15:52:43.3020790Z  * [new branch]      phase-0r2-stop-validation -> origin/phase-0r2-stop-validation
prettier --write (same-repository PR)	Run actions/checkout@v4	2026-08-12T15:52:43.3021830Z  * [new branch]      phase-1r1-plugin-compilation -> origin/phase-1r1-plugin-compilation
prettier --write (same-repository PR)	Run actions/checkout@v4	2026-08-12T15:52:43.3022973Z  * [new branch]      phase-1r2-track-compiler-lifetime -> origin/phase-1r2-track-compiler-lifetime
prettier --write (same-repository PR)	Run actions/checkout@v4	2026-08-12T15:52:43.3024183Z  * [new branch]      phase-1r3-progress-invalidation -> origin/phase-1r3-progress-invalidation
prettier --write (same-repository PR)	Run actions/checkout@v4	2026-08-12T15:52:43.3028720Z  * [new branch]      rescue/restore-motionpath-parity -> origin/rescue/restore-motionpath-parity
prettier --write (same-repository PR)	Run actions/checkout@v4	2026-08-12T15:52:43.3030174Z  * [new branch]      restore-motionpath-value-pipeline -> origin/restore-motionpath-value-pipeline
prettier --write (same-repository PR)	Run actions/checkout@v4	2026-08-12T15:52:43.3037867Z ##[endgroup]
prettier --write (same-repository PR)	Run actions/checkout@v4	2026-08-12T15:52:43.3038968Z ##[group]Determining the checkout info
prettier --write (same-repository PR)	Run actions/checkout@v4	2026-08-12T15:52:43.3048090Z [command]/usr/bin/git branch --list --remote origin/fix/P0-2-gsap-paused-timeline
prettier --write (same-repository PR)	Run actions/checkout@v4	2026-08-12T15:52:43.3074112Z   origin/fix/P0-2-gsap-paused-timeline
prettier --write (same-repository PR)	Run actions/checkout@v4	2026-08-12T15:52:43.3078545Z ##[endgroup]
prettier --write (same-repository PR)	Run actions/checkout@v4	2026-08-12T15:52:43.3087330Z [command]/usr/bin/git sparse-checkout disable
prettier --write (same-repository PR)	Run actions/checkout@v4	2026-08-12T15:52:43.3131310Z [command]/usr/bin/git config --local --unset-all extensions.worktreeConfig
prettier --write (same-repository PR)	Run actions/checkout@v4	2026-08-12T15:52:43.3154708Z ##[group]Checking out the ref
prettier --write (same-repository PR)	Run actions/checkout@v4	2026-08-12T15:52:43.3158511Z [command]/usr/bin/git checkout --progress --force -B fix/P0-2-gsap-paused-timeline refs/remotes/origin/fix/P0-2-gsap-paused-timeline
prettier --write (same-repository PR)	Run actions/checkout@v4	2026-08-12T15:52:43.3263705Z Switched to a new branch 'fix/P0-2-gsap-paused-timeline'
prettier --write (same-repository PR)	Run actions/checkout@v4	2026-08-12T15:52:43.3264817Z branch 'fix/P0-2-gsap-paused-timeline' set up to track 'origin/fix/P0-2-gsap-paused-timeline'.
prettier --write (same-repository PR)	Run actions/checkout@v4	2026-08-12T15:52:43.3269182Z ##[endgroup]
prettier --write (same-repository PR)	Run actions/checkout@v4	2026-08-12T15:52:43.3310804Z [command]/usr/bin/git log -1 --format=%H
prettier --write (same-repository PR)	Run actions/checkout@v4	2026-08-12T15:52:43.3334632Z 1ee70a1418d02d8cd2ce67651ca3a4b4a79ee174
prettier --write (same-repository PR)	Run actions/setup-node@v4	﻿2026-08-12T15:52:43.3565998Z Node 20 is being deprecated. This workflow is running with Node 24 by default. If you need to temporarily use Node 20, you can set the ACTIONS_ALLOW_USE_UNSECURE_NODE_VERSION=true environment variable. For more information see: https://github.blog/changelog/2025-09-19-deprecation-of-node-20-on-github-actions-runners/
prettier --write (same-repository PR)	Run actions/setup-node@v4	2026-08-12T15:52:43.3567913Z ##[group]Run actions/setup-node@v4
prettier --write (same-repository PR)	Run actions/setup-node@v4	2026-08-12T15:52:43.3568221Z with:
prettier --write (same-repository PR)	Run actions/setup-node@v4	2026-08-12T15:52:43.3568466Z   node-version: 24
prettier --write (same-repository PR)	Run actions/setup-node@v4	2026-08-12T15:52:43.3568714Z   cache: npm
prettier --write (same-repository PR)	Run actions/setup-node@v4	2026-08-12T15:52:43.3568949Z   always-auth: false
prettier --write (same-repository PR)	Run actions/setup-node@v4	2026-08-12T15:52:43.3569221Z   check-latest: false
prettier --write (same-repository PR)	Run actions/setup-node@v4	2026-08-12T15:52:43.3571482Z   token: ***
prettier --write (same-repository PR)	Run actions/setup-node@v4	2026-08-12T15:52:43.3571740Z ##[endgroup]
prettier --write (same-repository PR)	Run actions/setup-node@v4	2026-08-12T15:52:43.4942056Z Found in cache @ /opt/hostedtoolcache/node/24.19.0/x64
prettier --write (same-repository PR)	Run actions/setup-node@v4	2026-08-12T15:52:43.4946690Z (node:2301) [DEP0040] DeprecationWarning: The `punycode` module is deprecated. Please use a userland alternative instead.
prettier --write (same-repository PR)	Run actions/setup-node@v4	2026-08-12T15:52:43.4947955Z (Use `node --trace-deprecation ...` to show where the warning was created)
prettier --write (same-repository PR)	Run actions/setup-node@v4	2026-08-12T15:52:43.4949723Z ##[group]Environment details
prettier --write (same-repository PR)	Run actions/setup-node@v4	2026-08-12T15:52:43.8572878Z node: v24.19.0
prettier --write (same-repository PR)	Run actions/setup-node@v4	2026-08-12T15:52:43.8573613Z npm: 11.17.0
prettier --write (same-repository PR)	Run actions/setup-node@v4	2026-08-12T15:52:43.8574108Z yarn: 1.22.22
prettier --write (same-repository PR)	Run actions/setup-node@v4	2026-08-12T15:52:43.8574791Z ##[endgroup]
prettier --write (same-repository PR)	Run actions/setup-node@v4	2026-08-12T15:52:43.8593464Z [command]/opt/hostedtoolcache/node/24.19.0/x64/bin/npm config get cache
prettier --write (same-repository PR)	Run actions/setup-node@v4	2026-08-12T15:52:43.9629493Z /home/runner/.npm
prettier --write (same-repository PR)	Run actions/setup-node@v4	2026-08-12T15:52:44.1983303Z Cache hit for: node-cache-Linux-x64-npm-3c2bed2e4d5560c16cd47e37968a04b8819d6133a5ba040e0974537bdfacd89f
prettier --write (same-repository PR)	Run actions/setup-node@v4	2026-08-12T15:52:44.2092582Z (node:2301) [DEP0169] DeprecationWarning: `url.parse()` behavior is not standardized and prone to errors that have security implications. Use the WHATWG URL API instead. CVEs are not issued for `url.parse()` vulnerabilities.
prettier --write (same-repository PR)	Run actions/setup-node@v4	2026-08-12T15:52:45.4275780Z Received 17609773 of 30192685 (58.3%), 16.8 MBs/sec
prettier --write (same-repository PR)	Run actions/setup-node@v4	2026-08-12T15:52:45.5370552Z Received 30192685 of 30192685 (100.0%), 25.9 MBs/sec
prettier --write (same-repository PR)	Run actions/setup-node@v4	2026-08-12T15:52:45.5371122Z Cache Size: ~29 MB (30192685 B)
prettier --write (same-repository PR)	Run actions/setup-node@v4	2026-08-12T15:52:45.5397320Z [command]/usr/bin/tar -xf /home/runner/work/_temp/a0e4df4f-8a3c-4d42-89fc-7398495b7525/cache.tzst -P -C /home/runner/work/motion5/motion5 --use-compress-program unzstd
prettier --write (same-repository PR)	Run actions/setup-node@v4	2026-08-12T15:52:45.5932300Z Cache restored successfully
prettier --write (same-repository PR)	Run actions/setup-node@v4	2026-08-12T15:52:45.5946694Z Cache restored from key: node-cache-Linux-x64-npm-3c2bed2e4d5560c16cd47e37968a04b8819d6133a5ba040e0974537bdfacd89f
prettier --write (same-repository PR)	Install locked dependencies	﻿2026-08-12T15:52:45.6072120Z ##[group]Run npm ci --ignore-scripts --no-audit --no-fund
prettier --write (same-repository PR)	Install locked dependencies	2026-08-12T15:52:45.6072683Z ^[[36;1mnpm ci --ignore-scripts --no-audit --no-fund^[[0m
prettier --write (same-repository PR)	Install locked dependencies	2026-08-12T15:52:45.6104816Z shell: /usr/bin/bash -e {0}
prettier --write (same-repository PR)	Install locked dependencies	2026-08-12T15:52:45.6105105Z ##[endgroup]
prettier --write (same-repository PR)	Install locked dependencies	2026-08-12T15:52:48.6995406Z 
prettier --write (same-repository PR)	Install locked dependencies	2026-08-12T15:52:48.7002008Z added 219 packages in 3s
prettier --write (same-repository PR)	Apply formatter	﻿2026-08-12T15:52:48.7325600Z ##[group]Run npm run format
prettier --write (same-repository PR)	Apply formatter	2026-08-12T15:52:48.7326044Z ^[[36;1mnpm run format^[[0m
prettier --write (same-repository PR)	Apply formatter	2026-08-12T15:52:48.7348146Z shell: /usr/bin/bash -e {0}
prettier --write (same-repository PR)	Apply formatter	2026-08-12T15:52:48.7348419Z ##[endgroup]
prettier --write (same-repository PR)	Apply formatter	2026-08-12T15:52:48.8295197Z 
prettier --write (same-repository PR)	Apply formatter	2026-08-12T15:52:48.8296066Z > motion5@0.0.0 format
prettier --write (same-repository PR)	Apply formatter	2026-08-12T15:52:48.8296615Z > prettier . --write
prettier --write (same-repository PR)	Apply formatter	2026-08-12T15:52:48.8296852Z 
prettier --write (same-repository PR)	Apply formatter	2026-08-12T15:52:48.9723505Z ^[[90m.github/pull_request_template.md^[[39m 36ms (unchanged)
prettier --write (same-repository PR)	Apply formatter	2026-08-12T15:52:49.0024613Z ^[[90m.github/workflows/archive-ci-logs.yml^[[39m 27ms (unchanged)
prettier --write (same-repository PR)	Apply formatter	2026-08-12T15:52:49.0117396Z ^[[90m.github/workflows/bootstrap-lockfile.yml^[[39m 6ms (unchanged)
prettier --write (same-repository PR)	Apply formatter	2026-08-12T15:52:49.0245813Z ^[[90m.github/workflows/ci.yml^[[39m 10ms (unchanged)
prettier --write (same-repository PR)	Apply formatter	2026-08-12T15:52:49.0320776Z ^[[90m.github/workflows/format-manual.yml^[[39m 4ms (unchanged)
prettier --write (same-repository PR)	Apply formatter	2026-08-12T15:52:49.0381832Z ^[[90m.github/workflows/format.yml^[[39m 4ms (unchanged)
prettier --write (same-repository PR)	Apply formatter	2026-08-12T15:52:49.0595588Z ^[[90m.github/workflows/recovery-audit.yml^[[39m 14ms (unchanged)
prettier --write (same-repository PR)	Apply formatter	2026-08-12T15:52:49.0989845Z ^[[90m.prettierrc.json^[[39m 33ms (unchanged)
prettier --write (same-repository PR)	Apply formatter	2026-08-12T15:52:49.1077496Z docs/acceptance-map.json 4ms
prettier --write (same-repository PR)	Apply formatter	2026-08-12T15:52:49.2057217Z ^[[90mdocs/ARCHITECTURE.md^[[39m 95ms (unchanged)
prettier --write (same-repository PR)	Apply formatter	2026-08-12T15:52:49.2349016Z ^[[90mdocs/AUTHORED-SCHEMA.md^[[39m 28ms (unchanged)
prettier --write (same-repository PR)	Apply formatter	2026-08-12T15:52:49.2483107Z ^[[90mdocs/CI-WORKFLOW.md^[[39m 12ms (unchanged)
prettier --write (same-repository PR)	Apply formatter	2026-08-12T15:52:49.3581044Z ^[[90mdocs/CODE-REVIEW-POST-E3.md^[[39m 107ms (unchanged)
prettier --write (same-repository PR)	Apply formatter	2026-08-12T15:52:49.4116951Z ^[[90mdocs/DECISIONS.md^[[39m 49ms (unchanged)
prettier --write (same-repository PR)	Apply formatter	2026-08-12T15:52:49.4160708Z ^[[90mdocs/FORMATTING.md^[[39m 6ms (unchanged)
prettier --write (same-repository PR)	Apply formatter	2026-08-12T15:52:49.5185626Z ^[[90mdocs/IMPLEMENTATION-PLAN.md^[[39m 101ms (unchanged)
prettier --write (same-repository PR)	Apply formatter	2026-08-12T15:52:49.5607718Z ^[[90mdocs/IMPLEMENTOR-BRIEF-MOTIONPATH-TO-MOTION5.md^[[39m 29ms (unchanged)
prettier --write (same-repository PR)	Apply formatter	2026-08-12T15:52:49.5756985Z ^[[90mdocs/MIGRATION-V4-TO-V5.md^[[39m 13ms (unchanged)
prettier --write (same-repository PR)	Apply formatter	2026-08-12T15:52:49.6105747Z ^[[90mdocs/PHASE-3-4-CONSOLIDATED-AUDIT.md^[[39m 33ms (unchanged)
prettier --write (same-repository PR)	Apply formatter	2026-08-12T15:52:49.6351071Z ^[[90mdocs/PHASE-3-4-RECOVERY-PLAN.md^[[39m 22ms (unchanged)
prettier --write (same-repository PR)	Apply formatter	2026-08-12T15:52:49.6496087Z ^[[90mdocs/PHASE-3-IMPLEMENTATION-REVIEW.md^[[39m 12ms (unchanged)
prettier --write (same-repository PR)	Apply formatter	2026-08-12T15:52:49.7507726Z ^[[90mdocs/PHASE-4-IMPLEMENTATION-REVIEW.md^[[39m 99ms (unchanged)
prettier --write (same-repository PR)	Apply formatter	2026-08-12T15:52:49.7566565Z ^[[90mdocs/PR-WORKFLOW.md^[[39m 5ms (unchanged)
prettier --write (same-repository PR)	Apply formatter	2026-08-12T15:52:49.7854813Z ^[[90mdocs/PRD.md^[[39m 27ms (unchanged)
prettier --write (same-repository PR)	Apply formatter	2026-08-12T15:52:49.7955586Z ^[[90mdocs/README.md^[[39m 8ms (unchanged)
prettier --write (same-repository PR)	Apply formatter	2026-08-12T15:52:49.8044172Z ^[[90mdocs/SESSION-STATUS.md^[[39m 5ms (unchanged)
prettier --write (same-repository PR)	Apply formatter	2026-08-12T15:52:49.8106273Z ^[[90mdocs/TESTING-STRATEGY.md^[[39m 5ms (unchanged)
prettier --write (same-repository PR)	Apply formatter	2026-08-12T15:52:49.8659711Z ^[[90mdocs/TRD.md^[[39m 54ms (unchanged)
prettier --write (same-repository PR)	Apply formatter	2026-08-12T15:52:49.8689067Z ^[[90mpackage.json^[[39m 2ms (unchanged)
prettier --write (same-repository PR)	Apply formatter	2026-08-12T15:52:49.8730748Z ^[[90mpackages/core/package.json^[[39m 1ms (unchanged)
prettier --write (same-repository PR)	Apply formatter	2026-08-12T15:52:49.8883492Z ^[[90mpackages/core/src/adapters/browser-clock.ts^[[39m 11ms (unchanged)
prettier --write (same-repository PR)	Apply formatter	2026-08-12T15:52:49.9026369Z ^[[90mpackages/core/src/adapters/dom.ts^[[39m 13ms (unchanged)
prettier --write (same-repository PR)	Apply formatter	2026-08-12T15:52:49.9235975Z ^[[90mpackages/core/src/adapters/interpolator/gsap.ts^[[39m 18ms (unchanged)
prettier --write (same-repository PR)	Apply formatter	2026-08-12T15:52:49.9340875Z ^[[90mpackages/core/src/contract/golden.ts^[[39m 7ms (unchanged)
prettier --write (same-repository PR)	Apply formatter	2026-08-12T15:52:49.9433617Z ^[[90mpackages/core/src/contract/migrate-v4-to-v5.ts^[[39m 8ms (unchanged)
prettier --write (same-repository PR)	Apply formatter	2026-08-12T15:52:49.9538826Z ^[[90mpackages/core/src/contract/v5.ts^[[39m 6ms (unchanged)
prettier --write (same-repository PR)	Apply formatter	2026-08-12T15:52:50.0021890Z ^[[90mpackages/core/src/contract/validate-v5.ts^[[39m 47ms (unchanged)
prettier --write (same-repository PR)	Apply formatter	2026-08-12T15:52:50.0127172Z ^[[90mpackages/core/src/domain/lifecycle.ts^[[39m 7ms (unchanged)
prettier --write (same-repository PR)	Apply formatter	2026-08-12T15:52:50.0275083Z ^[[90mpackages/core/src/domain/motion.ts^[[39m 12ms (unchanged)
prettier --write (same-repository PR)	Apply formatter	2026-08-12T15:52:50.0464964Z ^[[90mpackages/core/src/domain/plugins.ts^[[39m 18ms (unchanged)
prettier --write (same-repository PR)	Apply formatter	2026-08-12T15:52:50.0619275Z ^[[90mpackages/core/src/domain/track.ts^[[39m 9ms (unchanged)
prettier --write (same-repository PR)	Apply formatter	2026-08-12T15:52:50.0726953Z ^[[90mpackages/core/src/domain/triggers.ts^[[39m 9ms (unchanged)
prettier --write (same-repository PR)	Apply formatter	2026-08-12T15:52:50.0827244Z ^[[90mpackages/core/src/domain/values.ts^[[39m 9ms (unchanged)
prettier --write (same-repository PR)	Apply formatter	2026-08-12T15:52:50.0907118Z ^[[90mpackages/core/src/engine.ts^[[39m 7ms (unchanged)
prettier --write (same-repository PR)	Apply formatter	2026-08-12T15:52:50.1018757Z ^[[90mpackages/core/src/graph/binding.ts^[[39m 8ms (unchanged)
prettier --write (same-repository PR)	Apply formatter	2026-08-12T15:52:50.1071249Z ^[[90mpackages/core/src/graph/compare.ts^[[39m 2ms (unchanged)
prettier --write (same-repository PR)	Apply formatter	2026-08-12T15:52:50.1157471Z ^[[90mpackages/core/src/graph/ids.ts^[[39m 7ms (unchanged)
prettier --write (same-repository PR)	Apply formatter	2026-08-12T15:52:50.1375163Z ^[[90mpackages/core/src/graph/ir.ts^[[39m 20ms (unchanged)
prettier --write (same-repository PR)	Apply formatter	2026-08-12T15:52:50.1811354Z ^[[90mpackages/core/src/graph/observation-state.ts^[[39m 25ms (unchanged)
prettier --write (same-repository PR)	Apply formatter	2026-08-12T15:52:50.2152518Z ^[[90mpackages/core/src/graph/order.ts^[[39m 15ms (unchanged)
prettier --write (same-repository PR)	Apply formatter	2026-08-12T15:52:50.2199786Z ^[[90mpackages/core/src/index.ts^[[39m 3ms (unchanged)
prettier --write (same-repository PR)	Apply formatter	2026-08-12T15:52:50.2233604Z ^[[90mpackages/core/src/internal.ts^[[39m 2ms (unchanged)
prettier --write (same-repository PR)	Apply formatter	2026-08-12T15:52:50.2310978Z ^[[90mpackages/core/src/ports/clock.ts^[[39m 4ms (unchanged)
prettier --write (same-repository PR)	Apply formatter	2026-08-12T15:52:50.2441242Z ^[[90mpackages/core/src/ports/fakes.ts^[[39m 12ms (unchanged)
prettier --write (same-repository PR)	Apply formatter	2026-08-12T15:52:50.2475455Z ^[[90mpackages/core/src/ports/interpolator.ts^[[39m 2ms (unchanged)
prettier --write (same-repository PR)	Apply formatter	2026-08-12T15:52:50.2507506Z ^[[90mpackages/core/src/ports/scheduler.ts^[[39m 2ms (unchanged)
prettier --write (same-repository PR)	Apply formatter	2026-08-12T15:52:50.2662552Z ^[[90mpackages/core/src/runtime/graph-publisher.ts^[[39m 13ms (unchanged)
prettier --write (same-repository PR)	Apply formatter	2026-08-12T15:52:50.2803393Z ^[[90mpackages/core/src/runtime/graph-runtime.ts^[[39m 13ms (unchanged)
prettier --write (same-repository PR)	Apply formatter	2026-08-12T15:52:50.2921557Z ^[[90mpackages/core/src/runtime/patch-registry.ts^[[39m 11ms (unchanged)
prettier --write (same-repository PR)	Apply formatter	2026-08-12T15:52:50.2981187Z ^[[90mpackages/core/src/runtime/project-runtime.ts^[[39m 4ms (unchanged)
prettier --write (same-repository PR)	Apply formatter	2026-08-12T15:52:50.3084725Z ^[[90mpackages/core/test/contract/adapters.test.ts^[[39m 7ms (unchanged)
prettier --write (same-repository PR)	Apply formatter	2026-08-12T15:52:50.3140975Z ^[[90mpackages/core/test/contract/gsap-multi-stop.test.ts^[[39m 4ms (unchanged)
prettier --write (same-repository PR)	Apply formatter	2026-08-12T15:52:50.3173857Z packages/core/test/contract/gsap-paused-timeline.test.ts 2ms
prettier --write (same-repository PR)	Apply formatter	2026-08-12T15:52:50.3252419Z ^[[90mpackages/core/test/contract/ports.test.ts^[[39m 6ms (unchanged)
prettier --write (same-repository PR)	Apply formatter	2026-08-12T15:52:50.3394614Z ^[[90mpackages/core/test/contract/v5-validator.test.ts^[[39m 12ms (unchanged)
prettier --write (same-repository PR)	Apply formatter	2026-08-12T15:52:50.3442698Z ^[[90mpackages/core/test/fixtures/v5-contract.ts^[[39m 2ms (unchanged)
prettier --write (same-repository PR)	Apply formatter	2026-08-12T15:52:50.3512203Z ^[[90mpackages/core/test/integration/contract-baseline.test.ts^[[39m 4ms (unchanged)
prettier --write (same-repository PR)	Apply formatter	2026-08-12T15:52:50.3598441Z ^[[90mpackages/core/test/integration/dom-patch-apply.test.ts^[[39m 7ms (unchanged)
prettier --write (same-repository PR)	Apply formatter	2026-08-12T15:52:50.3685602Z ^[[90mpackages/core/test/integration/end-to-end.test.ts^[[39m 7ms (unchanged)
prettier --write (same-repository PR)	Apply formatter	2026-08-12T15:52:50.3826781Z ^[[90mpackages/core/test/integration/engine-headless.test.ts^[[39m 6ms (unchanged)
prettier --write (same-repository PR)	Apply formatter	2026-08-12T15:52:50.3899703Z ^[[90mpackages/core/test/integration/flush-output-merge.test.ts^[[39m 6ms (unchanged)
prettier --write (same-repository PR)	Apply formatter	2026-08-12T15:52:50.3927278Z ^[[90mpackages/core/test/integration/golden-roundtrip.test.ts^[[39m 2ms (unchanged)
prettier --write (same-repository PR)	Apply formatter	2026-08-12T15:52:50.4055432Z ^[[90mpackages/core/test/integration/graph-publisher.test.ts^[[39m 10ms (unchanged)
prettier --write (same-repository PR)	Apply formatter	2026-08-12T15:52:50.4141865Z ^[[90mpackages/core/test/integration/graph-rollback.test.ts^[[39m 7ms (unchanged)
prettier --write (same-repository PR)	Apply formatter	2026-08-12T15:52:50.4230727Z ^[[90mpackages/core/test/integration/graph-runtime.test.ts^[[39m 7ms (unchanged)
prettier --write (same-repository PR)	Apply formatter	2026-08-12T15:52:50.4280570Z ^[[90mpackages/core/test/integration/membership-gating.test.ts^[[39m 4ms (unchanged)
prettier --write (same-repository PR)	Apply formatter	2026-08-12T15:52:50.4338936Z ^[[90mpackages/core/test/integration/partial-seed-inputs.test.ts^[[39m 4ms (unchanged)
prettier --write (same-repository PR)	Apply formatter	2026-08-12T15:52:50.4405230Z ^[[90mpackages/core/test/integration/project-runtime.test.ts^[[39m 4ms (unchanged)
prettier --write (same-repository PR)	Apply formatter	2026-08-12T15:52:50.4492749Z ^[[90mpackages/core/test/integration/publisher-output-merge-consistency.test.ts^[[39m 8ms (unchanged)
prettier --write (same-repository PR)	Apply formatter	2026-08-12T15:52:50.4579510Z ^[[90mpackages/core/test/migration/v4-to-v5.test.ts^[[39m 6ms (unchanged)
prettier --write (same-repository PR)	Apply formatter	2026-08-12T15:52:50.4677099Z ^[[90mpackages/core/test/unit/domain/lifecycle.test.ts^[[39m 6ms (unchanged)
prettier --write (same-repository PR)	Apply formatter	2026-08-12T15:52:50.4750642Z ^[[90mpackages/core/test/unit/domain/motion.test.ts^[[39m 6ms (unchanged)
prettier --write (same-repository PR)	Apply formatter	2026-08-12T15:52:50.4872197Z ^[[90mpackages/core/test/unit/domain/plugins.test.ts^[[39m 11ms (unchanged)
prettier --write (same-repository PR)	Apply formatter	2026-08-12T15:52:50.4957728Z ^[[90mpackages/core/test/unit/domain/track-contribution.test.ts^[[39m 6ms (unchanged)
prettier --write (same-repository PR)	Apply formatter	2026-08-12T15:52:50.5076083Z ^[[90mpackages/core/test/unit/domain/track.test.ts^[[39m 9ms (unchanged)
prettier --write (same-repository PR)	Apply formatter	2026-08-12T15:52:50.5159028Z ^[[90mpackages/core/test/unit/domain/triggers.test.ts^[[39m 7ms (unchanged)
prettier --write (same-repository PR)	Apply formatter	2026-08-12T15:52:50.5247088Z ^[[90mpackages/core/test/unit/domain/values.test.ts^[[39m 7ms (unchanged)
prettier --write (same-repository PR)	Apply formatter	2026-08-12T15:52:50.5424572Z ^[[90mpackages/core/test/unit/graph/ids.test.ts^[[39m 4ms (unchanged)
prettier --write (same-repository PR)	Apply formatter	2026-08-12T15:52:50.5506545Z ^[[90mpackages/core/test/unit/graph/ir-validation.test.ts^[[39m 7ms (unchanged)
prettier --write (same-repository PR)	Apply formatter	2026-08-12T15:52:50.5642595Z ^[[90mpackages/core/test/unit/graph/observation-state.test.ts^[[39m 12ms (unchanged)
prettier --write (same-repository PR)	Apply formatter	2026-08-12T15:52:50.5730960Z ^[[90mpackages/core/test/unit/graph/order.test.ts^[[39m 7ms (unchanged)
prettier --write (same-repository PR)	Apply formatter	2026-08-12T15:52:50.5752308Z ^[[90mpackages/core/test/unit/placeholder.test.ts^[[39m 1ms (unchanged)
prettier --write (same-repository PR)	Apply formatter	2026-08-12T15:52:50.5843558Z ^[[90mpackages/core/test/unit/runtime/clock-tick-identity.test.ts^[[39m 7ms (unchanged)
prettier --write (same-repository PR)	Apply formatter	2026-08-12T15:52:50.5942817Z ^[[90mpackages/core/test/unit/runtime/patch-registry-subscriber-errors.test.ts^[[39m 9ms (unchanged)
prettier --write (same-repository PR)	Apply formatter	2026-08-12T15:52:50.6021412Z ^[[90mpackages/core/test/unit/runtime/patch-registry.test.ts^[[39m 6ms (unchanged)
prettier --write (same-repository PR)	Apply formatter	2026-08-12T15:52:50.6131880Z ^[[90mpackages/core/test/unit/runtime/publisher-reentrancy.test.ts^[[39m 10ms (unchanged)
prettier --write (same-repository PR)	Apply formatter	2026-08-12T15:52:50.6190640Z ^[[90mpackages/core/test/unit/scripts/acceptance-scan.test.ts^[[39m 4ms (unchanged)
prettier --write (same-repository PR)	Apply formatter	2026-08-12T15:52:50.6288719Z ^[[90mpackages/core/test/unit/scripts/boundary-scan.test.ts^[[39m 9ms (unchanged)
prettier --write (same-repository PR)	Apply formatter	2026-08-12T15:52:50.6328328Z ^[[90mpackages/core/test/unit/scripts/mutation-config.test.ts^[[39m 3ms (unchanged)
prettier --write (same-repository PR)	Apply formatter	2026-08-12T15:52:50.6366371Z ^[[90mpackages/react/package.json^[[39m 1ms (unchanged)
prettier --write (same-repository PR)	Apply formatter	2026-08-12T15:52:50.6403420Z ^[[90mpackages/react/src/index.ts^[[39m 2ms (unchanged)
prettier --write (same-repository PR)	Apply formatter	2026-08-12T15:52:50.6444469Z ^[[90mpackages/react/src/patch-store.ts^[[39m 3ms (unchanged)
prettier --write (same-repository PR)	Apply formatter	2026-08-12T15:52:50.6507884Z ^[[90mpackages/react/test/patch-store-lifecycle.test.ts^[[39m 4ms (unchanged)
prettier --write (same-repository PR)	Apply formatter	2026-08-12T15:52:50.6559814Z ^[[90mpackages/react/test/patch-store.test.ts^[[39m 4ms (unchanged)
prettier --write (same-repository PR)	Apply formatter	2026-08-12T15:52:50.6616845Z ^[[90mpackages/react/test/public-hook-render.test.ts^[[39m 4ms (unchanged)
prettier --write (same-repository PR)	Apply formatter	2026-08-12T15:52:50.6752973Z ^[[90mpackages/react/test/public-hook.test.ts^[[39m 1ms (unchanged)
prettier --write (same-repository PR)	Apply formatter	2026-08-12T15:52:50.6807803Z ^[[90mpackages/react/test/public-package-surface.test.ts^[[39m 4ms (unchanged)
prettier --write (same-repository PR)	Apply formatter	2026-08-12T15:52:50.6834644Z ^[[90mperformance/budgets.json^[[39m 1ms (unchanged)
prettier --write (same-repository PR)	Apply formatter	2026-08-12T15:52:50.6925865Z ^[[90mperformance/graph-benchmark.mjs^[[39m 8ms (unchanged)
prettier --write (same-repository PR)	Apply formatter	2026-08-12T15:52:50.6988202Z ^[[90mprogress/A3.md^[[39m 4ms (unchanged)
prettier --write (same-repository PR)	Apply formatter	2026-08-12T15:52:50.7039455Z ^[[90mprogress/B1.md^[[39m 4ms (unchanged)
prettier --write (same-repository PR)	Apply formatter	2026-08-12T15:52:50.7113984Z ^[[90mprogress/B2.md^[[39m 6ms (unchanged)
prettier --write (same-repository PR)	Apply formatter	2026-08-12T15:52:50.7161032Z ^[[90mprogress/C1.md^[[39m 4ms (unchanged)
prettier --write (same-repository PR)	Apply formatter	2026-08-12T15:52:50.7256173Z ^[[90mprogress/C2.md^[[39m 8ms (unchanged)
prettier --write (same-repository PR)	Apply formatter	2026-08-12T15:52:50.7302461Z ^[[90mprogress/C3.md^[[39m 4ms (unchanged)
prettier --write (same-repository PR)	Apply formatter	2026-08-12T15:52:50.7337169Z ^[[90mprogress/D1.md^[[39m 2ms (unchanged)
prettier --write (same-repository PR)	Apply formatter	2026-08-12T15:52:50.7422786Z ^[[90mprogress/D2.md^[[39m 8ms (unchanged)
prettier --write (same-repository PR)	Apply formatter	2026-08-12T15:52:50.7461709Z ^[[90mprogress/D3.md^[[39m 3ms (unchanged)
prettier --write (same-repository PR)	Apply formatter	2026-08-12T15:52:50.7500862Z ^[[90mprogress/E1.md^[[39m 3ms (unchanged)
prettier --write (same-repository PR)	Apply formatter	2026-08-12T15:52:50.7538483Z ^[[90mprogress/E3.md^[[39m 3ms (unchanged)
prettier --write (same-repository PR)	Apply formatter	2026-08-12T15:52:50.7602474Z ^[[90mprogress/README.md^[[39m 5ms (unchanged)
prettier --write (same-repository PR)	Apply formatter	2026-08-12T15:52:50.7754982Z ^[[90mprogress/STATUS.md^[[39m 13ms (unchanged)
prettier --write (same-repository PR)	Apply formatter	2026-08-12T15:52:50.7880609Z ^[[90mprogress/W0-baseline.md^[[39m 4ms (unchanged)
prettier --write (same-repository PR)	Apply formatter	2026-08-12T15:52:50.7979893Z ^[[90mREADME.md^[[39m 9ms (unchanged)
prettier --write (same-repository PR)	Apply formatter	2026-08-12T15:52:50.8047538Z ^[[90mRECOVERY.md^[[39m 6ms (unchanged)
prettier --write (same-repository PR)	Apply formatter	2026-08-12T15:52:50.8085160Z ^[[90mscripts/acceptance-scan.d.mts^[[39m 2ms (unchanged)
prettier --write (same-repository PR)	Apply formatter	2026-08-12T15:52:50.8163711Z ^[[90mscripts/acceptance-scan.mjs^[[39m 5ms (unchanged)
prettier --write (same-repository PR)	Apply formatter	2026-08-12T15:52:50.8194432Z ^[[90mscripts/boundary-scan-fixtures.ts^[[39m 1ms (unchanged)
prettier --write (same-repository PR)	Apply formatter	2026-08-12T15:52:50.8229338Z ^[[90mscripts/boundary-scan.d.mts^[[39m 2ms (unchanged)
prettier --write (same-repository PR)	Apply formatter	2026-08-12T15:52:50.8387239Z ^[[90mscripts/boundary-scan.mjs^[[39m 13ms (unchanged)
prettier --write (same-repository PR)	Apply formatter	2026-08-12T15:52:50.8423804Z ^[[90mscripts/mutation-summary.mjs^[[39m 3ms (unchanged)
prettier --write (same-repository PR)	Apply formatter	2026-08-12T15:52:50.8448694Z ^[[90mstryker.config.json^[[39m 1ms (unchanged)
prettier --write (same-repository PR)	Apply formatter	2026-08-12T15:52:50.8488052Z ^[[90mtsconfig.json^[[39m 1ms (unchanged)
prettier --write (same-repository PR)	Apply formatter	2026-08-12T15:52:50.8514623Z ^[[90mvitest.stryker.config.ts^[[39m 1ms (unchanged)
prettier --write (same-repository PR)	Apply formatter	2026-08-12T15:52:50.8772806Z ^[[90mWAVE-PLAN.md^[[39m 24ms (unchanged)
prettier --write (same-repository PR)	Commit formatting changes	﻿2026-08-12T15:52:50.9049940Z ##[group]Run if git diff --quiet; then
prettier --write (same-repository PR)	Commit formatting changes	2026-08-12T15:52:50.9050283Z ^[[36;1mif git diff --quiet; then^[[0m
prettier --write (same-repository PR)	Commit formatting changes	2026-08-12T15:52:50.9050557Z ^[[36;1m  echo "No formatting drift."^[[0m
prettier --write (same-repository PR)	Commit formatting changes	2026-08-12T15:52:50.9050806Z ^[[36;1m  exit 0^[[0m
prettier --write (same-repository PR)	Commit formatting changes	2026-08-12T15:52:50.9050999Z ^[[36;1mfi^[[0m
prettier --write (same-repository PR)	Commit formatting changes	2026-08-12T15:52:50.9051228Z ^[[36;1mgit config user.name "github-actions[bot]"^[[0m
prettier --write (same-repository PR)	Commit formatting changes	2026-08-12T15:52:50.9051653Z ^[[36;1mgit config user.email "41898282+github-actions[bot]@users.noreply.github.com"^[[0m
prettier --write (same-repository PR)	Commit formatting changes	2026-08-12T15:52:50.9052105Z ^[[36;1mgit add -A^[[0m
prettier --write (same-repository PR)	Commit formatting changes	2026-08-12T15:52:50.9052352Z ^[[36;1mgit commit -m "chore: apply prettier"^[[0m
prettier --write (same-repository PR)	Commit formatting changes	2026-08-12T15:52:50.9052807Z ^[[36;1mgit push origin "HEAD:${TARGET_BRANCH}"^[[0m
prettier --write (same-repository PR)	Commit formatting changes	2026-08-12T15:52:50.9075546Z shell: /usr/bin/bash -e {0}
prettier --write (same-repository PR)	Commit formatting changes	2026-08-12T15:52:50.9075893Z env:
prettier --write (same-repository PR)	Commit formatting changes	2026-08-12T15:52:50.9076187Z   TARGET_BRANCH: fix/P0-2-gsap-paused-timeline
prettier --write (same-repository PR)	Commit formatting changes	2026-08-12T15:52:50.9076594Z ##[endgroup]
prettier --write (same-repository PR)	Commit formatting changes	2026-08-12T15:52:50.9296780Z [fix/P0-2-gsap-paused-timeline 075416c] chore: apply prettier
prettier --write (same-repository PR)	Commit formatting changes	2026-08-12T15:52:50.9297598Z  2 files changed, 8 insertions(+), 2 deletions(-)
prettier --write (same-repository PR)	Commit formatting changes	2026-08-12T15:52:52.4981030Z To https://github.com/chahyasantoso/motion5
prettier --write (same-repository PR)	Commit formatting changes	2026-08-12T15:52:52.4981805Z    1ee70a1..075416c  HEAD -> fix/P0-2-gsap-paused-timeline
prettier --write (same-repository PR)	Post Run actions/setup-node@v4	﻿2026-08-12T15:52:52.5175749Z Node 20 is being deprecated. This workflow is running with Node 24 by default. If you need to temporarily use Node 20, you can set the ACTIONS_ALLOW_USE_UNSECURE_NODE_VERSION=true environment variable. For more information see: https://github.blog/changelog/2025-09-19-deprecation-of-node-20-on-github-actions-runners/
prettier --write (same-repository PR)	Post Run actions/setup-node@v4	2026-08-12T15:52:52.5177557Z Post job cleanup.
prettier --write (same-repository PR)	Post Run actions/setup-node@v4	2026-08-12T15:52:52.6396630Z (node:2407) [DEP0040] DeprecationWarning: The `punycode` module is deprecated. Please use a userland alternative instead.
prettier --write (same-repository PR)	Post Run actions/setup-node@v4	2026-08-12T15:52:52.6397406Z (Use `node --trace-deprecation ...` to show where the warning was created)
prettier --write (same-repository PR)	Post Run actions/setup-node@v4	2026-08-12T15:52:52.6400838Z Cache hit occurred on the primary key node-cache-Linux-x64-npm-3c2bed2e4d5560c16cd47e37968a04b8819d6133a5ba040e0974537bdfacd89f, not saving cache.
prettier --write (same-repository PR)	Post Run actions/checkout@v4	﻿2026-08-12T15:52:52.6520291Z Node 20 is being deprecated. This workflow is running with Node 24 by default. If you need to temporarily use Node 20, you can set the ACTIONS_ALLOW_USE_UNSECURE_NODE_VERSION=true environment variable. For more information see: https://github.blog/changelog/2025-09-19-deprecation-of-node-20-on-github-actions-runners/
prettier --write (same-repository PR)	Post Run actions/checkout@v4	2026-08-12T15:52:52.6521438Z Post job cleanup.
prettier --write (same-repository PR)	Post Run actions/checkout@v4	2026-08-12T15:52:52.7388820Z [command]/usr/bin/git version
prettier --write (same-repository PR)	Post Run actions/checkout@v4	2026-08-12T15:52:52.7434779Z git version 2.54.0
prettier --write (same-repository PR)	Post Run actions/checkout@v4	2026-08-12T15:52:52.7488364Z Temporarily overriding HOME='/home/runner/work/_temp/f52509c6-9256-4b8f-95db-6a87d49411df' before making global git config changes
prettier --write (same-repository PR)	Post Run actions/checkout@v4	2026-08-12T15:52:52.7489321Z Adding repository directory to the temporary git global config as a safe directory
prettier --write (same-repository PR)	Post Run actions/checkout@v4	2026-08-12T15:52:52.7495259Z [command]/usr/bin/git config --global --add safe.directory /home/runner/work/motion5/motion5
prettier --write (same-repository PR)	Post Run actions/checkout@v4	2026-08-12T15:52:52.7534924Z [command]/usr/bin/git config --local --name-only --get-regexp core\.sshCommand
prettier --write (same-repository PR)	Post Run actions/checkout@v4	2026-08-12T15:52:52.7569399Z [command]/usr/bin/git submodule foreach --recursive sh -c "git config --local --name-only --get-regexp 'core\.sshCommand' && git config --local --unset-all 'core.sshCommand' || :"
prettier --write (same-repository PR)	Post Run actions/checkout@v4	2026-08-12T15:52:52.7781688Z [command]/usr/bin/git config --local --name-only --get-regexp http\.https\:\/\/github\.com\/\.extraheader
prettier --write (same-repository PR)	Post Run actions/checkout@v4	2026-08-12T15:52:52.7816830Z http.https://github.com/.extraheader
prettier --write (same-repository PR)	Post Run actions/checkout@v4	2026-08-12T15:52:52.7822879Z [command]/usr/bin/git config --local --unset-all http.https://github.com/.extraheader
prettier --write (same-repository PR)	Post Run actions/checkout@v4	2026-08-12T15:52:52.7860322Z [command]/usr/bin/git submodule foreach --recursive sh -c "git config --local --name-only --get-regexp 'http\.https\:\/\/github\.com\/\.extraheader' && git config --local --unset-all 'http.https://github.com/.extraheader' || :"
prettier --write (same-repository PR)	Post Run actions/checkout@v4	2026-08-12T15:52:52.8086836Z [command]/usr/bin/git config --local --name-only --get-regexp ^includeIf\.gitdir:
prettier --write (same-repository PR)	Post Run actions/checkout@v4	2026-08-12T15:52:52.8121405Z [command]/usr/bin/git submodule foreach --recursive git config --local --show-origin --name-only --get-regexp remote.origin.url
prettier --write (same-repository PR)	Complete job	﻿2026-08-12T15:52:52.8509216Z Cleaning up orphan processes
prettier --write (same-repository PR)	Complete job	2026-08-12T15:52:52.8765953Z ##[warning]Node.js 20 is deprecated. The following actions target Node.js 20 but are being forced to run on Node.js 24: actions/checkout@v4, actions/setup-node@v4. For more information see: https://github.blog/changelog/2025-09-19-deprecation-of-node-20-on-github-actions-runners/
