read-budget (node 24)	Run npm run test:read-budget	﻿2026-09-06T06:14:33.3939232Z ##[group]Run npm run test:read-budget
read-budget (node 24)	Run npm run test:read-budget	2026-09-06T06:14:33.3939601Z ^[[36;1mnpm run test:read-budget^[[0m
read-budget (node 24)	Run npm run test:read-budget	2026-09-06T06:14:33.3977132Z shell: /usr/bin/bash -e {0}
read-budget (node 24)	Run npm run test:read-budget	2026-09-06T06:14:33.3977609Z env:
read-budget (node 24)	Run npm run test:read-budget	2026-09-06T06:14:33.3977814Z   NODE_VERSION: 24
read-budget (node 24)	Run npm run test:read-budget	2026-09-06T06:14:33.3978030Z ##[endgroup]
read-budget (node 24)	Run npm run test:read-budget	2026-09-06T06:14:33.5084319Z 
read-budget (node 24)	Run npm run test:read-budget	2026-09-06T06:14:33.5085055Z > motion5@0.0.0 test:read-budget
read-budget (node 24)	Run npm run test:read-budget	2026-09-06T06:14:33.5086285Z > node scripts/read-budget-scan.mjs && vitest run packages/core/test/unit/scripts/read-budget-scan.test.ts
read-budget (node 24)	Run npm run test:read-budget	2026-09-06T06:14:33.5087071Z 
read-budget (node 24)	Run npm run test:read-budget	2026-09-06T06:14:33.5652257Z packages/core/src/runtime/project-runtime.md: 60137 bytes is over the 60000 byte read budget
read-budget (node 24)	Run npm run test:read-budget	2026-09-06T06:14:33.5822141Z ##[error]Process completed with exit code 1.
quality (node 24)	Run npm test	﻿2026-09-06T06:14:45.3063151Z ##[group]Run npm test
quality (node 24)	Run npm test	2026-09-06T06:14:45.3063815Z ^[[36;1mnpm test^[[0m
quality (node 24)	Run npm test	2026-09-06T06:14:45.3101702Z shell: /usr/bin/bash -e {0}
quality (node 24)	Run npm test	2026-09-06T06:14:45.3102035Z env:
quality (node 24)	Run npm test	2026-09-06T06:14:45.3102236Z   NODE_VERSION: 24
quality (node 24)	Run npm test	2026-09-06T06:14:45.3102454Z ##[endgroup]
quality (node 24)	Run npm test	2026-09-06T06:14:45.4234815Z 
quality (node 24)	Run npm test	2026-09-06T06:14:45.4235498Z > motion5@0.0.0 test
quality (node 24)	Run npm test	2026-09-06T06:14:45.4236074Z > vitest run
quality (node 24)	Run npm test	2026-09-06T06:14:45.4236396Z 
quality (node 24)	Run npm test	2026-09-06T06:14:45.7382400Z 
quality (node 24)	Run npm test	2026-09-06T06:14:45.7386773Z ^[[1m^[[30m^[[46m RUN ^[[49m^[[39m^[[22m ^[[36mv4.1.10 ^[[39m^[[90m/home/runner/work/motion5/motion5^[[39m
quality (node 24)	Run npm test	2026-09-06T06:14:45.7387537Z 
quality (node 24)	Run npm test	2026-09-06T06:14:46.1276291Z  ^[[32m✓^[[39m packages/core/test/unit/scripts/evidence-case-ids.test.ts ^[[2m(^[[22m^[[2m5 tests^[[22m^[[2m)^[[22m^[[32m 48^[[2mms^[[22m^[[39m
quality (node 24)	Run npm test	2026-09-06T06:14:46.4848728Z  ^[[32m✓^[[39m packages/core/test/unit/runtime/structural-commit-path.test.ts ^[[2m(^[[22m^[[2m40 tests^[[22m^[[2m)^[[22m^[[32m 61^[[2mms^[[22m^[[39m
quality (node 24)	Run npm test	2026-09-06T06:14:46.5278607Z  ^[[32m✓^[[39m packages/core/test/unit/runtime/keyframe-property-edit.test.ts ^[[2m(^[[22m^[[2m10 tests^[[22m^[[2m)^[[22m^[[32m 79^[[2mms^[[22m^[[39m
quality (node 24)	Run npm test	2026-09-06T06:14:46.5368269Z  ^[[31m❯^[[39m packages/core/test/unit/runtime/live-value-updates.test.ts ^[[2m(^[[22m^[[2m17 tests^[[22m^[[2m | ^[[22m^[[31m1 failed^[[39m^[[2m)^[[22m^[[32m 81^[[2mms^[[22m^[[39m
quality (node 24)	Run npm test	2026-09-06T06:14:46.5403624Z      ^[[32m✓^[[39m LV-18 leaves a refused writer's retained definition and publication untouched^[[32m 10^[[2mms^[[22m^[[39m
quality (node 24)	Run npm test	2026-09-06T06:14:46.5446862Z      ^[[32m✓^[[39m LV-19 leaves the retained definition unmoved when the real staging build refuses^[[32m 19^[[2mms^[[22m^[[39m
quality (node 24)	Run npm test	2026-09-06T06:14:46.5455322Z      ^[[32m✓^[[39m PK-20 completes an escalation whose real displaced timeline cleanup throws^[[32m 4^[[2mms^[[22m^[[39m
quality (node 24)	Run npm test	2026-09-06T06:14:46.5457532Z      ^[[32m✓^[[39m LV-20 preserves finalization and publication failures in occurrence order^[[32m 3^[[2mms^[[22m^[[39m
quality (node 24)	Run npm test	2026-09-06T06:14:46.5485034Z ^[[31m     ^[[31m×^[[31m LV-21 conservatively rebuilds after a successful mask followed by a failed stage^[[39m^[[32m 16^[[2mms^[[22m^[[39m
quality (node 24)	Run npm test	2026-09-06T06:14:46.5514805Z      ^[[32m✓^[[39m LV-4 never reaches replace(), and a real replace() drops the mask^[[32m 4^[[2mms^[[22m^[[39m
quality (node 24)	Run npm test	2026-09-06T06:14:46.5534712Z      ^[[32m✓^[[39m LV-5 invalidates exactly once and returns that batch^[[32m 5^[[2mms^[[22m^[[39m
quality (node 24)	Run npm test	2026-09-06T06:14:46.5555050Z      ^[[32m✓^[[39m LV-8 rewrites the retained definition and keeps topology and progress^[[32m 5^[[2mms^[[22m^[[39m
quality (node 24)	Run npm test	2026-09-06T06:14:46.5557086Z      ^[[32m✓^[[39m LV-9 merges partially and preserves the observation the track declared^[[32m 2^[[2mms^[[22m^[[39m
quality (node 24)	Run npm test	2026-09-06T06:14:46.5559016Z      ^[[32m✓^[[39m LV-10 invalidates the dependent, asserted on its patch rather than on a flag^[[32m 1^[[2mms^[[22m^[[39m
quality (node 24)	Run npm test	2026-09-06T06:14:46.5560858Z      ^[[32m✓^[[39m PK-16 escalates through one stageTrack when the backend declines^[[32m 3^[[2mms^[[22m^[[39m
quality (node 24)	Run npm test	2026-09-06T06:14:46.5562718Z      ^[[32m✓^[[39m PK-17 refuses a malformed stop list before anything mutates, on both entry points^[[32m 2^[[2mms^[[22m^[[39m
quality (node 24)	Run npm test	2026-09-06T06:14:46.5564635Z      ^[[32m✓^[[39m PK-19 pins the two mutants no other case can see^[[32m 1^[[2mms^[[22m^[[39m
quality (node 24)	Run npm test	2026-09-06T06:14:46.5566022Z      ^[[32m✓^[[39m LV-13 refuses both new members on a stale handle^[[32m 1^[[2mms^[[22m^[[39m
quality (node 24)	Run npm test	2026-09-06T06:14:46.5568022Z      ^[[32m✓^[[39m LV-15 reports the disposal from the owner that decided it, and publishes nothing^[[32m 1^[[2mms^[[22m^[[39m
quality (node 24)	Run npm test	2026-09-06T06:14:46.5569738Z      ^[[32m✓^[[39m LV-16 finishes the escalation against a live host before the release runs^[[32m 0^[[2mms^[[22m^[[39m
quality (node 24)	Run npm test	2026-09-06T06:14:46.5571436Z      ^[[32m✓^[[39m LV-17 defers the release past a recompile that built after its seam disposed^[[32m 1^[[2mms^[[22m^[[39m
quality (node 24)	Run npm test	2026-09-06T06:14:46.8426682Z  ^[[32m✓^[[39m packages/core/test/unit/plugins/pivot-offset-solve.test.ts ^[[2m(^[[22m^[[2m10 tests^[[22m^[[2m)^[[22m^[[32m 35^[[2mms^[[22m^[[39m
quality (node 24)	Run npm test	2026-09-06T06:14:46.8639231Z  ^[[32m✓^[[39m packages/core/test/unit/runtime/schema-transaction.test.ts ^[[2m(^[[22m^[[2m9 tests^[[22m^[[2m)^[[22m^[[32m 32^[[2mms^[[22m^[[39m
quality (node 24)	Run npm test	2026-09-06T06:14:47.0008572Z ^[[90mstderr^[[2m | packages/core/test/integration/phase7-walker-demo.test.ts^[[2m > ^[[22m^[[2mPhase 7: Walker Demo Integration Suite^[[2m > ^[[22m^[[2m9. Use React usePatch hook at the React boundary
quality (node 24)	Run npm test	2026-09-06T06:14:47.0037564Z ^[[22m^[[39mreact-test-renderer is deprecated. See https://react.dev/warnings/react-test-renderer
quality (node 24)	Run npm test	2026-09-06T06:14:47.0064602Z An update to Root inside a test was not wrapped in act(...).
quality (node 24)	Run npm test	2026-09-06T06:14:47.0083734Z 
quality (node 24)	Run npm test	2026-09-06T06:14:47.0094400Z When testing, code that causes React state updates should be wrapped into act(...):
quality (node 24)	Run npm test	2026-09-06T06:14:47.0115635Z 
quality (node 24)	Run npm test	2026-09-06T06:14:47.0116066Z act(() => {
quality (node 24)	Run npm test	2026-09-06T06:14:47.0116735Z   /* fire events that update state */
quality (node 24)	Run npm test	2026-09-06T06:14:47.0117419Z });
quality (node 24)	Run npm test	2026-09-06T06:14:47.0118133Z /* assert on the output */
quality (node 24)	Run npm test	2026-09-06T06:14:47.0118606Z 
quality (node 24)	Run npm test	2026-09-06T06:14:47.0119828Z This ensures that you're testing the behavior the user would see in the browser. Learn more at https://react.dev/link/wrap-tests-with-act
quality (node 24)	Run npm test	2026-09-06T06:14:47.0121079Z 
quality (node 24)	Run npm test	2026-09-06T06:14:47.0331701Z  ^[[32m✓^[[39m packages/core/test/integration/phase7-walker-demo.test.ts ^[[2m(^[[22m^[[2m13 tests^[[22m^[[2m)^[[22m^[[32m 138^[[2mms^[[22m^[[39m
quality (node 24)	Run npm test	2026-09-06T06:14:47.0981495Z  ^[[32m✓^[[39m packages/core/test/unit/graph/resolve-solvers.test.ts ^[[2m(^[[22m^[[2m10 tests^[[22m^[[2m)^[[22m^[[32m 27^[[2mms^[[22m^[[39m
quality (node 24)	Run npm test	2026-09-06T06:14:47.1444811Z  ^[[32m✓^[[39m packages/core/test/unit/runtime/handle-base.test.ts ^[[2m(^[[22m^[[2m9 tests^[[22m^[[2m)^[[22m^[[32m 33^[[2mms^[[22m^[[39m
quality (node 24)	Run npm test	2026-09-06T06:14:47.3469040Z  ^[[32m✓^[[39m packages/core/test/unit/runtime/plugin-group-edit.test.ts ^[[2m(^[[22m^[[2m9 tests^[[22m^[[2m)^[[22m^[[32m 34^[[2mms^[[22m^[[39m
quality (node 24)	Run npm test	2026-09-06T06:14:47.3956360Z  ^[[32m✓^[[39m packages/core/test/unit/runtime/plugin-require-edit.test.ts ^[[2m(^[[22m^[[2m9 tests^[[22m^[[2m)^[[22m^[[32m 26^[[2mms^[[22m^[[39m
quality (node 24)	Run npm test	2026-09-06T06:14:47.4705899Z  ^[[32m✓^[[39m packages/core/test/integration/bare-authored-leaf.test.ts ^[[2m(^[[22m^[[2m12 tests^[[22m^[[2m)^[[22m^[[32m 84^[[2mms^[[22m^[[39m
quality (node 24)	Run npm test	2026-09-06T06:14:47.6235702Z  ^[[32m✓^[[39m packages/core/test/unit/domain/dict-valued-requirements.test.ts ^[[2m(^[[22m^[[2m12 tests^[[22m^[[2m)^[[22m^[[32m 23^[[2mms^[[22m^[[39m
quality (node 24)	Run npm test	2026-09-06T06:14:47.6377197Z  ^[[32m✓^[[39m packages/core/test/unit/runtime/structural-commit-flush.test.ts ^[[2m(^[[22m^[[2m9 tests^[[22m^[[2m)^[[22m^[[32m 27^[[2mms^[[22m^[[39m
quality (node 24)	Run npm test	2026-09-06T06:14:47.7515551Z  ^[[32m✓^[[39m packages/core/test/integration/t4-runtime-motion-parity.test.ts ^[[2m(^[[22m^[[2m7 tests^[[22m^[[2m)^[[22m^[[32m 31^[[2mms^[[22m^[[39m
quality (node 24)	Run npm test	2026-09-06T06:14:47.9166602Z  ^[[32m✓^[[39m packages/core/test/unit/runtime/immediate-verb-refusal.test.ts ^[[2m(^[[22m^[[2m7 tests^[[22m^[[2m)^[[22m^[[32m 27^[[2mms^[[22m^[[39m
quality (node 24)	Run npm test	2026-09-06T06:14:47.9170632Z  ^[[32m✓^[[39m packages/core/test/unit/runtime/commit-write-cost.test.ts ^[[2m(^[[22m^[[2m6 tests^[[22m^[[2m)^[[22m^[[32m 38^[[2mms^[[22m^[[39m
quality (node 24)	Run npm test	2026-09-06T06:14:48.1586433Z  ^[[32m✓^[[39m packages/core/test/unit/runtime/motion-driver-edit.test.ts ^[[2m(^[[22m^[[2m9 tests^[[22m^[[2m)^[[22m^[[32m 20^[[2mms^[[22m^[[39m
quality (node 24)	Run npm test	2026-09-06T06:14:48.1686476Z  ^[[32m✓^[[39m packages/core/test/unit/plugins/fabrik-solve.test.ts ^[[2m(^[[22m^[[2m8 tests^[[22m^[[2m)^[[22m^[[32m 32^[[2mms^[[22m^[[39m
quality (node 24)	Run npm test	2026-09-06T06:14:48.4310557Z  ^[[32m✓^[[39m packages/core/test/integration/engine-teardown-ownership.test.ts ^[[2m(^[[22m^[[2m6 tests^[[22m^[[2m)^[[22m^[[32m 20^[[2mms^[[22m^[[39m
quality (node 24)	Run npm test	2026-09-06T06:14:48.4837413Z  ^[[32m✓^[[39m packages/core/test/unit/runtime/recompile-predicate.test.ts ^[[2m(^[[22m^[[2m5 tests^[[22m^[[2m)^[[22m^[[32m 56^[[2mms^[[22m^[[39m
quality (node 24)	Run npm test	2026-09-06T06:14:48.6951037Z  ^[[32m✓^[[39m packages/core/test/unit/runtime/publisher-solver-members.test.ts ^[[2m(^[[22m^[[2m6 tests^[[22m^[[2m)^[[22m^[[32m 20^[[2mms^[[22m^[[39m
quality (node 24)	Run npm test	2026-09-06T06:14:48.7702025Z  ^[[32m✓^[[39m packages/core/test/unit/runtime/stale-track-handle.test.ts ^[[2m(^[[22m^[[2m8 tests^[[22m^[[2m)^[[22m^[[32m 26^[[2mms^[[22m^[[39m
quality (node 24)	Run npm test	2026-09-06T06:14:48.9321711Z  ^[[32m✓^[[39m packages/core/test/unit/graph/solver-goals.test.ts ^[[2m(^[[22m^[[2m11 tests^[[22m^[[2m)^[[22m^[[32m 20^[[2mms^[[22m^[[39m
quality (node 24)	Run npm test	2026-09-06T06:14:48.9626742Z  ^[[32m✓^[[39m packages/core/test/unit/scripts/apply-ai-edit.test.ts ^[[2m(^[[22m^[[2m19 tests^[[22m^[[2m)^[[22m^[[33m 1003^[[2mms^[[22m^[[39m
quality (node 24)	Run npm test	2026-09-06T06:14:49.0786296Z  ^[[32m✓^[[39m packages/core/test/integration/plugin-group-values-section.test.ts ^[[2m(^[[22m^[[2m13 tests^[[22m^[[2m)^[[22m^[[32m 48^[[2mms^[[22m^[[39m
quality (node 24)	Run npm test	2026-09-06T06:14:49.2391549Z  ^[[31m❯^[[39m packages/core/test/unit/scripts/read-budget-scan.test.ts ^[[2m(^[[22m^[[2m18 tests^[[22m^[[2m | ^[[22m^[[31m1 failed^[[39m^[[2m)^[[22m^[[32m 81^[[2mms^[[22m^[[39m
quality (node 24)	Run npm test	2026-09-06T06:14:49.2393098Z      ^[[32m✓^[[39m RB-1: passes a file at the budget and refuses the byte after it^[[32m 3^[[2mms^[[22m^[[39m
quality (node 24)	Run npm test	2026-09-06T06:14:49.2395551Z      ^[[32m✓^[[39m RB-2: holds a waived file to its ceiling rather than to the budget^[[32m 1^[[2mms^[[22m^[[39m
quality (node 24)	Run npm test	2026-09-06T06:14:49.2396643Z      ^[[32m✓^[[39m RB-3: names the ceiling a waived file crossed rather than the budget it is over^[[32m 1^[[2mms^[[22m^[[39m
quality (node 24)	Run npm test	2026-09-06T06:14:49.2398322Z      ^[[32m✓^[[39m RB-4: reports a planted file over budget through the shipped scan^[[32m 15^[[2mms^[[22m^[[39m
quality (node 24)	Run npm test	2026-09-06T06:14:49.2399287Z      ^[[32m✓^[[39m RB-5: reports a waiver naming a file the tree does not hold^[[32m 5^[[2mms^[[22m^[[39m
quality (node 24)	Run npm test	2026-09-06T06:14:49.2400158Z      ^[[32m✓^[[39m RB-6: reports an empty scan rather than answering clean^[[32m 2^[[2mms^[[22m^[[39m
quality (node 24)	Run npm test	2026-09-06T06:14:49.2401209Z ^[[31m     ^[[31m×^[[31m RB-7: leaves the shipped tree clean, with nothing left waived^[[39m^[[32m 26^[[2mms^[[22m^[[39m
quality (node 24)	Run npm test	2026-09-06T06:14:49.2402212Z      ^[[32m✓^[[39m RB-8: refuses a source over the sister doc trigger that has no document^[[32m 8^[[2mms^[[22m^[[39m
quality (node 24)	Run npm test	2026-09-06T06:14:49.2403078Z      ^[[32m✓^[[39m RB-9: leaves a source under the trigger alone^[[32m 3^[[2mms^[[22m^[[39m
quality (node 24)	Run npm test	2026-09-06T06:14:49.2404755Z      ^[[32m✓^[[39m RB-10: refuses a mirrored source that does not name its sister doc^[[32m 1^[[2mms^[[22m^[[39m
quality (node 24)	Run npm test	2026-09-06T06:14:49.2406302Z      ^[[32m✓^[[39m RB-11: refuses a heading naming nothing the source declares^[[32m 0^[[2mms^[[22m^[[39m
quality (node 24)	Run npm test	2026-09-06T06:14:49.2407758Z      ^[[32m✓^[[39m RB-12: refuses headings that break the declaration order^[[32m 0^[[2mms^[[22m^[[39m
quality (node 24)	Run npm test	2026-09-06T06:14:49.2409301Z      ^[[32m✓^[[39m RB-13: refuses a private member or local type still carrying a docblock^[[32m 0^[[2mms^[[22m^[[39m
quality (node 24)	Run npm test	2026-09-06T06:14:49.2410695Z      ^[[32m✓^[[39m RB-14: budgets the sister doc as well as the source^[[32m 4^[[2mms^[[22m^[[39m
quality (node 24)	Run npm test	2026-09-06T06:14:49.2411919Z      ^[[32m✓^[[39m RB-15: reads only level two headings as member claims^[[32m 0^[[2mms^[[22m^[[39m
quality (node 24)	Run npm test	2026-09-06T06:14:49.2413066Z      ^[[32m✓^[[39m RB-16: refuses a pending entry the tree no longer needs^[[32m 7^[[2mms^[[22m^[[39m
quality (node 24)	Run npm test	2026-09-06T06:14:49.2414704Z      ^[[32m✓^[[39m RB-17: names what a module declares, not only what a class does^[[32m 0^[[2mms^[[22m^[[39m
quality (node 24)	Run npm test	2026-09-06T06:14:49.2416275Z      ^[[32m✓^[[39m RB-18: refuses a module declaration carrying a docblock, and keeps the exported one^[[32m 1^[[2mms^[[22m^[[39m
quality (node 24)	Run npm test	2026-09-06T06:14:49.3733755Z  ^[[32m✓^[[39m packages/core/test/unit/domain/plugins.test.ts ^[[2m(^[[22m^[[2m19 tests^[[22m^[[2m)^[[22m^[[32m 19^[[2mms^[[22m^[[39m
quality (node 24)	Run npm test	2026-09-06T06:14:49.4063608Z  ^[[32m✓^[[39m packages/core/test/contract/gsap-patch-keys.test.ts ^[[2m(^[[22m^[[2m11 tests^[[22m^[[2m)^[[22m^[[32m 41^[[2mms^[[22m^[[39m
quality (node 24)	Run npm test	2026-09-06T06:14:49.5515813Z  ^[[32m✓^[[39m packages/core/test/integration/trigger-time-loop.test.ts ^[[2m(^[[22m^[[2m11 tests^[[22m^[[2m)^[[22m^[[32m 50^[[2mms^[[22m^[[39m
quality (node 24)	Run npm test	2026-09-06T06:14:49.6197043Z  ^[[32m✓^[[39m packages/core/test/unit/domain/track-live-values.test.ts ^[[2m(^[[22m^[[2m7 tests^[[22m^[[2m)^[[22m^[[32m 16^[[2mms^[[22m^[[39m
quality (node 24)	Run npm test	2026-09-06T06:14:49.6700674Z  ^[[32m✓^[[39m packages/core/test/unit/runtime/snapshot-one-walk.test.ts ^[[2m(^[[22m^[[2m3 tests^[[22m^[[2m)^[[22m^[[32m 28^[[2mms^[[22m^[[39m
quality (node 24)	Run npm test	2026-09-06T06:14:49.8307672Z  ^[[32m✓^[[39m packages/core/test/integration/authored-leaf-reader.test.ts ^[[2m(^[[22m^[[2m4 tests^[[22m^[[2m)^[[22m^[[32m 12^[[2mms^[[22m^[[39m
quality (node 24)	Run npm test	2026-09-06T06:14:49.9369409Z  ^[[32m✓^[[39m packages/core/test/unit/scripts/boundary-scan.test.ts ^[[2m(^[[22m^[[2m18 tests^[[22m^[[2m)^[[22m^[[32m 164^[[2mms^[[22m^[[39m
quality (node 24)	Run npm test	2026-09-06T06:14:49.9455874Z  ^[[32m✓^[[39m packages/core/test/unit/runtime/declined-build-write-drop.test.ts ^[[2m(^[[22m^[[2m3 tests^[[22m^[[2m)^[[22m^[[32m 25^[[2mms^[[22m^[[39m
quality (node 24)	Run npm test	2026-09-06T06:14:50.0699613Z  ^[[32m✓^[[39m packages/core/test/unit/graph/solved-pivot-offset.test.ts ^[[2m(^[[22m^[[2m3 tests^[[22m^[[2m)^[[22m^[[32m 17^[[2mms^[[22m^[[39m
quality (node 24)	Run npm test	2026-09-06T06:14:50.1826186Z  ^[[32m✓^[[39m packages/core/test/unit/graph/solved-rotation-weight.test.ts ^[[2m(^[[22m^[[2m5 tests^[[22m^[[2m)^[[22m^[[32m 17^[[2mms^[[22m^[[39m
quality (node 24)	Run npm test	2026-09-06T06:14:50.1965572Z  ^[[32m✓^[[39m packages/core/test/unit/domain/motion-track-resolution.test.ts ^[[2m(^[[22m^[[2m12 tests^[[22m^[[2m)^[[22m^[[32m 18^[[2mms^[[22m^[[39m
quality (node 24)	Run npm test	2026-09-06T06:14:50.4067339Z  ^[[32m✓^[[39m packages/core/test/integration/solver-member-cache.test.ts ^[[2m(^[[22m^[[2m4 tests^[[22m^[[2m)^[[22m^[[32m 41^[[2mms^[[22m^[[39m
quality (node 24)	Run npm test	2026-09-06T06:14:50.4650079Z  ^[[32m✓^[[39m packages/core/test/unit/runtime/clock-consumer-error-boundary.test.ts ^[[2m(^[[22m^[[2m7 tests^[[22m^[[2m)^[[22m^[[32m 22^[[2mms^[[22m^[[39m
quality (node 24)	Run npm test	2026-09-06T06:14:50.5095538Z  ^[[32m✓^[[39m packages/core/test/integration/ik-fabrik-chain.test.ts ^[[2m(^[[22m^[[2m2 tests^[[22m^[[2m)^[[22m^[[32m 46^[[2mms^[[22m^[[39m
quality (node 24)	Run npm test	2026-09-06T06:14:50.6997998Z  ^[[32m✓^[[39m packages/core/test/unit/graph/graph-dependants.test.ts ^[[2m(^[[22m^[[2m5 tests^[[22m^[[2m)^[[22m^[[32m 16^[[2mms^[[22m^[[39m
quality (node 24)	Run npm test	2026-09-06T06:14:50.7354801Z  ^[[32m✓^[[39m packages/core/test/integration/ik-two-bone.test.ts ^[[2m(^[[22m^[[2m4 tests^[[22m^[[2m)^[[22m^[[32m 42^[[2mms^[[22m^[[39m
quality (node 24)	Run npm test	2026-09-06T06:14:50.8043720Z  ^[[32m✓^[[39m packages/core/test/unit/runtime/dependants-of-reverse-topology.test.ts ^[[2m(^[[22m^[[2m3 tests^[[22m^[[2m)^[[22m^[[32m 17^[[2mms^[[22m^[[39m
quality (node 24)	Run npm test	2026-09-06T06:14:50.9574269Z  ^[[32m✓^[[39m packages/core/test/integration/rollback-error-precedence.test.ts ^[[2m(^[[22m^[[2m3 tests^[[22m^[[2m)^[[22m^[[32m 20^[[2mms^[[22m^[[39m
quality (node 24)	Run npm test	2026-09-06T06:14:51.0103159Z  ^[[32m✓^[[39m packages/core/test/unit/runtime/removal-flush-seed.test.ts ^[[2m(^[[22m^[[2m2 tests^[[22m^[[2m)^[[22m^[[32m 18^[[2mms^[[22m^[[39m
quality (node 24)	Run npm test	2026-09-06T06:14:51.0745704Z  ^[[32m✓^[[39m packages/core/test/unit/domain/motion-dispose-ownership.test.ts ^[[2m(^[[22m^[[2m5 tests^[[22m^[[2m)^[[22m^[[32m 19^[[2mms^[[22m^[[39m
quality (node 24)	Run npm test	2026-09-06T06:14:51.2306862Z  ^[[32m✓^[[39m packages/core/test/unit/adapters/incremental-graph-builder-eviction.test.ts ^[[2m(^[[22m^[[2m7 tests^[[22m^[[2m)^[[22m^[[32m 21^[[2mms^[[22m^[[39m
quality (node 24)	Run npm test	2026-09-06T06:14:51.2635749Z  ^[[32m✓^[[39m packages/core/test/unit/graph/finalize-graph.test.ts ^[[2m(^[[22m^[[2m4 tests^[[22m^[[2m)^[[22m^[[32m 15^[[2mms^[[22m^[[39m
quality (node 24)	Run npm test	2026-09-06T06:14:51.3435860Z  ^[[32m✓^[[39m packages/core/test/contract/microtask-scheduler.test.ts ^[[2m(^[[22m^[[2m8 tests^[[22m^[[2m)^[[22m^[[32m 15^[[2mms^[[22m^[[39m
quality (node 24)	Run npm test	2026-09-06T06:14:51.4769722Z  ^[[32m✓^[[39m packages/core/test/unit/domain/motion-track-mutation-atomicity.test.ts ^[[2m(^[[22m^[[2m6 tests^[[22m^[[2m)^[[22m^[[32m 15^[[2mms^[[22m^[[39m
quality (node 24)	Run npm test	2026-09-06T06:14:51.5125831Z  ^[[32m✓^[[39m packages/core/test/integration/adoption.test.ts ^[[2m(^[[22m^[[2m10 tests^[[22m^[[2m)^[[22m^[[32m 24^[[2mms^[[22m^[[39m
quality (node 24)	Run npm test	2026-09-06T06:14:51.5699337Z  ^[[32m✓^[[39m packages/core/test/contract/v5-validator.test.ts ^[[2m(^[[22m^[[2m14 tests^[[22m^[[2m)^[[22m^[[32m 15^[[2mms^[[22m^[[39m
quality (node 24)	Run npm test	2026-09-06T06:14:51.6808538Z  ^[[32m✓^[[39m packages/core/test/unit/plugins/fabrik-dispatch.test.ts ^[[2m(^[[22m^[[2m3 tests^[[22m^[[2m)^[[22m^[[32m 9^[[2mms^[[22m^[[39m
quality (node 24)	Run npm test	2026-09-06T06:14:51.7754034Z  ^[[32m✓^[[39m packages/core/test/unit/plugins/ik-solve.test.ts ^[[2m(^[[22m^[[2m6 tests^[[22m^[[2m)^[[22m^[[32m 10^[[2mms^[[22m^[[39m
quality (node 24)	Run npm test	2026-09-06T06:14:51.8238580Z  ^[[32m✓^[[39m packages/core/test/unit/runtime/mount-flush-seed.test.ts ^[[2m(^[[22m^[[2m3 tests^[[22m^[[2m)^[[22m^[[32m 40^[[2mms^[[22m^[[39m
quality (node 24)	Run npm test	2026-09-06T06:14:51.9610400Z  ^[[32m✓^[[39m packages/core/test/integration/motion-trigger-types.test.ts ^[[2m(^[[22m^[[2m4 tests^[[22m^[[2m)^[[22m^[[32m 32^[[2mms^[[22m^[[39m
quality (node 24)	Run npm test	2026-09-06T06:14:52.0127798Z  ^[[32m✓^[[39m packages/core/test/unit/graph/incremental-cache.test.ts ^[[2m(^[[22m^[[2m6 tests^[[22m^[[2m)^[[22m^[[32m 18^[[2mms^[[22m^[[39m
quality (node 24)	Run npm test	2026-09-06T06:14:52.1186204Z  ^[[32m✓^[[39m packages/core/test/integration/plugin-owned-requirements.test.ts ^[[2m(^[[22m^[[2m6 tests^[[22m^[[2m)^[[22m^[[32m 49^[[2mms^[[22m^[[39m
quality (node 24)	Run npm test	2026-09-06T06:14:52.2225990Z  ^[[32m✓^[[39m packages/core/test/integration/phase0-red-baseline.test.ts ^[[2m(^[[22m^[[2m5 tests^[[22m^[[2m)^[[22m^[[32m 32^[[2mms^[[22m^[[39m
quality (node 24)	Run npm test	2026-09-06T06:14:52.2335450Z  ^[[32m✓^[[39m packages/core/test/unit/plugins/fk-solved-weight.test.ts ^[[2m(^[[22m^[[2m7 tests^[[22m^[[2m)^[[22m^[[32m 11^[[2mms^[[22m^[[39m
quality (node 24)	Run npm test	2026-09-06T06:14:52.3639744Z  ^[[32m✓^[[39m packages/core/test/unit/scripts/source-region-anchors.test.ts ^[[2m(^[[22m^[[2m3 tests^[[22m^[[2m)^[[22m^[[32m 47^[[2mms^[[22m^[[39m
quality (node 24)	Run npm test	2026-09-06T06:14:52.4525918Z  ^[[32m✓^[[39m packages/core/test/unit/graph/single-input-channel.test.ts ^[[2m(^[[22m^[[2m7 tests^[[22m^[[2m)^[[22m^[[32m 13^[[2mms^[[22m^[[39m
quality (node 24)	Run npm test	2026-09-06T06:14:52.5075868Z  ^[[32m✓^[[39m packages/core/test/integration/replace-track-transactionality.test.ts ^[[2m(^[[22m^[[2m4 tests^[[22m^[[2m)^[[22m^[[32m 35^[[2mms^[[22m^[[39m
quality (node 24)	Run npm test	2026-09-06T06:14:52.6367679Z  ^[[32m✓^[[39m packages/core/test/integration/phase4-dynamic-lifecycle.test.ts ^[[2m(^[[22m^[[2m6 tests^[[22m^[[2m)^[[22m^[[32m 25^[[2mms^[[22m^[[39m
quality (node 24)	Run npm test	2026-09-06T06:14:52.6854389Z  ^[[32m✓^[[39m packages/core/test/contract/trigger-factory.test.ts ^[[2m(^[[22m^[[2m9 tests^[[22m^[[2m)^[[22m^[[32m 17^[[2mms^[[22m^[[39m
quality (node 24)	Run npm test	2026-09-06T06:14:52.7445555Z  ^[[32m✓^[[39m packages/core/test/unit/domain/track-compose-from.test.ts ^[[2m(^[[22m^[[2m7 tests^[[22m^[[2m)^[[22m^[[32m 16^[[2mms^[[22m^[[39m
quality (node 24)	Run npm test	2026-09-06T06:14:52.8604060Z  ^[[32m✓^[[39m packages/core/test/unit/graph/arity-lift.test.ts ^[[2m(^[[22m^[[2m2 tests^[[22m^[[2m)^[[22m^[[32m 14^[[2mms^[[22m^[[39m
quality (node 24)	Run npm test	2026-09-06T06:14:52.9091391Z  ^[[32m✓^[[39m packages/core/test/unit/domain/plugin-contribution-contract.test.ts ^[[2m(^[[22m^[[2m6 tests^[[22m^[[2m)^[[22m^[[32m 14^[[2mms^[[22m^[[39m
quality (node 24)	Run npm test	2026-09-06T06:14:52.9631336Z  ^[[32m✓^[[39m packages/core/test/unit/domain/track.test.ts ^[[2m(^[[22m^[[2m9 tests^[[22m^[[2m)^[[22m^[[32m 12^[[2mms^[[22m^[[39m
quality (node 24)	Run npm test	2026-09-06T06:14:53.1164495Z  ^[[32m✓^[[39m packages/core/test/unit/plugins/fk-pivot-offset.test.ts ^[[2m(^[[22m^[[2m6 tests^[[22m^[[2m)^[[22m^[[32m 12^[[2mms^[[22m^[[39m
quality (node 24)	Run npm test	2026-09-06T06:14:53.1542795Z  ^[[32m✓^[[39m packages/core/test/contract/gsap-one-tween.test.ts ^[[2m(^[[22m^[[2m11 tests^[[22m^[[2m)^[[22m^[[32m 32^[[2mms^[[22m^[[39m
quality (node 24)	Run npm test	2026-09-06T06:14:53.3835214Z  ^[[32m✓^[[39m packages/core/test/unit/runtime/track-staging.test.ts ^[[2m(^[[22m^[[2m4 tests^[[22m^[[2m)^[[22m^[[32m 17^[[2mms^[[22m^[[39m
quality (node 24)	Run npm test	2026-09-06T06:14:53.4475656Z  ^[[32m✓^[[39m packages/core/test/integration/trigger-time.test.ts ^[[2m(^[[22m^[[2m7 tests^[[22m^[[2m)^[[22m^[[32m 39^[[2mms^[[22m^[[39m
quality (node 24)	Run npm test	2026-09-06T06:14:53.6269260Z  ^[[32m✓^[[39m packages/core/test/unit/runtime/publisher-reentrancy.test.ts ^[[2m(^[[22m^[[2m5 tests^[[22m^[[2m)^[[22m^[[32m 19^[[2mms^[[22m^[[39m
quality (node 24)	Run npm test	2026-09-06T06:14:53.6690531Z  ^[[32m✓^[[39m packages/core/test/unit/domain/authored-group-values-one-reader.test.ts ^[[2m(^[[22m^[[2m3 tests^[[22m^[[2m)^[[22m^[[32m 6^[[2mms^[[22m^[[39m
quality (node 24)	Run npm test	2026-09-06T06:14:53.8945592Z  ^[[32m✓^[[39m packages/core/test/unit/domain/motion.test.ts ^[[2m(^[[22m^[[2m11 tests^[[22m^[[2m)^[[22m^[[32m 25^[[2mms^[[22m^[[39m
quality (node 24)	Run npm test	2026-09-06T06:14:53.9330034Z  ^[[32m✓^[[39m packages/core/test/unit/runtime/patch-registry.test.ts ^[[2m(^[[22m^[[2m10 tests^[[22m^[[2m)^[[22m^[[32m 15^[[2mms^[[22m^[[39m
quality (node 24)	Run npm test	2026-09-06T06:14:54.1925966Z  ^[[32m✓^[[39m packages/core/test/unit/graph/observation-state.test.ts ^[[2m(^[[22m^[[2m8 tests^[[22m^[[2m)^[[22m^[[32m 17^[[2mms^[[22m^[[39m
quality (node 24)	Run npm test	2026-09-06T06:14:54.2775536Z  ^[[32m✓^[[39m packages/core/test/integration/ik-multi-goal.test.ts ^[[2m(^[[22m^[[2m2 tests^[[22m^[[2m)^[[22m^[[32m 53^[[2mms^[[22m^[[39m
quality (node 24)	Run npm test	2026-09-06T06:14:54.4917361Z  ^[[32m✓^[[39m packages/core/test/integration/trigger-scroll.test.ts ^[[2m(^[[22m^[[2m6 tests^[[22m^[[2m)^[[22m^[[32m 25^[[2mms^[[22m^[[39m
quality (node 24)	Run npm test	2026-09-06T06:14:54.6516085Z  ^[[32m✓^[[39m packages/core/test/integration/mutation-transactionality.test.ts ^[[2m(^[[22m^[[2m3 tests^[[22m^[[2m)^[[22m^[[32m 55^[[2mms^[[22m^[[39m
quality (node 24)	Run npm test	2026-09-06T06:14:54.8202794Z  ^[[32m✓^[[39m packages/core/test/integration/engine-x3-contribution.test.ts ^[[2m(^[[22m^[[2m5 tests^[[22m^[[2m)^[[22m^[[32m 45^[[2mms^[[22m^[[39m
quality (node 24)	Run npm test	2026-09-06T06:14:54.9175709Z  ^[[32m✓^[[39m packages/core/test/unit/adapters/time-loop-cycle.test.ts ^[[2m(^[[22m^[[2m10 tests^[[22m^[[2m)^[[22m^[[32m 11^[[2mms^[[22m^[[39m
quality (node 24)	Run npm test	2026-09-06T06:14:55.1359574Z  ^[[32m✓^[[39m packages/core/test/integration/per-plugin-key-ownership.test.ts ^[[2m(^[[22m^[[2m4 tests^[[22m^[[2m)^[[22m^[[32m 41^[[2mms^[[22m^[[39m
quality (node 24)	Run npm test	2026-09-06T06:14:55.2114085Z  ^[[32m✓^[[39m packages/core/test/integration/phase3-trigger-port.test.ts ^[[2m(^[[22m^[[2m5 tests^[[22m^[[2m)^[[22m^[[32m 25^[[2mms^[[22m^[[39m
quality (node 24)	Run npm test	2026-09-06T06:14:55.3902071Z  ^[[32m✓^[[39m packages/core/test/unit/runtime/publisher-snapshot-memo.test.ts ^[[2m(^[[22m^[[2m4 tests^[[22m^[[2m)^[[22m^[[32m 19^[[2mms^[[22m^[[39m
quality (node 24)	Run npm test	2026-09-06T06:14:55.5737157Z  ^[[32m✓^[[39m packages/core/test/unit/runtime/live-value-animated.test.ts ^[[2m(^[[22m^[[2m3 tests^[[22m^[[2m)^[[22m^[[32m 44^[[2mms^[[22m^[[39m
quality (node 24)	Run npm test	2026-09-06T06:14:55.6561371Z  ^[[32m✓^[[39m packages/core/test/integration/p2-runtime-smells.test.ts ^[[2m(^[[22m^[[2m6 tests^[[22m^[[2m)^[[22m^[[32m 12^[[2mms^[[22m^[[39m
quality (node 24)	Run npm test	2026-09-06T06:14:55.8155501Z  ^[[32m✓^[[39m packages/core/test/unit/graph/solver-goal-required.test.ts ^[[2m(^[[22m^[[2m2 tests^[[22m^[[2m)^[[22m^[[32m 15^[[2mms^[[22m^[[39m
quality (node 24)	Run npm test	2026-09-06T06:14:55.9147956Z  ^[[32m✓^[[39m packages/core/test/unit/graph/observation-target-removal.test.ts ^[[2m(^[[22m^[[2m5 tests^[[22m^[[2m)^[[22m^[[32m 11^[[2mms^[[22m^[[39m
quality (node 24)	Run npm test	2026-09-06T06:14:56.1695833Z  ^[[32m✓^[[39m packages/core/test/integration/option-c-track-resolution.test.ts ^[[2m(^[[22m^[[2m5 tests^[[22m^[[2m)^[[22m^[[32m 39^[[2mms^[[22m^[[39m
quality (node 24)	Run npm test	2026-09-06T06:14:56.1796271Z  ^[[32m✓^[[39m packages/core/test/contract/validation-owner.test.ts ^[[2m(^[[22m^[[2m6 tests^[[22m^[[2m)^[[22m^[[32m 17^[[2mms^[[22m^[[39m
quality (node 24)	Run npm test	2026-09-06T06:14:56.3213152Z  ^[[32m✓^[[39m packages/core/test/unit/scripts/public-declaration-surface.test.ts ^[[2m(^[[22m^[[2m3 tests^[[22m^[[2m)^[[22m^[[33m 3155^[[2mms^[[22m^[[39m
quality (node 24)	Run npm test	2026-09-06T06:14:56.3216044Z      ^[[33m^[[2m✓^[[22m^[[39m scans the emitted entry declaration closure, not just source strings ^[[33m 3151^[[2mms^[[22m^[[39m
quality (node 24)	Run npm test	2026-09-06T06:14:56.3939335Z  ^[[32m✓^[[39m packages/core/test/unit/domain/plugin-requirements.test.ts ^[[2m(^[[22m^[[2m6 tests^[[22m^[[2m)^[[22m^[[32m 12^[[2mms^[[22m^[[39m
quality (node 24)	Run npm test	2026-09-06T06:14:56.4772109Z  ^[[32m✓^[[39m packages/core/test/integration/phase2-motion-scheduling.test.ts ^[[2m(^[[22m^[[2m5 tests^[[22m^[[2m)^[[22m^[[32m 24^[[2mms^[[22m^[[39m
quality (node 24)	Run npm test	2026-09-06T06:14:56.5292487Z  ^[[32m✓^[[39m packages/core/test/unit/plugins/angle-blend.test.ts ^[[2m(^[[22m^[[2m4 tests^[[22m^[[2m)^[[22m^[[32m 7^[[2mms^[[22m^[[39m
quality (node 24)	Run npm test	2026-09-06T06:14:56.6770139Z  ^[[32m✓^[[39m packages/core/test/unit/plugins/fabrik-arity-one.test.ts ^[[2m(^[[22m^[[2m1 test^[[22m^[[2m)^[[22m^[[32m 10^[[2mms^[[22m^[[39m
quality (node 24)	Run npm test	2026-09-06T06:14:56.7145802Z  ^[[32m✓^[[39m packages/core/test/integration/live-value-composition.test.ts ^[[2m(^[[22m^[[2m2 tests^[[22m^[[2m)^[[22m^[[32m 40^[[2mms^[[22m^[[39m
quality (node 24)	Run npm test	2026-09-06T06:14:56.8192178Z  ^[[32m✓^[[39m packages/core/test/integration/unified-mutation-surface.test.ts ^[[2m(^[[22m^[[2m5 tests^[[22m^[[2m)^[[22m^[[32m 36^[[2mms^[[22m^[[39m
quality (node 24)	Run npm test	2026-09-06T06:14:56.9589727Z  ^[[32m✓^[[39m packages/core/test/integration/runtime-motion-lifecycle.test.ts ^[[2m(^[[22m^[[2m6 tests^[[22m^[[2m)^[[22m^[[32m 35^[[2mms^[[22m^[[39m
quality (node 24)	Run npm test	2026-09-06T06:14:56.9685659Z  ^[[32m✓^[[39m packages/core/test/unit/runtime/clock-tick-identity.test.ts ^[[2m(^[[22m^[[2m4 tests^[[22m^[[2m)^[[22m^[[32m 15^[[2mms^[[22m^[[39m
quality (node 24)	Run npm test	2026-09-06T06:14:57.0884632Z  ^[[32m✓^[[39m packages/core/test/contract/gsap-equivalence.test.ts ^[[2m(^[[22m^[[2m6 tests^[[22m^[[2m)^[[22m^[[32m 29^[[2mms^[[22m^[[39m
quality (node 24)	Run npm test	2026-09-06T06:14:57.1665843Z  ^[[32m✓^[[39m packages/core/test/unit/runtime/patch-registry-structural-change.test.ts ^[[2m(^[[22m^[[2m7 tests^[[22m^[[2m)^[[22m^[[32m 8^[[2mms^[[22m^[[39m
quality (node 24)	Run npm test	2026-09-06T06:14:57.2595194Z  ^[[32m✓^[[39m packages/core/test/integration/observation-identity.test.ts ^[[2m(^[[22m^[[2m5 tests^[[22m^[[2m)^[[22m^[[32m 36^[[2mms^[[22m^[[39m
quality (node 24)	Run npm test	2026-09-06T06:14:57.3127145Z  ^[[32m✓^[[39m packages/core/test/integration/cross-motion.test.ts ^[[2m(^[[22m^[[2m3 tests^[[22m^[[2m)^[[22m^[[32m 18^[[2mms^[[22m^[[39m
quality (node 24)	Run npm test	2026-09-06T06:14:57.4457193Z  ^[[32m✓^[[39m packages/core/test/integration/issue-114-motion-track-regressions.test.ts ^[[2m(^[[22m^[[2m5 tests^[[22m^[[2m)^[[22m^[[32m 26^[[2mms^[[22m^[[39m
quality (node 24)	Run npm test	2026-09-06T06:14:57.4762995Z  ^[[32m✓^[[39m packages/core/test/unit/graph/ir-validation.test.ts ^[[2m(^[[22m^[[2m6 tests^[[22m^[[2m)^[[22m^[[32m 11^[[2mms^[[22m^[[39m
quality (node 24)	Run npm test	2026-09-06T06:14:57.5239380Z  ^[[32m✓^[[39m packages/core/test/unit/graph/order.test.ts ^[[2m(^[[22m^[[2m8 tests^[[22m^[[2m)^[[22m^[[32m 10^[[2mms^[[22m^[[39m
quality (node 24)	Run npm test	2026-09-06T06:14:57.6647353Z  ^[[32m✓^[[39m packages/core/test/unit/domain/motion-progress-range.test.ts ^[[2m(^[[22m^[[2m4 tests^[[22m^[[2m)^[[22m^[[32m 12^[[2mms^[[22m^[[39m
quality (node 24)	Run npm test	2026-09-06T06:14:57.7680346Z  ^[[32m✓^[[39m packages/core/test/integration/diagnostics.test.ts ^[[2m(^[[22m^[[2m4 tests^[[22m^[[2m)^[[22m^[[32m 16^[[2mms^[[22m^[[39m
quality (node 24)	Run npm test	2026-09-06T06:14:57.8812049Z  ^[[32m✓^[[39m packages/core/test/unit/adapters/trigger-factory-no-fallback.test.ts ^[[2m(^[[22m^[[2m3 tests^[[22m^[[2m)^[[22m^[[32m 9^[[2mms^[[22m^[[39m
quality (node 24)	Run npm test	2026-09-06T06:14:58.0344505Z  ^[[32m✓^[[39m packages/core/test/unit/runtime/composition-output-shape.test.ts ^[[2m(^[[22m^[[2m3 tests^[[22m^[[2m)^[[22m^[[32m 22^[[2mms^[[22m^[[39m
quality (node 24)	Run npm test	2026-09-06T06:14:58.1455727Z  ^[[32m✓^[[39m packages/core/test/contract/gsap-authored-duration.test.ts ^[[2m(^[[22m^[[2m5 tests^[[22m^[[2m)^[[22m^[[32m 26^[[2mms^[[22m^[[39m
quality (node 24)	Run npm test	2026-09-06T06:14:58.2529663Z  ^[[32m✓^[[39m packages/core/test/unit/runtime/scheduler-reentrancy.test.ts ^[[2m(^[[22m^[[2m4 tests^[[22m^[[2m)^[[22m^[[32m 19^[[2mms^[[22m^[[39m
quality (node 24)	Run npm test	2026-09-06T06:14:58.3962816Z  ^[[32m✓^[[39m packages/core/test/contract/project-templates-removal.test.ts ^[[2m(^[[22m^[[2m2 tests^[[22m^[[2m)^[[22m^[[32m 10^[[2mms^[[22m^[[39m
quality (node 24)	Run npm test	2026-09-06T06:14:58.5132514Z  ^[[32m✓^[[39m packages/core/test/unit/runtime/patch-registry-subscriber-errors.test.ts ^[[2m(^[[22m^[[2m4 tests^[[22m^[[2m)^[[22m^[[32m 11^[[2mms^[[22m^[[39m
quality (node 24)	Run npm test	2026-09-06T06:14:58.6926058Z  ^[[32m✓^[[39m packages/core/test/integration/adopted-track-immutability.test.ts ^[[2m(^[[22m^[[2m4 tests^[[22m^[[2m)^[[22m^[[32m 29^[[2mms^[[22m^[[39m
quality (node 24)	Run npm test	2026-09-06T06:14:58.7515652Z  ^[[32m✓^[[39m packages/core/test/unit/adapters/scroll-trigger-gsap.test.ts ^[[2m(^[[22m^[[2m4 tests^[[22m^[[2m)^[[22m^[[32m 11^[[2mms^[[22m^[[39m
quality (node 24)	Run npm test	2026-09-06T06:14:58.9256190Z  ^[[32m✓^[[39m packages/core/test/integration/publisher-output-merge-consistency.test.ts ^[[2m(^[[22m^[[2m2 tests^[[22m^[[2m)^[[22m^[[32m 11^[[2mms^[[22m^[[39m
quality (node 24)	Run npm test	2026-09-06T06:14:58.9836555Z  ^[[32m✓^[[39m packages/core/test/unit/runtime/publisher-requirement-inputs.test.ts ^[[2m(^[[22m^[[2m2 tests^[[22m^[[2m)^[[22m^[[32m 9^[[2mms^[[22m^[[39m
quality (node 24)	Run npm test	2026-09-06T06:14:59.2104294Z  ^[[32m✓^[[39m packages/core/test/integration/replace-motion-track.test.ts ^[[2m(^[[22m^[[2m3 tests^[[22m^[[2m)^[[22m^[[32m 25^[[2mms^[[22m^[[39m
quality (node 24)	Run npm test	2026-09-06T06:14:59.3320207Z  ^[[32m✓^[[39m packages/core/test/integration/keyframe-groups.test.ts ^[[2m(^[[22m^[[2m3 tests^[[22m^[[2m)^[[22m^[[32m 36^[[2mms^[[22m^[[39m
quality (node 24)	Run npm test	2026-09-06T06:14:59.5075489Z  ^[[32m✓^[[39m packages/core/test/integration/engine-headless.test.ts ^[[2m(^[[22m^[[2m4 tests^[[22m^[[2m)^[[22m^[[32m 24^[[2mms^[[22m^[[39m
quality (node 24)	Run npm test	2026-09-06T06:14:59.5745737Z  ^[[32m✓^[[39m packages/core/test/unit/scripts/session-status-shape.test.ts ^[[2m(^[[22m^[[2m3 tests^[[22m^[[2m)^[[22m^[[32m 11^[[2mms^[[22m^[[39m
quality (node 24)	Run npm test	2026-09-06T06:14:59.8315989Z  ^[[32m✓^[[39m packages/core/test/integration/internal-key-strip.test.ts ^[[2m(^[[22m^[[2m3 tests^[[22m^[[2m)^[[22m^[[32m 25^[[2mms^[[22m^[[39m
quality (node 24)	Run npm test	2026-09-06T06:14:59.8685610Z  ^[[32m✓^[[39m packages/core/test/integration/handle-adoption.test.ts ^[[2m(^[[22m^[[2m4 tests^[[22m^[[2m)^[[22m^[[32m 22^[[2mms^[[22m^[[39m
quality (node 24)	Run npm test	2026-09-06T06:15:00.1022020Z  ^[[32m✓^[[39m packages/core/test/contract/ports.test.ts ^[[2m(^[[22m^[[2m7 tests^[[22m^[[2m)^[[22m^[[32m 13^[[2mms^[[22m^[[39m
quality (node 24)	Run npm test	2026-09-06T06:15:00.1188561Z  ^[[32m✓^[[39m packages/core/test/integration/remount.test.ts ^[[2m(^[[22m^[[2m2 tests^[[22m^[[2m)^[[22m^[[32m 22^[[2mms^[[22m^[[39m
quality (node 24)	Run npm test	2026-09-06T06:15:00.3595428Z  ^[[32m✓^[[39m packages/core/test/unit/graph/edge-order.test.ts ^[[2m(^[[22m^[[2m2 tests^[[22m^[[2m)^[[22m^[[32m 16^[[2mms^[[22m^[[39m
quality (node 24)	Run npm test	2026-09-06T06:15:00.4355304Z ^[[90mstderr^[[2m | packages/react/test/public-hook-render.test.ts^[[2m > ^[[22m^[[2mReact public hook render/update (C2)^[[2m > ^[[22m^[[2mrenders the current patch and updates after publication
quality (node 24)	Run npm test	2026-09-06T06:15:00.4386921Z ^[[22m^[[39mreact-test-renderer is deprecated. See https://react.dev/warnings/react-test-renderer
quality (node 24)	Run npm test	2026-09-06T06:15:00.4388192Z An update to Root inside a test was not wrapped in act(...).
quality (node 24)	Run npm test	2026-09-06T06:15:00.4389822Z 
quality (node 24)	Run npm test	2026-09-06T06:15:00.4390499Z When testing, code that causes React state updates should be wrapped into act(...):
quality (node 24)	Run npm test	2026-09-06T06:15:00.4391152Z 
quality (node 24)	Run npm test	2026-09-06T06:15:00.4391312Z act(() => {
quality (node 24)	Run npm test	2026-09-06T06:15:00.4391785Z   /* fire events that update state */
quality (node 24)	Run npm test	2026-09-06T06:15:00.4392300Z });
quality (node 24)	Run npm test	2026-09-06T06:15:00.4392718Z /* assert on the output */
quality (node 24)	Run npm test	2026-09-06T06:15:00.4393027Z 
quality (node 24)	Run npm test	2026-09-06T06:15:00.4394390Z This ensures that you're testing the behavior the user would see in the browser. Learn more at https://react.dev/link/wrap-tests-with-act
quality (node 24)	Run npm test	2026-09-06T06:15:00.4395856Z 
quality (node 24)	Run npm test	2026-09-06T06:15:00.4511098Z ^[[90mstderr^[[2m | packages/react/test/public-hook-render.test.ts^[[2m > ^[[22m^[[2mReact public hook render/update (C2)^[[2m > ^[[22m^[[2mH-4 hands a consumer the same stripped values the publisher retained
quality (node 24)	Run npm test	2026-09-06T06:15:00.4524952Z ^[[22m^[[39mreact-test-renderer is deprecated. See https://react.dev/warnings/react-test-renderer
quality (node 24)	Run npm test	2026-09-06T06:15:00.4526471Z An update to Root inside a test was not wrapped in act(...).
quality (node 24)	Run npm test	2026-09-06T06:15:00.4527165Z 
quality (node 24)	Run npm test	2026-09-06T06:15:00.4527967Z When testing, code that causes React state updates should be wrapped into act(...):
quality (node 24)	Run npm test	2026-09-06T06:15:00.4528783Z 
quality (node 24)	Run npm test	2026-09-06T06:15:00.4529071Z act(() => {
quality (node 24)	Run npm test	2026-09-06T06:15:00.4529685Z   /* fire events that update state */
quality (node 24)	Run npm test	2026-09-06T06:15:00.4530401Z });
quality (node 24)	Run npm test	2026-09-06T06:15:00.4531029Z /* assert on the output */
quality (node 24)	Run npm test	2026-09-06T06:15:00.4531528Z 
quality (node 24)	Run npm test	2026-09-06T06:15:00.4532879Z This ensures that you're testing the behavior the user would see in the browser. Learn more at https://react.dev/link/wrap-tests-with-act
quality (node 24)	Run npm test	2026-09-06T06:15:00.4551279Z  ^[[32m✓^[[39m packages/react/test/public-hook-render.test.ts ^[[2m(^[[22m^[[2m2 tests^[[22m^[[2m)^[[22m^[[32m 38^[[2mms^[[22m^[[39m
quality (node 24)	Run npm test	2026-09-06T06:15:00.4552829Z 
quality (node 24)	Run npm test	2026-09-06T06:15:00.5958834Z  ^[[32m✓^[[39m packages/core/test/unit/graph/references.test.ts ^[[2m(^[[22m^[[2m7 tests^[[22m^[[2m)^[[22m^[[32m 7^[[2mms^[[22m^[[39m
quality (node 24)	Run npm test	2026-09-06T06:15:00.7235872Z  ^[[32m✓^[[39m packages/core/test/integration/graph-publisher.test.ts ^[[2m(^[[22m^[[2m3 tests^[[22m^[[2m)^[[22m^[[32m 12^[[2mms^[[22m^[[39m
quality (node 24)	Run npm test	2026-09-06T06:15:00.8627884Z  ^[[32m✓^[[39m packages/core/test/integration/project-runtime.test.ts ^[[2m(^[[22m^[[2m4 tests^[[22m^[[2m)^[[22m^[[32m 14^[[2mms^[[22m^[[39m
quality (node 24)	Run npm test	2026-09-06T06:15:00.9785526Z  ^[[32m✓^[[39m packages/core/test/contract/adapters.test.ts ^[[2m(^[[22m^[[2m4 tests^[[22m^[[2m)^[[22m^[[32m 12^[[2mms^[[22m^[[39m
quality (node 24)	Run npm test	2026-09-06T06:15:01.0660446Z  ^[[32m✓^[[39m packages/core/test/integration/flush-output-merge.test.ts ^[[2m(^[[22m^[[2m2 tests^[[22m^[[2m)^[[22m^[[32m 7^[[2mms^[[22m^[[39m
quality (node 24)	Run npm test	2026-09-06T06:15:01.2172255Z  ^[[32m✓^[[39m packages/core/test/integration/graph-runtime.test.ts ^[[2m(^[[22m^[[2m4 tests^[[22m^[[2m)^[[22m^[[32m 18^[[2mms^[[22m^[[39m
quality (node 24)	Run npm test	2026-09-06T06:15:01.3555582Z  ^[[32m✓^[[39m packages/core/test/contract/gsap-absolute-stops.test.ts ^[[2m(^[[22m^[[2m3 tests^[[22m^[[2m)^[[22m^[[32m 27^[[2mms^[[22m^[[39m
quality (node 24)	Run npm test	2026-09-06T06:15:01.4622277Z  ^[[32m✓^[[39m packages/core/test/integration/graph-rollback.test.ts ^[[2m(^[[22m^[[2m4 tests^[[22m^[[2m)^[[22m^[[32m 16^[[2mms^[[22m^[[39m
quality (node 24)	Run npm test	2026-09-06T06:15:01.5855838Z  ^[[32m✓^[[39m packages/core/test/unit/plugins/fk-solver-override.test.ts ^[[2m(^[[22m^[[2m3 tests^[[22m^[[2m)^[[22m^[[32m 8^[[2mms^[[22m^[[39m
quality (node 24)	Run npm test	2026-09-06T06:15:01.7545828Z  ^[[32m✓^[[39m packages/core/test/integration/engine-load-validation.test.ts ^[[2m(^[[22m^[[2m4 tests^[[22m^[[2m)^[[22m^[[32m 17^[[2mms^[[22m^[[39m
quality (node 24)	Run npm test	2026-09-06T06:15:01.8406153Z  ^[[32m✓^[[39m packages/core/test/migration/v4-to-v5.test.ts ^[[2m(^[[22m^[[2m6 tests^[[22m^[[2m)^[[22m^[[32m 10^[[2mms^[[22m^[[39m
quality (node 24)	Run npm test	2026-09-06T06:15:01.9840671Z  ^[[32m✓^[[39m packages/core/test/integration/partial-seed-inputs.test.ts ^[[2m(^[[22m^[[2m1 test^[[22m^[[2m)^[[22m^[[32m 8^[[2mms^[[22m^[[39m
quality (node 24)	Run npm test	2026-09-06T06:15:02.0915578Z  ^[[32m✓^[[39m packages/core/test/contract/graph-builder-incremental.test.ts ^[[2m(^[[22m^[[2m3 tests^[[22m^[[2m)^[[22m^[[32m 11^[[2mms^[[22m^[[39m
quality (node 24)	Run npm test	2026-09-06T06:15:02.2945719Z  ^[[32m✓^[[39m packages/core/test/integration/single-input-channel.test.ts ^[[2m(^[[22m^[[2m1 test^[[22m^[[2m)^[[22m^[[32m 30^[[2mms^[[22m^[[39m
quality (node 24)	Run npm test	2026-09-06T06:15:02.3283002Z  ^[[32m✓^[[39m packages/core/test/integration/dom-patch-apply.test.ts ^[[2m(^[[22m^[[2m2 tests^[[22m^[[2m)^[[22m^[[32m 9^[[2mms^[[22m^[[39m
quality (node 24)	Run npm test	2026-09-06T06:15:02.5389884Z  ^[[32m✓^[[39m packages/core/test/unit/domain/track-node-id.test.ts ^[[2m(^[[22m^[[2m3 tests^[[22m^[[2m)^[[22m^[[32m 7^[[2mms^[[22m^[[39m
quality (node 24)	Run npm test	2026-09-06T06:15:02.5926149Z  ^[[32m✓^[[39m packages/core/test/unit/runtime/patch-registry-listener-snapshot.test.ts ^[[2m(^[[22m^[[2m3 tests^[[22m^[[2m)^[[22m^[[32m 9^[[2mms^[[22m^[[39m
quality (node 24)	Run npm test	2026-09-06T06:15:02.7393064Z  ^[[32m✓^[[39m packages/core/test/unit/domain/time-driver.test.ts ^[[2m(^[[22m^[[2m3 tests^[[22m^[[2m)^[[22m^[[32m 9^[[2mms^[[22m^[[39m
quality (node 24)	Run npm test	2026-09-06T06:15:02.8555829Z  ^[[32m✓^[[39m packages/core/test/integration/adopt-destroy-readopt.test.ts ^[[2m(^[[22m^[[2m1 test^[[22m^[[2m)^[[22m^[[32m 26^[[2mms^[[22m^[[39m
quality (node 24)	Run npm test	2026-09-06T06:15:02.9800567Z  ^[[32m✓^[[39m packages/core/test/unit/graph/edge-key-separator.test.ts ^[[2m(^[[22m^[[2m2 tests^[[22m^[[2m)^[[22m^[[32m 11^[[2mms^[[22m^[[39m
quality (node 24)	Run npm test	2026-09-06T06:15:03.0728217Z  ^[[32m✓^[[39m packages/core/test/unit/scripts/governance-gates.test.ts ^[[2m(^[[22m^[[2m5 tests^[[22m^[[2m)^[[22m^[[32m 12^[[2mms^[[22m^[[39m
quality (node 24)	Run npm test	2026-09-06T06:15:03.2074713Z  ^[[32m✓^[[39m packages/core/test/unit/graph/requirement-edge-construction.test.ts ^[[2m(^[[22m^[[2m3 tests^[[22m^[[2m)^[[22m^[[32m 8^[[2mms^[[22m^[[39m
quality (node 24)	Run npm test	2026-09-06T06:15:03.3286517Z ^[[90mstderr^[[2m | packages/react/test/public-package-surface.test.ts^[[2m > ^[[22m^[[2mReact public package surface (C2)^[[2m > ^[[22m^[[2mrenders and updates through the package entry alone
quality (node 24)	Run npm test	2026-09-06T06:15:03.3316041Z ^[[22m^[[39mreact-test-renderer is deprecated. See https://react.dev/warnings/react-test-renderer
quality (node 24)	Run npm test	2026-09-06T06:15:03.3317802Z An update to Root inside a test was not wrapped in act(...).
quality (node 24)	Run npm test	2026-09-06T06:15:03.3318815Z 
quality (node 24)	Run npm test	2026-09-06T06:15:03.3319625Z When testing, code that causes React state updates should be wrapped into act(...):
quality (node 24)	Run npm test	2026-09-06T06:15:03.3320172Z 
quality (node 24)	Run npm test	2026-09-06T06:15:03.3320318Z act(() => {
quality (node 24)	Run npm test	2026-09-06T06:15:03.3320708Z   /* fire events that update state */
quality (node 24)	Run npm test	2026-09-06T06:15:03.3321120Z });
quality (node 24)	Run npm test	2026-09-06T06:15:03.3321441Z /* assert on the output */
quality (node 24)	Run npm test	2026-09-06T06:15:03.3321689Z 
quality (node 24)	Run npm test	2026-09-06T06:15:03.3322569Z This ensures that you're testing the behavior the user would see in the browser. Learn more at https://react.dev/link/wrap-tests-with-act
quality (node 24)	Run npm test	2026-09-06T06:15:03.3323912Z 
quality (node 24)	Run npm test	2026-09-06T06:15:03.3351282Z  ^[[32m✓^[[39m packages/react/test/public-package-surface.test.ts ^[[2m(^[[22m^[[2m1 test^[[22m^[[2m)^[[22m^[[32m 21^[[2mms^[[22m^[[39m
quality (node 24)	Run npm test	2026-09-06T06:15:03.4347928Z  ^[[32m✓^[[39m packages/core/test/integration/motion-trigger-lifecycle.test.ts ^[[2m(^[[22m^[[2m1 test^[[22m^[[2m)^[[22m^[[32m 11^[[2mms^[[22m^[[39m
quality (node 24)	Run npm test	2026-09-06T06:15:03.5957583Z  ^[[32m✓^[[39m packages/react/test/patch-store-lifecycle.test.ts ^[[2m(^[[22m^[[2m2 tests^[[22m^[[2m)^[[22m^[[32m 8^[[2mms^[[22m^[[39m
quality (node 24)	Run npm test	2026-09-06T06:15:03.6932333Z  ^[[32m✓^[[39m packages/core/test/unit/domain/plugin-contribution-completeness.test.ts ^[[2m(^[[22m^[[2m3 tests^[[22m^[[2m)^[[22m^[[32m 9^[[2mms^[[22m^[[39m
quality (node 24)	Run npm test	2026-09-06T06:15:03.8475617Z  ^[[32m✓^[[39m packages/core/test/unit/domain/s7-plugin-evidence.test.ts ^[[2m(^[[22m^[[2m3 tests^[[22m^[[2m)^[[22m^[[32m 11^[[2mms^[[22m^[[39m
quality (node 24)	Run npm test	2026-09-06T06:15:03.9255710Z  ^[[32m✓^[[39m packages/react/test/patch-store-destroy.test.ts ^[[2m(^[[22m^[[2m3 tests^[[22m^[[2m)^[[22m^[[32m 8^[[2mms^[[22m^[[39m
quality (node 24)	Run npm test	2026-09-06T06:15:04.0863184Z  ^[[32m✓^[[39m packages/core/test/contract/gsap-sparse-percent-map.test.ts ^[[2m(^[[22m^[[2m3 tests^[[22m^[[2m)^[[22m^[[32m 22^[[2mms^[[22m^[[39m
quality (node 24)	Run npm test	2026-09-06T06:15:04.1828760Z  ^[[32m✓^[[39m packages/core/test/integration/dom-plugin-metadata.test.ts ^[[2m(^[[22m^[[2m1 test^[[22m^[[2m)^[[22m^[[32m 8^[[2mms^[[22m^[[39m
quality (node 24)	Run npm test	2026-09-06T06:15:04.3585988Z  ^[[32m✓^[[39m packages/core/test/contract/gsap-paused-timeline.test.ts ^[[2m(^[[22m^[[2m2 tests^[[22m^[[2m)^[[22m^[[32m 8^[[2mms^[[22m^[[39m
quality (node 24)	Run npm test	2026-09-06T06:15:04.5263079Z  ^[[32m✓^[[39m packages/core/test/integration/end-to-end.test.ts ^[[2m(^[[22m^[[2m1 test^[[22m^[[2m)^[[22m^[[32m 17^[[2mms^[[22m^[[39m
quality (node 24)	Run npm test	2026-09-06T06:15:04.5403898Z  ^[[32m✓^[[39m packages/core/test/unit/scripts/public-port-types.test.ts ^[[2m(^[[22m^[[2m2 tests^[[22m^[[2m)^[[22m^[[33m 6853^[[2mms^[[22m^[[39m
quality (node 24)	Run npm test	2026-09-06T06:15:04.5406530Z      ^[[33m^[[2m✓^[[22m^[[39m K-9 names all five port contracts from the entry declarations ^[[33m 1800^[[2mms^[[22m^[[39m
quality (node 24)	Run npm test	2026-09-06T06:15:04.5408671Z      ^[[33m^[[2m✓^[[22m^[[39m K-10 still cannot name a runtime internal through the same entry ^[[33m 1827^[[2mms^[[22m^[[39m
quality (node 24)	Run npm test	2026-09-06T06:15:04.5589605Z  ^[[32m✓^[[39m packages/core/test/unit/engine/motion-entry-shape.test.ts ^[[2m(^[[22m^[[2m3 tests^[[22m^[[2m)^[[22m^[[32m 7^[[2mms^[[22m^[[39m
quality (node 24)	Run npm test	2026-09-06T06:15:04.7513907Z  ^[[32m✓^[[39m packages/core/test/integration/contract-baseline.test.ts ^[[2m(^[[22m^[[2m5 tests^[[22m^[[2m)^[[22m^[[32m 22^[[2mms^[[22m^[[39m
quality (node 24)	Run npm test	2026-09-06T06:15:04.7713073Z  ^[[32m✓^[[39m packages/core/test/unit/graph/edge-key-canonical.test.ts ^[[2m(^[[22m^[[2m3 tests^[[22m^[[2m)^[[22m^[[32m 6^[[2mms^[[22m^[[39m
quality (node 24)	Run npm test	2026-09-06T06:15:04.7796962Z  ^[[32m✓^[[39m packages/core/test/unit/domain/lifecycle.test.ts ^[[2m(^[[22m^[[2m5 tests^[[22m^[[2m)^[[22m^[[32m 9^[[2mms^[[22m^[[39m
quality (node 24)	Run npm test	2026-09-06T06:15:04.9688632Z  ^[[32m✓^[[39m packages/core/test/unit/graph/ids.test.ts ^[[2m(^[[22m^[[2m5 tests^[[22m^[[2m)^[[22m^[[32m 9^[[2mms^[[22m^[[39m
quality (node 24)	Run npm test	2026-09-06T06:15:04.9923703Z  ^[[32m✓^[[39m packages/core/test/unit/scripts/acceptance-scan.test.ts ^[[2m(^[[22m^[[2m3 tests^[[22m^[[2m)^[[22m^[[32m 29^[[2mms^[[22m^[[39m
quality (node 24)	Run npm test	2026-09-06T06:15:05.0599091Z  ^[[32m✓^[[39m packages/core/test/integration/project-handle-surface.test.ts ^[[2m(^[[22m^[[2m1 test^[[22m^[[2m)^[[22m^[[32m 15^[[2mms^[[22m^[[39m
quality (node 24)	Run npm test	2026-09-06T06:15:05.1478477Z  ^[[32m✓^[[39m packages/core/test/unit/domain/values.test.ts ^[[2m(^[[22m^[[2m6 tests^[[22m^[[2m)^[[22m^[[32m 7^[[2mms^[[22m^[[39m
quality (node 24)	Run npm test	2026-09-06T06:15:05.2067467Z  ^[[32m✓^[[39m packages/core/test/unit/runtime/patch-registry-retention.test.ts ^[[2m(^[[22m^[[2m2 tests^[[22m^[[2m)^[[22m^[[32m 9^[[2mms^[[22m^[[39m
quality (node 24)	Run npm test	2026-09-06T06:15:05.2797633Z  ^[[32m✓^[[39m packages/core/test/unit/adapters/scroll-trigger-range.test.ts ^[[2m(^[[22m^[[2m1 test^[[22m^[[2m)^[[22m^[[32m 7^[[2mms^[[22m^[[39m
quality (node 24)	Run npm test	2026-09-06T06:15:05.3349098Z  ^[[32m✓^[[39m packages/core/test/unit/scripts/mutation-config.test.ts ^[[2m(^[[22m^[[2m1 test^[[22m^[[2m)^[[22m^[[32m 9^[[2mms^[[22m^[[39m
quality (node 24)	Run npm test	2026-09-06T06:15:05.4177928Z  ^[[32m✓^[[39m packages/core/test/integration/dom-transform-removal.test.ts ^[[2m(^[[22m^[[2m2 tests^[[22m^[[2m)^[[22m^[[32m 8^[[2mms^[[22m^[[39m
quality (node 24)	Run npm test	2026-09-06T06:15:05.4752404Z  ^[[32m✓^[[39m packages/react/test/patch-store.test.ts ^[[2m(^[[22m^[[2m1 test^[[22m^[[2m)^[[22m^[[32m 8^[[2mms^[[22m^[[39m
quality (node 24)	Run npm test	2026-09-06T06:15:05.5489826Z  ^[[32m✓^[[39m packages/core/test/contract/s4-validation-owner.test.ts ^[[2m(^[[22m^[[2m2 tests^[[22m^[[2m)^[[22m^[[32m 5^[[2mms^[[22m^[[39m
quality (node 24)	Run npm test	2026-09-06T06:15:05.6184140Z  ^[[32m✓^[[39m packages/core/test/unit/scripts/s7-recovery-audit.test.ts ^[[2m(^[[22m^[[2m1 test^[[22m^[[2m)^[[22m^[[32m 7^[[2mms^[[22m^[[39m
quality (node 24)	Run npm test	2026-09-06T06:15:05.7149820Z  ^[[32m✓^[[39m packages/core/test/integration/membership-gating.test.ts ^[[2m(^[[22m^[[2m1 test^[[22m^[[2m)^[[22m^[[32m 11^[[2mms^[[22m^[[39m
quality (node 24)	Run npm test	2026-09-06T06:15:05.7980858Z  ^[[32m✓^[[39m packages/core/test/integration/runtime-motion-trigger-validation.test.ts ^[[2m(^[[22m^[[2m1 test^[[22m^[[2m)^[[22m^[[32m 14^[[2mms^[[22m^[[39m
quality (node 24)	Run npm test	2026-09-06T06:15:05.8918069Z  ^[[32m✓^[[39m packages/core/test/integration/plugin-use-contract.test.ts ^[[2m(^[[22m^[[2m1 test^[[22m^[[2m)^[[22m^[[32m 8^[[2mms^[[22m^[[39m
quality (node 24)	Run npm test	2026-09-06T06:15:05.9463785Z  ^[[32m✓^[[39m packages/core/test/contract/gsap-multi-stop.test.ts ^[[2m(^[[22m^[[2m1 test^[[22m^[[2m)^[[22m^[[32m 9^[[2mms^[[22m^[[39m
quality (node 24)	Run npm test	2026-09-06T06:15:06.0565395Z  ^[[32m✓^[[39m packages/core/test/unit/placeholder.test.ts ^[[2m(^[[22m^[[2m2 tests^[[22m^[[2m)^[[22m^[[32m 4^[[2mms^[[22m^[[39m
quality (node 24)	Run npm test	2026-09-06T06:15:06.0838947Z  ^[[32m✓^[[39m packages/core/test/integration/golden-roundtrip.test.ts ^[[2m(^[[22m^[[2m1 test^[[22m^[[2m)^[[22m^[[32m 11^[[2mms^[[22m^[[39m
quality (node 24)	Run npm test	2026-09-06T06:15:06.1281344Z  ^[[32m✓^[[39m packages/react/test/public-hook.test.ts ^[[2m(^[[22m^[[2m1 test^[[22m^[[2m)^[[22m^[[32m 3^[[2mms^[[22m^[[39m
quality (node 24)	Run npm test	2026-09-06T06:15:06.1345468Z 
quality (node 24)	Run npm test	2026-09-06T06:15:06.1347106Z ^[[31m⎯⎯⎯⎯⎯⎯⎯^[[39m^[[1m^[[41m Failed Tests 2 ^[[49m^[[22m^[[31m⎯⎯⎯⎯⎯⎯⎯^[[39m
quality (node 24)	Run npm test	2026-09-06T06:15:06.1347953Z 
quality (node 24)	Run npm test	2026-09-06T06:15:06.1351438Z ^[[41m^[[1m FAIL ^[[22m^[[49m packages/core/test/unit/runtime/live-value-updates.test.ts^[[2m > ^[[22mdirect-write failures respect the actual stage lifecycle^[[2m > ^[[22mLV-21 conservatively rebuilds after a successful mask followed by a failed stage
quality (node 24)	Run npm test	2026-09-06T06:15:06.1359850Z ^[[31m^[[1mAssertionError^[[22m: expected 260 to be 200 // Object.is equality^[[39m
quality (node 24)	Run npm test	2026-09-06T06:15:06.1360464Z 
quality (node 24)	Run npm test	2026-09-06T06:15:06.1360720Z ^[[32m- Expected^[[39m
quality (node 24)	Run npm test	2026-09-06T06:15:06.1361174Z ^[[31m+ Received^[[39m
quality (node 24)	Run npm test	2026-09-06T06:15:06.1361395Z 
quality (node 24)	Run npm test	2026-09-06T06:15:06.1361564Z ^[[32m- 200^[[39m
quality (node 24)	Run npm test	2026-09-06T06:15:06.1361803Z ^[[31m+ 260^[[39m
quality (node 24)	Run npm test	2026-09-06T06:15:06.1361926Z 
quality (node 24)	Run npm test	2026-09-06T06:15:06.1362425Z ^[[36m ^[[2m❯^[[22m packages/core/test/unit/runtime/live-value-updates.test.ts:^[[2m347:55^[[22m^[[39m
quality (node 24)	Run npm test	2026-09-06T06:15:06.1453150Z     ^[[90m345|^[[39m     arm^[[33m.^[[39m^[[34msetRequire^[[39m(^[[32m"fk"^[[39m^[[33m,^[[39m ^[[32m"base"^[[39m^[[33m,^[[39m ^[[32m"~/a"^[[39m)^[[33m;^[[39m
quality (node 24)	Run npm test	2026-09-06T06:15:06.1455738Z     ^[[90m346|^[[39m     ^[[34mexpect^[[39m(stageTrack)^[[33m.^[[39m^[[34mtoHaveBeenCalledTimes^[[39m(^[[34m2^[[39m)^[[33m;^[[39m
quality (node 24)	Run npm test	2026-09-06T06:15:06.1457572Z     ^[[90m347|^[[39m     ^[[34mexpect^[[39m(runtime^[[33m.^[[39mgraph^[[33m.^[[39mregistry^[[33m.^[[39m^[[35mget^[[39m(^[[33mARM^[[39m)^[[33m?.^[[39mvalues^[[33m.^[[39mx)^[[33m.^[[39m^[[34mtoBe^[[39m(^[[34m200^[[39m)^[[33m;^[[39m
quality (node 24)	Run npm test	2026-09-06T06:15:06.1458520Z     ^[[90m   |^[[39m                                                       ^[[31m^^[[39m
quality (node 24)	Run npm test	2026-09-06T06:15:06.1459279Z     ^[[90m348|^[[39m     arm^[[33m.^[[39m^[[34msetRequire^[[39m(^[[32m"fk"^[[39m^[[33m,^[[39m ^[[32m"base"^[[39m^[[33m,^[[39m ^[[32m"~/b"^[[39m)^[[33m;^[[39m
quality (node 24)	Run npm test	2026-09-06T06:15:06.1460160Z     ^[[90m349|^[[39m     ^[[34mexpect^[[39m(stageTrack)^[[33m.^[[39m^[[34mtoHaveBeenCalledTimes^[[39m(^[[34m2^[[39m)^[[33m;^[[39m
quality (node 24)	Run npm test	2026-09-06T06:15:06.1460572Z 
quality (node 24)	Run npm test	2026-09-06T06:15:06.1460849Z ^[[31m^[[2m⎯⎯⎯⎯⎯⎯⎯⎯⎯⎯⎯⎯⎯⎯⎯⎯⎯⎯⎯⎯⎯⎯⎯⎯[1/2]⎯^[[22m^[[39m
quality (node 24)	Run npm test	2026-09-06T06:15:06.1461087Z 
quality (node 24)	Run npm test	2026-09-06T06:15:06.1461943Z ^[[41m^[[1m FAIL ^[[22m^[[49m packages/core/test/unit/scripts/read-budget-scan.test.ts^[[2m > ^[[22mread budget scan^[[2m > ^[[22mRB-7: leaves the shipped tree clean, with nothing left waived
quality (node 24)	Run npm test	2026-09-06T06:15:06.1462985Z ^[[31m^[[1mAssertionError^[[22m: expected [ Array(1) ] to deeply equal []^[[39m
quality (node 24)	Run npm test	2026-09-06T06:15:06.1463614Z 
quality (node 24)	Run npm test	2026-09-06T06:15:06.1463910Z ^[[32m- Expected^[[39m
quality (node 24)	Run npm test	2026-09-06T06:15:06.1464387Z ^[[31m+ Received^[[39m
quality (node 24)	Run npm test	2026-09-06T06:15:06.1464622Z 
quality (node 24)	Run npm test	2026-09-06T06:15:06.1464805Z ^[[32m- []^[[39m
quality (node 24)	Run npm test	2026-09-06T06:15:06.1465187Z ^[[31m+ [^[[39m
quality (node 24)	Run npm test	2026-09-06T06:15:06.1466317Z ^[[31m+   "packages/core/src/runtime/project-runtime.md: 60137 bytes is over the 60000 byte read budget",^[[39m
quality (node 24)	Run npm test	2026-09-06T06:15:06.1467314Z ^[[31m+ ]^[[39m
quality (node 24)	Run npm test	2026-09-06T06:15:06.1467544Z 
quality (node 24)	Run npm test	2026-09-06T06:15:06.1468421Z ^[[36m ^[[2m❯^[[22m packages/core/test/unit/scripts/read-budget-scan.test.ts:^[[2m142:26^[[22m^[[39m
quality (node 24)	Run npm test	2026-09-06T06:15:06.1494502Z     ^[[90m140|^[[39m   it("RB-7: leaves the shipped tree clean, with nothing left waived", …
quality (node 24)	Run npm test	2026-09-06T06:15:06.1495951Z     ^[[90m141|^[[39m     ^[[34mexpect^[[39m(^[[33mREAD_BUDGET_EXCEPTIONS^[[39m)^[[33m.^[[39m^[[34mtoEqual^[[39m([])^[[33m;^[[39m
quality (node 24)	Run npm test	2026-09-06T06:15:06.1496863Z     ^[[90m142|^[[39m     ^[[34mexpect^[[39m(^[[35mawait^[[39m ^[[34mscan^[[39m())^[[33m.^[[39m^[[34mtoEqual^[[39m([])^[[33m;^[[39m
quality (node 24)	Run npm test	2026-09-06T06:15:06.1497477Z     ^[[90m   |^[[39m                          ^[[31m^^[[39m
quality (node 24)	Run npm test	2026-09-06T06:15:06.1497841Z     ^[[90m143|^[[39m   })^[[33m;^[[39m
quality (node 24)	Run npm test	2026-09-06T06:15:06.1498124Z     ^[[90m144|^[[39m
quality (node 24)	Run npm test	2026-09-06T06:15:06.1498263Z 
quality (node 24)	Run npm test	2026-09-06T06:15:06.1498518Z ^[[31m^[[2m⎯⎯⎯⎯⎯⎯⎯⎯⎯⎯⎯⎯⎯⎯⎯⎯⎯⎯⎯⎯⎯⎯⎯⎯[2/2]⎯^[[22m^[[39m
quality (node 24)	Run npm test	2026-09-06T06:15:06.1498731Z 
quality (node 24)	Run npm test	2026-09-06T06:15:06.1499597Z 
quality (node 24)	Run npm test	2026-09-06T06:15:06.1513712Z ^[[2m Test Files ^[[22m ^[[1m^[[31m2 failed^[[39m^[[22m^[[2m | ^[[22m^[[1m^[[32m184 passed^[[39m^[[22m^[[90m (186)^[[39m
quality (node 24)	Run npm test	2026-09-06T06:15:06.1525840Z ^[[2m      Tests ^[[22m ^[[1m^[[31m2 failed^[[39m^[[22m^[[2m | ^[[22m^[[1m^[[32m991 passed^[[39m^[[22m^[[90m (993)^[[39m
quality (node 24)	Run npm test	2026-09-06T06:15:06.1526789Z ^[[2m   Start at ^[[22m 06:14:45
quality (node 24)	Run npm test	2026-09-06T06:15:06.1531044Z ^[[2m   Duration ^[[22m 20.36s^[[2m (transform 2.74s, setup 1.27s, import 10.99s, tests 15.26s, environment 34ms)^[[22m
quality (node 24)	Run npm test	2026-09-06T06:15:06.1532850Z 
quality (node 24)	Run npm test	2026-09-06T06:15:06.1568661Z 
quality (node 24)	Run npm test	2026-09-06T06:15:06.1594955Z ##[error]AssertionError: expected 260 to be 200 // Object.is equality
quality (node 24)	Run npm test	
quality (node 24)	Run npm test	- Expected
quality (node 24)	Run npm test	+ Received
quality (node 24)	Run npm test	
quality (node 24)	Run npm test	- 200
quality (node 24)	Run npm test	+ 260
quality (node 24)	Run npm test	
quality (node 24)	Run npm test	 ❯ packages/core/test/unit/runtime/live-value-updates.test.ts:347:55
quality (node 24)	Run npm test	
quality (node 24)	Run npm test	
quality (node 24)	Run npm test	2026-09-06T06:15:06.1603185Z 
quality (node 24)	Run npm test	2026-09-06T06:15:06.1606018Z ##[error]AssertionError: expected [ Array(1) ] to deeply equal []
quality (node 24)	Run npm test	
quality (node 24)	Run npm test	- Expected
quality (node 24)	Run npm test	+ Received
quality (node 24)	Run npm test	
quality (node 24)	Run npm test	- []
quality (node 24)	Run npm test	+ [
quality (node 24)	Run npm test	+   "packages/core/src/runtime/project-runtime.md: 60137 bytes is over the 60000 byte read budget",
quality (node 24)	Run npm test	+ ]
quality (node 24)	Run npm test	
quality (node 24)	Run npm test	 ❯ packages/core/test/unit/scripts/read-budget-scan.test.ts:142:26
quality (node 24)	Run npm test	
quality (node 24)	Run npm test	
quality (node 24)	Run npm test	2026-09-06T06:15:06.2077307Z ##[error]Process completed with exit code 1.
