quality (node 24)	Typecheck	﻿2026-08-13T07:28:26.8294249Z ##[group]Run npm run typecheck
quality (node 24)	Typecheck	2026-08-13T07:28:26.8294618Z ^[[36;1mnpm run typecheck^[[0m
quality (node 24)	Typecheck	2026-08-13T07:28:26.8350413Z shell: /usr/bin/bash -e {0}
quality (node 24)	Typecheck	2026-08-13T07:28:26.8350737Z ##[endgroup]
quality (node 24)	Typecheck	2026-08-13T07:28:26.9412611Z 
quality (node 24)	Typecheck	2026-08-13T07:28:26.9413586Z > motion5@0.0.0 typecheck
quality (node 24)	Typecheck	2026-08-13T07:28:26.9414119Z > tsc --noEmit -p tsconfig.json
quality (node 24)	Typecheck	2026-08-13T07:28:26.9414326Z 
quality (node 24)	Typecheck	2026-08-13T07:28:28.6869540Z ##[error]packages/core/test/integration/end-to-end.test.ts(47,13): error TS2339: Property 'graph' does not exist on type 'ProjectHandle'.
quality (node 24)	Typecheck	2026-08-13T07:28:28.6880848Z ##[error]packages/core/test/integration/end-to-end.test.ts(49,13): error TS2339: Property 'graph' does not exist on type 'ProjectHandle'.
quality (node 24)	Typecheck	2026-08-13T07:28:28.6883780Z ##[error]packages/core/test/integration/end-to-end.test.ts(51,27): error TS2339: Property 'graph' does not exist on type 'ProjectHandle'.
quality (node 24)	Typecheck	2026-08-13T07:28:28.7169936Z ##[error]Process completed with exit code 2.
boundaries (node 24)	Boundary scan and planted fixtures	﻿2026-08-13T07:28:34.0408113Z ##[group]Run npm run test:boundaries
boundaries (node 24)	Boundary scan and planted fixtures	2026-08-13T07:28:34.0408522Z ^[[36;1mnpm run test:boundaries^[[0m
boundaries (node 24)	Boundary scan and planted fixtures	2026-08-13T07:28:34.0454755Z shell: /usr/bin/bash -e {0}
boundaries (node 24)	Boundary scan and planted fixtures	2026-08-13T07:28:34.0455031Z ##[endgroup]
boundaries (node 24)	Boundary scan and planted fixtures	2026-08-13T07:28:34.1444938Z 
boundaries (node 24)	Boundary scan and planted fixtures	2026-08-13T07:28:34.1445612Z > motion5@0.0.0 test:boundaries
boundaries (node 24)	Boundary scan and planted fixtures	2026-08-13T07:28:34.1447184Z > node scripts/boundary-scan.mjs && vitest run packages/core/test/unit/scripts/boundary-scan.test.ts
boundaries (node 24)	Boundary scan and planted fixtures	2026-08-13T07:28:34.1448496Z 
boundaries (node 24)	Boundary scan and planted fixtures	2026-08-13T07:28:34.1854444Z packages/core/src/index.ts: public export ProjectHandle is not allow-listed
boundaries (node 24)	Boundary scan and planted fixtures	2026-08-13T07:28:34.1855839Z packages/core/src/index.ts: public export PatchBatchLike is not allow-listed
boundaries (node 24)	Boundary scan and planted fixtures	2026-08-13T07:28:34.1978679Z ##[error]Process completed with exit code 1.
integration (node 24)	Integration tests	﻿2026-08-13T07:28:30.1225094Z ##[group]Run npm run test:integration
integration (node 24)	Integration tests	2026-08-13T07:28:30.1225434Z ^[[36;1mnpm run test:integration^[[0m
integration (node 24)	Integration tests	2026-08-13T07:28:30.1250428Z shell: /usr/bin/bash -e {0}
integration (node 24)	Integration tests	2026-08-13T07:28:30.1250825Z ##[endgroup]
integration (node 24)	Integration tests	2026-08-13T07:28:30.2027201Z 
integration (node 24)	Integration tests	2026-08-13T07:28:30.2028121Z > motion5@0.0.0 test:integration
integration (node 24)	Integration tests	2026-08-13T07:28:30.2028726Z > vitest run packages/core/test/integration
integration (node 24)	Integration tests	2026-08-13T07:28:30.2029093Z 
integration (node 24)	Integration tests	2026-08-13T07:28:30.3986996Z 
integration (node 24)	Integration tests	2026-08-13T07:28:30.3989917Z ^[[1m^[[30m^[[46m RUN ^[[49m^[[39m^[[22m ^[[36mv4.1.10 ^[[39m^[[90m/home/runner/work/motion5/motion5^[[39m
integration (node 24)	Integration tests	2026-08-13T07:28:30.3991122Z 
integration (node 24)	Integration tests	2026-08-13T07:28:30.6264843Z  ^[[32m✓^[[39m packages/core/test/integration/publisher-output-merge-consistency.test.ts ^[[2m(^[[22m^[[2m2 tests^[[22m^[[2m)^[[22m^[[32m 6^[[2mms^[[22m^[[39m
integration (node 24)	Integration tests	2026-08-13T07:28:30.6271171Z  ^[[32m✓^[[39m packages/core/test/integration/graph-publisher.test.ts ^[[2m(^[[22m^[[2m3 tests^[[22m^[[2m)^[[22m^[[32m 6^[[2mms^[[22m^[[39m
integration (node 24)	Integration tests	2026-08-13T07:28:30.6398923Z  ^[[32m✓^[[39m packages/core/test/integration/graph-rollback.test.ts ^[[2m(^[[22m^[[2m4 tests^[[22m^[[2m)^[[22m^[[32m 8^[[2mms^[[22m^[[39m
integration (node 24)	Integration tests	2026-08-13T07:28:30.7650736Z  ^[[32m✓^[[39m packages/core/test/integration/flush-output-merge.test.ts ^[[2m(^[[22m^[[2m2 tests^[[22m^[[2m)^[[22m^[[32m 5^[[2mms^[[22m^[[39m
integration (node 24)	Integration tests	2026-08-13T07:28:30.8348650Z  ^[[32m✓^[[39m packages/core/test/integration/engine-load-validation.test.ts ^[[2m(^[[22m^[[2m4 tests^[[22m^[[2m)^[[22m^[[32m 6^[[2mms^[[22m^[[39m
integration (node 24)	Integration tests	2026-08-13T07:28:30.8371253Z  ^[[32m✓^[[39m packages/core/test/integration/engine-headless.test.ts ^[[2m(^[[22m^[[2m3 tests^[[22m^[[2m)^[[22m^[[32m 9^[[2mms^[[22m^[[39m
integration (node 24)	Integration tests	2026-08-13T07:28:30.9104434Z  ^[[32m✓^[[39m packages/core/test/integration/dom-patch-apply.test.ts ^[[2m(^[[22m^[[2m2 tests^[[22m^[[2m)^[[22m^[[32m 5^[[2mms^[[22m^[[39m
integration (node 24)	Integration tests	2026-08-13T07:28:30.9672240Z  ^[[32m✓^[[39m packages/core/test/integration/partial-seed-inputs.test.ts ^[[2m(^[[22m^[[2m1 test^[[22m^[[2m)^[[22m^[[32m 4^[[2mms^[[22m^[[39m
integration (node 24)	Integration tests	2026-08-13T07:28:30.9817744Z  ^[[32m✓^[[39m packages/core/test/integration/project-runtime.test.ts ^[[2m(^[[22m^[[2m3 tests^[[22m^[[2m)^[[22m^[[32m 6^[[2mms^[[22m^[[39m
integration (node 24)	Integration tests	2026-08-13T07:28:31.1682046Z  ^[[31m❯^[[39m packages/core/test/integration/end-to-end.test.ts ^[[2m(^[[22m^[[2m1 test^[[22m^[[2m | ^[[22m^[[31m1 failed^[[39m^[[2m)^[[22m^[[32m 8^[[2mms^[[22m^[[39m
integration (node 24)	Integration tests	2026-08-13T07:28:31.1683622Z ^[[31m     ^[[31m×^[[31m writes authored GSAP output through a patch into the DOM adapter^[[39m^[[32m 6^[[2mms^[[22m^[[39m
integration (node 24)	Integration tests	2026-08-13T07:28:31.1686638Z  ^[[32m✓^[[39m packages/core/test/integration/project-handle-surface.test.ts ^[[2m(^[[22m^[[2m2 tests^[[22m^[[2m)^[[22m^[[32m 5^[[2mms^[[22m^[[39m
integration (node 24)	Integration tests	2026-08-13T07:28:31.1743856Z  ^[[32m✓^[[39m packages/core/test/integration/contract-baseline.test.ts ^[[2m(^[[22m^[[2m5 tests^[[22m^[[2m)^[[22m^[[32m 14^[[2mms^[[22m^[[39m
integration (node 24)	Integration tests	2026-08-13T07:28:31.3106947Z  ^[[32m✓^[[39m packages/core/test/integration/dom-transform-removal.test.ts ^[[2m(^[[22m^[[2m2 tests^[[22m^[[2m)^[[22m^[[32m 4^[[2mms^[[22m^[[39m
integration (node 24)	Integration tests	2026-08-13T07:28:31.3131843Z  ^[[32m✓^[[39m packages/core/test/integration/membership-gating.test.ts ^[[2m(^[[22m^[[2m1 test^[[22m^[[2m)^[[22m^[[32m 4^[[2mms^[[22m^[[39m
integration (node 24)	Integration tests	2026-08-13T07:28:31.3295403Z  ^[[32m✓^[[39m packages/core/test/integration/graph-runtime.test.ts ^[[2m(^[[22m^[[2m1 test^[[22m^[[2m)^[[22m^[[32m 3^[[2mms^[[22m^[[39m
integration (node 24)	Integration tests	2026-08-13T07:28:31.4071708Z  ^[[32m✓^[[39m packages/core/test/integration/golden-roundtrip.test.ts ^[[2m(^[[22m^[[2m1 test^[[22m^[[2m)^[[22m^[[32m 7^[[2mms^[[22m^[[39m
integration (node 24)	Integration tests	2026-08-13T07:28:31.4104968Z 
integration (node 24)	Integration tests	2026-08-13T07:28:31.4105704Z ^[[31m⎯⎯⎯⎯⎯⎯⎯^[[39m^[[1m^[[41m Failed Tests 1 ^[[49m^[[22m^[[31m⎯⎯⎯⎯⎯⎯⎯^[[39m
integration (node 24)	Integration tests	2026-08-13T07:28:31.4106075Z 
integration (node 24)	Integration tests	2026-08-13T07:28:31.4108256Z ^[[41m^[[1m FAIL ^[[22m^[[49m packages/core/test/integration/end-to-end.test.ts^[[2m > ^[[22mreal end-to-end product path (E2)^[[2m > ^[[22mwrites authored GSAP output through a patch into the DOM adapter
integration (node 24)	Integration tests	2026-08-13T07:28:31.4114444Z ^[[31m^[[1mTypeError^[[22m: Cannot read properties of undefined (reading 'flush')^[[39m
integration (node 24)	Integration tests	2026-08-13T07:28:31.4115406Z ^[[36m ^[[2m❯^[[22m packages/core/test/integration/end-to-end.test.ts:^[[2m47:19^[[22m^[[39m
integration (node 24)	Integration tests	2026-08-13T07:28:31.4133831Z     ^[[90m 45|^[[39m
integration (node 24)	Integration tests	2026-08-13T07:28:31.4134727Z     ^[[90m 46|^[[39m     runtime^[[33m.^[[39m^[[34mmount^[[39m(^[[32m"hero/arm"^[[39m)^[[33m;^[[39m
integration (node 24)	Integration tests	2026-08-13T07:28:31.4136543Z     ^[[90m 47|^[[39m     runtime^[[33m.^[[39mgraph^[[33m.^[[39m^[[34mflush^[[39m([^[[32m"hero/arm"^[[39m]^[[33m,^[[39m ^[[34m1^[[39m)^[[33m;^[[39m
integration (node 24)	Integration tests	2026-08-13T07:28:31.4137548Z     ^[[90m   |^[[39m                   ^[[31m^^[[39m
integration (node 24)	Integration tests	2026-08-13T07:28:31.4137920Z 
integration (node 24)	Integration tests	2026-08-13T07:28:31.4138587Z     ^[[90m 48|^[[39m     runtime^[[33m.^[[39m^[[34mseek^[[39m(^[[32m"hero/arm"^[[39m^[[33m,^[[39m ^[[34m0.5^[[39m)^[[33m;^[[39m
integration (node 24)	Integration tests	2026-08-13T07:28:31.4139913Z     ^[[90m 49|^[[39m     runtime^[[33m.^[[39mgraph^[[33m.^[[39m^[[34mflush^[[39m([^[[32m"hero/arm"^[[39m]^[[33m,^[[39m ^[[34m2^[[39m)^[[33m;^[[39m
integration (node 24)	Integration tests	2026-08-13T07:28:31.4140608Z 
integration (node 24)	Integration tests	2026-08-13T07:28:31.4141132Z ^[[31m^[[2m⎯⎯⎯⎯⎯⎯⎯⎯⎯⎯⎯⎯⎯⎯⎯⎯⎯⎯⎯⎯⎯⎯⎯⎯[1/1]⎯^[[22m^[[39m
integration (node 24)	Integration tests	2026-08-13T07:28:31.4142146Z ^[[2m Test Files ^[[22m ^[[1m^[[31m1 failed^[[39m^[[22m^[[2m | ^[[22m^[[1m^[[32m15 passed^[[39m^[[22m^[[90m (16)^[[39m
integration (node 24)	Integration tests	2026-08-13T07:28:31.4143251Z ^[[2m      Tests ^[[22m ^[[1m^[[31m1 failed^[[39m^[[22m^[[2m | ^[[22m^[[1m^[[32m36 passed^[[39m^[[22m^[[90m (37)^[[39m
integration (node 24)	Integration tests	2026-08-13T07:28:31.4143969Z ^[[2m   Start at ^[[22m 07:28:30
integration (node 24)	Integration tests	2026-08-13T07:28:31.4144933Z ^[[2m   Duration ^[[22m 996ms^[[2m (transform 430ms, setup 0ms, import 797ms, tests 100ms, environment 1ms)^[[22m
integration (node 24)	Integration tests	2026-08-13T07:28:31.4145508Z 
integration (node 24)	Integration tests	2026-08-13T07:28:31.4146043Z 
integration (node 24)	Integration tests	2026-08-13T07:28:31.4153845Z 
integration (node 24)	Integration tests	2026-08-13T07:28:31.4170462Z ##[error]TypeError: Cannot read properties of undefined (reading 'flush')
integration (node 24)	Integration tests	 ❯ packages/core/test/integration/end-to-end.test.ts:47:19
integration (node 24)	Integration tests	
integration (node 24)	Integration tests	
integration (node 24)	Integration tests	2026-08-13T07:28:31.4569533Z ##[error]Process completed with exit code 1.
