prettier --write (same-repository PR)	Set up job	﻿2026-08-11T23:58:20.8985004Z Current runner version: '2.336.0'
prettier --write (same-repository PR)	Set up job	2026-08-11T23:58:20.9008737Z ##[group]Runner Image Provisioner
prettier --write (same-repository PR)	Set up job	2026-08-11T23:58:20.9009592Z Hosted Compute Agent
prettier --write (same-repository PR)	Set up job	2026-08-11T23:58:20.9010060Z Version: 20260707.563
prettier --write (same-repository PR)	Set up job	2026-08-11T23:58:20.9010590Z Commit: 02667638d2b423fbc733a8e32a88b44996a3ba6e
prettier --write (same-repository PR)	Set up job	2026-08-11T23:58:20.9011208Z Build Date: 2026-07-07T19:33:50Z
prettier --write (same-repository PR)	Set up job	2026-08-11T23:58:20.9011751Z Worker ID: {e132a1a1-af17-4575-9bfd-9244346ad03e}
prettier --write (same-repository PR)	Set up job	2026-08-11T23:58:20.9012361Z Azure Region: westus
prettier --write (same-repository PR)	Set up job	2026-08-11T23:58:20.9012826Z ##[endgroup]
prettier --write (same-repository PR)	Set up job	2026-08-11T23:58:20.9013909Z ##[group]Operating System
prettier --write (same-repository PR)	Set up job	2026-08-11T23:58:20.9014505Z Ubuntu
prettier --write (same-repository PR)	Set up job	2026-08-11T23:58:20.9014919Z 24.04.4
prettier --write (same-repository PR)	Set up job	2026-08-11T23:58:20.9015351Z LTS
prettier --write (same-repository PR)	Set up job	2026-08-11T23:58:20.9015780Z ##[endgroup]
prettier --write (same-repository PR)	Set up job	2026-08-11T23:58:20.9016214Z ##[group]Runner Image
prettier --write (same-repository PR)	Set up job	2026-08-11T23:58:20.9016737Z Image: ubuntu-24.04
prettier --write (same-repository PR)	Set up job	2026-08-11T23:58:20.9017220Z Version: 20260720.247.2
prettier --write (same-repository PR)	Set up job	2026-08-11T23:58:20.9018039Z Included Software: https://github.com/actions/runner-images/blob/ubuntu24/20260720.247/images/ubuntu/Ubuntu2404-Readme.md
prettier --write (same-repository PR)	Set up job	2026-08-11T23:58:20.9019831Z Image Release: https://github.com/actions/runner-images/releases/tag/ubuntu24%2F20260720.247
prettier --write (same-repository PR)	Set up job	2026-08-11T23:58:20.9020667Z ##[endgroup]
prettier --write (same-repository PR)	Set up job	2026-08-11T23:58:20.9021754Z ##[group]GITHUB_TOKEN Permissions
prettier --write (same-repository PR)	Set up job	2026-08-11T23:58:20.9023600Z Contents: write
prettier --write (same-repository PR)	Set up job	2026-08-11T23:58:20.9024090Z Metadata: read
prettier --write (same-repository PR)	Set up job	2026-08-11T23:58:20.9024522Z PullRequests: read
prettier --write (same-repository PR)	Set up job	2026-08-11T23:58:20.9025081Z ##[endgroup]
prettier --write (same-repository PR)	Set up job	2026-08-11T23:58:20.9027023Z Secret source: Actions
prettier --write (same-repository PR)	Set up job	2026-08-11T23:58:20.9027941Z Prepare workflow directory
prettier --write (same-repository PR)	Set up job	2026-08-11T23:58:20.9293938Z Prepare all required actions
prettier --write (same-repository PR)	Set up job	2026-08-11T23:58:20.9332068Z Getting action download info
prettier --write (same-repository PR)	Set up job	2026-08-11T23:58:21.2735498Z Download action repository 'actions/checkout@v4' (SHA:11d5960a326750d5838078e36cf38b85af677262)
prettier --write (same-repository PR)	Set up job	2026-08-11T23:58:21.7258856Z Download action repository 'actions/setup-node@v4' (SHA:49933ea5288caeca8642d1e84afbd3f7d6820020)
prettier --write (same-repository PR)	Set up job	2026-08-11T23:58:21.9278943Z Complete job name: prettier --write (same-repository PR)
prettier --write (same-repository PR)	Run actions/checkout@v4	﻿2026-08-11T23:58:21.9884981Z Node 20 is being deprecated. This workflow is running with Node 24 by default. If you need to temporarily use Node 20, you can set the ACTIONS_ALLOW_USE_UNSECURE_NODE_VERSION=true environment variable. For more information see: https://github.blog/changelog/2025-09-19-deprecation-of-node-20-on-github-actions-runners/
prettier --write (same-repository PR)	Run actions/checkout@v4	2026-08-11T23:58:21.9891784Z ##[group]Run actions/checkout@v4
prettier --write (same-repository PR)	Run actions/checkout@v4	2026-08-11T23:58:21.9892338Z with:
prettier --write (same-repository PR)	Run actions/checkout@v4	2026-08-11T23:58:21.9892680Z   ref: fix/D2-boundary-self-test
prettier --write (same-repository PR)	Run actions/checkout@v4	2026-08-11T23:58:21.9893099Z   repository: chahyasantoso/motion5
prettier --write (same-repository PR)	Run actions/checkout@v4	2026-08-11T23:58:21.9893506Z   fetch-depth: 0
prettier --write (same-repository PR)	Run actions/checkout@v4	2026-08-11T23:58:21.9896560Z   token: ***
prettier --write (same-repository PR)	Run actions/checkout@v4	2026-08-11T23:58:21.9896902Z   ssh-strict: true
prettier --write (same-repository PR)	Run actions/checkout@v4	2026-08-11T23:58:21.9897247Z   ssh-user: git
prettier --write (same-repository PR)	Run actions/checkout@v4	2026-08-11T23:58:21.9897593Z   persist-credentials: true
prettier --write (same-repository PR)	Run actions/checkout@v4	2026-08-11T23:58:21.9897969Z   clean: true
prettier --write (same-repository PR)	Run actions/checkout@v4	2026-08-11T23:58:21.9898313Z   sparse-checkout-cone-mode: true
prettier --write (same-repository PR)	Run actions/checkout@v4	2026-08-11T23:58:21.9898858Z   fetch-tags: false
prettier --write (same-repository PR)	Run actions/checkout@v4	2026-08-11T23:58:21.9899199Z   show-progress: true
prettier --write (same-repository PR)	Run actions/checkout@v4	2026-08-11T23:58:21.9899546Z   lfs: false
prettier --write (same-repository PR)	Run actions/checkout@v4	2026-08-11T23:58:21.9899911Z   submodules: false
prettier --write (same-repository PR)	Run actions/checkout@v4	2026-08-11T23:58:21.9900268Z   set-safe-directory: true
prettier --write (same-repository PR)	Run actions/checkout@v4	2026-08-11T23:58:21.9900655Z   allow-unsafe-pr-checkout: false
prettier --write (same-repository PR)	Run actions/checkout@v4	2026-08-11T23:58:21.9901211Z ##[endgroup]
prettier --write (same-repository PR)	Run actions/checkout@v4	2026-08-11T23:58:22.0732532Z Syncing repository: chahyasantoso/motion5
prettier --write (same-repository PR)	Run actions/checkout@v4	2026-08-11T23:58:22.0734003Z ##[group]Getting Git version info
prettier --write (same-repository PR)	Run actions/checkout@v4	2026-08-11T23:58:22.0734595Z Working directory is '/home/runner/work/motion5/motion5'
prettier --write (same-repository PR)	Run actions/checkout@v4	2026-08-11T23:58:22.0735373Z [command]/usr/bin/git version
prettier --write (same-repository PR)	Run actions/checkout@v4	2026-08-11T23:58:22.0797332Z git version 2.54.0
prettier --write (same-repository PR)	Run actions/checkout@v4	2026-08-11T23:58:22.0846134Z ##[endgroup]
prettier --write (same-repository PR)	Run actions/checkout@v4	2026-08-11T23:58:22.0860577Z Temporarily overriding HOME='/home/runner/work/_temp/2c6caa52-dd3c-4626-a4d3-1248cc5f084b' before making global git config changes
prettier --write (same-repository PR)	Run actions/checkout@v4	2026-08-11T23:58:22.0862276Z Adding repository directory to the temporary git global config as a safe directory
prettier --write (same-repository PR)	Run actions/checkout@v4	2026-08-11T23:58:22.0865127Z [command]/usr/bin/git config --global --add safe.directory /home/runner/work/motion5/motion5
prettier --write (same-repository PR)	Run actions/checkout@v4	2026-08-11T23:58:22.0900387Z Deleting the contents of '/home/runner/work/motion5/motion5'
prettier --write (same-repository PR)	Run actions/checkout@v4	2026-08-11T23:58:22.0904446Z ##[group]Initializing the repository
prettier --write (same-repository PR)	Run actions/checkout@v4	2026-08-11T23:58:22.0909120Z [command]/usr/bin/git init /home/runner/work/motion5/motion5
prettier --write (same-repository PR)	Run actions/checkout@v4	2026-08-11T23:58:22.1077891Z hint: Using 'master' as the name for the initial branch. This default branch name
prettier --write (same-repository PR)	Run actions/checkout@v4	2026-08-11T23:58:22.1079296Z hint: will change to "main" in Git 3.0. To configure the initial branch name
prettier --write (same-repository PR)	Run actions/checkout@v4	2026-08-11T23:58:22.1080567Z hint: to use in all of your new repositories, which will suppress this warning,
prettier --write (same-repository PR)	Run actions/checkout@v4	2026-08-11T23:58:22.1081476Z hint: call:
prettier --write (same-repository PR)	Run actions/checkout@v4	2026-08-11T23:58:22.1081954Z hint:
prettier --write (same-repository PR)	Run actions/checkout@v4	2026-08-11T23:58:22.1082592Z hint: 	git config --global init.defaultBranch <name>
prettier --write (same-repository PR)	Run actions/checkout@v4	2026-08-11T23:58:22.1083336Z hint:
prettier --write (same-repository PR)	Run actions/checkout@v4	2026-08-11T23:58:22.1084025Z hint: Names commonly chosen instead of 'master' are 'main', 'trunk' and
prettier --write (same-repository PR)	Run actions/checkout@v4	2026-08-11T23:58:22.1085084Z hint: 'development'. The just-created branch can be renamed via this command:
prettier --write (same-repository PR)	Run actions/checkout@v4	2026-08-11T23:58:22.1085884Z hint:
prettier --write (same-repository PR)	Run actions/checkout@v4	2026-08-11T23:58:22.1086358Z hint: 	git branch -m <name>
prettier --write (same-repository PR)	Run actions/checkout@v4	2026-08-11T23:58:22.1086969Z hint:
prettier --write (same-repository PR)	Run actions/checkout@v4	2026-08-11T23:58:22.1087736Z hint: Disable this message with "git config set advice.defaultBranchName false"
prettier --write (same-repository PR)	Run actions/checkout@v4	2026-08-11T23:58:22.1089043Z Initialized empty Git repository in /home/runner/work/motion5/motion5/.git/
prettier --write (same-repository PR)	Run actions/checkout@v4	2026-08-11T23:58:22.1100104Z [command]/usr/bin/git remote add origin https://github.com/chahyasantoso/motion5
prettier --write (same-repository PR)	Run actions/checkout@v4	2026-08-11T23:58:22.1135385Z ##[endgroup]
prettier --write (same-repository PR)	Run actions/checkout@v4	2026-08-11T23:58:22.1136257Z ##[group]Disabling automatic garbage collection
prettier --write (same-repository PR)	Run actions/checkout@v4	2026-08-11T23:58:22.1136812Z [command]/usr/bin/git config --local gc.auto 0
prettier --write (same-repository PR)	Run actions/checkout@v4	2026-08-11T23:58:22.1163295Z ##[endgroup]
prettier --write (same-repository PR)	Run actions/checkout@v4	2026-08-11T23:58:22.1163885Z ##[group]Setting up auth
prettier --write (same-repository PR)	Run actions/checkout@v4	2026-08-11T23:58:22.1170390Z [command]/usr/bin/git config --local --name-only --get-regexp core\.sshCommand
prettier --write (same-repository PR)	Run actions/checkout@v4	2026-08-11T23:58:22.1204767Z [command]/usr/bin/git submodule foreach --recursive sh -c "git config --local --name-only --get-regexp 'core\.sshCommand' && git config --local --unset-all 'core.sshCommand' || :"
prettier --write (same-repository PR)	Run actions/checkout@v4	2026-08-11T23:58:22.1492457Z [command]/usr/bin/git config --local --name-only --get-regexp http\.https\:\/\/github\.com\/\.extraheader
prettier --write (same-repository PR)	Run actions/checkout@v4	2026-08-11T23:58:22.1524465Z [command]/usr/bin/git submodule foreach --recursive sh -c "git config --local --name-only --get-regexp 'http\.https\:\/\/github\.com\/\.extraheader' && git config --local --unset-all 'http.https://github.com/.extraheader' || :"
prettier --write (same-repository PR)	Run actions/checkout@v4	2026-08-11T23:58:22.1714988Z [command]/usr/bin/git config --local --name-only --get-regexp ^includeIf\.gitdir:
prettier --write (same-repository PR)	Run actions/checkout@v4	2026-08-11T23:58:22.1745373Z [command]/usr/bin/git submodule foreach --recursive git config --local --show-origin --name-only --get-regexp remote.origin.url
prettier --write (same-repository PR)	Run actions/checkout@v4	2026-08-11T23:58:22.1937261Z [command]/usr/bin/git config --local http.https://github.com/.extraheader AUTHORIZATION: basic ***
prettier --write (same-repository PR)	Run actions/checkout@v4	2026-08-11T23:58:22.1970967Z ##[endgroup]
prettier --write (same-repository PR)	Run actions/checkout@v4	2026-08-11T23:58:22.1971702Z ##[group]Fetching the repository
prettier --write (same-repository PR)	Run actions/checkout@v4	2026-08-11T23:58:22.1979105Z [command]/usr/bin/git -c protocol.version=2 fetch --prune --no-recurse-submodules origin +refs/heads/*:refs/remotes/origin/* +refs/tags/*:refs/tags/*
prettier --write (same-repository PR)	Run actions/checkout@v4	2026-08-11T23:58:24.0870114Z From https://github.com/chahyasantoso/motion5
prettier --write (same-repository PR)	Run actions/checkout@v4	2026-08-11T23:58:24.0871237Z  * [new branch]      chore/format-31354308601 -> origin/chore/format-31354308601
prettier --write (same-repository PR)	Run actions/checkout@v4	2026-08-11T23:58:24.0872014Z  * [new branch]      chore/r6-core-package-boundary -> origin/chore/r6-core-package-boundary
prettier --write (same-repository PR)	Run actions/checkout@v4	2026-08-11T23:58:24.0872733Z  * [new branch]      ci-logs                -> origin/ci-logs
prettier --write (same-repository PR)	Run actions/checkout@v4	2026-08-11T23:58:24.0873187Z  * [new branch]      ci/archive-workflow    -> origin/ci/archive-workflow
prettier --write (same-repository PR)	Run actions/checkout@v4	2026-08-11T23:58:24.0873648Z  * [new branch]      ci/auto-format-pr-branches -> origin/ci/auto-format-pr-branches
prettier --write (same-repository PR)	Run actions/checkout@v4	2026-08-11T23:58:24.0874138Z  * [new branch]      docs/detailed-plan-and-trd -> origin/docs/detailed-plan-and-trd
prettier --write (same-repository PR)	Run actions/checkout@v4	2026-08-11T23:58:24.0874662Z  * [new branch]      docs/p0-06-trd-and-detailed-plan -> origin/docs/p0-06-trd-and-detailed-plan
prettier --write (same-repository PR)	Run actions/checkout@v4	2026-08-11T23:58:24.0875261Z  * [new branch]      docs/phase3-implementation-review -> origin/docs/phase3-implementation-review
prettier --write (same-repository PR)	Run actions/checkout@v4	2026-08-11T23:58:24.0875873Z  * [new branch]      docs/r9-status-and-plan-truth-pass -> origin/docs/r9-status-and-plan-truth-pass
prettier --write (same-repository PR)	Run actions/checkout@v4	2026-08-11T23:58:24.0876782Z  * [new branch]      docs/repo-review-and-remediation-plan -> origin/docs/repo-review-and-remediation-plan
prettier --write (same-repository PR)	Run actions/checkout@v4	2026-08-11T23:58:24.0877390Z  * [new branch]      feat/p0-04-ports-and-fakes -> origin/feat/p0-04-ports-and-fakes
prettier --write (same-repository PR)	Run actions/checkout@v4	2026-08-11T23:58:24.0877955Z  * [new branch]      feat/p0-05-golden-fixtures-and-integration -> origin/feat/p0-05-golden-fixtures-and-integration
prettier --write (same-repository PR)	Run actions/checkout@v4	2026-08-11T23:58:24.0878826Z  * [new branch]      feat/p1-01-immutable-value-snapshots -> origin/feat/p1-01-immutable-value-snapshots
prettier --write (same-repository PR)	Run actions/checkout@v4	2026-08-11T23:58:24.0879419Z  * [new branch]      feat/p1-02-plugin-registry -> origin/feat/p1-02-plugin-registry
prettier --write (same-repository PR)	Run actions/checkout@v4	2026-08-11T23:58:24.0879891Z  * [new branch]      feat/p1-03-track-leaf  -> origin/feat/p1-03-track-leaf
prettier --write (same-repository PR)	Run actions/checkout@v4	2026-08-11T23:58:24.0880362Z  * [new branch]      feat/p1-04-lifecycle-primitives -> origin/feat/p1-04-lifecycle-primitives
prettier --write (same-repository PR)	Run actions/checkout@v4	2026-08-11T23:58:24.0880849Z  * [new branch]      feat/p1-05-motion-scheduling -> origin/feat/p1-05-motion-scheduling
prettier --write (same-repository PR)	Run actions/checkout@v4	2026-08-11T23:58:24.0881335Z  * [new branch]      feat/p1-06-trigger-delegates -> origin/feat/p1-06-trigger-delegates
prettier --write (same-repository PR)	Run actions/checkout@v4	2026-08-11T23:58:24.0881784Z  * [new branch]      feat/p2-01-qualified-ids -> origin/feat/p2-01-qualified-ids
prettier --write (same-repository PR)	Run actions/checkout@v4	2026-08-11T23:58:24.0882266Z  * [new branch]      feat/p2-02-03-graph-ir-validation -> origin/feat/p2-02-03-graph-ir-validation
prettier --write (same-repository PR)	Run actions/checkout@v4	2026-08-11T23:58:24.0882808Z  * [new branch]      feat/p2-04-cycle-detection-and-order -> origin/feat/p2-04-cycle-detection-and-order
prettier --write (same-repository PR)	Run actions/checkout@v4	2026-08-11T23:58:24.0883431Z  * [new branch]      feat/p2-05-stable-observation-state -> origin/feat/p2-05-stable-observation-state
prettier --write (same-repository PR)	Run actions/checkout@v4	2026-08-11T23:58:24.0884009Z  * [new branch]      feat/p2-06-graph-binding-transactions -> origin/feat/p2-06-graph-binding-transactions
prettier --write (same-repository PR)	Run actions/checkout@v4	2026-08-11T23:58:24.0884571Z  * [new branch]      feat/p2-07-boundary-scan-ci-gate -> origin/feat/p2-07-boundary-scan-ci-gate
prettier --write (same-repository PR)	Run actions/checkout@v4	2026-08-11T23:58:24.0885045Z  * [new branch]      feat/p3-01-patch-registry -> origin/feat/p3-01-patch-registry
prettier --write (same-repository PR)	Run actions/checkout@v4	2026-08-11T23:58:24.0885779Z  * [new branch]      feat/p3-02-03-publisher-failure-semantics -> origin/feat/p3-02-03-publisher-failure-semantics
prettier --write (same-repository PR)	Run actions/checkout@v4	2026-08-11T23:58:24.0886307Z  * [new branch]      feat/p3-04-graph-runtime -> origin/feat/p3-04-graph-runtime
prettier --write (same-repository PR)	Run actions/checkout@v4	2026-08-11T23:58:24.0886744Z  * [new branch]      feat/p3-05-project-runtime -> origin/feat/p3-05-project-runtime
prettier --write (same-repository PR)	Run actions/checkout@v4	2026-08-11T23:58:24.0887316Z  * [new branch]      feat/p3-06-07-engine-and-benchmarks -> origin/feat/p3-06-07-engine-and-benchmarks
prettier --write (same-repository PR)	Run actions/checkout@v4	2026-08-11T23:58:24.0887837Z  * [new branch]      feat/p4-01-02-adapters -> origin/feat/p4-01-02-adapters
prettier --write (same-repository PR)	Run actions/checkout@v4	2026-08-11T23:58:24.0888324Z  * [new branch]      feat/p4-03-04-react-consumer-boundary -> origin/feat/p4-03-04-react-consumer-boundary
prettier --write (same-repository PR)	Run actions/checkout@v4	2026-08-11T23:58:24.0889334Z  * [new branch]      feat/p4-05-current-main-integration-build -> origin/feat/p4-05-current-main-integration-build
prettier --write (same-repository PR)	Run actions/checkout@v4	2026-08-11T23:58:24.0889934Z  * [new branch]      feat/p4-05-integration-build-gate -> origin/feat/p4-05-integration-build-gate
prettier --write (same-repository PR)	Run actions/checkout@v4	2026-08-11T23:58:24.0890475Z  * [new branch]      feat/r5-engine-compose-resolver -> origin/feat/r5-engine-compose-resolver
prettier --write (same-repository PR)	Run actions/checkout@v4	2026-08-11T23:58:24.0891075Z  * [new branch]      feat/r8-dom-adapter-target-resolution -> origin/feat/r8-dom-adapter-target-resolution
prettier --write (same-repository PR)	Run actions/checkout@v4	2026-08-11T23:58:24.0891612Z  * [new branch]      fix/A3-publisher-reentrancy -> origin/fix/A3-publisher-reentrancy
prettier --write (same-repository PR)	Run actions/checkout@v4	2026-08-11T23:58:24.0892044Z  * [new branch]      fix/A3-red-evidence    -> origin/fix/A3-red-evidence
prettier --write (same-repository PR)	Run actions/checkout@v4	2026-08-11T23:58:24.0892480Z  * [new branch]      fix/B1-track-contribution -> origin/fix/B1-track-contribution
prettier --write (same-repository PR)	Run actions/checkout@v4	2026-08-11T23:58:24.0892950Z  * [new branch]      fix/B2-gsap-stop-compilation -> origin/fix/B2-gsap-stop-compilation
prettier --write (same-repository PR)	Run actions/checkout@v4	2026-08-11T23:58:24.0893486Z  * [new branch]      fix/B2-gsap-stop-compilation-clean -> origin/fix/B2-gsap-stop-compilation-clean
prettier --write (same-repository PR)	Run actions/checkout@v4	2026-08-11T23:58:24.0894054Z  * [new branch]      fix/B2-gsap-stop-compilation-repair -> origin/fix/B2-gsap-stop-compilation-repair
prettier --write (same-repository PR)	Run actions/checkout@v4	2026-08-11T23:58:24.0894586Z  * [new branch]      fix/C1-react-store-lifecycle -> origin/fix/C1-react-store-lifecycle
prettier --write (same-repository PR)	Run actions/checkout@v4	2026-08-11T23:58:24.0895232Z  * [new branch]      fix/C2-react-public-surface -> origin/fix/C2-react-public-surface
prettier --write (same-repository PR)	Run actions/checkout@v4	2026-08-11T23:58:24.0895668Z  * [new branch]      fix/C3-dom-contract    -> origin/fix/C3-dom-contract
prettier --write (same-repository PR)	Run actions/checkout@v4	2026-08-11T23:58:24.0896089Z  * [new branch]      fix/D1-boundary-discovery -> origin/fix/D1-boundary-discovery
prettier --write (same-repository PR)	Run actions/checkout@v4	2026-08-11T23:58:24.0896524Z  * [new branch]      fix/D2-boundary-self-test -> origin/fix/D2-boundary-self-test
prettier --write (same-repository PR)	Run actions/checkout@v4	2026-08-11T23:58:24.0896939Z  * [new branch]      fix/D3-evidence-gates  -> origin/fix/D3-evidence-gates
prettier --write (same-repository PR)	Run actions/checkout@v4	2026-08-11T23:58:24.0897419Z  * [new branch]      fix/r1-publisher-input-resolution -> origin/fix/r1-publisher-input-resolution
prettier --write (same-repository PR)	Run actions/checkout@v4	2026-08-11T23:58:24.0897909Z  * [new branch]      fix/r2-output-edge-merge -> origin/fix/r2-output-edge-merge
prettier --write (same-repository PR)	Run actions/checkout@v4	2026-08-11T23:58:24.0898375Z  * [new branch]      fix/r3-track-input-recompute -> origin/fix/r3-track-input-recompute
prettier --write (same-repository PR)	Run actions/checkout@v4	2026-08-11T23:58:24.0899066Z  * [new branch]      fix/r4-membership-gates-seeds -> origin/fix/r4-membership-gates-seeds
prettier --write (same-repository PR)	Run actions/checkout@v4	2026-08-11T23:58:24.0899699Z  * [new branch]      fix/r7-boundary-scan-coverage-and-self-test -> origin/fix/r7-boundary-scan-coverage-and-self-test
prettier --write (same-repository PR)	Run actions/checkout@v4	2026-08-11T23:58:24.0900217Z  * [new branch]      main                   -> origin/main
prettier --write (same-repository PR)	Run actions/checkout@v4	2026-08-11T23:58:24.0900636Z  * [new branch]      phase-0r1-gsap-contract-proof -> origin/phase-0r1-gsap-contract-proof
prettier --write (same-repository PR)	Run actions/checkout@v4	2026-08-11T23:58:24.0901125Z  * [new branch]      phase-0r2-1r1-gap-closure -> origin/phase-0r2-1r1-gap-closure
prettier --write (same-repository PR)	Run actions/checkout@v4	2026-08-11T23:58:24.0901574Z  * [new branch]      phase-0r2-stop-validation -> origin/phase-0r2-stop-validation
prettier --write (same-repository PR)	Run actions/checkout@v4	2026-08-11T23:58:24.0902046Z  * [new branch]      phase-1r1-plugin-compilation -> origin/phase-1r1-plugin-compilation
prettier --write (same-repository PR)	Run actions/checkout@v4	2026-08-11T23:58:24.0902588Z  * [new branch]      phase-1r2-track-compiler-lifetime -> origin/phase-1r2-track-compiler-lifetime
prettier --write (same-repository PR)	Run actions/checkout@v4	2026-08-11T23:58:24.0903140Z  * [new branch]      phase-1r3-progress-invalidation -> origin/phase-1r3-progress-invalidation
prettier --write (same-repository PR)	Run actions/checkout@v4	2026-08-11T23:58:24.0903829Z  * [new branch]      rescue/restore-motionpath-parity -> origin/rescue/restore-motionpath-parity
prettier --write (same-repository PR)	Run actions/checkout@v4	2026-08-11T23:58:24.0904431Z  * [new branch]      restore-motionpath-value-pipeline -> origin/restore-motionpath-value-pipeline
prettier --write (same-repository PR)	Run actions/checkout@v4	2026-08-11T23:58:24.0961400Z ##[endgroup]
prettier --write (same-repository PR)	Run actions/checkout@v4	2026-08-11T23:58:24.0962085Z ##[group]Determining the checkout info
prettier --write (same-repository PR)	Run actions/checkout@v4	2026-08-11T23:58:24.0967774Z [command]/usr/bin/git branch --list --remote origin/fix/D2-boundary-self-test
prettier --write (same-repository PR)	Run actions/checkout@v4	2026-08-11T23:58:24.0992622Z   origin/fix/D2-boundary-self-test
prettier --write (same-repository PR)	Run actions/checkout@v4	2026-08-11T23:58:24.1001754Z ##[endgroup]
prettier --write (same-repository PR)	Run actions/checkout@v4	2026-08-11T23:58:24.1002233Z [command]/usr/bin/git sparse-checkout disable
prettier --write (same-repository PR)	Run actions/checkout@v4	2026-08-11T23:58:24.3405981Z [command]/usr/bin/git config --local --unset-all extensions.worktreeConfig
prettier --write (same-repository PR)	Run actions/checkout@v4	2026-08-11T23:58:24.4599783Z ##[group]Checking out the ref
prettier --write (same-repository PR)	Run actions/checkout@v4	2026-08-11T23:58:24.4609050Z [command]/usr/bin/git checkout --progress --force -B fix/D2-boundary-self-test refs/remotes/origin/fix/D2-boundary-self-test
prettier --write (same-repository PR)	Run actions/checkout@v4	2026-08-11T23:58:24.5806574Z Switched to a new branch 'fix/D2-boundary-self-test'
prettier --write (same-repository PR)	Run actions/checkout@v4	2026-08-11T23:58:24.5808148Z branch 'fix/D2-boundary-self-test' set up to track 'origin/fix/D2-boundary-self-test'.
prettier --write (same-repository PR)	Run actions/checkout@v4	2026-08-11T23:58:24.5815321Z ##[endgroup]
prettier --write (same-repository PR)	Run actions/checkout@v4	2026-08-11T23:58:24.5862952Z [command]/usr/bin/git log -1 --format=%H
prettier --write (same-repository PR)	Run actions/checkout@v4	2026-08-11T23:58:24.5894610Z 42138c753fae13de22e3decf60336dca0ee91727
prettier --write (same-repository PR)	Run actions/setup-node@v4	﻿2026-08-11T23:58:24.6177114Z Node 20 is being deprecated. This workflow is running with Node 24 by default. If you need to temporarily use Node 20, you can set the ACTIONS_ALLOW_USE_UNSECURE_NODE_VERSION=true environment variable. For more information see: https://github.blog/changelog/2025-09-19-deprecation-of-node-20-on-github-actions-runners/
prettier --write (same-repository PR)	Run actions/setup-node@v4	2026-08-11T23:58:24.6178999Z ##[group]Run actions/setup-node@v4
prettier --write (same-repository PR)	Run actions/setup-node@v4	2026-08-11T23:58:24.6179262Z with:
prettier --write (same-repository PR)	Run actions/setup-node@v4	2026-08-11T23:58:24.6179466Z   node-version: 24
prettier --write (same-repository PR)	Run actions/setup-node@v4	2026-08-11T23:58:24.6179672Z   cache: npm
prettier --write (same-repository PR)	Run actions/setup-node@v4	2026-08-11T23:58:24.6179868Z   always-auth: false
prettier --write (same-repository PR)	Run actions/setup-node@v4	2026-08-11T23:58:24.6180080Z   check-latest: false
prettier --write (same-repository PR)	Run actions/setup-node@v4	2026-08-11T23:58:24.6182416Z   token: ***
prettier --write (same-repository PR)	Run actions/setup-node@v4	2026-08-11T23:58:24.6182619Z ##[endgroup]
prettier --write (same-repository PR)	Run actions/setup-node@v4	2026-08-11T23:58:24.7329212Z Found in cache @ /opt/hostedtoolcache/node/24.18.0/x64
prettier --write (same-repository PR)	Run actions/setup-node@v4	2026-08-11T23:58:24.7332687Z (node:2045) [DEP0040] DeprecationWarning: The `punycode` module is deprecated. Please use a userland alternative instead.
prettier --write (same-repository PR)	Run actions/setup-node@v4	2026-08-11T23:58:24.7333448Z (Use `node --trace-deprecation ...` to show where the warning was created)
prettier --write (same-repository PR)	Run actions/setup-node@v4	2026-08-11T23:58:24.7334827Z ##[group]Environment details
prettier --write (same-repository PR)	Run actions/setup-node@v4	2026-08-11T23:58:25.0171361Z node: v24.18.0
prettier --write (same-repository PR)	Run actions/setup-node@v4	2026-08-11T23:58:25.0172214Z npm: 11.16.0
prettier --write (same-repository PR)	Run actions/setup-node@v4	2026-08-11T23:58:25.0172491Z yarn: 1.22.22
prettier --write (same-repository PR)	Run actions/setup-node@v4	2026-08-11T23:58:25.0173654Z ##[endgroup]
prettier --write (same-repository PR)	Run actions/setup-node@v4	2026-08-11T23:58:25.0210337Z [command]/opt/hostedtoolcache/node/24.18.0/x64/bin/npm config get cache
prettier --write (same-repository PR)	Run actions/setup-node@v4	2026-08-11T23:58:25.1475662Z /home/runner/.npm
prettier --write (same-repository PR)	Run actions/setup-node@v4	2026-08-11T23:58:25.4296207Z Cache hit for: node-cache-Linux-x64-npm-8fd21980c56e1531048f0bccbf8860b09c4f44035a216fedc1d0a678b1093d45
prettier --write (same-repository PR)	Run actions/setup-node@v4	2026-08-11T23:58:25.4370839Z (node:2045) [DEP0169] DeprecationWarning: `url.parse()` behavior is not standardized and prone to errors that have security implications. Use the WHATWG URL API instead. CVEs are not issued for `url.parse()` vulnerabilities.
prettier --write (same-repository PR)	Run actions/setup-node@v4	2026-08-11T23:58:26.7256300Z Received 6087995 of 22865211 (26.6%), 5.8 MBs/sec
prettier --write (same-repository PR)	Run actions/setup-node@v4	2026-08-11T23:58:26.9812821Z Received 22865211 of 22865211 (100.0%), 17.4 MBs/sec
prettier --write (same-repository PR)	Run actions/setup-node@v4	2026-08-11T23:58:26.9813209Z Cache Size: ~22 MB (22865211 B)
prettier --write (same-repository PR)	Run actions/setup-node@v4	2026-08-11T23:58:26.9837406Z [command]/usr/bin/tar -xf /home/runner/work/_temp/c24498d5-ff95-4f67-a86b-3d63b524d45a/cache.tzst -P -C /home/runner/work/motion5/motion5 --use-compress-program unzstd
prettier --write (same-repository PR)	Run actions/setup-node@v4	2026-08-11T23:58:27.0206870Z Cache restored successfully
prettier --write (same-repository PR)	Run actions/setup-node@v4	2026-08-11T23:58:27.0220135Z Cache restored from key: node-cache-Linux-x64-npm-8fd21980c56e1531048f0bccbf8860b09c4f44035a216fedc1d0a678b1093d45
prettier --write (same-repository PR)	Install locked dependencies	﻿2026-08-11T23:58:27.0374207Z ##[group]Run npm ci --ignore-scripts --no-audit --no-fund
prettier --write (same-repository PR)	Install locked dependencies	2026-08-11T23:58:27.0374644Z ^[[36;1mnpm ci --ignore-scripts --no-audit --no-fund^[[0m
prettier --write (same-repository PR)	Install locked dependencies	2026-08-11T23:58:27.0431384Z shell: /usr/bin/bash -e {0}
prettier --write (same-repository PR)	Install locked dependencies	2026-08-11T23:58:27.0431630Z ##[endgroup]
prettier --write (same-repository PR)	Install locked dependencies	2026-08-11T23:58:29.4313860Z 
prettier --write (same-repository PR)	Install locked dependencies	2026-08-11T23:58:29.4320737Z added 58 packages in 2s
prettier --write (same-repository PR)	Apply formatter	﻿2026-08-11T23:58:29.4711025Z ##[group]Run npm run format
prettier --write (same-repository PR)	Apply formatter	2026-08-11T23:58:29.4711323Z ^[[36;1mnpm run format^[[0m
prettier --write (same-repository PR)	Apply formatter	2026-08-11T23:58:29.4752112Z shell: /usr/bin/bash -e {0}
prettier --write (same-repository PR)	Apply formatter	2026-08-11T23:58:29.4752344Z ##[endgroup]
prettier --write (same-repository PR)	Apply formatter	2026-08-11T23:58:29.5627261Z 
prettier --write (same-repository PR)	Apply formatter	2026-08-11T23:58:29.5628204Z > motion5@0.0.0 format
prettier --write (same-repository PR)	Apply formatter	2026-08-11T23:58:29.5628723Z > prettier . --write
prettier --write (same-repository PR)	Apply formatter	2026-08-11T23:58:29.5628877Z 
prettier --write (same-repository PR)	Apply formatter	2026-08-11T23:58:29.6975141Z ^[[90m.github/pull_request_template.md^[[39m 35ms (unchanged)
prettier --write (same-repository PR)	Apply formatter	2026-08-11T23:58:29.7230045Z ^[[90m.github/workflows/archive-ci-logs.yml^[[39m 22ms (unchanged)
prettier --write (same-repository PR)	Apply formatter	2026-08-11T23:58:29.7302592Z ^[[90m.github/workflows/bootstrap-lockfile.yml^[[39m 5ms (unchanged)
prettier --write (same-repository PR)	Apply formatter	2026-08-11T23:58:29.7405465Z ^[[90m.github/workflows/ci.yml^[[39m 9ms (unchanged)
prettier --write (same-repository PR)	Apply formatter	2026-08-11T23:58:29.7472622Z ^[[90m.github/workflows/format-manual.yml^[[39m 5ms (unchanged)
prettier --write (same-repository PR)	Apply formatter	2026-08-11T23:58:29.7566286Z ^[[90m.github/workflows/format.yml^[[39m 3ms (unchanged)
prettier --write (same-repository PR)	Apply formatter	2026-08-11T23:58:29.7730181Z ^[[90m.github/workflows/recovery-audit.yml^[[39m 15ms (unchanged)
prettier --write (same-repository PR)	Apply formatter	2026-08-11T23:58:29.8043746Z ^[[90m.prettierrc.json^[[39m 27ms (unchanged)
prettier --write (same-repository PR)	Apply formatter	2026-08-11T23:58:29.8852613Z ^[[90mdocs/ARCHITECTURE.md^[[39m 78ms (unchanged)
prettier --write (same-repository PR)	Apply formatter	2026-08-11T23:58:29.9109803Z ^[[90mdocs/AUTHORED-SCHEMA.md^[[39m 24ms (unchanged)
prettier --write (same-repository PR)	Apply formatter	2026-08-11T23:58:29.9227667Z ^[[90mdocs/CI-WORKFLOW.md^[[39m 10ms (unchanged)
prettier --write (same-repository PR)	Apply formatter	2026-08-11T23:58:29.9655255Z ^[[90mdocs/DECISIONS.md^[[39m 40ms (unchanged)
prettier --write (same-repository PR)	Apply formatter	2026-08-11T23:58:29.9740422Z ^[[90mdocs/FORMATTING.md^[[39m 5ms (unchanged)
prettier --write (same-repository PR)	Apply formatter	2026-08-11T23:58:30.0716935Z ^[[90mdocs/IMPLEMENTATION-PLAN.md^[[39m 94ms (unchanged)
prettier --write (same-repository PR)	Apply formatter	2026-08-11T23:58:30.0944631Z ^[[90mdocs/IMPLEMENTOR-BRIEF-MOTIONPATH-TO-MOTION5.md^[[39m 21ms (unchanged)
prettier --write (same-repository PR)	Apply formatter	2026-08-11T23:58:30.1061058Z ^[[90mdocs/MIGRATION-V4-TO-V5.md^[[39m 10ms (unchanged)
prettier --write (same-repository PR)	Apply formatter	2026-08-11T23:58:30.1294859Z ^[[90mdocs/PHASE-3-4-CONSOLIDATED-AUDIT.md^[[39m 22ms (unchanged)
prettier --write (same-repository PR)	Apply formatter	2026-08-11T23:58:30.1449536Z ^[[90mdocs/PHASE-3-4-RECOVERY-PLAN.md^[[39m 14ms (unchanged)
prettier --write (same-repository PR)	Apply formatter	2026-08-11T23:58:30.1656902Z ^[[90mdocs/PHASE-3-IMPLEMENTATION-REVIEW.md^[[39m 10ms (unchanged)
prettier --write (same-repository PR)	Apply formatter	2026-08-11T23:58:30.2693685Z ^[[90mdocs/PHASE-4-IMPLEMENTATION-REVIEW.md^[[39m 102ms (unchanged)
prettier --write (same-repository PR)	Apply formatter	2026-08-11T23:58:30.2759615Z ^[[90mdocs/PR-WORKFLOW.md^[[39m 4ms (unchanged)
prettier --write (same-repository PR)	Apply formatter	2026-08-11T23:58:30.2966350Z ^[[90mdocs/PRD.md^[[39m 19ms (unchanged)
prettier --write (same-repository PR)	Apply formatter	2026-08-11T23:58:30.3047187Z ^[[90mdocs/README.md^[[39m 7ms (unchanged)
prettier --write (same-repository PR)	Apply formatter	2026-08-11T23:58:30.3096937Z ^[[90mdocs/SESSION-STATUS.md^[[39m 4ms (unchanged)
prettier --write (same-repository PR)	Apply formatter	2026-08-11T23:58:30.3157217Z ^[[90mdocs/TESTING-STRATEGY.md^[[39m 4ms (unchanged)
prettier --write (same-repository PR)	Apply formatter	2026-08-11T23:58:30.3627334Z ^[[90mdocs/TRD.md^[[39m 45ms (unchanged)
prettier --write (same-repository PR)	Apply formatter	2026-08-11T23:58:30.3652907Z ^[[90mpackage.json^[[39m 1ms (unchanged)
prettier --write (same-repository PR)	Apply formatter	2026-08-11T23:58:30.3685406Z ^[[90mpackages/core/package.json^[[39m 0ms (unchanged)
prettier --write (same-repository PR)	Apply formatter	2026-08-11T23:58:30.3807038Z ^[[90mpackages/core/src/adapters/browser-clock.ts^[[39m 9ms (unchanged)
prettier --write (same-repository PR)	Apply formatter	2026-08-11T23:58:30.3951093Z ^[[90mpackages/core/src/adapters/dom.ts^[[39m 13ms (unchanged)
prettier --write (same-repository PR)	Apply formatter	2026-08-11T23:58:30.4134723Z ^[[90mpackages/core/src/adapters/interpolator/gsap.ts^[[39m 16ms (unchanged)
prettier --write (same-repository PR)	Apply formatter	2026-08-11T23:58:30.4228757Z ^[[90mpackages/core/src/contract/golden.ts^[[39m 7ms (unchanged)
prettier --write (same-repository PR)	Apply formatter	2026-08-11T23:58:30.4301880Z ^[[90mpackages/core/src/contract/migrate-v4-to-v5.ts^[[39m 6ms (unchanged)
prettier --write (same-repository PR)	Apply formatter	2026-08-11T23:58:30.4361084Z ^[[90mpackages/core/src/contract/v5.ts^[[39m 4ms (unchanged)
prettier --write (same-repository PR)	Apply formatter	2026-08-11T23:58:30.4864733Z ^[[90mpackages/core/src/contract/validate-v5.ts^[[39m 47ms (unchanged)
prettier --write (same-repository PR)	Apply formatter	2026-08-11T23:58:30.5030237Z ^[[90mpackages/core/src/domain/lifecycle.ts^[[39m 10ms (unchanged)
prettier --write (same-repository PR)	Apply formatter	2026-08-11T23:58:30.5142643Z ^[[90mpackages/core/src/domain/motion.ts^[[39m 10ms (unchanged)
prettier --write (same-repository PR)	Apply formatter	2026-08-11T23:58:30.5329235Z ^[[90mpackages/core/src/domain/plugins.ts^[[39m 16ms (unchanged)
prettier --write (same-repository PR)	Apply formatter	2026-08-11T23:58:30.5406006Z ^[[90mpackages/core/src/domain/track.ts^[[39m 6ms (unchanged)
prettier --write (same-repository PR)	Apply formatter	2026-08-11T23:58:30.5524914Z ^[[90mpackages/core/src/domain/triggers.ts^[[39m 6ms (unchanged)
prettier --write (same-repository PR)	Apply formatter	2026-08-11T23:58:30.5625749Z ^[[90mpackages/core/src/domain/values.ts^[[39m 7ms (unchanged)
prettier --write (same-repository PR)	Apply formatter	2026-08-11T23:58:30.5725189Z ^[[90mpackages/core/src/engine.ts^[[39m 8ms (unchanged)
prettier --write (same-repository PR)	Apply formatter	2026-08-11T23:58:30.5843392Z ^[[90mpackages/core/src/graph/binding.ts^[[39m 9ms (unchanged)
prettier --write (same-repository PR)	Apply formatter	2026-08-11T23:58:30.5910741Z ^[[90mpackages/core/src/graph/compare.ts^[[39m 2ms (unchanged)
prettier --write (same-repository PR)	Apply formatter	2026-08-11T23:58:30.5973281Z ^[[90mpackages/core/src/graph/ids.ts^[[39m 5ms (unchanged)
prettier --write (same-repository PR)	Apply formatter	2026-08-11T23:58:30.6118845Z ^[[90mpackages/core/src/graph/ir.ts^[[39m 13ms (unchanged)
prettier --write (same-repository PR)	Apply formatter	2026-08-11T23:58:30.6286505Z ^[[90mpackages/core/src/graph/observation-state.ts^[[39m 15ms (unchanged)
prettier --write (same-repository PR)	Apply formatter	2026-08-11T23:58:30.6588308Z ^[[90mpackages/core/src/graph/order.ts^[[39m 16ms (unchanged)
prettier --write (same-repository PR)	Apply formatter	2026-08-11T23:58:30.6662431Z ^[[90mpackages/core/src/index.ts^[[39m 2ms (unchanged)
prettier --write (same-repository PR)	Apply formatter	2026-08-11T23:58:30.6680268Z ^[[90mpackages/core/src/internal.ts^[[39m 1ms (unchanged)
prettier --write (same-repository PR)	Apply formatter	2026-08-11T23:58:30.6730788Z ^[[90mpackages/core/src/ports/clock.ts^[[39m 3ms (unchanged)
prettier --write (same-repository PR)	Apply formatter	2026-08-11T23:58:30.6822536Z ^[[90mpackages/core/src/ports/fakes.ts^[[39m 8ms (unchanged)
prettier --write (same-repository PR)	Apply formatter	2026-08-11T23:58:30.6848042Z ^[[90mpackages/core/src/ports/interpolator.ts^[[39m 2ms (unchanged)
prettier --write (same-repository PR)	Apply formatter	2026-08-11T23:58:30.6869917Z ^[[90mpackages/core/src/ports/scheduler.ts^[[39m 1ms (unchanged)
prettier --write (same-repository PR)	Apply formatter	2026-08-11T23:58:30.6993757Z ^[[90mpackages/core/src/runtime/graph-publisher.ts^[[39m 11ms (unchanged)
prettier --write (same-repository PR)	Apply formatter	2026-08-11T23:58:30.7083943Z ^[[90mpackages/core/src/runtime/graph-runtime.ts^[[39m 8ms (unchanged)
prettier --write (same-repository PR)	Apply formatter	2026-08-11T23:58:30.7181841Z ^[[90mpackages/core/src/runtime/patch-registry.ts^[[39m 9ms (unchanged)
prettier --write (same-repository PR)	Apply formatter	2026-08-11T23:58:30.7233795Z ^[[90mpackages/core/src/runtime/project-runtime.ts^[[39m 4ms (unchanged)
prettier --write (same-repository PR)	Apply formatter	2026-08-11T23:58:30.7316999Z ^[[90mpackages/core/test/contract/adapters.test.ts^[[39m 6ms (unchanged)
prettier --write (same-repository PR)	Apply formatter	2026-08-11T23:58:30.7356136Z ^[[90mpackages/core/test/contract/gsap-multi-stop.test.ts^[[39m 3ms (unchanged)
prettier --write (same-repository PR)	Apply formatter	2026-08-11T23:58:30.7451236Z ^[[90mpackages/core/test/contract/ports.test.ts^[[39m 7ms (unchanged)
prettier --write (same-repository PR)	Apply formatter	2026-08-11T23:58:30.7630172Z ^[[90mpackages/core/test/contract/v5-validator.test.ts^[[39m 14ms (unchanged)
prettier --write (same-repository PR)	Apply formatter	2026-08-11T23:58:30.7698379Z ^[[90mpackages/core/test/fixtures/v5-contract.ts^[[39m 2ms (unchanged)
prettier --write (same-repository PR)	Apply formatter	2026-08-11T23:58:30.7751665Z ^[[90mpackages/core/test/integration/contract-baseline.test.ts^[[39m 3ms (unchanged)
prettier --write (same-repository PR)	Apply formatter	2026-08-11T23:58:30.7844397Z ^[[90mpackages/core/test/integration/dom-patch-apply.test.ts^[[39m 8ms (unchanged)
prettier --write (same-repository PR)	Apply formatter	2026-08-11T23:58:30.7910520Z ^[[90mpackages/core/test/integration/engine-headless.test.ts^[[39m 6ms (unchanged)
prettier --write (same-repository PR)	Apply formatter	2026-08-11T23:58:30.7991642Z ^[[90mpackages/core/test/integration/flush-output-merge.test.ts^[[39m 7ms (unchanged)
prettier --write (same-repository PR)	Apply formatter	2026-08-11T23:58:30.8014343Z ^[[90mpackages/core/test/integration/golden-roundtrip.test.ts^[[39m 1ms (unchanged)
prettier --write (same-repository PR)	Apply formatter	2026-08-11T23:58:30.8161280Z ^[[90mpackages/core/test/integration/graph-publisher.test.ts^[[39m 7ms (unchanged)
prettier --write (same-repository PR)	Apply formatter	2026-08-11T23:58:30.8237107Z ^[[90mpackages/core/test/integration/graph-rollback.test.ts^[[39m 6ms (unchanged)
prettier --write (same-repository PR)	Apply formatter	2026-08-11T23:58:30.8293352Z ^[[90mpackages/core/test/integration/graph-runtime.test.ts^[[39m 5ms (unchanged)
prettier --write (same-repository PR)	Apply formatter	2026-08-11T23:58:30.8328447Z ^[[90mpackages/core/test/integration/membership-gating.test.ts^[[39m 3ms (unchanged)
prettier --write (same-repository PR)	Apply formatter	2026-08-11T23:58:30.8412175Z ^[[90mpackages/core/test/integration/partial-seed-inputs.test.ts^[[39m 6ms (unchanged)
prettier --write (same-repository PR)	Apply formatter	2026-08-11T23:58:30.8473459Z ^[[90mpackages/core/test/integration/project-runtime.test.ts^[[39m 4ms (unchanged)
prettier --write (same-repository PR)	Apply formatter	2026-08-11T23:58:30.8541808Z ^[[90mpackages/core/test/integration/publisher-output-merge-consistency.test.ts^[[39m 6ms (unchanged)
prettier --write (same-repository PR)	Apply formatter	2026-08-11T23:58:30.8611687Z ^[[90mpackages/core/test/migration/v4-to-v5.test.ts^[[39m 5ms (unchanged)
prettier --write (same-repository PR)	Apply formatter	2026-08-11T23:58:30.8673945Z ^[[90mpackages/core/test/unit/domain/lifecycle.test.ts^[[39m 4ms (unchanged)
prettier --write (same-repository PR)	Apply formatter	2026-08-11T23:58:30.8757602Z ^[[90mpackages/core/test/unit/domain/motion.test.ts^[[39m 6ms (unchanged)
prettier --write (same-repository PR)	Apply formatter	2026-08-11T23:58:30.8865844Z ^[[90mpackages/core/test/unit/domain/plugins.test.ts^[[39m 10ms (unchanged)
prettier --write (same-repository PR)	Apply formatter	2026-08-11T23:58:30.8906186Z ^[[90mpackages/core/test/unit/domain/track-contribution.test.ts^[[39m 3ms (unchanged)
prettier --write (same-repository PR)	Apply formatter	2026-08-11T23:58:30.9002248Z ^[[90mpackages/core/test/unit/domain/track.test.ts^[[39m 8ms (unchanged)
prettier --write (same-repository PR)	Apply formatter	2026-08-11T23:58:30.9051627Z ^[[90mpackages/core/test/unit/domain/triggers.test.ts^[[39m 4ms (unchanged)
prettier --write (same-repository PR)	Apply formatter	2026-08-11T23:58:30.9122962Z ^[[90mpackages/core/test/unit/domain/values.test.ts^[[39m 6ms (unchanged)
prettier --write (same-repository PR)	Apply formatter	2026-08-11T23:58:30.9199027Z ^[[90mpackages/core/test/unit/graph/ids.test.ts^[[39m 3ms (unchanged)
prettier --write (same-repository PR)	Apply formatter	2026-08-11T23:58:30.9294260Z ^[[90mpackages/core/test/unit/graph/ir-validation.test.ts^[[39m 8ms (unchanged)
prettier --write (same-repository PR)	Apply formatter	2026-08-11T23:58:30.9500727Z ^[[90mpackages/core/test/unit/graph/observation-state.test.ts^[[39m 11ms (unchanged)
prettier --write (same-repository PR)	Apply formatter	2026-08-11T23:58:30.9573507Z ^[[90mpackages/core/test/unit/graph/order.test.ts^[[39m 6ms (unchanged)
prettier --write (same-repository PR)	Apply formatter	2026-08-11T23:58:30.9597330Z ^[[90mpackages/core/test/unit/placeholder.test.ts^[[39m 1ms (unchanged)
prettier --write (same-repository PR)	Apply formatter	2026-08-11T23:58:30.9669172Z ^[[90mpackages/core/test/unit/runtime/patch-registry-subscriber-errors.test.ts^[[39m 5ms (unchanged)
prettier --write (same-repository PR)	Apply formatter	2026-08-11T23:58:30.9718213Z ^[[90mpackages/core/test/unit/runtime/patch-registry.test.ts^[[39m 4ms (unchanged)
prettier --write (same-repository PR)	Apply formatter	2026-08-11T23:58:30.9827183Z ^[[90mpackages/core/test/unit/runtime/publisher-reentrancy.test.ts^[[39m 10ms (unchanged)
prettier --write (same-repository PR)	Apply formatter	2026-08-11T23:58:30.9907820Z ^[[90mpackages/core/test/unit/scripts/boundary-scan.test.ts^[[39m 6ms (unchanged)
prettier --write (same-repository PR)	Apply formatter	2026-08-11T23:58:30.9936798Z ^[[90mpackages/react/package.json^[[39m 1ms (unchanged)
prettier --write (same-repository PR)	Apply formatter	2026-08-11T23:58:30.9966770Z ^[[90mpackages/react/src/index.ts^[[39m 1ms (unchanged)
prettier --write (same-repository PR)	Apply formatter	2026-08-11T23:58:31.0004317Z ^[[90mpackages/react/src/patch-store.ts^[[39m 3ms (unchanged)
prettier --write (same-repository PR)	Apply formatter	2026-08-11T23:58:31.0062475Z ^[[90mpackages/react/test/patch-store-lifecycle.test.ts^[[39m 3ms (unchanged)
prettier --write (same-repository PR)	Apply formatter	2026-08-11T23:58:31.0095452Z ^[[90mpackages/react/test/patch-store.test.ts^[[39m 2ms (unchanged)
prettier --write (same-repository PR)	Apply formatter	2026-08-11T23:58:31.0129653Z ^[[90mpackages/react/test/public-hook-render.test.ts^[[39m 2ms (unchanged)
prettier --write (same-repository PR)	Apply formatter	2026-08-11T23:58:31.0160839Z ^[[90mpackages/react/test/public-hook.test.ts^[[39m 1ms (unchanged)
prettier --write (same-repository PR)	Apply formatter	2026-08-11T23:58:31.0205706Z ^[[90mpackages/react/test/public-package-surface.test.ts^[[39m 4ms (unchanged)
prettier --write (same-repository PR)	Apply formatter	2026-08-11T23:58:31.0230865Z ^[[90mperformance/budgets.json^[[39m 1ms (unchanged)
prettier --write (same-repository PR)	Apply formatter	2026-08-11T23:58:31.0315386Z ^[[90mperformance/graph-benchmark.mjs^[[39m 8ms (unchanged)
prettier --write (same-repository PR)	Apply formatter	2026-08-11T23:58:31.0368144Z ^[[90mprogress/A3.md^[[39m 4ms (unchanged)
prettier --write (same-repository PR)	Apply formatter	2026-08-11T23:58:31.0411264Z ^[[90mprogress/B1.md^[[39m 3ms (unchanged)
prettier --write (same-repository PR)	Apply formatter	2026-08-11T23:58:31.0550042Z ^[[90mprogress/B2.md^[[39m 6ms (unchanged)
prettier --write (same-repository PR)	Apply formatter	2026-08-11T23:58:31.0590797Z ^[[90mprogress/C1.md^[[39m 3ms (unchanged)
prettier --write (same-repository PR)	Apply formatter	2026-08-11T23:58:31.0668909Z ^[[90mprogress/C2.md^[[39m 7ms (unchanged)
prettier --write (same-repository PR)	Apply formatter	2026-08-11T23:58:31.0708744Z ^[[90mprogress/C3.md^[[39m 3ms (unchanged)
prettier --write (same-repository PR)	Apply formatter	2026-08-11T23:58:31.0737218Z ^[[90mprogress/D1.md^[[39m 2ms (unchanged)
prettier --write (same-repository PR)	Apply formatter	2026-08-11T23:58:31.0815950Z progress/D2.md 7ms
prettier --write (same-repository PR)	Apply formatter	2026-08-11T23:58:31.0882720Z ^[[90mprogress/README.md^[[39m 4ms (unchanged)
prettier --write (same-repository PR)	Apply formatter	2026-08-11T23:58:31.1069795Z ^[[90mprogress/STATUS.md^[[39m 18ms (unchanged)
prettier --write (same-repository PR)	Apply formatter	2026-08-11T23:58:31.1114872Z ^[[90mprogress/W0-baseline.md^[[39m 3ms (unchanged)
prettier --write (same-repository PR)	Apply formatter	2026-08-11T23:58:31.1217555Z ^[[90mREADME.md^[[39m 9ms (unchanged)
prettier --write (same-repository PR)	Apply formatter	2026-08-11T23:58:31.1331149Z ^[[90mRECOVERY.md^[[39m 5ms (unchanged)
prettier --write (same-repository PR)	Apply formatter	2026-08-11T23:58:31.1369416Z ^[[90mscripts/boundary-scan-fixtures.ts^[[39m 1ms (unchanged)
prettier --write (same-repository PR)	Apply formatter	2026-08-11T23:58:31.1394835Z ^[[90mscripts/boundary-scan.d.mts^[[39m 2ms (unchanged)
prettier --write (same-repository PR)	Apply formatter	2026-08-11T23:58:31.1512133Z ^[[90mscripts/boundary-scan.mjs^[[39m 11ms (unchanged)
prettier --write (same-repository PR)	Apply formatter	2026-08-11T23:58:31.1546800Z ^[[90mtsconfig.json^[[39m 2ms (unchanged)
prettier --write (same-repository PR)	Apply formatter	2026-08-11T23:58:31.1733267Z ^[[90mWAVE-PLAN.md^[[39m 18ms (unchanged)
prettier --write (same-repository PR)	Commit formatting changes	﻿2026-08-11T23:58:31.2055306Z ##[group]Run if git diff --quiet; then
prettier --write (same-repository PR)	Commit formatting changes	2026-08-11T23:58:31.2055628Z ^[[36;1mif git diff --quiet; then^[[0m
prettier --write (same-repository PR)	Commit formatting changes	2026-08-11T23:58:31.2055856Z ^[[36;1m  echo "No formatting drift."^[[0m
prettier --write (same-repository PR)	Commit formatting changes	2026-08-11T23:58:31.2056078Z ^[[36;1m  exit 0^[[0m
prettier --write (same-repository PR)	Commit formatting changes	2026-08-11T23:58:31.2056248Z ^[[36;1mfi^[[0m
prettier --write (same-repository PR)	Commit formatting changes	2026-08-11T23:58:31.2056446Z ^[[36;1mgit config user.name "github-actions[bot]"^[[0m
prettier --write (same-repository PR)	Commit formatting changes	2026-08-11T23:58:31.2056803Z ^[[36;1mgit config user.email "41898282+github-actions[bot]@users.noreply.github.com"^[[0m
prettier --write (same-repository PR)	Commit formatting changes	2026-08-11T23:58:31.2057139Z ^[[36;1mgit add -A^[[0m
prettier --write (same-repository PR)	Commit formatting changes	2026-08-11T23:58:31.2057351Z ^[[36;1mgit commit -m "chore: apply prettier"^[[0m
prettier --write (same-repository PR)	Commit formatting changes	2026-08-11T23:58:31.2057617Z ^[[36;1mgit push origin "HEAD:${TARGET_BRANCH}"^[[0m
prettier --write (same-repository PR)	Commit formatting changes	2026-08-11T23:58:31.2096387Z shell: /usr/bin/bash -e {0}
prettier --write (same-repository PR)	Commit formatting changes	2026-08-11T23:58:31.2096607Z env:
prettier --write (same-repository PR)	Commit formatting changes	2026-08-11T23:58:31.2096787Z   TARGET_BRANCH: fix/D2-boundary-self-test
prettier --write (same-repository PR)	Commit formatting changes	2026-08-11T23:58:31.2097016Z ##[endgroup]
prettier --write (same-repository PR)	Commit formatting changes	2026-08-11T23:58:31.2319482Z [fix/D2-boundary-self-test 5c83602] chore: apply prettier
prettier --write (same-repository PR)	Commit formatting changes	2026-08-11T23:58:31.2320172Z  1 file changed, 6 insertions(+), 6 deletions(-)
prettier --write (same-repository PR)	Commit formatting changes	2026-08-11T23:58:31.5393247Z To https://github.com/chahyasantoso/motion5
prettier --write (same-repository PR)	Commit formatting changes	2026-08-11T23:58:31.5393904Z  ! [rejected]        HEAD -> fix/D2-boundary-self-test (fetch first)
prettier --write (same-repository PR)	Commit formatting changes	2026-08-11T23:58:31.5402601Z error: failed to push some refs to 'https://github.com/chahyasantoso/motion5'
prettier --write (same-repository PR)	Commit formatting changes	2026-08-11T23:58:31.5403162Z hint: Updates were rejected because the remote contains work that you do not
prettier --write (same-repository PR)	Commit formatting changes	2026-08-11T23:58:31.5403658Z hint: have locally. This is usually caused by another repository pushing to
prettier --write (same-repository PR)	Commit formatting changes	2026-08-11T23:58:31.5404170Z hint: the same ref. If you want to integrate the remote changes, use
prettier --write (same-repository PR)	Commit formatting changes	2026-08-11T23:58:31.5404646Z hint: 'git pull' before pushing again.
prettier --write (same-repository PR)	Commit formatting changes	2026-08-11T23:58:31.5405224Z hint: See the 'Note about fast-forwards' in 'git push --help' for details.
prettier --write (same-repository PR)	Commit formatting changes	2026-08-11T23:58:31.5416927Z ##[error]Process completed with exit code 1.
prettier --write (same-repository PR)	Post Run actions/checkout@v4	﻿2026-08-11T23:58:31.5547510Z Node 20 is being deprecated. This workflow is running with Node 24 by default. If you need to temporarily use Node 20, you can set the ACTIONS_ALLOW_USE_UNSECURE_NODE_VERSION=true environment variable. For more information see: https://github.blog/changelog/2025-09-19-deprecation-of-node-20-on-github-actions-runners/
prettier --write (same-repository PR)	Post Run actions/checkout@v4	2026-08-11T23:58:31.5548438Z Post job cleanup.
prettier --write (same-repository PR)	Post Run actions/checkout@v4	2026-08-11T23:58:31.6255377Z [command]/usr/bin/git version
prettier --write (same-repository PR)	Post Run actions/checkout@v4	2026-08-11T23:58:31.6288813Z git version 2.54.0
prettier --write (same-repository PR)	Post Run actions/checkout@v4	2026-08-11T23:58:31.6317690Z Temporarily overriding HOME='/home/runner/work/_temp/1a32cbcb-1405-43e9-bbb2-72d6f5ea72c9' before making global git config changes
prettier --write (same-repository PR)	Post Run actions/checkout@v4	2026-08-11T23:58:31.6318940Z Adding repository directory to the temporary git global config as a safe directory
prettier --write (same-repository PR)	Post Run actions/checkout@v4	2026-08-11T23:58:31.6321867Z [command]/usr/bin/git config --global --add safe.directory /home/runner/work/motion5/motion5
prettier --write (same-repository PR)	Post Run actions/checkout@v4	2026-08-11T23:58:31.6355980Z [command]/usr/bin/git config --local --name-only --get-regexp core\.sshCommand
prettier --write (same-repository PR)	Post Run actions/checkout@v4	2026-08-11T23:58:31.6386805Z [command]/usr/bin/git submodule foreach --recursive sh -c "git config --local --name-only --get-regexp 'core\.sshCommand' && git config --local --unset-all 'core.sshCommand' || :"
prettier --write (same-repository PR)	Post Run actions/checkout@v4	2026-08-11T23:58:31.6596369Z [command]/usr/bin/git config --local --name-only --get-regexp http\.https\:\/\/github\.com\/\.extraheader
prettier --write (same-repository PR)	Post Run actions/checkout@v4	2026-08-11T23:58:31.6617256Z http.https://github.com/.extraheader
prettier --write (same-repository PR)	Post Run actions/checkout@v4	2026-08-11T23:58:31.6625834Z [command]/usr/bin/git config --local --unset-all http.https://github.com/.extraheader
prettier --write (same-repository PR)	Post Run actions/checkout@v4	2026-08-11T23:58:31.6655578Z [command]/usr/bin/git submodule foreach --recursive sh -c "git config --local --name-only --get-regexp 'http\.https\:\/\/github\.com\/\.extraheader' && git config --local --unset-all 'http.https://github.com/.extraheader' || :"
prettier --write (same-repository PR)	Post Run actions/checkout@v4	2026-08-11T23:58:31.6907306Z [command]/usr/bin/git config --local --name-only --get-regexp ^includeIf\.gitdir:
prettier --write (same-repository PR)	Post Run actions/checkout@v4	2026-08-11T23:58:31.6940604Z [command]/usr/bin/git submodule foreach --recursive git config --local --show-origin --name-only --get-regexp remote.origin.url
prettier --write (same-repository PR)	Complete job	﻿2026-08-11T23:58:31.7260841Z Cleaning up orphan processes
prettier --write (same-repository PR)	Complete job	2026-08-11T23:58:31.7513638Z ##[warning]Node.js 20 is deprecated. The following actions target Node.js 20 but are being forced to run on Node.js 24: actions/checkout@v4, actions/setup-node@v4. For more information see: https://github.blog/changelog/2025-09-19-deprecation-of-node-20-on-github-actions-runners/
