prettier --write (same-repository PR)	Set up job	﻿2026-08-12T11:30:44.0059189Z Current runner version: '2.336.0'
prettier --write (same-repository PR)	Set up job	2026-08-12T11:30:44.0084773Z ##[group]Runner Image Provisioner
prettier --write (same-repository PR)	Set up job	2026-08-12T11:30:44.0085630Z Hosted Compute Agent
prettier --write (same-repository PR)	Set up job	2026-08-12T11:30:44.0086293Z Version: 20260707.563
prettier --write (same-repository PR)	Set up job	2026-08-12T11:30:44.0086929Z Commit: 02667638d2b423fbc733a8e32a88b44996a3ba6e
prettier --write (same-repository PR)	Set up job	2026-08-12T11:30:44.0087701Z Build Date: 2026-07-07T19:33:50Z
prettier --write (same-repository PR)	Set up job	2026-08-12T11:30:44.0088445Z Worker ID: {06d3de2b-e915-4dc2-927f-994dd6a43e99}
prettier --write (same-repository PR)	Set up job	2026-08-12T11:30:44.0089563Z Azure Region: westcentralus
prettier --write (same-repository PR)	Set up job	2026-08-12T11:30:44.0090223Z ##[endgroup]
prettier --write (same-repository PR)	Set up job	2026-08-12T11:30:44.0091712Z ##[group]Operating System
prettier --write (same-repository PR)	Set up job	2026-08-12T11:30:44.0092385Z Ubuntu
prettier --write (same-repository PR)	Set up job	2026-08-12T11:30:44.0092973Z 24.04.4
prettier --write (same-repository PR)	Set up job	2026-08-12T11:30:44.0093468Z LTS
prettier --write (same-repository PR)	Set up job	2026-08-12T11:30:44.0093955Z ##[endgroup]
prettier --write (same-repository PR)	Set up job	2026-08-12T11:30:44.0094570Z ##[group]Runner Image
prettier --write (same-repository PR)	Set up job	2026-08-12T11:30:44.0095204Z Image: ubuntu-24.04
prettier --write (same-repository PR)	Set up job	2026-08-12T11:30:44.0095796Z Version: 20260720.247.2
prettier --write (same-repository PR)	Set up job	2026-08-12T11:30:44.0096857Z Included Software: https://github.com/actions/runner-images/blob/ubuntu24/20260720.247/images/ubuntu/Ubuntu2404-Readme.md
prettier --write (same-repository PR)	Set up job	2026-08-12T11:30:44.0098597Z Image Release: https://github.com/actions/runner-images/releases/tag/ubuntu24%2F20260720.247
prettier --write (same-repository PR)	Set up job	2026-08-12T11:30:44.0099898Z ##[endgroup]
prettier --write (same-repository PR)	Set up job	2026-08-12T11:30:44.0101188Z ##[group]GITHUB_TOKEN Permissions
prettier --write (same-repository PR)	Set up job	2026-08-12T11:30:44.0103257Z Contents: write
prettier --write (same-repository PR)	Set up job	2026-08-12T11:30:44.0103943Z Metadata: read
prettier --write (same-repository PR)	Set up job	2026-08-12T11:30:44.0104519Z PullRequests: read
prettier --write (same-repository PR)	Set up job	2026-08-12T11:30:44.0105131Z ##[endgroup]
prettier --write (same-repository PR)	Set up job	2026-08-12T11:30:44.0107174Z Secret source: Actions
prettier --write (same-repository PR)	Set up job	2026-08-12T11:30:44.0108448Z Prepare workflow directory
prettier --write (same-repository PR)	Set up job	2026-08-12T11:30:44.0492990Z Prepare all required actions
prettier --write (same-repository PR)	Set up job	2026-08-12T11:30:44.0540467Z Getting action download info
prettier --write (same-repository PR)	Set up job	2026-08-12T11:30:44.3431960Z Download action repository 'actions/checkout@v4' (SHA:11d5960a326750d5838078e36cf38b85af677262)
prettier --write (same-repository PR)	Set up job	2026-08-12T11:30:44.9821712Z Download action repository 'actions/setup-node@v4' (SHA:49933ea5288caeca8642d1e84afbd3f7d6820020)
prettier --write (same-repository PR)	Set up job	2026-08-12T11:30:45.1700784Z Complete job name: prettier --write (same-repository PR)
prettier --write (same-repository PR)	Run actions/checkout@v4	﻿2026-08-12T11:30:45.2498980Z Node 20 is being deprecated. This workflow is running with Node 24 by default. If you need to temporarily use Node 20, you can set the ACTIONS_ALLOW_USE_UNSECURE_NODE_VERSION=true environment variable. For more information see: https://github.blog/changelog/2025-09-19-deprecation-of-node-20-on-github-actions-runners/
prettier --write (same-repository PR)	Run actions/checkout@v4	2026-08-12T11:30:45.2507871Z ##[group]Run actions/checkout@v4
prettier --write (same-repository PR)	Run actions/checkout@v4	2026-08-12T11:30:45.2508902Z with:
prettier --write (same-repository PR)	Run actions/checkout@v4	2026-08-12T11:30:45.2509438Z   ref: fix/E2-end-to-end-proof-rescue
prettier --write (same-repository PR)	Run actions/checkout@v4	2026-08-12T11:30:45.2510078Z   repository: chahyasantoso/motion5
prettier --write (same-repository PR)	Run actions/checkout@v4	2026-08-12T11:30:45.2510659Z   fetch-depth: 0
prettier --write (same-repository PR)	Run actions/checkout@v4	2026-08-12T11:30:45.2514992Z   token: ***
prettier --write (same-repository PR)	Run actions/checkout@v4	2026-08-12T11:30:45.2515455Z   ssh-strict: true
prettier --write (same-repository PR)	Run actions/checkout@v4	2026-08-12T11:30:45.2515922Z   ssh-user: git
prettier --write (same-repository PR)	Run actions/checkout@v4	2026-08-12T11:30:45.2516409Z   persist-credentials: true
prettier --write (same-repository PR)	Run actions/checkout@v4	2026-08-12T11:30:45.2516943Z   clean: true
prettier --write (same-repository PR)	Run actions/checkout@v4	2026-08-12T11:30:45.2517415Z   sparse-checkout-cone-mode: true
prettier --write (same-repository PR)	Run actions/checkout@v4	2026-08-12T11:30:45.2517997Z   fetch-tags: false
prettier --write (same-repository PR)	Run actions/checkout@v4	2026-08-12T11:30:45.2518488Z   show-progress: true
prettier --write (same-repository PR)	Run actions/checkout@v4	2026-08-12T11:30:45.2519192Z   lfs: false
prettier --write (same-repository PR)	Run actions/checkout@v4	2026-08-12T11:30:45.2519704Z   submodules: false
prettier --write (same-repository PR)	Run actions/checkout@v4	2026-08-12T11:30:45.2520205Z   set-safe-directory: true
prettier --write (same-repository PR)	Run actions/checkout@v4	2026-08-12T11:30:45.2520754Z   allow-unsafe-pr-checkout: false
prettier --write (same-repository PR)	Run actions/checkout@v4	2026-08-12T11:30:45.2521608Z ##[endgroup]
prettier --write (same-repository PR)	Run actions/checkout@v4	2026-08-12T11:30:45.3506277Z Syncing repository: chahyasantoso/motion5
prettier --write (same-repository PR)	Run actions/checkout@v4	2026-08-12T11:30:45.3508911Z ##[group]Getting Git version info
prettier --write (same-repository PR)	Run actions/checkout@v4	2026-08-12T11:30:45.3510427Z Working directory is '/home/runner/work/motion5/motion5'
prettier --write (same-repository PR)	Run actions/checkout@v4	2026-08-12T11:30:45.3511657Z [command]/usr/bin/git version
prettier --write (same-repository PR)	Run actions/checkout@v4	2026-08-12T11:30:45.3620984Z git version 2.54.0
prettier --write (same-repository PR)	Run actions/checkout@v4	2026-08-12T11:30:45.3649737Z ##[endgroup]
prettier --write (same-repository PR)	Run actions/checkout@v4	2026-08-12T11:30:45.3664778Z Temporarily overriding HOME='/home/runner/work/_temp/46f963e7-24e1-4da3-8198-e31f45e79bab' before making global git config changes
prettier --write (same-repository PR)	Run actions/checkout@v4	2026-08-12T11:30:45.3666576Z Adding repository directory to the temporary git global config as a safe directory
prettier --write (same-repository PR)	Run actions/checkout@v4	2026-08-12T11:30:45.3670294Z [command]/usr/bin/git config --global --add safe.directory /home/runner/work/motion5/motion5
prettier --write (same-repository PR)	Run actions/checkout@v4	2026-08-12T11:30:45.3727740Z Deleting the contents of '/home/runner/work/motion5/motion5'
prettier --write (same-repository PR)	Run actions/checkout@v4	2026-08-12T11:30:45.3732539Z ##[group]Initializing the repository
prettier --write (same-repository PR)	Run actions/checkout@v4	2026-08-12T11:30:45.3737429Z [command]/usr/bin/git init /home/runner/work/motion5/motion5
prettier --write (same-repository PR)	Run actions/checkout@v4	2026-08-12T11:30:45.3888435Z hint: Using 'master' as the name for the initial branch. This default branch name
prettier --write (same-repository PR)	Run actions/checkout@v4	2026-08-12T11:30:45.3890489Z hint: will change to "main" in Git 3.0. To configure the initial branch name
prettier --write (same-repository PR)	Run actions/checkout@v4	2026-08-12T11:30:45.3891559Z hint: to use in all of your new repositories, which will suppress this warning,
prettier --write (same-repository PR)	Run actions/checkout@v4	2026-08-12T11:30:45.3892362Z hint: call:
prettier --write (same-repository PR)	Run actions/checkout@v4	2026-08-12T11:30:45.3892799Z hint:
prettier --write (same-repository PR)	Run actions/checkout@v4	2026-08-12T11:30:45.3893385Z hint: 	git config --global init.defaultBranch <name>
prettier --write (same-repository PR)	Run actions/checkout@v4	2026-08-12T11:30:45.3894645Z hint:
prettier --write (same-repository PR)	Run actions/checkout@v4	2026-08-12T11:30:45.3895934Z hint: Names commonly chosen instead of 'master' are 'main', 'trunk' and
prettier --write (same-repository PR)	Run actions/checkout@v4	2026-08-12T11:30:45.3897989Z hint: 'development'. The just-created branch can be renamed via this command:
prettier --write (same-repository PR)	Run actions/checkout@v4	2026-08-12T11:30:45.3899886Z hint:
prettier --write (same-repository PR)	Run actions/checkout@v4	2026-08-12T11:30:45.3900789Z hint: 	git branch -m <name>
prettier --write (same-repository PR)	Run actions/checkout@v4	2026-08-12T11:30:45.3901896Z hint:
prettier --write (same-repository PR)	Run actions/checkout@v4	2026-08-12T11:30:45.3903191Z hint: Disable this message with "git config set advice.defaultBranchName false"
prettier --write (same-repository PR)	Run actions/checkout@v4	2026-08-12T11:30:45.3905183Z Initialized empty Git repository in /home/runner/work/motion5/motion5/.git/
prettier --write (same-repository PR)	Run actions/checkout@v4	2026-08-12T11:30:45.3919008Z [command]/usr/bin/git remote add origin https://github.com/chahyasantoso/motion5
prettier --write (same-repository PR)	Run actions/checkout@v4	2026-08-12T11:30:45.3977682Z ##[endgroup]
prettier --write (same-repository PR)	Run actions/checkout@v4	2026-08-12T11:30:45.3979522Z ##[group]Disabling automatic garbage collection
prettier --write (same-repository PR)	Run actions/checkout@v4	2026-08-12T11:30:45.3981476Z [command]/usr/bin/git config --local gc.auto 0
prettier --write (same-repository PR)	Run actions/checkout@v4	2026-08-12T11:30:45.4018134Z ##[endgroup]
prettier --write (same-repository PR)	Run actions/checkout@v4	2026-08-12T11:30:45.4019943Z ##[group]Setting up auth
prettier --write (same-repository PR)	Run actions/checkout@v4	2026-08-12T11:30:45.4026310Z [command]/usr/bin/git config --local --name-only --get-regexp core\.sshCommand
prettier --write (same-repository PR)	Run actions/checkout@v4	2026-08-12T11:30:45.4082744Z [command]/usr/bin/git submodule foreach --recursive sh -c "git config --local --name-only --get-regexp 'core\.sshCommand' && git config --local --unset-all 'core.sshCommand' || :"
prettier --write (same-repository PR)	Run actions/checkout@v4	2026-08-12T11:30:45.4494030Z [command]/usr/bin/git config --local --name-only --get-regexp http\.https\:\/\/github\.com\/\.extraheader
prettier --write (same-repository PR)	Run actions/checkout@v4	2026-08-12T11:30:45.4529689Z [command]/usr/bin/git submodule foreach --recursive sh -c "git config --local --name-only --get-regexp 'http\.https\:\/\/github\.com\/\.extraheader' && git config --local --unset-all 'http.https://github.com/.extraheader' || :"
prettier --write (same-repository PR)	Run actions/checkout@v4	2026-08-12T11:30:45.4753600Z [command]/usr/bin/git config --local --name-only --get-regexp ^includeIf\.gitdir:
prettier --write (same-repository PR)	Run actions/checkout@v4	2026-08-12T11:30:45.4789311Z [command]/usr/bin/git submodule foreach --recursive git config --local --show-origin --name-only --get-regexp remote.origin.url
prettier --write (same-repository PR)	Run actions/checkout@v4	2026-08-12T11:30:45.5012042Z [command]/usr/bin/git config --local http.https://github.com/.extraheader AUTHORIZATION: basic ***
prettier --write (same-repository PR)	Run actions/checkout@v4	2026-08-12T11:30:45.5050311Z ##[endgroup]
prettier --write (same-repository PR)	Run actions/checkout@v4	2026-08-12T11:30:45.5051194Z ##[group]Fetching the repository
prettier --write (same-repository PR)	Run actions/checkout@v4	2026-08-12T11:30:45.5060477Z [command]/usr/bin/git -c protocol.version=2 fetch --prune --no-recurse-submodules origin +refs/heads/*:refs/remotes/origin/* +refs/tags/*:refs/tags/*
prettier --write (same-repository PR)	Run actions/checkout@v4	2026-08-12T11:30:46.8993007Z From https://github.com/chahyasantoso/motion5
prettier --write (same-repository PR)	Run actions/checkout@v4	2026-08-12T11:30:46.8995921Z  * [new branch]      chore/format-31354308601 -> origin/chore/format-31354308601
prettier --write (same-repository PR)	Run actions/checkout@v4	2026-08-12T11:30:46.8997971Z  * [new branch]      chore/r6-core-package-boundary -> origin/chore/r6-core-package-boundary
prettier --write (same-repository PR)	Run actions/checkout@v4	2026-08-12T11:30:46.9000208Z  * [new branch]      ci-logs                -> origin/ci-logs
prettier --write (same-repository PR)	Run actions/checkout@v4	2026-08-12T11:30:46.9001784Z  * [new branch]      ci/archive-workflow    -> origin/ci/archive-workflow
prettier --write (same-repository PR)	Run actions/checkout@v4	2026-08-12T11:30:46.9003708Z  * [new branch]      ci/auto-format-pr-branches -> origin/ci/auto-format-pr-branches
prettier --write (same-repository PR)	Run actions/checkout@v4	2026-08-12T11:30:46.9006243Z  * [new branch]      docs/detailed-plan-and-trd -> origin/docs/detailed-plan-and-trd
prettier --write (same-repository PR)	Run actions/checkout@v4	2026-08-12T11:30:46.9008777Z  * [new branch]      docs/p0-06-trd-and-detailed-plan -> origin/docs/p0-06-trd-and-detailed-plan
prettier --write (same-repository PR)	Run actions/checkout@v4	2026-08-12T11:30:46.9011504Z  * [new branch]      docs/phase3-implementation-review -> origin/docs/phase3-implementation-review
prettier --write (same-repository PR)	Run actions/checkout@v4	2026-08-12T11:30:46.9014758Z  * [new branch]      docs/r9-status-and-plan-truth-pass -> origin/docs/r9-status-and-plan-truth-pass
prettier --write (same-repository PR)	Run actions/checkout@v4	2026-08-12T11:30:46.9018377Z  * [new branch]      docs/repo-review-and-remediation-plan -> origin/docs/repo-review-and-remediation-plan
prettier --write (same-repository PR)	Run actions/checkout@v4	2026-08-12T11:30:46.9021446Z  * [new branch]      feat/p0-04-ports-and-fakes -> origin/feat/p0-04-ports-and-fakes
prettier --write (same-repository PR)	Run actions/checkout@v4	2026-08-12T11:30:46.9024490Z  * [new branch]      feat/p0-05-golden-fixtures-and-integration -> origin/feat/p0-05-golden-fixtures-and-integration
prettier --write (same-repository PR)	Run actions/checkout@v4	2026-08-12T11:30:46.9027916Z  * [new branch]      feat/p1-01-immutable-value-snapshots -> origin/feat/p1-01-immutable-value-snapshots
prettier --write (same-repository PR)	Run actions/checkout@v4	2026-08-12T11:30:46.9030937Z  * [new branch]      feat/p1-02-plugin-registry -> origin/feat/p1-02-plugin-registry
prettier --write (same-repository PR)	Run actions/checkout@v4	2026-08-12T11:30:46.9033096Z  * [new branch]      feat/p1-03-track-leaf  -> origin/feat/p1-03-track-leaf
prettier --write (same-repository PR)	Run actions/checkout@v4	2026-08-12T11:30:46.9035507Z  * [new branch]      feat/p1-04-lifecycle-primitives -> origin/feat/p1-04-lifecycle-primitives
prettier --write (same-repository PR)	Run actions/checkout@v4	2026-08-12T11:30:46.9038015Z  * [new branch]      feat/p1-05-motion-scheduling -> origin/feat/p1-05-motion-scheduling
prettier --write (same-repository PR)	Run actions/checkout@v4	2026-08-12T11:30:46.9040931Z  * [new branch]      feat/p1-06-trigger-delegates -> origin/feat/p1-06-trigger-delegates
prettier --write (same-repository PR)	Run actions/checkout@v4	2026-08-12T11:30:46.9043505Z  * [new branch]      feat/p2-01-qualified-ids -> origin/feat/p2-01-qualified-ids
prettier --write (same-repository PR)	Run actions/checkout@v4	2026-08-12T11:30:46.9046197Z  * [new branch]      feat/p2-02-03-graph-ir-validation -> origin/feat/p2-02-03-graph-ir-validation
prettier --write (same-repository PR)	Run actions/checkout@v4	2026-08-12T11:30:46.9049448Z  * [new branch]      feat/p2-04-cycle-detection-and-order -> origin/feat/p2-04-cycle-detection-and-order
prettier --write (same-repository PR)	Run actions/checkout@v4	2026-08-12T11:30:46.9052727Z  * [new branch]      feat/p2-05-stable-observation-state -> origin/feat/p2-05-stable-observation-state
prettier --write (same-repository PR)	Run actions/checkout@v4	2026-08-12T11:30:46.9056011Z  * [new branch]      feat/p2-06-graph-binding-transactions -> origin/feat/p2-06-graph-binding-transactions
prettier --write (same-repository PR)	Run actions/checkout@v4	2026-08-12T11:30:46.9059241Z  * [new branch]      feat/p2-07-boundary-scan-ci-gate -> origin/feat/p2-07-boundary-scan-ci-gate
prettier --write (same-repository PR)	Run actions/checkout@v4	2026-08-12T11:30:46.9061895Z  * [new branch]      feat/p3-01-patch-registry -> origin/feat/p3-01-patch-registry
prettier --write (same-repository PR)	Run actions/checkout@v4	2026-08-12T11:30:46.9065128Z  * [new branch]      feat/p3-02-03-publisher-failure-semantics -> origin/feat/p3-02-03-publisher-failure-semantics
prettier --write (same-repository PR)	Run actions/checkout@v4	2026-08-12T11:30:46.9068077Z  * [new branch]      feat/p3-04-graph-runtime -> origin/feat/p3-04-graph-runtime
prettier --write (same-repository PR)	Run actions/checkout@v4	2026-08-12T11:30:46.9070628Z  * [new branch]      feat/p3-05-project-runtime -> origin/feat/p3-05-project-runtime
prettier --write (same-repository PR)	Run actions/checkout@v4	2026-08-12T11:30:46.9073528Z  * [new branch]      feat/p3-06-07-engine-and-benchmarks -> origin/feat/p3-06-07-engine-and-benchmarks
prettier --write (same-repository PR)	Run actions/checkout@v4	2026-08-12T11:30:46.9076256Z  * [new branch]      feat/p4-01-02-adapters -> origin/feat/p4-01-02-adapters
prettier --write (same-repository PR)	Run actions/checkout@v4	2026-08-12T11:30:46.9079113Z  * [new branch]      feat/p4-03-04-react-consumer-boundary -> origin/feat/p4-03-04-react-consumer-boundary
prettier --write (same-repository PR)	Run actions/checkout@v4	2026-08-12T11:30:46.9082605Z  * [new branch]      feat/p4-05-current-main-integration-build -> origin/feat/p4-05-current-main-integration-build
prettier --write (same-repository PR)	Run actions/checkout@v4	2026-08-12T11:30:46.9085943Z  * [new branch]      feat/p4-05-integration-build-gate -> origin/feat/p4-05-integration-build-gate
prettier --write (same-repository PR)	Run actions/checkout@v4	2026-08-12T11:30:46.9089116Z  * [new branch]      feat/r5-engine-compose-resolver -> origin/feat/r5-engine-compose-resolver
prettier --write (same-repository PR)	Run actions/checkout@v4	2026-08-12T11:30:46.9092273Z  * [new branch]      feat/r8-dom-adapter-target-resolution -> origin/feat/r8-dom-adapter-target-resolution
prettier --write (same-repository PR)	Run actions/checkout@v4	2026-08-12T11:30:46.9095233Z  * [new branch]      fix/A3-publisher-reentrancy -> origin/fix/A3-publisher-reentrancy
prettier --write (same-repository PR)	Run actions/checkout@v4	2026-08-12T11:30:46.9097630Z  * [new branch]      fix/A3-red-evidence    -> origin/fix/A3-red-evidence
prettier --write (same-repository PR)	Run actions/checkout@v4	2026-08-12T11:30:46.9100065Z  * [new branch]      fix/B1-track-contribution -> origin/fix/B1-track-contribution
prettier --write (same-repository PR)	Run actions/checkout@v4	2026-08-12T11:30:46.9102632Z  * [new branch]      fix/B2-gsap-stop-compilation -> origin/fix/B2-gsap-stop-compilation
prettier --write (same-repository PR)	Run actions/checkout@v4	2026-08-12T11:30:46.9105534Z  * [new branch]      fix/B2-gsap-stop-compilation-clean -> origin/fix/B2-gsap-stop-compilation-clean
prettier --write (same-repository PR)	Run actions/checkout@v4	2026-08-12T11:30:46.9108758Z  * [new branch]      fix/B2-gsap-stop-compilation-repair -> origin/fix/B2-gsap-stop-compilation-repair
prettier --write (same-repository PR)	Run actions/checkout@v4	2026-08-12T11:30:46.9111648Z  * [new branch]      fix/C1-react-store-lifecycle -> origin/fix/C1-react-store-lifecycle
prettier --write (same-repository PR)	Run actions/checkout@v4	2026-08-12T11:30:46.9114493Z  * [new branch]      fix/C2-react-public-surface -> origin/fix/C2-react-public-surface
prettier --write (same-repository PR)	Run actions/checkout@v4	2026-08-12T11:30:46.9116839Z  * [new branch]      fix/C3-dom-contract    -> origin/fix/C3-dom-contract
prettier --write (same-repository PR)	Run actions/checkout@v4	2026-08-12T11:30:46.9119213Z  * [new branch]      fix/D1-boundary-discovery -> origin/fix/D1-boundary-discovery
prettier --write (same-repository PR)	Run actions/checkout@v4	2026-08-12T11:30:46.9121637Z  * [new branch]      fix/D2-boundary-self-test -> origin/fix/D2-boundary-self-test
prettier --write (same-repository PR)	Run actions/checkout@v4	2026-08-12T11:30:46.9123912Z  * [new branch]      fix/D3-evidence-gates  -> origin/fix/D3-evidence-gates
prettier --write (same-repository PR)	Run actions/checkout@v4	2026-08-12T11:30:46.9126304Z  * [new branch]      fix/D3-evidence-gates-rescue -> origin/fix/D3-evidence-gates-rescue
prettier --write (same-repository PR)	Run actions/checkout@v4	2026-08-12T11:30:46.9130247Z  * [new branch]      fix/D3-evidence-gates-v2 -> origin/fix/D3-evidence-gates-v2
prettier --write (same-repository PR)	Run actions/checkout@v4	2026-08-12T11:30:46.9132782Z  * [new branch]      fix/E1-required-build-rescue -> origin/fix/E1-required-build-rescue
prettier --write (same-repository PR)	Run actions/checkout@v4	2026-08-12T11:30:46.9135918Z  * [new branch]      fix/E1-required-build-v2 -> origin/fix/E1-required-build-v2
prettier --write (same-repository PR)	Run actions/checkout@v4	2026-08-12T11:30:46.9139382Z  * [new branch]      fix/E2-end-to-end-proof-rescue -> origin/fix/E2-end-to-end-proof-rescue
prettier --write (same-repository PR)	Run actions/checkout@v4	2026-08-12T11:30:46.9144157Z  * [new branch]      fix/r1-publisher-input-resolution -> origin/fix/r1-publisher-input-resolution
prettier --write (same-repository PR)	Run actions/checkout@v4	2026-08-12T11:30:46.9148896Z  * [new branch]      fix/r2-output-edge-merge -> origin/fix/r2-output-edge-merge
prettier --write (same-repository PR)	Run actions/checkout@v4	2026-08-12T11:30:46.9152841Z  * [new branch]      fix/r3-track-input-recompute -> origin/fix/r3-track-input-recompute
prettier --write (same-repository PR)	Run actions/checkout@v4	2026-08-12T11:30:46.9155998Z  * [new branch]      fix/r4-membership-gates-seeds -> origin/fix/r4-membership-gates-seeds
prettier --write (same-repository PR)	Run actions/checkout@v4	2026-08-12T11:30:46.9161196Z  * [new branch]      fix/r7-boundary-scan-coverage-and-self-test -> origin/fix/r7-boundary-scan-coverage-and-self-test
prettier --write (same-repository PR)	Run actions/checkout@v4	2026-08-12T11:30:46.9165465Z  * [new branch]      main                   -> origin/main
prettier --write (same-repository PR)	Run actions/checkout@v4	2026-08-12T11:30:46.9169054Z  * [new branch]      phase-0r1-gsap-contract-proof -> origin/phase-0r1-gsap-contract-proof
prettier --write (same-repository PR)	Run actions/checkout@v4	2026-08-12T11:30:46.9173369Z  * [new branch]      phase-0r2-1r1-gap-closure -> origin/phase-0r2-1r1-gap-closure
prettier --write (same-repository PR)	Run actions/checkout@v4	2026-08-12T11:30:46.9177097Z  * [new branch]      phase-0r2-stop-validation -> origin/phase-0r2-stop-validation
prettier --write (same-repository PR)	Run actions/checkout@v4	2026-08-12T11:30:46.9181296Z  * [new branch]      phase-1r1-plugin-compilation -> origin/phase-1r1-plugin-compilation
prettier --write (same-repository PR)	Run actions/checkout@v4	2026-08-12T11:30:46.9185797Z  * [new branch]      phase-1r2-track-compiler-lifetime -> origin/phase-1r2-track-compiler-lifetime
prettier --write (same-repository PR)	Run actions/checkout@v4	2026-08-12T11:30:46.9190798Z  * [new branch]      phase-1r3-progress-invalidation -> origin/phase-1r3-progress-invalidation
prettier --write (same-repository PR)	Run actions/checkout@v4	2026-08-12T11:30:46.9196015Z  * [new branch]      rescue/restore-motionpath-parity -> origin/rescue/restore-motionpath-parity
prettier --write (same-repository PR)	Run actions/checkout@v4	2026-08-12T11:30:46.9201214Z  * [new branch]      restore-motionpath-value-pipeline -> origin/restore-motionpath-value-pipeline
prettier --write (same-repository PR)	Run actions/checkout@v4	2026-08-12T11:30:46.9207261Z ##[endgroup]
prettier --write (same-repository PR)	Run actions/checkout@v4	2026-08-12T11:30:46.9209768Z ##[group]Determining the checkout info
prettier --write (same-repository PR)	Run actions/checkout@v4	2026-08-12T11:30:46.9212605Z [command]/usr/bin/git branch --list --remote origin/fix/E2-end-to-end-proof-rescue
prettier --write (same-repository PR)	Run actions/checkout@v4	2026-08-12T11:30:46.9214933Z   origin/fix/E2-end-to-end-proof-rescue
prettier --write (same-repository PR)	Run actions/checkout@v4	2026-08-12T11:30:46.9218137Z ##[endgroup]
prettier --write (same-repository PR)	Run actions/checkout@v4	2026-08-12T11:30:46.9219863Z [command]/usr/bin/git sparse-checkout disable
prettier --write (same-repository PR)	Run actions/checkout@v4	2026-08-12T11:30:46.9251681Z [command]/usr/bin/git config --local --unset-all extensions.worktreeConfig
prettier --write (same-repository PR)	Run actions/checkout@v4	2026-08-12T11:30:46.9285778Z ##[group]Checking out the ref
prettier --write (same-repository PR)	Run actions/checkout@v4	2026-08-12T11:30:46.9290476Z [command]/usr/bin/git checkout --progress --force -B fix/E2-end-to-end-proof-rescue refs/remotes/origin/fix/E2-end-to-end-proof-rescue
prettier --write (same-repository PR)	Run actions/checkout@v4	2026-08-12T11:30:46.9426448Z Switched to a new branch 'fix/E2-end-to-end-proof-rescue'
prettier --write (same-repository PR)	Run actions/checkout@v4	2026-08-12T11:30:46.9430977Z branch 'fix/E2-end-to-end-proof-rescue' set up to track 'origin/fix/E2-end-to-end-proof-rescue'.
prettier --write (same-repository PR)	Run actions/checkout@v4	2026-08-12T11:30:46.9437739Z ##[endgroup]
prettier --write (same-repository PR)	Run actions/checkout@v4	2026-08-12T11:30:46.9482992Z [command]/usr/bin/git log -1 --format=%H
prettier --write (same-repository PR)	Run actions/checkout@v4	2026-08-12T11:30:46.9511725Z 4c0b16dfb5a9064b18c8db9fee1fa3c430ace4e6
prettier --write (same-repository PR)	Run actions/setup-node@v4	﻿2026-08-12T11:30:46.9947918Z Node 20 is being deprecated. This workflow is running with Node 24 by default. If you need to temporarily use Node 20, you can set the ACTIONS_ALLOW_USE_UNSECURE_NODE_VERSION=true environment variable. For more information see: https://github.blog/changelog/2025-09-19-deprecation-of-node-20-on-github-actions-runners/
prettier --write (same-repository PR)	Run actions/setup-node@v4	2026-08-12T11:30:46.9953971Z ##[group]Run actions/setup-node@v4
prettier --write (same-repository PR)	Run actions/setup-node@v4	2026-08-12T11:30:46.9955062Z with:
prettier --write (same-repository PR)	Run actions/setup-node@v4	2026-08-12T11:30:46.9955885Z   node-version: 24
prettier --write (same-repository PR)	Run actions/setup-node@v4	2026-08-12T11:30:46.9956769Z   cache: npm
prettier --write (same-repository PR)	Run actions/setup-node@v4	2026-08-12T11:30:46.9957615Z   always-auth: false
prettier --write (same-repository PR)	Run actions/setup-node@v4	2026-08-12T11:30:46.9958535Z   check-latest: false
prettier --write (same-repository PR)	Run actions/setup-node@v4	2026-08-12T11:30:46.9968712Z   token: ***
prettier --write (same-repository PR)	Run actions/setup-node@v4	2026-08-12T11:30:46.9969574Z ##[endgroup]
prettier --write (same-repository PR)	Run actions/setup-node@v4	2026-08-12T11:30:47.1349227Z Found in cache @ /opt/hostedtoolcache/node/24.18.0/x64
prettier --write (same-repository PR)	Run actions/setup-node@v4	2026-08-12T11:30:47.1354475Z (node:2413) [DEP0040] DeprecationWarning: The `punycode` module is deprecated. Please use a userland alternative instead.
prettier --write (same-repository PR)	Run actions/setup-node@v4	2026-08-12T11:30:47.1358111Z (Use `node --trace-deprecation ...` to show where the warning was created)
prettier --write (same-repository PR)	Run actions/setup-node@v4	2026-08-12T11:30:47.1361187Z ##[group]Environment details
prettier --write (same-repository PR)	Run actions/setup-node@v4	2026-08-12T11:30:47.5859819Z node: v24.18.0
prettier --write (same-repository PR)	Run actions/setup-node@v4	2026-08-12T11:30:47.5861343Z npm: 11.16.0
prettier --write (same-repository PR)	Run actions/setup-node@v4	2026-08-12T11:30:47.5862597Z yarn: 1.22.22
prettier --write (same-repository PR)	Run actions/setup-node@v4	2026-08-12T11:30:47.5864881Z ##[endgroup]
prettier --write (same-repository PR)	Run actions/setup-node@v4	2026-08-12T11:30:47.5926772Z [command]/opt/hostedtoolcache/node/24.18.0/x64/bin/npm config get cache
prettier --write (same-repository PR)	Run actions/setup-node@v4	2026-08-12T11:30:47.7084150Z /home/runner/.npm
prettier --write (same-repository PR)	Run actions/setup-node@v4	2026-08-12T11:30:47.9339977Z Cache hit for: node-cache-Linux-x64-npm-8fd21980c56e1531048f0bccbf8860b09c4f44035a216fedc1d0a678b1093d45
prettier --write (same-repository PR)	Run actions/setup-node@v4	2026-08-12T11:30:47.9439843Z (node:2413) [DEP0169] DeprecationWarning: `url.parse()` behavior is not standardized and prone to errors that have security implications. Use the WHATWG URL API instead. CVEs are not issued for `url.parse()` vulnerabilities.
prettier --write (same-repository PR)	Run actions/setup-node@v4	2026-08-12T11:30:49.1358096Z Received 22865211 of 22865211 (100.0%), 22.3 MBs/sec
prettier --write (same-repository PR)	Run actions/setup-node@v4	2026-08-12T11:30:49.1359394Z Cache Size: ~22 MB (22865211 B)
prettier --write (same-repository PR)	Run actions/setup-node@v4	2026-08-12T11:30:49.1389516Z [command]/usr/bin/tar -xf /home/runner/work/_temp/ae48d825-e74b-478f-8915-952fed161213/cache.tzst -P -C /home/runner/work/motion5/motion5 --use-compress-program unzstd
prettier --write (same-repository PR)	Run actions/setup-node@v4	2026-08-12T11:30:49.1871806Z Cache restored successfully
prettier --write (same-repository PR)	Run actions/setup-node@v4	2026-08-12T11:30:49.1886165Z Cache restored from key: node-cache-Linux-x64-npm-8fd21980c56e1531048f0bccbf8860b09c4f44035a216fedc1d0a678b1093d45
prettier --write (same-repository PR)	Install locked dependencies	﻿2026-08-12T11:30:49.2054821Z ##[group]Run npm ci --ignore-scripts --no-audit --no-fund
prettier --write (same-repository PR)	Install locked dependencies	2026-08-12T11:30:49.2055335Z ^[[36;1mnpm ci --ignore-scripts --no-audit --no-fund^[[0m
prettier --write (same-repository PR)	Install locked dependencies	2026-08-12T11:30:49.2113540Z shell: /usr/bin/bash -e {0}
prettier --write (same-repository PR)	Install locked dependencies	2026-08-12T11:30:49.2113837Z ##[endgroup]
prettier --write (same-repository PR)	Install locked dependencies	2026-08-12T11:30:50.5656856Z 
prettier --write (same-repository PR)	Install locked dependencies	2026-08-12T11:30:50.5663558Z added 58 packages in 1s
prettier --write (same-repository PR)	Apply formatter	﻿2026-08-12T11:30:50.6129802Z ##[group]Run npm run format
prettier --write (same-repository PR)	Apply formatter	2026-08-12T11:30:50.6130123Z ^[[36;1mnpm run format^[[0m
prettier --write (same-repository PR)	Apply formatter	2026-08-12T11:30:50.6174042Z shell: /usr/bin/bash -e {0}
prettier --write (same-repository PR)	Apply formatter	2026-08-12T11:30:50.6174306Z ##[endgroup]
prettier --write (same-repository PR)	Apply formatter	2026-08-12T11:30:50.7171174Z 
prettier --write (same-repository PR)	Apply formatter	2026-08-12T11:30:50.7171830Z > motion5@0.0.0 format
prettier --write (same-repository PR)	Apply formatter	2026-08-12T11:30:50.7172380Z > prettier . --write
prettier --write (same-repository PR)	Apply formatter	2026-08-12T11:30:50.7172661Z 
prettier --write (same-repository PR)	Apply formatter	2026-08-12T11:30:50.8674181Z ^[[90m.github/pull_request_template.md^[[39m 34ms (unchanged)
prettier --write (same-repository PR)	Apply formatter	2026-08-12T11:30:50.9006855Z ^[[90m.github/workflows/archive-ci-logs.yml^[[39m 29ms (unchanged)
prettier --write (same-repository PR)	Apply formatter	2026-08-12T11:30:50.9140796Z ^[[90m.github/workflows/bootstrap-lockfile.yml^[[39m 9ms (unchanged)
prettier --write (same-repository PR)	Apply formatter	2026-08-12T11:30:50.9262398Z ^[[90m.github/workflows/ci.yml^[[39m 11ms (unchanged)
prettier --write (same-repository PR)	Apply formatter	2026-08-12T11:30:50.9336426Z ^[[90m.github/workflows/format-manual.yml^[[39m 5ms (unchanged)
prettier --write (same-repository PR)	Apply formatter	2026-08-12T11:30:50.9389062Z ^[[90m.github/workflows/format.yml^[[39m 4ms (unchanged)
prettier --write (same-repository PR)	Apply formatter	2026-08-12T11:30:50.9627049Z ^[[90m.github/workflows/recovery-audit.yml^[[39m 17ms (unchanged)
prettier --write (same-repository PR)	Apply formatter	2026-08-12T11:30:51.0012817Z ^[[90m.prettierrc.json^[[39m 33ms (unchanged)
prettier --write (same-repository PR)	Apply formatter	2026-08-12T11:30:51.0075050Z ^[[90mdocs/acceptance-map.json^[[39m 3ms (unchanged)
prettier --write (same-repository PR)	Apply formatter	2026-08-12T11:30:51.1105890Z ^[[90mdocs/ARCHITECTURE.md^[[39m 101ms (unchanged)
prettier --write (same-repository PR)	Apply formatter	2026-08-12T11:30:51.1440111Z ^[[90mdocs/AUTHORED-SCHEMA.md^[[39m 31ms (unchanged)
prettier --write (same-repository PR)	Apply formatter	2026-08-12T11:30:51.1668882Z ^[[90mdocs/CI-WORKFLOW.md^[[39m 19ms (unchanged)
prettier --write (same-repository PR)	Apply formatter	2026-08-12T11:30:51.2225591Z ^[[90mdocs/DECISIONS.md^[[39m 49ms (unchanged)
prettier --write (same-repository PR)	Apply formatter	2026-08-12T11:30:51.2293088Z ^[[90mdocs/FORMATTING.md^[[39m 5ms (unchanged)
prettier --write (same-repository PR)	Apply formatter	2026-08-12T11:30:51.3710595Z ^[[90mdocs/IMPLEMENTATION-PLAN.md^[[39m 139ms (unchanged)
prettier --write (same-repository PR)	Apply formatter	2026-08-12T11:30:51.3970495Z ^[[90mdocs/IMPLEMENTOR-BRIEF-MOTIONPATH-TO-MOTION5.md^[[39m 23ms (unchanged)
prettier --write (same-repository PR)	Apply formatter	2026-08-12T11:30:51.4128243Z ^[[90mdocs/MIGRATION-V4-TO-V5.md^[[39m 11ms (unchanged)
prettier --write (same-repository PR)	Apply formatter	2026-08-12T11:30:51.4432674Z ^[[90mdocs/PHASE-3-4-CONSOLIDATED-AUDIT.md^[[39m 29ms (unchanged)
prettier --write (same-repository PR)	Apply formatter	2026-08-12T11:30:51.4613734Z ^[[90mdocs/PHASE-3-4-RECOVERY-PLAN.md^[[39m 17ms (unchanged)
prettier --write (same-repository PR)	Apply formatter	2026-08-12T11:30:51.4741660Z ^[[90mdocs/PHASE-3-IMPLEMENTATION-REVIEW.md^[[39m 10ms (unchanged)
prettier --write (same-repository PR)	Apply formatter	2026-08-12T11:30:51.5900689Z ^[[90mdocs/PHASE-4-IMPLEMENTATION-REVIEW.md^[[39m 115ms (unchanged)
prettier --write (same-repository PR)	Apply formatter	2026-08-12T11:30:51.6010001Z ^[[90mdocs/PR-WORKFLOW.md^[[39m 7ms (unchanged)
prettier --write (same-repository PR)	Apply formatter	2026-08-12T11:30:51.6272801Z ^[[90mdocs/PRD.md^[[39m 19ms (unchanged)
prettier --write (same-repository PR)	Apply formatter	2026-08-12T11:30:51.6370739Z ^[[90mdocs/README.md^[[39m 8ms (unchanged)
prettier --write (same-repository PR)	Apply formatter	2026-08-12T11:30:51.6435716Z ^[[90mdocs/SESSION-STATUS.md^[[39m 5ms (unchanged)
prettier --write (same-repository PR)	Apply formatter	2026-08-12T11:30:51.6504140Z ^[[90mdocs/TESTING-STRATEGY.md^[[39m 6ms (unchanged)
prettier --write (same-repository PR)	Apply formatter	2026-08-12T11:30:51.7173741Z ^[[90mdocs/TRD.md^[[39m 66ms (unchanged)
prettier --write (same-repository PR)	Apply formatter	2026-08-12T11:30:51.7235631Z ^[[90mpackage.json^[[39m 2ms (unchanged)
prettier --write (same-repository PR)	Apply formatter	2026-08-12T11:30:51.7286181Z ^[[90mpackages/core/package.json^[[39m 1ms (unchanged)
prettier --write (same-repository PR)	Apply formatter	2026-08-12T11:30:51.7455444Z ^[[90mpackages/core/src/adapters/browser-clock.ts^[[39m 13ms (unchanged)
prettier --write (same-repository PR)	Apply formatter	2026-08-12T11:30:51.7647637Z ^[[90mpackages/core/src/adapters/dom.ts^[[39m 18ms (unchanged)
prettier --write (same-repository PR)	Apply formatter	2026-08-12T11:30:51.7914317Z ^[[90mpackages/core/src/adapters/interpolator/gsap.ts^[[39m 23ms (unchanged)
prettier --write (same-repository PR)	Apply formatter	2026-08-12T11:30:51.8030950Z ^[[90mpackages/core/src/contract/golden.ts^[[39m 8ms (unchanged)
prettier --write (same-repository PR)	Apply formatter	2026-08-12T11:30:51.8125557Z ^[[90mpackages/core/src/contract/migrate-v4-to-v5.ts^[[39m 8ms (unchanged)
prettier --write (same-repository PR)	Apply formatter	2026-08-12T11:30:51.8184627Z ^[[90mpackages/core/src/contract/v5.ts^[[39m 5ms (unchanged)
prettier --write (same-repository PR)	Apply formatter	2026-08-12T11:30:51.8833545Z ^[[90mpackages/core/src/contract/validate-v5.ts^[[39m 62ms (unchanged)
prettier --write (same-repository PR)	Apply formatter	2026-08-12T11:30:51.9001005Z ^[[90mpackages/core/src/domain/lifecycle.ts^[[39m 9ms (unchanged)
prettier --write (same-repository PR)	Apply formatter	2026-08-12T11:30:51.9221509Z ^[[90mpackages/core/src/domain/motion.ts^[[39m 17ms (unchanged)
prettier --write (same-repository PR)	Apply formatter	2026-08-12T11:30:51.9470601Z ^[[90mpackages/core/src/domain/plugins.ts^[[39m 24ms (unchanged)
prettier --write (same-repository PR)	Apply formatter	2026-08-12T11:30:51.9590202Z ^[[90mpackages/core/src/domain/track.ts^[[39m 11ms (unchanged)
prettier --write (same-repository PR)	Apply formatter	2026-08-12T11:30:51.9675941Z ^[[90mpackages/core/src/domain/triggers.ts^[[39m 7ms (unchanged)
prettier --write (same-repository PR)	Apply formatter	2026-08-12T11:30:51.9788548Z ^[[90mpackages/core/src/domain/values.ts^[[39m 9ms (unchanged)
prettier --write (same-repository PR)	Apply formatter	2026-08-12T11:30:51.9950684Z ^[[90mpackages/core/src/engine.ts^[[39m 10ms (unchanged)
prettier --write (same-repository PR)	Apply formatter	2026-08-12T11:30:52.0080140Z ^[[90mpackages/core/src/graph/binding.ts^[[39m 9ms (unchanged)
prettier --write (same-repository PR)	Apply formatter	2026-08-12T11:30:52.0119090Z ^[[90mpackages/core/src/graph/compare.ts^[[39m 2ms (unchanged)
prettier --write (same-repository PR)	Apply formatter	2026-08-12T11:30:52.0197720Z ^[[90mpackages/core/src/graph/ids.ts^[[39m 7ms (unchanged)
prettier --write (same-repository PR)	Apply formatter	2026-08-12T11:30:52.0429915Z ^[[90mpackages/core/src/graph/ir.ts^[[39m 21ms (unchanged)
prettier --write (same-repository PR)	Apply formatter	2026-08-12T11:30:52.0657017Z ^[[90mpackages/core/src/graph/observation-state.ts^[[39m 21ms (unchanged)
prettier --write (same-repository PR)	Apply formatter	2026-08-12T11:30:52.0859953Z ^[[90mpackages/core/src/graph/order.ts^[[39m 18ms (unchanged)
prettier --write (same-repository PR)	Apply formatter	2026-08-12T11:30:52.0995906Z ^[[90mpackages/core/src/index.ts^[[39m 2ms (unchanged)
prettier --write (same-repository PR)	Apply formatter	2026-08-12T11:30:52.1023958Z ^[[90mpackages/core/src/internal.ts^[[39m 1ms (unchanged)
prettier --write (same-repository PR)	Apply formatter	2026-08-12T11:30:52.1121399Z ^[[90mpackages/core/src/ports/clock.ts^[[39m 4ms (unchanged)
prettier --write (same-repository PR)	Apply formatter	2026-08-12T11:30:52.1222357Z ^[[90mpackages/core/src/ports/fakes.ts^[[39m 9ms (unchanged)
prettier --write (same-repository PR)	Apply formatter	2026-08-12T11:30:52.1251768Z ^[[90mpackages/core/src/ports/interpolator.ts^[[39m 2ms (unchanged)
prettier --write (same-repository PR)	Apply formatter	2026-08-12T11:30:52.1279665Z ^[[90mpackages/core/src/ports/scheduler.ts^[[39m 2ms (unchanged)
prettier --write (same-repository PR)	Apply formatter	2026-08-12T11:30:52.1426671Z ^[[90mpackages/core/src/runtime/graph-publisher.ts^[[39m 12ms (unchanged)
prettier --write (same-repository PR)	Apply formatter	2026-08-12T11:30:52.1529027Z ^[[90mpackages/core/src/runtime/graph-runtime.ts^[[39m 9ms (unchanged)
prettier --write (same-repository PR)	Apply formatter	2026-08-12T11:30:52.1665295Z ^[[90mpackages/core/src/runtime/patch-registry.ts^[[39m 12ms (unchanged)
prettier --write (same-repository PR)	Apply formatter	2026-08-12T11:30:52.1738033Z ^[[90mpackages/core/src/runtime/project-runtime.ts^[[39m 6ms (unchanged)
prettier --write (same-repository PR)	Apply formatter	2026-08-12T11:30:52.1864236Z ^[[90mpackages/core/test/contract/adapters.test.ts^[[39m 9ms (unchanged)
prettier --write (same-repository PR)	Apply formatter	2026-08-12T11:30:52.1942958Z ^[[90mpackages/core/test/contract/gsap-multi-stop.test.ts^[[39m 6ms (unchanged)
prettier --write (same-repository PR)	Apply formatter	2026-08-12T11:30:52.2033406Z ^[[90mpackages/core/test/contract/ports.test.ts^[[39m 8ms (unchanged)
prettier --write (same-repository PR)	Apply formatter	2026-08-12T11:30:52.2171414Z ^[[90mpackages/core/test/contract/v5-validator.test.ts^[[39m 12ms (unchanged)
prettier --write (same-repository PR)	Apply formatter	2026-08-12T11:30:52.2225236Z ^[[90mpackages/core/test/fixtures/v5-contract.ts^[[39m 3ms (unchanged)
prettier --write (same-repository PR)	Apply formatter	2026-08-12T11:30:52.2320284Z ^[[90mpackages/core/test/integration/contract-baseline.test.ts^[[39m 6ms (unchanged)
prettier --write (same-repository PR)	Apply formatter	2026-08-12T11:30:52.2512067Z ^[[90mpackages/core/test/integration/dom-patch-apply.test.ts^[[39m 12ms (unchanged)
prettier --write (same-repository PR)	Apply formatter	2026-08-12T11:30:52.2598517Z ^[[90mpackages/core/test/integration/end-to-end.test.ts^[[39m 7ms (unchanged)
prettier --write (same-repository PR)	Apply formatter	2026-08-12T11:30:52.2684460Z ^[[90mpackages/core/test/integration/engine-headless.test.ts^[[39m 6ms (unchanged)
prettier --write (same-repository PR)	Apply formatter	2026-08-12T11:30:52.2887143Z ^[[90mpackages/core/test/integration/flush-output-merge.test.ts^[[39m 10ms (unchanged)
prettier --write (same-repository PR)	Apply formatter	2026-08-12T11:30:52.2909705Z ^[[90mpackages/core/test/integration/golden-roundtrip.test.ts^[[39m 1ms (unchanged)
prettier --write (same-repository PR)	Apply formatter	2026-08-12T11:30:52.2992048Z ^[[90mpackages/core/test/integration/graph-publisher.test.ts^[[39m 7ms (unchanged)
prettier --write (same-repository PR)	Apply formatter	2026-08-12T11:30:52.3069925Z ^[[90mpackages/core/test/integration/graph-rollback.test.ts^[[39m 7ms (unchanged)
prettier --write (same-repository PR)	Apply formatter	2026-08-12T11:30:52.3137205Z ^[[90mpackages/core/test/integration/graph-runtime.test.ts^[[39m 6ms (unchanged)
prettier --write (same-repository PR)	Apply formatter	2026-08-12T11:30:52.3187171Z ^[[90mpackages/core/test/integration/membership-gating.test.ts^[[39m 4ms (unchanged)
prettier --write (same-repository PR)	Apply formatter	2026-08-12T11:30:52.3377170Z ^[[90mpackages/core/test/integration/partial-seed-inputs.test.ts^[[39m 10ms (unchanged)
prettier --write (same-repository PR)	Apply formatter	2026-08-12T11:30:52.3496328Z ^[[90mpackages/core/test/integration/project-runtime.test.ts^[[39m 6ms (unchanged)
prettier --write (same-repository PR)	Apply formatter	2026-08-12T11:30:52.3591897Z ^[[90mpackages/core/test/integration/publisher-output-merge-consistency.test.ts^[[39m 8ms (unchanged)
prettier --write (same-repository PR)	Apply formatter	2026-08-12T11:30:52.3676282Z ^[[90mpackages/core/test/migration/v4-to-v5.test.ts^[[39m 6ms (unchanged)
prettier --write (same-repository PR)	Apply formatter	2026-08-12T11:30:52.3766112Z ^[[90mpackages/core/test/unit/domain/lifecycle.test.ts^[[39m 5ms (unchanged)
prettier --write (same-repository PR)	Apply formatter	2026-08-12T11:30:52.3865414Z ^[[90mpackages/core/test/unit/domain/motion.test.ts^[[39m 8ms (unchanged)
prettier --write (same-repository PR)	Apply formatter	2026-08-12T11:30:52.3999281Z ^[[90mpackages/core/test/unit/domain/plugins.test.ts^[[39m 12ms (unchanged)
prettier --write (same-repository PR)	Apply formatter	2026-08-12T11:30:52.4043390Z ^[[90mpackages/core/test/unit/domain/track-contribution.test.ts^[[39m 3ms (unchanged)
prettier --write (same-repository PR)	Apply formatter	2026-08-12T11:30:52.4174308Z ^[[90mpackages/core/test/unit/domain/track.test.ts^[[39m 11ms (unchanged)
prettier --write (same-repository PR)	Apply formatter	2026-08-12T11:30:52.4228940Z ^[[90mpackages/core/test/unit/domain/triggers.test.ts^[[39m 4ms (unchanged)
prettier --write (same-repository PR)	Apply formatter	2026-08-12T11:30:52.4329288Z ^[[90mpackages/core/test/unit/domain/values.test.ts^[[39m 8ms (unchanged)
prettier --write (same-repository PR)	Apply formatter	2026-08-12T11:30:52.4412249Z ^[[90mpackages/core/test/unit/graph/ids.test.ts^[[39m 3ms (unchanged)
prettier --write (same-repository PR)	Apply formatter	2026-08-12T11:30:52.4508183Z ^[[90mpackages/core/test/unit/graph/ir-validation.test.ts^[[39m 8ms (unchanged)
prettier --write (same-repository PR)	Apply formatter	2026-08-12T11:30:52.4622660Z ^[[90mpackages/core/test/unit/graph/observation-state.test.ts^[[39m 10ms (unchanged)
prettier --write (same-repository PR)	Apply formatter	2026-08-12T11:30:52.4712277Z ^[[90mpackages/core/test/unit/graph/order.test.ts^[[39m 8ms (unchanged)
prettier --write (same-repository PR)	Apply formatter	2026-08-12T11:30:52.4736281Z ^[[90mpackages/core/test/unit/placeholder.test.ts^[[39m 1ms (unchanged)
prettier --write (same-repository PR)	Apply formatter	2026-08-12T11:30:52.4845615Z ^[[90mpackages/core/test/unit/runtime/patch-registry-subscriber-errors.test.ts^[[39m 8ms (unchanged)
prettier --write (same-repository PR)	Apply formatter	2026-08-12T11:30:52.4916823Z ^[[90mpackages/core/test/unit/runtime/patch-registry.test.ts^[[39m 6ms (unchanged)
prettier --write (same-repository PR)	Apply formatter	2026-08-12T11:30:52.5044362Z ^[[90mpackages/core/test/unit/runtime/publisher-reentrancy.test.ts^[[39m 12ms (unchanged)
prettier --write (same-repository PR)	Apply formatter	2026-08-12T11:30:52.5170528Z ^[[90mpackages/core/test/unit/scripts/acceptance-scan.test.ts^[[39m 4ms (unchanged)
prettier --write (same-repository PR)	Apply formatter	2026-08-12T11:30:52.5242798Z ^[[90mpackages/core/test/unit/scripts/boundary-scan.test.ts^[[39m 6ms (unchanged)
prettier --write (same-repository PR)	Apply formatter	2026-08-12T11:30:52.5287270Z ^[[90mpackages/react/package.json^[[39m 1ms (unchanged)
prettier --write (same-repository PR)	Apply formatter	2026-08-12T11:30:52.5332624Z ^[[90mpackages/react/src/index.ts^[[39m 2ms (unchanged)
prettier --write (same-repository PR)	Apply formatter	2026-08-12T11:30:52.5372024Z ^[[90mpackages/react/src/patch-store.ts^[[39m 3ms (unchanged)
prettier --write (same-repository PR)	Apply formatter	2026-08-12T11:30:52.5447304Z ^[[90mpackages/react/test/patch-store-lifecycle.test.ts^[[39m 5ms (unchanged)
prettier --write (same-repository PR)	Apply formatter	2026-08-12T11:30:52.5492619Z ^[[90mpackages/react/test/patch-store.test.ts^[[39m 3ms (unchanged)
prettier --write (same-repository PR)	Apply formatter	2026-08-12T11:30:52.5533500Z ^[[90mpackages/react/test/public-hook-render.test.ts^[[39m 3ms (unchanged)
prettier --write (same-repository PR)	Apply formatter	2026-08-12T11:30:52.5552390Z ^[[90mpackages/react/test/public-hook.test.ts^[[39m 1ms (unchanged)
prettier --write (same-repository PR)	Apply formatter	2026-08-12T11:30:52.5626977Z ^[[90mpackages/react/test/public-package-surface.test.ts^[[39m 6ms (unchanged)
prettier --write (same-repository PR)	Apply formatter	2026-08-12T11:30:52.5656436Z ^[[90mperformance/budgets.json^[[39m 1ms (unchanged)
prettier --write (same-repository PR)	Apply formatter	2026-08-12T11:30:52.5763441Z ^[[90mperformance/graph-benchmark.mjs^[[39m 10ms (unchanged)
prettier --write (same-repository PR)	Apply formatter	2026-08-12T11:30:52.5849705Z ^[[90mprogress/A3.md^[[39m 4ms (unchanged)
prettier --write (same-repository PR)	Apply formatter	2026-08-12T11:30:52.5921799Z ^[[90mprogress/B1.md^[[39m 6ms (unchanged)
prettier --write (same-repository PR)	Apply formatter	2026-08-12T11:30:52.6024886Z ^[[90mprogress/B2.md^[[39m 9ms (unchanged)
prettier --write (same-repository PR)	Apply formatter	2026-08-12T11:30:52.6089046Z ^[[90mprogress/C1.md^[[39m 5ms (unchanged)
prettier --write (same-repository PR)	Apply formatter	2026-08-12T11:30:52.6232450Z ^[[90mprogress/C2.md^[[39m 13ms (unchanged)
prettier --write (same-repository PR)	Apply formatter	2026-08-12T11:30:52.6297618Z ^[[90mprogress/C3.md^[[39m 5ms (unchanged)
prettier --write (same-repository PR)	Apply formatter	2026-08-12T11:30:52.6348718Z ^[[90mprogress/D1.md^[[39m 3ms (unchanged)
prettier --write (same-repository PR)	Apply formatter	2026-08-12T11:30:52.6488973Z ^[[90mprogress/D2.md^[[39m 13ms (unchanged)
prettier --write (same-repository PR)	Apply formatter	2026-08-12T11:30:52.6607876Z ^[[90mprogress/D3.md^[[39m 3ms (unchanged)
prettier --write (same-repository PR)	Apply formatter	2026-08-12T11:30:52.6648353Z ^[[90mprogress/E1.md^[[39m 3ms (unchanged)
prettier --write (same-repository PR)	Apply formatter	2026-08-12T11:30:52.6686945Z ^[[90mprogress/E2.md^[[39m 3ms (unchanged)
prettier --write (same-repository PR)	Apply formatter	2026-08-12T11:30:52.6761266Z ^[[90mprogress/README.md^[[39m 6ms (unchanged)
prettier --write (same-repository PR)	Apply formatter	2026-08-12T11:30:52.6888266Z ^[[90mprogress/STATUS.md^[[39m 10ms (unchanged)
prettier --write (same-repository PR)	Apply formatter	2026-08-12T11:30:52.6944302Z ^[[90mprogress/W0-baseline.md^[[39m 4ms (unchanged)
prettier --write (same-repository PR)	Apply formatter	2026-08-12T11:30:52.7043482Z ^[[90mREADME.md^[[39m 9ms (unchanged)
prettier --write (same-repository PR)	Apply formatter	2026-08-12T11:30:52.7109188Z ^[[90mRECOVERY.md^[[39m 6ms (unchanged)
prettier --write (same-repository PR)	Apply formatter	2026-08-12T11:30:52.7153551Z ^[[90mscripts/acceptance-scan.d.mts^[[39m 2ms (unchanged)
prettier --write (same-repository PR)	Apply formatter	2026-08-12T11:30:52.7219928Z ^[[90mscripts/acceptance-scan.mjs^[[39m 5ms (unchanged)
prettier --write (same-repository PR)	Apply formatter	2026-08-12T11:30:52.7239747Z ^[[90mscripts/boundary-scan-fixtures.ts^[[39m 1ms (unchanged)
prettier --write (same-repository PR)	Apply formatter	2026-08-12T11:30:52.7273880Z ^[[90mscripts/boundary-scan.d.mts^[[39m 1ms (unchanged)
prettier --write (same-repository PR)	Apply formatter	2026-08-12T11:30:52.7429992Z ^[[90mscripts/boundary-scan.mjs^[[39m 14ms (unchanged)
prettier --write (same-repository PR)	Apply formatter	2026-08-12T11:30:52.7453115Z ^[[90mtsconfig.json^[[39m 1ms (unchanged)
prettier --write (same-repository PR)	Apply formatter	2026-08-12T11:30:52.7793430Z ^[[90mWAVE-PLAN.md^[[39m 33ms (unchanged)
prettier --write (same-repository PR)	Commit formatting changes	﻿2026-08-12T11:30:52.8344325Z ##[group]Run if git diff --quiet; then
prettier --write (same-repository PR)	Commit formatting changes	2026-08-12T11:30:52.8344672Z ^[[36;1mif git diff --quiet; then^[[0m
prettier --write (same-repository PR)	Commit formatting changes	2026-08-12T11:30:52.8344969Z ^[[36;1m  echo "No formatting drift."^[[0m
prettier --write (same-repository PR)	Commit formatting changes	2026-08-12T11:30:52.8345222Z ^[[36;1m  exit 0^[[0m
prettier --write (same-repository PR)	Commit formatting changes	2026-08-12T11:30:52.8345412Z ^[[36;1mfi^[[0m
prettier --write (same-repository PR)	Commit formatting changes	2026-08-12T11:30:52.8345647Z ^[[36;1mgit config user.name "github-actions[bot]"^[[0m
prettier --write (same-repository PR)	Commit formatting changes	2026-08-12T11:30:52.8346095Z ^[[36;1mgit config user.email "41898282+github-actions[bot]@users.noreply.github.com"^[[0m
prettier --write (same-repository PR)	Commit formatting changes	2026-08-12T11:30:52.8346507Z ^[[36;1mgit add -A^[[0m
prettier --write (same-repository PR)	Commit formatting changes	2026-08-12T11:30:52.8346755Z ^[[36;1mgit commit -m "chore: apply prettier"^[[0m
prettier --write (same-repository PR)	Commit formatting changes	2026-08-12T11:30:52.8347083Z ^[[36;1mgit push origin "HEAD:${TARGET_BRANCH}"^[[0m
prettier --write (same-repository PR)	Commit formatting changes	2026-08-12T11:30:52.8390980Z shell: /usr/bin/bash -e {0}
prettier --write (same-repository PR)	Commit formatting changes	2026-08-12T11:30:52.8391229Z env:
prettier --write (same-repository PR)	Commit formatting changes	2026-08-12T11:30:52.8391459Z   TARGET_BRANCH: fix/E2-end-to-end-proof-rescue
prettier --write (same-repository PR)	Commit formatting changes	2026-08-12T11:30:52.8391761Z ##[endgroup]
prettier --write (same-repository PR)	Commit formatting changes	2026-08-12T11:30:52.8500229Z No formatting drift.
prettier --write (same-repository PR)	Post Run actions/setup-node@v4	﻿2026-08-12T11:30:52.8590418Z Node 20 is being deprecated. This workflow is running with Node 24 by default. If you need to temporarily use Node 20, you can set the ACTIONS_ALLOW_USE_UNSECURE_NODE_VERSION=true environment variable. For more information see: https://github.blog/changelog/2025-09-19-deprecation-of-node-20-on-github-actions-runners/
prettier --write (same-repository PR)	Post Run actions/setup-node@v4	2026-08-12T11:30:52.8591652Z Post job cleanup.
prettier --write (same-repository PR)	Post Run actions/setup-node@v4	2026-08-12T11:30:52.9814882Z (node:2501) [DEP0040] DeprecationWarning: The `punycode` module is deprecated. Please use a userland alternative instead.
prettier --write (same-repository PR)	Post Run actions/setup-node@v4	2026-08-12T11:30:52.9815775Z (Use `node --trace-deprecation ...` to show where the warning was created)
prettier --write (same-repository PR)	Post Run actions/setup-node@v4	2026-08-12T11:30:52.9819496Z Cache hit occurred on the primary key node-cache-Linux-x64-npm-8fd21980c56e1531048f0bccbf8860b09c4f44035a216fedc1d0a678b1093d45, not saving cache.
prettier --write (same-repository PR)	Post Run actions/checkout@v4	﻿2026-08-12T11:30:52.9960311Z Node 20 is being deprecated. This workflow is running with Node 24 by default. If you need to temporarily use Node 20, you can set the ACTIONS_ALLOW_USE_UNSECURE_NODE_VERSION=true environment variable. For more information see: https://github.blog/changelog/2025-09-19-deprecation-of-node-20-on-github-actions-runners/
prettier --write (same-repository PR)	Post Run actions/checkout@v4	2026-08-12T11:30:52.9961584Z Post job cleanup.
prettier --write (same-repository PR)	Post Run actions/checkout@v4	2026-08-12T11:30:53.0783059Z [command]/usr/bin/git version
prettier --write (same-repository PR)	Post Run actions/checkout@v4	2026-08-12T11:30:53.0826223Z git version 2.54.0
prettier --write (same-repository PR)	Post Run actions/checkout@v4	2026-08-12T11:30:53.0871767Z Temporarily overriding HOME='/home/runner/work/_temp/21594b59-3501-4068-8a1e-cbe1dbef2227' before making global git config changes
prettier --write (same-repository PR)	Post Run actions/checkout@v4	2026-08-12T11:30:53.0873022Z Adding repository directory to the temporary git global config as a safe directory
prettier --write (same-repository PR)	Post Run actions/checkout@v4	2026-08-12T11:30:53.0880320Z [command]/usr/bin/git config --global --add safe.directory /home/runner/work/motion5/motion5
prettier --write (same-repository PR)	Post Run actions/checkout@v4	2026-08-12T11:30:53.0918061Z [command]/usr/bin/git config --local --name-only --get-regexp core\.sshCommand
prettier --write (same-repository PR)	Post Run actions/checkout@v4	2026-08-12T11:30:53.0954571Z [command]/usr/bin/git submodule foreach --recursive sh -c "git config --local --name-only --get-regexp 'core\.sshCommand' && git config --local --unset-all 'core.sshCommand' || :"
prettier --write (same-repository PR)	Post Run actions/checkout@v4	2026-08-12T11:30:53.1208335Z [command]/usr/bin/git config --local --name-only --get-regexp http\.https\:\/\/github\.com\/\.extraheader
prettier --write (same-repository PR)	Post Run actions/checkout@v4	2026-08-12T11:30:53.1237577Z http.https://github.com/.extraheader
prettier --write (same-repository PR)	Post Run actions/checkout@v4	2026-08-12T11:30:53.1252502Z [command]/usr/bin/git config --local --unset-all http.https://github.com/.extraheader
prettier --write (same-repository PR)	Post Run actions/checkout@v4	2026-08-12T11:30:53.1289201Z [command]/usr/bin/git submodule foreach --recursive sh -c "git config --local --name-only --get-regexp 'http\.https\:\/\/github\.com\/\.extraheader' && git config --local --unset-all 'http.https://github.com/.extraheader' || :"
prettier --write (same-repository PR)	Post Run actions/checkout@v4	2026-08-12T11:30:53.1534075Z [command]/usr/bin/git config --local --name-only --get-regexp ^includeIf\.gitdir:
prettier --write (same-repository PR)	Post Run actions/checkout@v4	2026-08-12T11:30:53.1588453Z [command]/usr/bin/git submodule foreach --recursive git config --local --show-origin --name-only --get-regexp remote.origin.url
prettier --write (same-repository PR)	Complete job	﻿2026-08-12T11:30:53.1964540Z Cleaning up orphan processes
prettier --write (same-repository PR)	Complete job	2026-08-12T11:30:53.2244388Z ##[warning]Node.js 20 is deprecated. The following actions target Node.js 20 but are being forced to run on Node.js 24: actions/checkout@v4, actions/setup-node@v4. For more information see: https://github.blog/changelog/2025-09-19-deprecation-of-node-20-on-github-actions-runners/
