quality (node 24)	Run npm test	﻿2026-08-31T11:34:27.9059361Z ##[group]Run npm test
quality (node 24)	Run npm test	2026-08-31T11:34:27.9059667Z ^[[36;1mnpm test^[[0m
quality (node 24)	Run npm test	2026-08-31T11:34:27.9096642Z shell: /usr/bin/bash -e {0}
quality (node 24)	Run npm test	2026-08-31T11:34:27.9096905Z env:
quality (node 24)	Run npm test	2026-08-31T11:34:27.9097326Z   NODE_VERSION: 24
quality (node 24)	Run npm test	2026-08-31T11:34:27.9097538Z ##[endgroup]
quality (node 24)	Run npm test	2026-08-31T11:34:28.0275753Z 
quality (node 24)	Run npm test	2026-08-31T11:34:28.0276265Z > motion5@0.0.0 test
quality (node 24)	Run npm test	2026-08-31T11:34:28.0276797Z > vitest run
quality (node 24)	Run npm test	2026-08-31T11:34:28.0276999Z 
quality (node 24)	Run npm test	2026-08-31T11:34:28.3389675Z 
quality (node 24)	Run npm test	2026-08-31T11:34:28.3394627Z ^[[1m^[[30m^[[46m RUN ^[[49m^[[39m^[[22m ^[[36mv4.1.10 ^[[39m^[[90m/home/runner/work/motion5/motion5^[[39m
quality (node 24)	Run npm test	2026-08-31T11:34:28.3395536Z 
quality (node 24)	Run npm test	2026-08-31T11:34:28.7050174Z  ^[[32m✓^[[39m packages/core/test/unit/scripts/evidence-case-ids.test.ts ^[[2m(^[[22m^[[2m2 tests^[[22m^[[2m)^[[22m^[[32m 26^[[2mms^[[22m^[[39m
quality (node 24)	Run npm test	2026-08-31T11:34:28.8009471Z  ^[[32m✓^[[39m packages/core/test/unit/plugins/pivot-offset-solve.test.ts ^[[2m(^[[22m^[[2m10 tests^[[22m^[[2m)^[[22m^[[32m 34^[[2mms^[[22m^[[39m
quality (node 24)	Run npm test	2026-08-31T11:34:28.9942394Z  ^[[32m✓^[[39m packages/core/test/unit/graph/resolve-solvers.test.ts ^[[2m(^[[22m^[[2m10 tests^[[22m^[[2m)^[[22m^[[32m 29^[[2mms^[[22m^[[39m
quality (node 24)	Run npm test	2026-08-31T11:34:29.1069454Z  ^[[32m✓^[[39m packages/core/test/unit/runtime/plugin-group-edit.test.ts ^[[2m(^[[22m^[[2m9 tests^[[22m^[[2m)^[[22m^[[32m 48^[[2mms^[[22m^[[39m
quality (node 24)	Run npm test	2026-08-31T11:34:29.2374940Z ^[[90mstderr^[[2m | packages/core/test/integration/phase7-walker-demo.test.ts^[[2m > ^[[22m^[[2mPhase 7: Walker Demo Integration Suite^[[2m > ^[[22m^[[2m9. Use React usePatch hook at the React boundary
quality (node 24)	Run npm test	2026-08-31T11:34:29.2398998Z ^[[22m^[[39mreact-test-renderer is deprecated. See https://react.dev/warnings/react-test-renderer
quality (node 24)	Run npm test	2026-08-31T11:34:29.2409447Z An update to Root inside a test was not wrapped in act(...).
quality (node 24)	Run npm test	2026-08-31T11:34:29.2410138Z 
quality (node 24)	Run npm test	2026-08-31T11:34:29.2411010Z When testing, code that causes React state updates should be wrapped into act(...):
quality (node 24)	Run npm test	2026-08-31T11:34:29.2412036Z 
quality (node 24)	Run npm test	2026-08-31T11:34:29.2412540Z act(() => {
quality (node 24)	Run npm test	2026-08-31T11:34:29.2419394Z   /* fire events that update state */
quality (node 24)	Run npm test	2026-08-31T11:34:29.2420190Z });
quality (node 24)	Run npm test	2026-08-31T11:34:29.2447855Z /* assert on the output */
quality (node 24)	Run npm test	2026-08-31T11:34:29.2457589Z 
quality (node 24)	Run npm test	2026-08-31T11:34:29.2459894Z This ensures that you're testing the behavior the user would see in the browser. Learn more at https://react.dev/link/wrap-tests-with-act
quality (node 24)	Run npm test	2026-08-31T11:34:29.2462458Z 
quality (node 24)	Run npm test	2026-08-31T11:34:29.2669029Z  ^[[32m✓^[[39m packages/core/test/integration/phase7-walker-demo.test.ts ^[[2m(^[[22m^[[2m13 tests^[[22m^[[2m)^[[22m^[[32m 132^[[2mms^[[22m^[[39m
quality (node 24)	Run npm test	2026-08-31T11:34:29.2960066Z  ^[[32m✓^[[39m packages/core/test/integration/bare-authored-leaf.test.ts ^[[2m(^[[22m^[[2m12 tests^[[22m^[[2m)^[[22m^[[32m 55^[[2mms^[[22m^[[39m
quality (node 24)	Run npm test	2026-08-31T11:34:29.4099557Z  ^[[32m✓^[[39m packages/core/test/unit/runtime/plugin-require-edit.test.ts ^[[2m(^[[22m^[[2m9 tests^[[22m^[[2m)^[[22m^[[32m 37^[[2mms^[[22m^[[39m
quality (node 24)	Run npm test	2026-08-31T11:34:29.5074625Z  ^[[32m✓^[[39m packages/core/test/unit/domain/dict-valued-requirements.test.ts ^[[2m(^[[22m^[[2m12 tests^[[22m^[[2m)^[[22m^[[32m 17^[[2mms^[[22m^[[39m
quality (node 24)	Run npm test	2026-08-31T11:34:29.5843291Z  ^[[32m✓^[[39m packages/core/test/integration/t4-runtime-motion-parity.test.ts ^[[2m(^[[22m^[[2m7 tests^[[22m^[[2m)^[[22m^[[32m 30^[[2mms^[[22m^[[39m
quality (node 24)	Run npm test	2026-08-31T11:34:29.7388945Z  ^[[31m❯^[[39m packages/core/test/unit/runtime/recompile-predicate.test.ts ^[[2m(^[[22m^[[2m5 tests^[[22m^[[2m | ^[[22m^[[31m2 failed^[[39m^[[2m)^[[22m^[[32m 58^[[2mms^[[22m^[[39m
quality (node 24)	Run npm test	2026-08-31T11:34:29.7391285Z ^[[31m     ^[[31m×^[[31m RA-57 skips the timeline build when the compiled input cannot have moved^[[39m^[[32m 18^[[2mms^[[22m^[[39m
quality (node 24)	Run npm test	2026-08-31T11:34:29.7393079Z      ^[[32m✓^[[39m RA-58 builds when a plugin joins the chain, and again when one leaves it^[[32m 4^[[2mms^[[22m^[[39m
quality (node 24)	Run npm test	2026-08-31T11:34:29.7394889Z      ^[[32m✓^[[39m RA-59 publishes what a fresh load publishes, whichever way the predicate answered^[[32m 30^[[2mms^[[22m^[[39m
quality (node 24)	Run npm test	2026-08-31T11:34:29.7396850Z ^[[31m     ^[[31m×^[[31m RA-60 keeps the registry's refusal on the path that skips the build^[[39m^[[32m 2^[[2mms^[[22m^[[39m
quality (node 24)	Run npm test	2026-08-31T11:34:29.7398700Z      ^[[32m✓^[[39m RA-61 builds when anything outside a plugin's bindings moved^[[32m 2^[[2mms^[[22m^[[39m
quality (node 24)	Run npm test	2026-08-31T11:34:29.7444652Z  ^[[32m✓^[[39m packages/core/test/unit/plugins/fabrik-solve.test.ts ^[[2m(^[[22m^[[2m8 tests^[[22m^[[2m)^[[22m^[[32m 32^[[2mms^[[22m^[[39m
quality (node 24)	Run npm test	2026-08-31T11:34:29.8300414Z  ^[[32m✓^[[39m packages/core/test/integration/engine-teardown-ownership.test.ts ^[[2m(^[[22m^[[2m6 tests^[[22m^[[2m)^[[22m^[[32m 17^[[2mms^[[22m^[[39m
quality (node 24)	Run npm test	2026-08-31T11:34:29.9937882Z  ^[[32m✓^[[39m packages/core/test/unit/runtime/publisher-solver-members.test.ts ^[[2m(^[[22m^[[2m6 tests^[[22m^[[2m)^[[22m^[[32m 19^[[2mms^[[22m^[[39m
quality (node 24)	Run npm test	2026-08-31T11:34:30.0008949Z  ^[[32m✓^[[39m packages/core/test/unit/graph/solver-goals.test.ts ^[[2m(^[[22m^[[2m11 tests^[[22m^[[2m)^[[22m^[[32m 22^[[2mms^[[22m^[[39m
quality (node 24)	Run npm test	2026-08-31T11:34:30.1076341Z  ^[[32m✓^[[39m packages/core/test/integration/plugin-group-values-section.test.ts ^[[2m(^[[22m^[[2m13 tests^[[22m^[[2m)^[[22m^[[32m 43^[[2mms^[[22m^[[39m
quality (node 24)	Run npm test	2026-08-31T11:34:30.3565981Z  ^[[32m✓^[[39m packages/core/test/unit/runtime/live-value-updates.test.ts ^[[2m(^[[22m^[[2m9 tests^[[22m^[[2m)^[[22m^[[32m 62^[[2mms^[[22m^[[39m
quality (node 24)	Run npm test	2026-08-31T11:34:30.3844802Z  ^[[32m✓^[[39m packages/core/test/unit/runtime/handle-base.test.ts ^[[2m(^[[22m^[[2m6 tests^[[22m^[[2m)^[[22m^[[32m 24^[[2mms^[[22m^[[39m
quality (node 24)	Run npm test	2026-08-31T11:34:30.3922038Z  ^[[32m✓^[[39m packages/core/test/contract/gsap-patch-keys.test.ts ^[[2m(^[[22m^[[2m11 tests^[[22m^[[2m)^[[22m^[[32m 41^[[2mms^[[22m^[[39m
quality (node 24)	Run npm test	2026-08-31T11:34:30.5899564Z  ^[[32m✓^[[39m packages/core/test/unit/domain/plugins.test.ts ^[[2m(^[[22m^[[2m19 tests^[[22m^[[2m)^[[22m^[[32m 18^[[2mms^[[22m^[[39m
quality (node 24)	Run npm test	2026-08-31T11:34:30.6114194Z  ^[[32m✓^[[39m packages/core/test/unit/domain/track-live-values.test.ts ^[[2m(^[[22m^[[2m7 tests^[[22m^[[2m)^[[22m^[[32m 13^[[2mms^[[22m^[[39m
quality (node 24)	Run npm test	2026-08-31T11:34:30.6849869Z  ^[[32m✓^[[39m packages/core/test/integration/trigger-time-loop.test.ts ^[[2m(^[[22m^[[2m11 tests^[[22m^[[2m)^[[22m^[[32m 44^[[2mms^[[22m^[[39m
quality (node 24)	Run npm test	2026-08-31T11:34:30.8314938Z  ^[[32m✓^[[39m packages/core/test/unit/runtime/stale-track-handle.test.ts ^[[2m(^[[22m^[[2m7 tests^[[22m^[[2m)^[[22m^[[32m 19^[[2mms^[[22m^[[39m
quality (node 24)	Run npm test	2026-08-31T11:34:30.8592801Z  ^[[32m✓^[[39m packages/core/test/unit/runtime/motion-driver-edit.test.ts ^[[2m(^[[22m^[[2m6 tests^[[22m^[[2m)^[[22m^[[32m 18^[[2mms^[[22m^[[39m
quality (node 24)	Run npm test	2026-08-31T11:34:30.9198751Z  ^[[32m✓^[[39m packages/core/test/unit/runtime/structural-commit-path.test.ts ^[[2m(^[[22m^[[2m7 tests^[[22m^[[2m)^[[22m^[[32m 19^[[2mms^[[22m^[[39m
quality (node 24)	Run npm test	2026-08-31T11:34:31.0831235Z  ^[[32m✓^[[39m packages/core/test/integration/authored-leaf-reader.test.ts ^[[2m(^[[22m^[[2m4 tests^[[22m^[[2m)^[[22m^[[32m 9^[[2mms^[[22m^[[39m
quality (node 24)	Run npm test	2026-08-31T11:34:31.1431915Z  ^[[32m✓^[[39m packages/core/test/unit/graph/solved-pivot-offset.test.ts ^[[2m(^[[22m^[[2m3 tests^[[22m^[[2m)^[[22m^[[32m 10^[[2mms^[[22m^[[39m
quality (node 24)	Run npm test	2026-08-31T11:34:31.1726024Z  ^[[32m✓^[[39m packages/core/test/unit/scripts/boundary-scan.test.ts ^[[2m(^[[22m^[[2m18 tests^[[22m^[[2m)^[[22m^[[32m 147^[[2mms^[[22m^[[39m
quality (node 24)	Run npm test	2026-08-31T11:34:31.3000309Z  ^[[32m✓^[[39m packages/core/test/unit/domain/motion-track-resolution.test.ts ^[[2m(^[[22m^[[2m12 tests^[[22m^[[2m)^[[22m^[[32m 18^[[2mms^[[22m^[[39m
quality (node 24)	Run npm test	2026-08-31T11:34:31.3695399Z  ^[[32m✓^[[39m packages/core/test/unit/graph/solved-rotation-weight.test.ts ^[[2m(^[[22m^[[2m5 tests^[[22m^[[2m)^[[22m^[[32m 18^[[2mms^[[22m^[[39m
quality (node 24)	Run npm test	2026-08-31T11:34:31.4933049Z  ^[[32m✓^[[39m packages/core/test/integration/solver-member-cache.test.ts ^[[2m(^[[22m^[[2m4 tests^[[22m^[[2m)^[[22m^[[32m 47^[[2mms^[[22m^[[39m
quality (node 24)	Run npm test	2026-08-31T11:34:31.6026765Z  ^[[32m✓^[[39m packages/core/test/unit/runtime/clock-consumer-error-boundary.test.ts ^[[2m(^[[22m^[[2m7 tests^[[22m^[[2m)^[[22m^[[32m 19^[[2mms^[[22m^[[39m
quality (node 24)	Run npm test	2026-08-31T11:34:31.6508915Z  ^[[32m✓^[[39m packages/core/test/integration/ik-fabrik-chain.test.ts ^[[2m(^[[22m^[[2m2 tests^[[22m^[[2m)^[[22m^[[32m 54^[[2mms^[[22m^[[39m
quality (node 24)	Run npm test	2026-08-31T11:34:31.8080078Z  ^[[32m✓^[[39m packages/core/test/integration/ik-two-bone.test.ts ^[[2m(^[[22m^[[2m4 tests^[[22m^[[2m)^[[22m^[[32m 39^[[2mms^[[22m^[[39m
quality (node 24)	Run npm test	2026-08-31T11:34:31.8364701Z  ^[[32m✓^[[39m packages/core/test/unit/graph/graph-dependents.test.ts ^[[2m(^[[22m^[[2m5 tests^[[22m^[[2m)^[[22m^[[32m 15^[[2mms^[[22m^[[39m
quality (node 24)	Run npm test	2026-08-31T11:34:31.9240701Z  ^[[32m✓^[[39m packages/core/test/integration/rollback-error-precedence.test.ts ^[[2m(^[[22m^[[2m3 tests^[[22m^[[2m)^[[22m^[[32m 19^[[2mms^[[22m^[[39m
quality (node 24)	Run npm test	2026-08-31T11:34:32.0799469Z  ^[[32m✓^[[39m packages/core/test/unit/adapters/incremental-graph-builder-eviction.test.ts ^[[2m(^[[22m^[[2m7 tests^[[22m^[[2m)^[[22m^[[32m 15^[[2mms^[[22m^[[39m
quality (node 24)	Run npm test	2026-08-31T11:34:32.0912985Z  ^[[32m✓^[[39m packages/core/test/unit/domain/motion-dispose-ownership.test.ts ^[[2m(^[[22m^[[2m5 tests^[[22m^[[2m)^[[22m^[[32m 21^[[2mms^[[22m^[[39m
quality (node 24)	Run npm test	2026-08-31T11:34:32.1520696Z  ^[[32m✓^[[39m packages/core/test/unit/graph/finalize-graph.test.ts ^[[2m(^[[22m^[[2m4 tests^[[22m^[[2m)^[[22m^[[32m 16^[[2mms^[[22m^[[39m
quality (node 24)	Run npm test	2026-08-31T11:34:32.3559351Z  ^[[32m✓^[[39m packages/core/test/integration/adoption.test.ts ^[[2m(^[[22m^[[2m10 tests^[[22m^[[2m)^[[22m^[[32m 29^[[2mms^[[22m^[[39m
quality (node 24)	Run npm test	2026-08-31T11:34:32.3639238Z  ^[[32m✓^[[39m packages/core/test/contract/microtask-scheduler.test.ts ^[[2m(^[[22m^[[2m8 tests^[[22m^[[2m)^[[22m^[[32m 13^[[2mms^[[22m^[[39m
quality (node 24)	Run npm test	2026-08-31T11:34:32.3678727Z  ^[[32m✓^[[39m packages/core/test/unit/domain/motion-track-mutation-atomicity.test.ts ^[[2m(^[[22m^[[2m6 tests^[[22m^[[2m)^[[22m^[[32m 11^[[2mms^[[22m^[[39m
quality (node 24)	Run npm test	2026-08-31T11:34:32.5563729Z  ^[[32m✓^[[39m packages/core/test/unit/plugins/fabrik-dispatch.test.ts ^[[2m(^[[22m^[[2m3 tests^[[22m^[[2m)^[[22m^[[32m 13^[[2mms^[[22m^[[39m
quality (node 24)	Run npm test	2026-08-31T11:34:32.5685531Z  ^[[32m✓^[[39m packages/core/test/contract/v5-validator.test.ts ^[[2m(^[[22m^[[2m14 tests^[[22m^[[2m)^[[22m^[[32m 18^[[2mms^[[22m^[[39m
quality (node 24)	Run npm test	2026-08-31T11:34:32.5862406Z  ^[[32m✓^[[39m packages/core/test/unit/plugins/ik-solve.test.ts ^[[2m(^[[22m^[[2m6 tests^[[22m^[[2m)^[[22m^[[32m 9^[[2mms^[[22m^[[39m
quality (node 24)	Run npm test	2026-08-31T11:34:32.7924571Z  ^[[32m✓^[[39m packages/core/test/unit/graph/incremental-cache.test.ts ^[[2m(^[[22m^[[2m6 tests^[[22m^[[2m)^[[22m^[[32m 16^[[2mms^[[22m^[[39m
quality (node 24)	Run npm test	2026-08-31T11:34:32.8248099Z  ^[[32m✓^[[39m packages/core/test/unit/runtime/structural-commit-flush.test.ts ^[[2m(^[[22m^[[2m6 tests^[[22m^[[2m)^[[22m^[[32m 21^[[2mms^[[22m^[[39m
quality (node 24)	Run npm test	2026-08-31T11:34:32.8458533Z  ^[[32m✓^[[39m packages/core/test/integration/motion-trigger-types.test.ts ^[[2m(^[[22m^[[2m4 tests^[[22m^[[2m)^[[22m^[[32m 28^[[2mms^[[22m^[[39m
quality (node 24)	Run npm test	2026-08-31T11:34:33.0289786Z  ^[[32m✓^[[39m packages/core/test/unit/plugins/fk-solved-weight.test.ts ^[[2m(^[[22m^[[2m7 tests^[[22m^[[2m)^[[22m^[[32m 9^[[2mms^[[22m^[[39m
quality (node 24)	Run npm test	2026-08-31T11:34:33.0749185Z  ^[[32m✓^[[39m packages/core/test/integration/plugin-owned-requirements.test.ts ^[[2m(^[[22m^[[2m6 tests^[[22m^[[2m)^[[22m^[[32m 44^[[2mms^[[22m^[[39m
quality (node 24)	Run npm test	2026-08-31T11:34:33.1128974Z  ^[[32m✓^[[39m packages/core/test/integration/phase0-red-baseline.test.ts ^[[2m(^[[22m^[[2m5 tests^[[22m^[[2m)^[[22m^[[32m 26^[[2mms^[[22m^[[39m
quality (node 24)	Run npm test	2026-08-31T11:34:33.2723673Z  ^[[32m✓^[[39m packages/core/test/unit/graph/single-input-channel.test.ts ^[[2m(^[[22m^[[2m7 tests^[[22m^[[2m)^[[22m^[[32m 9^[[2mms^[[22m^[[39m
quality (node 24)	Run npm test	2026-08-31T11:34:33.2799024Z  ^[[32m✓^[[39m packages/core/test/integration/replace-track-transactionality.test.ts ^[[2m(^[[22m^[[2m4 tests^[[22m^[[2m)^[[22m^[[32m 31^[[2mms^[[22m^[[39m
quality (node 24)	Run npm test	2026-08-31T11:34:33.3741038Z  ^[[32m✓^[[39m packages/core/test/integration/phase4-dynamic-lifecycle.test.ts ^[[2m(^[[22m^[[2m6 tests^[[22m^[[2m)^[[22m^[[32m 25^[[2mms^[[22m^[[39m
quality (node 24)	Run npm test	2026-08-31T11:34:33.4995090Z  ^[[32m✓^[[39m packages/core/test/unit/domain/track-compose-from.test.ts ^[[2m(^[[22m^[[2m7 tests^[[22m^[[2m)^[[22m^[[32m 11^[[2mms^[[22m^[[39m
quality (node 24)	Run npm test	2026-08-31T11:34:33.5400805Z  ^[[32m✓^[[39m packages/core/test/contract/trigger-factory.test.ts ^[[2m(^[[22m^[[2m9 tests^[[22m^[[2m)^[[22m^[[32m 22^[[2mms^[[22m^[[39m
quality (node 24)	Run npm test	2026-08-31T11:34:33.5890097Z  ^[[32m✓^[[39m packages/core/test/unit/graph/arity-lift.test.ts ^[[2m(^[[22m^[[2m2 tests^[[22m^[[2m)^[[22m^[[32m 12^[[2mms^[[22m^[[39m
quality (node 24)	Run npm test	2026-08-31T11:34:33.7210485Z  ^[[32m✓^[[39m packages/core/test/unit/domain/plugin-contribution-contract.test.ts ^[[2m(^[[22m^[[2m6 tests^[[22m^[[2m)^[[22m^[[32m 16^[[2mms^[[22m^[[39m
quality (node 24)	Run npm test	2026-08-31T11:34:33.7459436Z  ^[[32m✓^[[39m packages/core/test/unit/domain/track.test.ts ^[[2m(^[[22m^[[2m9 tests^[[22m^[[2m)^[[22m^[[32m 17^[[2mms^[[22m^[[39m
quality (node 24)	Run npm test	2026-08-31T11:34:33.8385094Z  ^[[32m✓^[[39m packages/core/test/unit/plugins/fk-pivot-offset.test.ts ^[[2m(^[[22m^[[2m6 tests^[[22m^[[2m)^[[22m^[[32m 12^[[2mms^[[22m^[[39m
quality (node 24)	Run npm test	2026-08-31T11:34:33.9969820Z  ^[[32m✓^[[39m packages/core/test/contract/gsap-one-tween.test.ts ^[[2m(^[[22m^[[2m11 tests^[[22m^[[2m)^[[22m^[[32m 34^[[2mms^[[22m^[[39m
quality (node 24)	Run npm test	2026-08-31T11:34:34.0907571Z  ^[[32m✓^[[39m packages/core/test/unit/runtime/track-staging.test.ts ^[[2m(^[[22m^[[2m4 tests^[[22m^[[2m)^[[22m^[[32m 17^[[2mms^[[22m^[[39m
quality (node 24)	Run npm test	2026-08-31T11:34:34.2889533Z  ^[[32m✓^[[39m packages/core/test/integration/trigger-time.test.ts ^[[2m(^[[22m^[[2m7 tests^[[22m^[[2m)^[[22m^[[32m 37^[[2mms^[[22m^[[39m
quality (node 24)	Run npm test	2026-08-31T11:34:34.3358226Z  ^[[32m✓^[[39m packages/core/test/unit/runtime/publisher-reentrancy.test.ts ^[[2m(^[[22m^[[2m5 tests^[[22m^[[2m)^[[22m^[[32m 17^[[2mms^[[22m^[[39m
quality (node 24)	Run npm test	2026-08-31T11:34:34.5249300Z  ^[[32m✓^[[39m packages/core/test/unit/domain/motion.test.ts ^[[2m(^[[22m^[[2m11 tests^[[22m^[[2m)^[[22m^[[32m 17^[[2mms^[[22m^[[39m
quality (node 24)	Run npm test	2026-08-31T11:34:34.5718789Z  ^[[32m✓^[[39m packages/core/test/unit/runtime/patch-registry.test.ts ^[[2m(^[[22m^[[2m10 tests^[[22m^[[2m)^[[22m^[[32m 16^[[2mms^[[22m^[[39m
quality (node 24)	Run npm test	2026-08-31T11:34:34.8253596Z  ^[[32m✓^[[39m packages/core/test/unit/graph/observation-state.test.ts ^[[2m(^[[22m^[[2m8 tests^[[22m^[[2m)^[[22m^[[32m 16^[[2mms^[[22m^[[39m
quality (node 24)	Run npm test	2026-08-31T11:34:34.8957496Z  ^[[32m✓^[[39m packages/core/test/integration/ik-multi-goal.test.ts ^[[2m(^[[22m^[[2m2 tests^[[22m^[[2m)^[[22m^[[32m 41^[[2mms^[[22m^[[39m
quality (node 24)	Run npm test	2026-08-31T11:34:35.1099264Z  ^[[32m✓^[[39m packages/core/test/integration/trigger-scroll.test.ts ^[[2m(^[[22m^[[2m6 tests^[[22m^[[2m)^[[22m^[[32m 29^[[2mms^[[22m^[[39m
quality (node 24)	Run npm test	2026-08-31T11:34:35.2320381Z  ^[[32m✓^[[39m packages/core/test/integration/mutation-transactionality.test.ts ^[[2m(^[[22m^[[2m3 tests^[[22m^[[2m)^[[22m^[[32m 45^[[2mms^[[22m^[[39m
quality (node 24)	Run npm test	2026-08-31T11:34:35.4010997Z  ^[[32m✓^[[39m packages/core/test/integration/engine-x3-contribution.test.ts ^[[2m(^[[22m^[[2m5 tests^[[22m^[[2m)^[[22m^[[32m 38^[[2mms^[[22m^[[39m
quality (node 24)	Run npm test	2026-08-31T11:34:35.4660494Z  ^[[32m✓^[[39m packages/core/test/unit/adapters/time-loop-cycle.test.ts ^[[2m(^[[22m^[[2m10 tests^[[22m^[[2m)^[[22m^[[32m 13^[[2mms^[[22m^[[39m
quality (node 24)	Run npm test	2026-08-31T11:34:35.6859206Z  ^[[32m✓^[[39m packages/core/test/integration/per-plugin-key-ownership.test.ts ^[[2m(^[[22m^[[2m4 tests^[[22m^[[2m)^[[22m^[[32m 30^[[2mms^[[22m^[[39m
quality (node 24)	Run npm test	2026-08-31T11:34:35.7580966Z  ^[[32m✓^[[39m packages/core/test/integration/phase3-trigger-port.test.ts ^[[2m(^[[22m^[[2m5 tests^[[22m^[[2m)^[[22m^[[32m 22^[[2mms^[[22m^[[39m
quality (node 24)	Run npm test	2026-08-31T11:34:35.8974001Z  ^[[32m✓^[[39m packages/core/test/unit/runtime/publisher-snapshot-memo.test.ts ^[[2m(^[[22m^[[2m4 tests^[[22m^[[2m)^[[22m^[[32m 13^[[2mms^[[22m^[[39m
quality (node 24)	Run npm test	2026-08-31T11:34:36.1072571Z  ^[[32m✓^[[39m packages/core/test/unit/runtime/live-value-animated.test.ts ^[[2m(^[[22m^[[2m3 tests^[[22m^[[2m)^[[22m^[[32m 52^[[2mms^[[22m^[[39m
quality (node 24)	Run npm test	2026-08-31T11:34:36.1189122Z  ^[[32m✓^[[39m packages/core/test/integration/p2-runtime-smells.test.ts ^[[2m(^[[22m^[[2m6 tests^[[22m^[[2m)^[[22m^[[32m 12^[[2mms^[[22m^[[39m
quality (node 24)	Run npm test	2026-08-31T11:34:36.3595417Z  ^[[32m✓^[[39m packages/core/test/unit/graph/observation-target-removal.test.ts ^[[2m(^[[22m^[[2m5 tests^[[22m^[[2m)^[[22m^[[32m 10^[[2mms^[[22m^[[39m
quality (node 24)	Run npm test	2026-08-31T11:34:36.3600169Z  ^[[32m✓^[[39m packages/core/test/unit/graph/solver-goal-required.test.ts ^[[2m(^[[22m^[[2m2 tests^[[22m^[[2m)^[[22m^[[32m 13^[[2mms^[[22m^[[39m
quality (node 24)	Run npm test	2026-08-31T11:34:36.6215168Z  ^[[32m✓^[[39m packages/core/test/contract/validation-owner.test.ts ^[[2m(^[[22m^[[2m6 tests^[[22m^[[2m)^[[22m^[[32m 17^[[2mms^[[22m^[[39m
quality (node 24)	Run npm test	2026-08-31T11:34:36.6371878Z  ^[[32m✓^[[39m packages/core/test/integration/option-c-track-resolution.test.ts ^[[2m(^[[22m^[[2m5 tests^[[22m^[[2m)^[[22m^[[32m 38^[[2mms^[[22m^[[39m
quality (node 24)	Run npm test	2026-08-31T11:34:36.8499369Z  ^[[32m✓^[[39m packages/core/test/unit/domain/plugin-requirements.test.ts ^[[2m(^[[22m^[[2m6 tests^[[22m^[[2m)^[[22m^[[32m 14^[[2mms^[[22m^[[39m
quality (node 24)	Run npm test	2026-08-31T11:34:36.9514558Z  ^[[32m✓^[[39m packages/core/test/unit/scripts/public-declaration-surface.test.ts ^[[2m(^[[22m^[[2m3 tests^[[22m^[[2m)^[[22m^[[33m 3027^[[2mms^[[22m^[[39m
quality (node 24)	Run npm test	2026-08-31T11:34:36.9517010Z      ^[[33m^[[2m✓^[[22m^[[39m scans the emitted entry declaration closure, not just source strings ^[[33m 3023^[[2mms^[[22m^[[39m
quality (node 24)	Run npm test	2026-08-31T11:34:36.9647708Z  ^[[32m✓^[[39m packages/core/test/integration/phase2-motion-scheduling.test.ts ^[[2m(^[[22m^[[2m5 tests^[[22m^[[2m)^[[22m^[[32m 27^[[2mms^[[22m^[[39m
quality (node 24)	Run npm test	2026-08-31T11:34:37.0432277Z  ^[[32m✓^[[39m packages/core/test/unit/plugins/angle-blend.test.ts ^[[2m(^[[22m^[[2m4 tests^[[22m^[[2m)^[[22m^[[32m 8^[[2mms^[[22m^[[39m
quality (node 24)	Run npm test	2026-08-31T11:34:37.1723330Z  ^[[32m✓^[[39m packages/core/test/unit/plugins/fabrik-arity-one.test.ts ^[[2m(^[[22m^[[2m1 test^[[22m^[[2m)^[[22m^[[32m 7^[[2mms^[[22m^[[39m
quality (node 24)	Run npm test	2026-08-31T11:34:37.2342453Z  ^[[32m✓^[[39m packages/core/test/integration/live-value-composition.test.ts ^[[2m(^[[22m^[[2m2 tests^[[22m^[[2m)^[[22m^[[32m 46^[[2mms^[[22m^[[39m
quality (node 24)	Run npm test	2026-08-31T11:34:37.3329453Z  ^[[32m✓^[[39m packages/core/test/integration/unified-mutation-surface.test.ts ^[[2m(^[[22m^[[2m5 tests^[[22m^[[2m)^[[22m^[[32m 33^[[2mms^[[22m^[[39m
quality (node 24)	Run npm test	2026-08-31T11:34:37.4553482Z  ^[[32m✓^[[39m packages/core/test/integration/runtime-motion-lifecycle.test.ts ^[[2m(^[[22m^[[2m6 tests^[[22m^[[2m)^[[22m^[[32m 32^[[2mms^[[22m^[[39m
quality (node 24)	Run npm test	2026-08-31T11:34:37.4649913Z  ^[[32m✓^[[39m packages/core/test/unit/runtime/clock-tick-identity.test.ts ^[[2m(^[[22m^[[2m4 tests^[[22m^[[2m)^[[22m^[[32m 17^[[2mms^[[22m^[[39m
quality (node 24)	Run npm test	2026-08-31T11:34:37.5851766Z  ^[[32m✓^[[39m packages/core/test/contract/gsap-equivalence.test.ts ^[[2m(^[[22m^[[2m6 tests^[[22m^[[2m)^[[22m^[[32m 29^[[2mms^[[22m^[[39m
quality (node 24)	Run npm test	2026-08-31T11:34:37.6669053Z  ^[[32m✓^[[39m packages/core/test/unit/runtime/patch-registry-structural-change.test.ts ^[[2m(^[[22m^[[2m7 tests^[[22m^[[2m)^[[22m^[[32m 10^[[2mms^[[22m^[[39m
quality (node 24)	Run npm test	2026-08-31T11:34:37.7177682Z  ^[[32m✓^[[39m packages/core/test/integration/observation-identity.test.ts ^[[2m(^[[22m^[[2m5 tests^[[22m^[[2m)^[[22m^[[32m 31^[[2mms^[[22m^[[39m
quality (node 24)	Run npm test	2026-08-31T11:34:37.7939827Z  ^[[32m✓^[[39m packages/core/test/integration/cross-motion.test.ts ^[[2m(^[[22m^[[2m3 tests^[[22m^[[2m)^[[22m^[[32m 13^[[2mms^[[22m^[[39m
quality (node 24)	Run npm test	2026-08-31T11:34:37.9428579Z  ^[[32m✓^[[39m packages/core/test/unit/graph/ir-validation.test.ts ^[[2m(^[[22m^[[2m6 tests^[[22m^[[2m)^[[22m^[[32m 13^[[2mms^[[22m^[[39m
quality (node 24)	Run npm test	2026-08-31T11:34:37.9454941Z  ^[[32m✓^[[39m packages/core/test/integration/issue-114-motion-track-regressions.test.ts ^[[2m(^[[22m^[[2m5 tests^[[22m^[[2m)^[[22m^[[32m 36^[[2mms^[[22m^[[39m
quality (node 24)	Run npm test	2026-08-31T11:34:38.0069013Z  ^[[32m✓^[[39m packages/core/test/unit/graph/order.test.ts ^[[2m(^[[22m^[[2m8 tests^[[22m^[[2m)^[[22m^[[32m 13^[[2mms^[[22m^[[39m
quality (node 24)	Run npm test	2026-08-31T11:34:38.1747313Z  ^[[32m✓^[[39m packages/core/test/unit/domain/motion-progress-range.test.ts ^[[2m(^[[22m^[[2m4 tests^[[22m^[[2m)^[[22m^[[32m 12^[[2mms^[[22m^[[39m
quality (node 24)	Run npm test	2026-08-31T11:34:38.2159760Z  ^[[32m✓^[[39m packages/core/test/integration/diagnostics.test.ts ^[[2m(^[[22m^[[2m4 tests^[[22m^[[2m)^[[22m^[[32m 13^[[2mms^[[22m^[[39m
quality (node 24)	Run npm test	2026-08-31T11:34:38.3515924Z  ^[[32m✓^[[39m packages/core/test/unit/adapters/trigger-factory-no-fallback.test.ts ^[[2m(^[[22m^[[2m3 tests^[[22m^[[2m)^[[22m^[[32m 8^[[2mms^[[22m^[[39m
quality (node 24)	Run npm test	2026-08-31T11:34:38.4615213Z  ^[[32m✓^[[39m packages/core/test/unit/runtime/composition-output-shape.test.ts ^[[2m(^[[22m^[[2m3 tests^[[22m^[[2m)^[[22m^[[32m 16^[[2mms^[[22m^[[39m
quality (node 24)	Run npm test	2026-08-31T11:34:38.6048407Z  ^[[32m✓^[[39m packages/core/test/contract/gsap-authored-duration.test.ts ^[[2m(^[[22m^[[2m5 tests^[[22m^[[2m)^[[22m^[[32m 18^[[2mms^[[22m^[[39m
quality (node 24)	Run npm test	2026-08-31T11:34:38.6899673Z  ^[[32m✓^[[39m packages/core/test/unit/runtime/scheduler-reentrancy.test.ts ^[[2m(^[[22m^[[2m4 tests^[[22m^[[2m)^[[22m^[[32m 16^[[2mms^[[22m^[[39m
quality (node 24)	Run npm test	2026-08-31T11:34:38.8424613Z  ^[[32m✓^[[39m packages/core/test/unit/runtime/patch-registry-subscriber-errors.test.ts ^[[2m(^[[22m^[[2m4 tests^[[22m^[[2m)^[[22m^[[32m 11^[[2mms^[[22m^[[39m
quality (node 24)	Run npm test	2026-08-31T11:34:38.9774275Z  ^[[32m✓^[[39m packages/core/test/integration/adopted-track-immutability.test.ts ^[[2m(^[[22m^[[2m4 tests^[[22m^[[2m)^[[22m^[[32m 28^[[2mms^[[22m^[[39m
quality (node 24)	Run npm test	2026-08-31T11:34:39.0477751Z  ^[[32m✓^[[39m packages/core/test/unit/adapters/scroll-trigger-gsap.test.ts ^[[2m(^[[22m^[[2m4 tests^[[22m^[[2m)^[[22m^[[32m 10^[[2mms^[[22m^[[39m
quality (node 24)	Run npm test	2026-08-31T11:34:39.2749390Z  ^[[32m✓^[[39m packages/core/test/integration/publisher-output-merge-consistency.test.ts ^[[2m(^[[22m^[[2m2 tests^[[22m^[[2m)^[[22m^[[32m 14^[[2mms^[[22m^[[39m
quality (node 24)	Run npm test	2026-08-31T11:34:39.3255739Z  ^[[32m✓^[[39m packages/core/test/unit/runtime/publisher-requirement-inputs.test.ts ^[[2m(^[[22m^[[2m2 tests^[[22m^[[2m)^[[22m^[[32m 8^[[2mms^[[22m^[[39m
quality (node 24)	Run npm test	2026-08-31T11:34:39.5910116Z  ^[[32m✓^[[39m packages/core/test/integration/replace-motion-track.test.ts ^[[2m(^[[22m^[[2m3 tests^[[22m^[[2m)^[[22m^[[32m 30^[[2mms^[[22m^[[39m
quality (node 24)	Run npm test	2026-08-31T11:34:39.6162028Z  ^[[32m✓^[[39m packages/core/test/integration/keyframe-groups.test.ts ^[[2m(^[[22m^[[2m3 tests^[[22m^[[2m)^[[22m^[[32m 36^[[2mms^[[22m^[[39m
quality (node 24)	Run npm test	2026-08-31T11:34:39.8720120Z  ^[[32m✓^[[39m packages/core/test/integration/engine-headless.test.ts ^[[2m(^[[22m^[[2m4 tests^[[22m^[[2m)^[[22m^[[32m 37^[[2mms^[[22m^[[39m
quality (node 24)	Run npm test	2026-08-31T11:34:39.9089423Z  ^[[32m✓^[[39m packages/core/test/integration/internal-key-strip.test.ts ^[[2m(^[[22m^[[2m3 tests^[[22m^[[2m)^[[22m^[[32m 24^[[2mms^[[22m^[[39m
quality (node 24)	Run npm test	2026-08-31T11:34:40.1354377Z  ^[[32m✓^[[39m packages/core/test/integration/handle-adoption.test.ts ^[[2m(^[[22m^[[2m4 tests^[[22m^[[2m)^[[22m^[[32m 29^[[2mms^[[22m^[[39m
quality (node 24)	Run npm test	2026-08-31T11:34:40.1821778Z  ^[[32m✓^[[39m packages/core/test/integration/remount.test.ts ^[[2m(^[[22m^[[2m2 tests^[[22m^[[2m)^[[22m^[[32m 31^[[2mms^[[22m^[[39m
quality (node 24)	Run npm test	2026-08-31T11:34:40.3565693Z  ^[[32m✓^[[39m packages/core/test/contract/ports.test.ts ^[[2m(^[[22m^[[2m7 tests^[[22m^[[2m)^[[22m^[[32m 12^[[2mms^[[22m^[[39m
quality (node 24)	Run npm test	2026-08-31T11:34:40.4210432Z  ^[[32m✓^[[39m packages/core/test/unit/graph/edge-order.test.ts ^[[2m(^[[22m^[[2m2 tests^[[22m^[[2m)^[[22m^[[32m 16^[[2mms^[[22m^[[39m
quality (node 24)	Run npm test	2026-08-31T11:34:40.6495641Z  ^[[32m✓^[[39m packages/core/test/unit/graph/references.test.ts ^[[2m(^[[22m^[[2m7 tests^[[22m^[[2m)^[[22m^[[32m 9^[[2mms^[[22m^[[39m
quality (node 24)	Run npm test	2026-08-31T11:34:40.6803375Z ^[[90mstderr^[[2m | packages/react/test/public-hook-render.test.ts^[[2m > ^[[22m^[[2mReact public hook render/update (C2)^[[2m > ^[[22m^[[2mrenders the current patch and updates after publication
quality (node 24)	Run npm test	2026-08-31T11:34:40.6806028Z ^[[22m^[[39mreact-test-renderer is deprecated. See https://react.dev/warnings/react-test-renderer
quality (node 24)	Run npm test	2026-08-31T11:34:40.6807836Z An update to Root inside a test was not wrapped in act(...).
quality (node 24)	Run npm test	2026-08-31T11:34:40.6808548Z 
quality (node 24)	Run npm test	2026-08-31T11:34:40.6810362Z When testing, code that causes React state updates should be wrapped into act(...):
quality (node 24)	Run npm test	2026-08-31T11:34:40.6811274Z 
quality (node 24)	Run npm test	2026-08-31T11:34:40.6819568Z act(() => {
quality (node 24)	Run npm test	2026-08-31T11:34:40.6820291Z   /* fire events that update state */
quality (node 24)	Run npm test	2026-08-31T11:34:40.6821176Z });
quality (node 24)	Run npm test	2026-08-31T11:34:40.6825693Z /* assert on the output */
quality (node 24)	Run npm test	2026-08-31T11:34:40.6826278Z 
quality (node 24)	Run npm test	2026-08-31T11:34:40.6827965Z This ensures that you're testing the behavior the user would see in the browser. Learn more at https://react.dev/link/wrap-tests-with-act
quality (node 24)	Run npm test	2026-08-31T11:34:40.6829524Z 
quality (node 24)	Run npm test	2026-08-31T11:34:40.6969586Z ^[[90mstderr^[[2m | packages/react/test/public-hook-render.test.ts^[[2m > ^[[22m^[[2mReact public hook render/update (C2)^[[2m > ^[[22m^[[2mH-4 hands a consumer the same stripped values the publisher retained
quality (node 24)	Run npm test	2026-08-31T11:34:40.7004785Z  ^[[32m✓^[[39m packages/react/test/public-hook-render.test.ts ^[[2m(^[[22m^[[2m2 tests^[[22m^[[2m)^[[22m^[[32m 34^[[2mms^[[22m^[[39m
quality (node 24)	Run npm test	2026-08-31T11:34:40.7007028Z ^[[22m^[[39mreact-test-renderer is deprecated. See https://react.dev/warnings/react-test-renderer
quality (node 24)	Run npm test	2026-08-31T11:34:40.7040219Z An update to Root inside a test was not wrapped in act(...).
quality (node 24)	Run npm test	2026-08-31T11:34:40.7047763Z 
quality (node 24)	Run npm test	2026-08-31T11:34:40.7048756Z When testing, code that causes React state updates should be wrapped into act(...):
quality (node 24)	Run npm test	2026-08-31T11:34:40.7049810Z 
quality (node 24)	Run npm test	2026-08-31T11:34:40.7050174Z act(() => {
quality (node 24)	Run npm test	2026-08-31T11:34:40.7050861Z   /* fire events that update state */
quality (node 24)	Run npm test	2026-08-31T11:34:40.7051598Z });
quality (node 24)	Run npm test	2026-08-31T11:34:40.7052245Z /* assert on the output */
quality (node 24)	Run npm test	2026-08-31T11:34:40.7052764Z 
quality (node 24)	Run npm test	2026-08-31T11:34:40.7054036Z This ensures that you're testing the behavior the user would see in the browser. Learn more at https://react.dev/link/wrap-tests-with-act
quality (node 24)	Run npm test	2026-08-31T11:34:40.7055290Z 
quality (node 24)	Run npm test	2026-08-31T11:34:40.8979238Z  ^[[32m✓^[[39m packages/core/test/integration/graph-publisher.test.ts ^[[2m(^[[22m^[[2m3 tests^[[22m^[[2m)^[[22m^[[32m 11^[[2mms^[[22m^[[39m
quality (node 24)	Run npm test	2026-08-31T11:34:40.9704237Z  ^[[32m✓^[[39m packages/core/test/integration/project-runtime.test.ts ^[[2m(^[[22m^[[2m4 tests^[[22m^[[2m)^[[22m^[[32m 17^[[2mms^[[22m^[[39m
quality (node 24)	Run npm test	2026-08-31T11:34:41.1648763Z  ^[[32m✓^[[39m packages/core/test/contract/adapters.test.ts ^[[2m(^[[22m^[[2m4 tests^[[22m^[[2m)^[[22m^[[32m 12^[[2mms^[[22m^[[39m
quality (node 24)	Run npm test	2026-08-31T11:34:41.2186456Z  ^[[32m✓^[[39m packages/core/test/integration/flush-output-merge.test.ts ^[[2m(^[[22m^[[2m2 tests^[[22m^[[2m)^[[22m^[[32m 8^[[2mms^[[22m^[[39m
quality (node 24)	Run npm test	2026-08-31T11:34:41.4138782Z  ^[[32m✓^[[39m packages/core/test/integration/graph-runtime.test.ts ^[[2m(^[[22m^[[2m4 tests^[[22m^[[2m)^[[22m^[[32m 17^[[2mms^[[22m^[[39m
quality (node 24)	Run npm test	2026-08-31T11:34:41.4568780Z  ^[[32m✓^[[39m packages/core/test/contract/gsap-absolute-stops.test.ts ^[[2m(^[[22m^[[2m3 tests^[[22m^[[2m)^[[22m^[[32m 26^[[2mms^[[22m^[[39m
quality (node 24)	Run npm test	2026-08-31T11:34:41.6177564Z  ^[[32m✓^[[39m packages/core/test/integration/graph-rollback.test.ts ^[[2m(^[[22m^[[2m4 tests^[[22m^[[2m)^[[22m^[[32m 15^[[2mms^[[22m^[[39m
quality (node 24)	Run npm test	2026-08-31T11:34:41.6584499Z  ^[[32m✓^[[39m packages/core/test/unit/plugins/fk-solver-override.test.ts ^[[2m(^[[22m^[[2m3 tests^[[22m^[[2m)^[[22m^[[32m 7^[[2mms^[[22m^[[39m
quality (node 24)	Run npm test	2026-08-31T11:34:41.8997408Z  ^[[32m✓^[[39m packages/core/test/migration/v4-to-v5.test.ts ^[[2m(^[[22m^[[2m6 tests^[[22m^[[2m)^[[22m^[[32m 11^[[2mms^[[22m^[[39m
quality (node 24)	Run npm test	2026-08-31T11:34:41.9108893Z  ^[[32m✓^[[39m packages/core/test/integration/engine-load-validation.test.ts ^[[2m(^[[22m^[[2m4 tests^[[22m^[[2m)^[[22m^[[32m 21^[[2mms^[[22m^[[39m
quality (node 24)	Run npm test	2026-08-31T11:34:42.1437806Z  ^[[32m✓^[[39m packages/core/test/integration/partial-seed-inputs.test.ts ^[[2m(^[[22m^[[2m1 test^[[22m^[[2m)^[[22m^[[32m 10^[[2mms^[[22m^[[39m
quality (node 24)	Run npm test	2026-08-31T11:34:42.1820224Z  ^[[32m✓^[[39m packages/core/test/contract/graph-builder-incremental.test.ts ^[[2m(^[[22m^[[2m3 tests^[[22m^[[2m)^[[22m^[[32m 17^[[2mms^[[22m^[[39m
quality (node 24)	Run npm test	2026-08-31T11:34:42.4133917Z  ^[[32m✓^[[39m packages/core/test/integration/dom-patch-apply.test.ts ^[[2m(^[[22m^[[2m2 tests^[[22m^[[2m)^[[22m^[[32m 7^[[2mms^[[22m^[[39m
quality (node 24)	Run npm test	2026-08-31T11:34:42.4819180Z  ^[[32m✓^[[39m packages/core/test/integration/single-input-channel.test.ts ^[[2m(^[[22m^[[2m1 test^[[22m^[[2m)^[[22m^[[32m 35^[[2mms^[[22m^[[39m
quality (node 24)	Run npm test	2026-08-31T11:34:42.6539072Z  ^[[32m✓^[[39m packages/core/test/unit/domain/track-node-id.test.ts ^[[2m(^[[22m^[[2m3 tests^[[22m^[[2m)^[[22m^[[32m 7^[[2mms^[[22m^[[39m
quality (node 24)	Run npm test	2026-08-31T11:34:42.7175782Z  ^[[32m✓^[[39m packages/core/test/unit/runtime/patch-registry-listener-snapshot.test.ts ^[[2m(^[[22m^[[2m3 tests^[[22m^[[2m)^[[22m^[[32m 11^[[2mms^[[22m^[[39m
quality (node 24)	Run npm test	2026-08-31T11:34:42.9243136Z  ^[[32m✓^[[39m packages/core/test/unit/domain/time-driver.test.ts ^[[2m(^[[22m^[[2m3 tests^[[22m^[[2m)^[[22m^[[32m 10^[[2mms^[[22m^[[39m
quality (node 24)	Run npm test	2026-08-31T11:34:43.0109188Z  ^[[32m✓^[[39m packages/core/test/integration/adopt-destroy-readopt.test.ts ^[[2m(^[[22m^[[2m1 test^[[22m^[[2m)^[[22m^[[32m 20^[[2mms^[[22m^[[39m
quality (node 24)	Run npm test	2026-08-31T11:34:43.1650311Z  ^[[32m✓^[[39m packages/core/test/unit/graph/edge-key-separator.test.ts ^[[2m(^[[22m^[[2m2 tests^[[22m^[[2m)^[[22m^[[32m 10^[[2mms^[[22m^[[39m
quality (node 24)	Run npm test	2026-08-31T11:34:43.2183164Z  ^[[32m✓^[[39m packages/core/test/unit/scripts/governance-gates.test.ts ^[[2m(^[[22m^[[2m5 tests^[[22m^[[2m)^[[22m^[[32m 12^[[2mms^[[22m^[[39m
quality (node 24)	Run npm test	2026-08-31T11:34:43.3967730Z  ^[[32m✓^[[39m packages/core/test/unit/graph/requirement-edge-construction.test.ts ^[[2m(^[[22m^[[2m3 tests^[[22m^[[2m)^[[22m^[[32m 10^[[2mms^[[22m^[[39m
quality (node 24)	Run npm test	2026-08-31T11:34:43.4853970Z ^[[90mstderr^[[2m | packages/react/test/public-package-surface.test.ts^[[2m > ^[[22m^[[2mReact public package surface (C2)^[[2m > ^[[22m^[[2mrenders and updates through the package entry alone
quality (node 24)	Run npm test	2026-08-31T11:34:43.4896031Z ^[[22m^[[39mreact-test-renderer is deprecated. See https://react.dev/warnings/react-test-renderer
quality (node 24)	Run npm test	2026-08-31T11:34:43.4908317Z An update to Root inside a test was not wrapped in act(...).
quality (node 24)	Run npm test	2026-08-31T11:34:43.4934966Z 
quality (node 24)	Run npm test	2026-08-31T11:34:43.4936142Z  ^[[32m✓^[[39m packages/react/test/public-package-surface.test.ts ^[[2m(^[[22m^[[2m1 test^[[22m^[[2m)^[[22m^[[32m 22^[[2mms^[[22m^[[39m
quality (node 24)	Run npm test	2026-08-31T11:34:43.4958208Z When testing, code that causes React state updates should be wrapped into act(...):
quality (node 24)	Run npm test	2026-08-31T11:34:43.4971428Z 
quality (node 24)	Run npm test	2026-08-31T11:34:43.4988088Z act(() => {
quality (node 24)	Run npm test	2026-08-31T11:34:43.4989440Z   /* fire events that update state */
quality (node 24)	Run npm test	2026-08-31T11:34:43.4990367Z });
quality (node 24)	Run npm test	2026-08-31T11:34:43.4991051Z /* assert on the output */
quality (node 24)	Run npm test	2026-08-31T11:34:43.4991650Z 
quality (node 24)	Run npm test	2026-08-31T11:34:43.4992967Z This ensures that you're testing the behavior the user would see in the browser. Learn more at https://react.dev/link/wrap-tests-with-act
quality (node 24)	Run npm test	2026-08-31T11:34:43.4994263Z 
quality (node 24)	Run npm test	2026-08-31T11:34:43.6419721Z  ^[[32m✓^[[39m packages/core/test/integration/motion-trigger-lifecycle.test.ts ^[[2m(^[[22m^[[2m1 test^[[22m^[[2m)^[[22m^[[32m 10^[[2mms^[[22m^[[39m
quality (node 24)	Run npm test	2026-08-31T11:34:43.7250089Z  ^[[32m✓^[[39m packages/react/test/patch-store-lifecycle.test.ts ^[[2m(^[[22m^[[2m2 tests^[[22m^[[2m)^[[22m^[[32m 8^[[2mms^[[22m^[[39m
quality (node 24)	Run npm test	2026-08-31T11:34:43.9028000Z  ^[[32m✓^[[39m packages/core/test/unit/domain/plugin-contribution-completeness.test.ts ^[[2m(^[[22m^[[2m3 tests^[[22m^[[2m)^[[22m^[[32m 10^[[2mms^[[22m^[[39m
quality (node 24)	Run npm test	2026-08-31T11:34:43.9867841Z  ^[[32m✓^[[39m packages/core/test/unit/domain/s7-plugin-evidence.test.ts ^[[2m(^[[22m^[[2m3 tests^[[22m^[[2m)^[[22m^[[32m 12^[[2mms^[[22m^[[39m
quality (node 24)	Run npm test	2026-08-31T11:34:44.1231511Z  ^[[32m✓^[[39m packages/react/test/patch-store-destroy.test.ts ^[[2m(^[[22m^[[2m3 tests^[[22m^[[2m)^[[22m^[[32m 8^[[2mms^[[22m^[[39m
quality (node 24)	Run npm test	2026-08-31T11:34:44.2656820Z  ^[[32m✓^[[39m packages/core/test/contract/gsap-sparse-percent-map.test.ts ^[[2m(^[[22m^[[2m3 tests^[[22m^[[2m)^[[22m^[[32m 22^[[2mms^[[22m^[[39m
quality (node 24)	Run npm test	2026-08-31T11:34:44.3799092Z  ^[[32m✓^[[39m packages/core/test/integration/dom-plugin-metadata.test.ts ^[[2m(^[[22m^[[2m1 test^[[22m^[[2m)^[[22m^[[32m 9^[[2mms^[[22m^[[39m
quality (node 24)	Run npm test	2026-08-31T11:34:44.5498567Z  ^[[32m✓^[[39m packages/core/test/contract/gsap-paused-timeline.test.ts ^[[2m(^[[22m^[[2m2 tests^[[22m^[[2m)^[[22m^[[32m 9^[[2mms^[[22m^[[39m
quality (node 24)	Run npm test	2026-08-31T11:34:44.6989088Z  ^[[32m✓^[[39m packages/core/test/integration/end-to-end.test.ts ^[[2m(^[[22m^[[2m1 test^[[22m^[[2m)^[[22m^[[32m 17^[[2mms^[[22m^[[39m
quality (node 24)	Run npm test	2026-08-31T11:34:44.8431865Z  ^[[32m✓^[[39m packages/core/test/unit/engine/motion-entry-shape.test.ts ^[[2m(^[[22m^[[2m3 tests^[[22m^[[2m)^[[22m^[[32m 7^[[2mms^[[22m^[[39m
quality (node 24)	Run npm test	2026-08-31T11:34:44.9599303Z  ^[[32m✓^[[39m packages/core/test/integration/contract-baseline.test.ts ^[[2m(^[[22m^[[2m5 tests^[[22m^[[2m)^[[22m^[[32m 45^[[2mms^[[22m^[[39m
quality (node 24)	Run npm test	2026-08-31T11:34:45.1249174Z  ^[[32m✓^[[39m packages/core/test/unit/graph/edge-key-canonical.test.ts ^[[2m(^[[22m^[[2m3 tests^[[22m^[[2m)^[[22m^[[32m 12^[[2mms^[[22m^[[39m
quality (node 24)	Run npm test	2026-08-31T11:34:45.2034746Z  ^[[32m✓^[[39m packages/core/test/unit/domain/lifecycle.test.ts ^[[2m(^[[22m^[[2m5 tests^[[22m^[[2m)^[[22m^[[32m 11^[[2mms^[[22m^[[39m
quality (node 24)	Run npm test	2026-08-31T11:34:45.2214462Z  ^[[32m✓^[[39m packages/core/test/unit/scripts/public-port-types.test.ts ^[[2m(^[[22m^[[2m2 tests^[[22m^[[2m)^[[22m^[[33m 7092^[[2mms^[[22m^[[39m
quality (node 24)	Run npm test	2026-08-31T11:34:45.2260193Z      ^[[33m^[[2m✓^[[22m^[[39m K-9 names all five port contracts from the entry declarations ^[[33m 1894^[[2mms^[[22m^[[39m
quality (node 24)	Run npm test	2026-08-31T11:34:45.2261949Z      ^[[33m^[[2m✓^[[22m^[[39m K-10 still cannot name a runtime internal through the same entry ^[[33m 2173^[[2mms^[[22m^[[39m
quality (node 24)	Run npm test	2026-08-31T11:34:45.3559444Z  ^[[32m✓^[[39m packages/core/test/unit/scripts/acceptance-scan.test.ts ^[[2m(^[[22m^[[2m3 tests^[[22m^[[2m)^[[22m^[[32m 21^[[2mms^[[22m^[[39m
quality (node 24)	Run npm test	2026-08-31T11:34:45.4269342Z  ^[[32m✓^[[39m packages/core/test/unit/graph/ids.test.ts ^[[2m(^[[22m^[[2m5 tests^[[22m^[[2m)^[[22m^[[32m 11^[[2mms^[[22m^[[39m
quality (node 24)	Run npm test	2026-08-31T11:34:45.4582836Z  ^[[32m✓^[[39m packages/core/test/unit/domain/values.test.ts ^[[2m(^[[22m^[[2m6 tests^[[22m^[[2m)^[[22m^[[32m 9^[[2mms^[[22m^[[39m
quality (node 24)	Run npm test	2026-08-31T11:34:45.5605226Z  ^[[32m✓^[[39m packages/core/test/unit/runtime/patch-registry-retention.test.ts ^[[2m(^[[22m^[[2m2 tests^[[22m^[[2m)^[[22m^[[32m 7^[[2mms^[[22m^[[39m
quality (node 24)	Run npm test	2026-08-31T11:34:45.6793087Z  ^[[32m✓^[[39m packages/core/test/unit/adapters/scroll-trigger-range.test.ts ^[[2m(^[[22m^[[2m1 test^[[22m^[[2m)^[[22m^[[32m 7^[[2mms^[[22m^[[39m
quality (node 24)	Run npm test	2026-08-31T11:34:45.7273898Z  ^[[32m✓^[[39m packages/core/test/integration/project-handle-surface.test.ts ^[[2m(^[[22m^[[2m1 test^[[22m^[[2m)^[[22m^[[32m 14^[[2mms^[[22m^[[39m
quality (node 24)	Run npm test	2026-08-31T11:34:45.7615927Z  ^[[32m✓^[[39m packages/core/test/unit/scripts/mutation-config.test.ts ^[[2m(^[[22m^[[2m1 test^[[22m^[[2m)^[[22m^[[32m 8^[[2mms^[[22m^[[39m
quality (node 24)	Run npm test	2026-08-31T11:34:45.9164790Z  ^[[32m✓^[[39m packages/core/test/integration/dom-transform-removal.test.ts ^[[2m(^[[22m^[[2m2 tests^[[22m^[[2m)^[[22m^[[32m 7^[[2mms^[[22m^[[39m
quality (node 24)	Run npm test	2026-08-31T11:34:45.9461618Z  ^[[32m✓^[[39m packages/react/test/patch-store.test.ts ^[[2m(^[[22m^[[2m1 test^[[22m^[[2m)^[[22m^[[32m 9^[[2mms^[[22m^[[39m
quality (node 24)	Run npm test	2026-08-31T11:34:46.0068761Z  ^[[32m✓^[[39m packages/core/test/contract/s4-validation-owner.test.ts ^[[2m(^[[22m^[[2m2 tests^[[22m^[[2m)^[[22m^[[32m 7^[[2mms^[[22m^[[39m
quality (node 24)	Run npm test	2026-08-31T11:34:46.1152306Z  ^[[32m✓^[[39m packages/core/test/unit/scripts/s7-recovery-audit.test.ts ^[[2m(^[[22m^[[2m1 test^[[22m^[[2m)^[[22m^[[32m 5^[[2mms^[[22m^[[39m
quality (node 24)	Run npm test	2026-08-31T11:34:46.2089269Z  ^[[32m✓^[[39m packages/core/test/integration/membership-gating.test.ts ^[[2m(^[[22m^[[2m1 test^[[22m^[[2m)^[[22m^[[32m 11^[[2mms^[[22m^[[39m
quality (node 24)	Run npm test	2026-08-31T11:34:46.3219398Z  ^[[32m✓^[[39m packages/core/test/integration/runtime-motion-trigger-validation.test.ts ^[[2m(^[[22m^[[2m1 test^[[22m^[[2m)^[[22m^[[32m 18^[[2mms^[[22m^[[39m
quality (node 24)	Run npm test	2026-08-31T11:34:46.3684797Z  ^[[32m✓^[[39m packages/core/test/integration/plugin-use-contract.test.ts ^[[2m(^[[22m^[[2m1 test^[[22m^[[2m)^[[22m^[[32m 9^[[2mms^[[22m^[[39m
quality (node 24)	Run npm test	2026-08-31T11:34:46.4917552Z  ^[[32m✓^[[39m packages/core/test/contract/gsap-multi-stop.test.ts ^[[2m(^[[22m^[[2m1 test^[[22m^[[2m)^[[22m^[[32m 9^[[2mms^[[22m^[[39m
quality (node 24)	Run npm test	2026-08-31T11:34:46.5849133Z  ^[[32m✓^[[39m packages/core/test/integration/golden-roundtrip.test.ts ^[[2m(^[[22m^[[2m1 test^[[22m^[[2m)^[[22m^[[32m 18^[[2mms^[[22m^[[39m
quality (node 24)	Run npm test	2026-08-31T11:34:46.5909873Z  ^[[32m✓^[[39m packages/core/test/unit/placeholder.test.ts ^[[2m(^[[22m^[[2m2 tests^[[22m^[[2m)^[[22m^[[32m 5^[[2mms^[[22m^[[39m
quality (node 24)	Run npm test	2026-08-31T11:34:46.6653506Z  ^[[32m✓^[[39m packages/react/test/public-hook.test.ts ^[[2m(^[[22m^[[2m1 test^[[22m^[[2m)^[[22m^[[32m 4^[[2mms^[[22m^[[39m
quality (node 24)	Run npm test	2026-08-31T11:34:46.6706135Z 
quality (node 24)	Run npm test	2026-08-31T11:34:46.6728410Z ^[[31m⎯⎯⎯⎯⎯⎯⎯^[[39m^[[1m^[[41m Failed Tests 2 ^[[49m^[[22m^[[31m⎯⎯⎯⎯⎯⎯⎯^[[39m
quality (node 24)	Run npm test	2026-08-31T11:34:46.6728907Z 
quality (node 24)	Run npm test	2026-08-31T11:34:46.6731173Z ^[[41m^[[1m FAIL ^[[22m^[[49m packages/core/test/unit/runtime/recompile-predicate.test.ts^[[2m > ^[[22ma structural edit pays the resolve and only the build it can prove it needs^[[2m > ^[[22mRA-57 skips the timeline build when the compiled input cannot have moved
quality (node 24)	Run npm test	2026-08-31T11:34:46.6733482Z ^[[31m^[[1mAssertionError^[[22m: expected [ 'hero/leg' ] to deeply equal []^[[39m
quality (node 24)	Run npm test	2026-08-31T11:34:46.6734026Z 
quality (node 24)	Run npm test	2026-08-31T11:34:46.6734254Z ^[[32m- Expected^[[39m
quality (node 24)	Run npm test	2026-08-31T11:34:46.6734692Z ^[[31m+ Received^[[39m
quality (node 24)	Run npm test	2026-08-31T11:34:46.6734917Z 
quality (node 24)	Run npm test	2026-08-31T11:34:46.6735097Z ^[[32m- []^[[39m
quality (node 24)	Run npm test	2026-08-31T11:34:46.6735463Z ^[[31m+ [^[[39m
quality (node 24)	Run npm test	2026-08-31T11:34:46.6735873Z ^[[31m+   "hero/leg",^[[39m
quality (node 24)	Run npm test	2026-08-31T11:34:46.6736288Z ^[[31m+ ]^[[39m
quality (node 24)	Run npm test	2026-08-31T11:34:46.6736477Z 
quality (node 24)	Run npm test	2026-08-31T11:34:46.6740203Z ^[[36m ^[[2m❯^[[22m packages/core/test/unit/runtime/recompile-predicate.test.ts:^[[2m237:25^[[22m^[[39m
quality (node 24)	Run npm test	2026-08-31T11:34:46.6789642Z     ^[[90m235|^[[39m     // flattened record the interpolator and the percent map receive c…
quality (node 24)	Run npm test	2026-08-31T11:34:46.6791282Z     ^[[90m236|^[[39m     // nothing else, and the plugin it names is already in the chain b…
quality (node 24)	Run npm test	2026-08-31T11:34:46.6793052Z     ^[[90m237|^[[39m     ^[[34mexpect^[[39m(seams^[[33m.^[[39mbuilt)^[[33m.^[[39m^[[34mtoEqual^[[39m([])^[[33m;^[[39m
quality (node 24)	Run npm test	2026-08-31T11:34:46.6794407Z     ^[[90m   |^[[39m                         ^[[31m^^[[39m
quality (node 24)	Run npm test	2026-08-31T11:34:46.6795753Z     ^[[90m238|^[[39m     // The candidate resolved exactly once. It is the only record nami…
quality (node 24)	Run npm test	2026-08-31T11:34:46.6797537Z     ^[[90m239|^[[39m     // it separately is what keeps this from being green against a pre…
quality (node 24)	Run npm test	2026-08-31T11:34:46.6798376Z 
quality (node 24)	Run npm test	2026-08-31T11:34:46.6799046Z ^[[31m^[[2m⎯⎯⎯⎯⎯⎯⎯⎯⎯⎯⎯⎯⎯⎯⎯⎯⎯⎯⎯⎯⎯⎯⎯⎯[1/2]⎯^[[22m^[[39m
quality (node 24)	Run npm test	2026-08-31T11:34:46.6799651Z 
quality (node 24)	Run npm test	2026-08-31T11:34:46.6799685Z 
quality (node 24)	Run npm test	2026-08-31T11:34:46.6802018Z ^[[41m^[[1m FAIL ^[[22m^[[49m packages/core/test/unit/runtime/recompile-predicate.test.ts^[[2m > ^[[22ma structural edit pays the resolve and only the build it can prove it needs^[[2m > ^[[22mRA-60 keeps the registry's refusal on the path that skips the build
quality (node 24)	Run npm test	2026-08-31T11:34:46.6804406Z ^[[31m^[[1mError^[[22m: Expected the operation to throw.^[[39m
quality (node 24)	Run npm test	2026-08-31T11:34:46.6806052Z ^[[36m ^[[2m❯^[[22m thrownBy packages/core/test/unit/runtime/recompile-predicate.test.ts:^[[2m173:9^[[22m^[[39m
quality (node 24)	Run npm test	2026-08-31T11:34:46.6812473Z ^[[2m Test Files ^[[22m ^[[1m^[[31m1 failed^[[39m^[[22m^[[2m | ^[[22m^[[1m^[[32m170 passed^[[39m^[[22m^[[90m (171)^[[39m
quality (node 24)	Run npm test	2026-08-31T11:34:46.6813928Z     ^[[90m171|^[[39m     ^[[35mreturn^[[39m error^[[33m;^[[39m
quality (node 24)	Run npm test	2026-08-31T11:34:46.6815067Z     ^[[90m172|^[[39m   }
quality (node 24)	Run npm test	2026-08-31T11:34:46.6816473Z     ^[[90m173|^[[39m   ^[[35mthrow^[[39m ^[[35mnew^[[39m ^[[33mError^[[39m(^[[32m"Expected the operation to throw."^[[39m)^[[33m;^[[39m
quality (node 24)	Run npm test	2026-08-31T11:34:46.6821166Z ^[[2m      Tests ^[[22m ^[[1m^[[31m2 failed^[[39m^[[22m^[[2m | ^[[22m^[[1m^[[32m843 passed^[[39m^[[22m^[[90m (845)^[[39m
quality (node 24)	Run npm test	2026-08-31T11:34:46.6822177Z ^[[2m   Start at ^[[22m 11:34:28
quality (node 24)	Run npm test	2026-08-31T11:34:46.6824345Z     ^[[90m   |^[[39m         ^[[31m^^[[39m
quality (node 24)	Run npm test	2026-08-31T11:34:46.6825114Z     ^[[90m174|^[[39m }
quality (node 24)	Run npm test	2026-08-31T11:34:46.6825733Z     ^[[90m175|^[[39m
quality (node 24)	Run npm test	2026-08-31T11:34:46.6827307Z ^[[90m ^[[2m❯^[[22m packages/core/test/unit/runtime/recompile-predicate.test.ts:^[[2m313:20^[[22m^[[39m
quality (node 24)	Run npm test	2026-08-31T11:34:46.6828375Z 
quality (node 24)	Run npm test	2026-08-31T11:34:46.6829065Z ^[[31m^[[2m⎯⎯⎯⎯⎯⎯⎯⎯⎯⎯⎯⎯⎯⎯⎯⎯⎯⎯⎯⎯⎯⎯⎯⎯[2/2]⎯^[[22m^[[39m
quality (node 24)	Run npm test	2026-08-31T11:34:46.6829986Z 
quality (node 24)	Run npm test	2026-08-31T11:34:46.6847833Z ^[[2m   Duration ^[[22m 18.30s^[[2m (transform 2.23s, setup 1.15s, import 9.49s, tests 13.75s, environment 30ms)^[[22m
quality (node 24)	Run npm test	2026-08-31T11:34:46.6849091Z 
quality (node 24)	Run npm test	2026-08-31T11:34:46.6855941Z 
quality (node 24)	Run npm test	2026-08-31T11:34:46.6892657Z ##[error]AssertionError: expected [ 'hero/leg' ] to deeply equal []
quality (node 24)	Run npm test	
quality (node 24)	Run npm test	- Expected
quality (node 24)	Run npm test	+ Received
quality (node 24)	Run npm test	
quality (node 24)	Run npm test	- []
quality (node 24)	Run npm test	+ [
quality (node 24)	Run npm test	+   "hero/leg",
quality (node 24)	Run npm test	+ ]
quality (node 24)	Run npm test	
quality (node 24)	Run npm test	 ❯ packages/core/test/unit/runtime/recompile-predicate.test.ts:237:25
quality (node 24)	Run npm test	
quality (node 24)	Run npm test	
quality (node 24)	Run npm test	2026-08-31T11:34:46.6899690Z 
quality (node 24)	Run npm test	2026-08-31T11:34:46.6901827Z ##[error]Error: Expected the operation to throw.
quality (node 24)	Run npm test	 ❯ thrownBy packages/core/test/unit/runtime/recompile-predicate.test.ts:173:9
quality (node 24)	Run npm test	 ❯ packages/core/test/unit/runtime/recompile-predicate.test.ts:313:20
quality (node 24)	Run npm test	
quality (node 24)	Run npm test	
quality (node 24)	Run npm test	2026-08-31T11:34:46.7414627Z ##[error]Process completed with exit code 1.
