package consumer (node 24)	Run node --input-type=module -e 'import("./scripts/package-consumer-check.mjs").then(({checkPackedConsumer}) => checkPackedConsumer()).then(({ok, errors}) => { if (!ok) { console.error(errors); process.exit(1); } })'	﻿2026-08-14T08:44:50.6117927Z ##[group]Run node --input-type=module -e 'import("./scripts/package-consumer-check.mjs").then(({checkPackedConsumer}) => checkPackedConsumer()).then(({ok, errors}) => { if (!ok) { console.error(errors); process.exit(1); } })'
package consumer (node 24)	Run node --input-type=module -e 'import("./scripts/package-consumer-check.mjs").then(({checkPackedConsumer}) => checkPackedConsumer()).then(({ok, errors}) => { if (!ok) { console.error(errors); process.exit(1); } })'	2026-08-14T08:44:50.6119728Z ^[[36;1mnode --input-type=module -e 'import("./scripts/package-consumer-check.mjs").then(({checkPackedConsumer}) => checkPackedConsumer()).then(({ok, errors}) => { if (!ok) { console.error(errors); process.exit(1); } })'^[[0m
package consumer (node 24)	Run node --input-type=module -e 'import("./scripts/package-consumer-check.mjs").then(({checkPackedConsumer}) => checkPackedConsumer()).then(({ok, errors}) => { if (!ok) { console.error(errors); process.exit(1); } })'	2026-08-14T08:44:50.6164048Z shell: /usr/bin/bash -e {0}
package consumer (node 24)	Run node --input-type=module -e 'import("./scripts/package-consumer-check.mjs").then(({checkPackedConsumer}) => checkPackedConsumer()).then(({ok, errors}) => { if (!ok) { console.error(errors); process.exit(1); } })'	2026-08-14T08:44:50.6164329Z env:
package consumer (node 24)	Run node --input-type=module -e 'import("./scripts/package-consumer-check.mjs").then(({checkPackedConsumer}) => checkPackedConsumer()).then(({ok, errors}) => { if (!ok) { console.error(errors); process.exit(1); } })'	2026-08-14T08:44:50.6164526Z   NODE_VERSION: 24
package consumer (node 24)	Run node --input-type=module -e 'import("./scripts/package-consumer-check.mjs").then(({checkPackedConsumer}) => checkPackedConsumer()).then(({ok, errors}) => { if (!ok) { console.error(errors); process.exit(1); } })'	2026-08-14T08:44:50.6164751Z ##[endgroup]
package consumer (node 24)	Run node --input-type=module -e 'import("./scripts/package-consumer-check.mjs").then(({checkPackedConsumer}) => checkPackedConsumer()).then(({ok, errors}) => { if (!ok) { console.error(errors); process.exit(1); } })'	2026-08-14T08:44:53.4172324Z node:internal/errors:985
package consumer (node 24)	Run node --input-type=module -e 'import("./scripts/package-consumer-check.mjs").then(({checkPackedConsumer}) => checkPackedConsumer()).then(({ok, errors}) => { if (!ok) { console.error(errors); process.exit(1); } })'	2026-08-14T08:44:53.4173114Z   const err = new Error(message);
package consumer (node 24)	Run node --input-type=module -e 'import("./scripts/package-consumer-check.mjs").then(({checkPackedConsumer}) => checkPackedConsumer()).then(({ok, errors}) => { if (!ok) { console.error(errors); process.exit(1); } })'	2026-08-14T08:44:53.4173484Z               ^
package consumer (node 24)	Run node --input-type=module -e 'import("./scripts/package-consumer-check.mjs").then(({checkPackedConsumer}) => checkPackedConsumer()).then(({ok, errors}) => { if (!ok) { console.error(errors); process.exit(1); } })'	2026-08-14T08:44:53.4173669Z 
package consumer (node 24)	Run node --input-type=module -e 'import("./scripts/package-consumer-check.mjs").then(({checkPackedConsumer}) => checkPackedConsumer()).then(({ok, errors}) => { if (!ok) { console.error(errors); process.exit(1); } })'	2026-08-14T08:44:53.4173860Z Error: Command failed: node esm.mjs
package consumer (node 24)	Run node --input-type=module -e 'import("./scripts/package-consumer-check.mjs").then(({checkPackedConsumer}) => checkPackedConsumer()).then(({ok, errors}) => { if (!ok) { console.error(errors); process.exit(1); } })'	2026-08-14T08:44:53.4174261Z node:internal/modules/esm/resolve:271
package consumer (node 24)	Run node --input-type=module -e 'import("./scripts/package-consumer-check.mjs").then(({checkPackedConsumer}) => checkPackedConsumer()).then(({ok, errors}) => { if (!ok) { console.error(errors); process.exit(1); } })'	2026-08-14T08:44:53.4174622Z     throw new ERR_MODULE_NOT_FOUND(
package consumer (node 24)	Run node --input-type=module -e 'import("./scripts/package-consumer-check.mjs").then(({checkPackedConsumer}) => checkPackedConsumer()).then(({ok, errors}) => { if (!ok) { console.error(errors); process.exit(1); } })'	2026-08-14T08:44:53.4175087Z           ^
package consumer (node 24)	Run node --input-type=module -e 'import("./scripts/package-consumer-check.mjs").then(({checkPackedConsumer}) => checkPackedConsumer()).then(({ok, errors}) => { if (!ok) { console.error(errors); process.exit(1); } })'	2026-08-14T08:44:53.4175237Z 
package consumer (node 24)	Run node --input-type=module -e 'import("./scripts/package-consumer-check.mjs").then(({checkPackedConsumer}) => checkPackedConsumer()).then(({ok, errors}) => { if (!ok) { console.error(errors); process.exit(1); } })'	2026-08-14T08:44:53.4177007Z Error [ERR_MODULE_NOT_FOUND]: Cannot find module '/home/runner/work/motion5/motion5/.tmp-package-consumer-hx1NMG/consumer/node_modules/@motion5/core/dist/index.js' imported from /home/runner/work/motion5/motion5/.tmp-package-consumer-hx1NMG/consumer/esm.mjs
package consumer (node 24)	Run node --input-type=module -e 'import("./scripts/package-consumer-check.mjs").then(({checkPackedConsumer}) => checkPackedConsumer()).then(({ok, errors}) => { if (!ok) { console.error(errors); process.exit(1); } })'	2026-08-14T08:44:53.4178462Z     at finalizeResolution (node:internal/modules/esm/resolve:271:11)
package consumer (node 24)	Run node --input-type=module -e 'import("./scripts/package-consumer-check.mjs").then(({checkPackedConsumer}) => checkPackedConsumer()).then(({ok, errors}) => { if (!ok) { console.error(errors); process.exit(1); } })'	2026-08-14T08:44:53.4179021Z     at moduleResolve (node:internal/modules/esm/resolve:865:10)
package consumer (node 24)	Run node --input-type=module -e 'import("./scripts/package-consumer-check.mjs").then(({checkPackedConsumer}) => checkPackedConsumer()).then(({ok, errors}) => { if (!ok) { console.error(errors); process.exit(1); } })'	2026-08-14T08:44:53.4179567Z     at defaultResolve (node:internal/modules/esm/resolve:992:11)
package consumer (node 24)	Run node --input-type=module -e 'import("./scripts/package-consumer-check.mjs").then(({checkPackedConsumer}) => checkPackedConsumer()).then(({ok, errors}) => { if (!ok) { console.error(errors); process.exit(1); } })'	2026-08-14T08:44:53.4180129Z     at #cachedDefaultResolve (node:internal/modules/esm/loader:701:20)
package consumer (node 24)	Run node --input-type=module -e 'import("./scripts/package-consumer-check.mjs").then(({checkPackedConsumer}) => checkPackedConsumer()).then(({ok, errors}) => { if (!ok) { console.error(errors); process.exit(1); } })'	2026-08-14T08:44:53.4180800Z     at #resolveAndMaybeBlockOnLoaderThread (node:internal/modules/esm/loader:721:38)
package consumer (node 24)	Run node --input-type=module -e 'import("./scripts/package-consumer-check.mjs").then(({checkPackedConsumer}) => checkPackedConsumer()).then(({ok, errors}) => { if (!ok) { console.error(errors); process.exit(1); } })'	2026-08-14T08:44:53.4181475Z     at ModuleLoader.resolveSync (node:internal/modules/esm/loader:759:56)
package consumer (node 24)	Run node --input-type=module -e 'import("./scripts/package-consumer-check.mjs").then(({checkPackedConsumer}) => checkPackedConsumer()).then(({ok, errors}) => { if (!ok) { console.error(errors); process.exit(1); } })'	2026-08-14T08:44:53.4182015Z     at #resolve (node:internal/modules/esm/loader:683:17)
package consumer (node 24)	Run node --input-type=module -e 'import("./scripts/package-consumer-check.mjs").then(({checkPackedConsumer}) => checkPackedConsumer()).then(({ok, errors}) => { if (!ok) { console.error(errors); process.exit(1); } })'	2026-08-14T08:44:53.4182654Z     at ModuleLoader.getOrCreateModuleJob (node:internal/modules/esm/loader:603:35)
package consumer (node 24)	Run node --input-type=module -e 'import("./scripts/package-consumer-check.mjs").then(({checkPackedConsumer}) => checkPackedConsumer()).then(({ok, errors}) => { if (!ok) { console.error(errors); process.exit(1); } })'	2026-08-14T08:44:53.4183311Z     at ModuleJob.syncLink (node:internal/modules/esm/module_job:163:33)
package consumer (node 24)	Run node --input-type=module -e 'import("./scripts/package-consumer-check.mjs").then(({checkPackedConsumer}) => checkPackedConsumer()).then(({ok, errors}) => { if (!ok) { console.error(errors); process.exit(1); } })'	2026-08-14T08:44:53.4183878Z     at ModuleJob.link (node:internal/modules/esm/module_job:253:17) {
package consumer (node 24)	Run node --input-type=module -e 'import("./scripts/package-consumer-check.mjs").then(({checkPackedConsumer}) => checkPackedConsumer()).then(({ok, errors}) => { if (!ok) { console.error(errors); process.exit(1); } })'	2026-08-14T08:44:53.4184323Z   code: 'ERR_MODULE_NOT_FOUND',
package consumer (node 24)	Run node --input-type=module -e 'import("./scripts/package-consumer-check.mjs").then(({checkPackedConsumer}) => checkPackedConsumer()).then(({ok, errors}) => { if (!ok) { console.error(errors); process.exit(1); } })'	2026-08-14T08:44:53.4185056Z   url: 'file:///home/runner/work/motion5/motion5/.tmp-package-consumer-hx1NMG/consumer/node_modules/@motion5/core/dist/index.js'
package consumer (node 24)	Run node --input-type=module -e 'import("./scripts/package-consumer-check.mjs").then(({checkPackedConsumer}) => checkPackedConsumer()).then(({ok, errors}) => { if (!ok) { console.error(errors); process.exit(1); } })'	2026-08-14T08:44:53.4186212Z }
package consumer (node 24)	Run node --input-type=module -e 'import("./scripts/package-consumer-check.mjs").then(({checkPackedConsumer}) => checkPackedConsumer()).then(({ok, errors}) => { if (!ok) { console.error(errors); process.exit(1); } })'	2026-08-14T08:44:53.4186370Z 
package consumer (node 24)	Run node --input-type=module -e 'import("./scripts/package-consumer-check.mjs").then(({checkPackedConsumer}) => checkPackedConsumer()).then(({ok, errors}) => { if (!ok) { console.error(errors); process.exit(1); } })'	2026-08-14T08:44:53.4186482Z Node.js v24.18.0
package consumer (node 24)	Run node --input-type=module -e 'import("./scripts/package-consumer-check.mjs").then(({checkPackedConsumer}) => checkPackedConsumer()).then(({ok, errors}) => { if (!ok) { console.error(errors); process.exit(1); } })'	2026-08-14T08:44:53.4186633Z 
package consumer (node 24)	Run node --input-type=module -e 'import("./scripts/package-consumer-check.mjs").then(({checkPackedConsumer}) => checkPackedConsumer()).then(({ok, errors}) => { if (!ok) { console.error(errors); process.exit(1); } })'	2026-08-14T08:44:53.4186845Z     at genericNodeError (node:internal/errors:985:15)
package consumer (node 24)	Run node --input-type=module -e 'import("./scripts/package-consumer-check.mjs").then(({checkPackedConsumer}) => checkPackedConsumer()).then(({ok, errors}) => { if (!ok) { console.error(errors); process.exit(1); } })'	2026-08-14T08:44:53.4187285Z     at wrappedFn (node:internal/errors:539:14)
package consumer (node 24)	Run node --input-type=module -e 'import("./scripts/package-consumer-check.mjs").then(({checkPackedConsumer}) => checkPackedConsumer()).then(({ok, errors}) => { if (!ok) { console.error(errors); process.exit(1); } })'	2026-08-14T08:44:53.4187750Z     at ChildProcess.exithandler (node:child_process:417:12)
package consumer (node 24)	Run node --input-type=module -e 'import("./scripts/package-consumer-check.mjs").then(({checkPackedConsumer}) => checkPackedConsumer()).then(({ok, errors}) => { if (!ok) { console.error(errors); process.exit(1); } })'	2026-08-14T08:44:53.4188224Z     at ChildProcess.emit (node:events:509:28)
package consumer (node 24)	Run node --input-type=module -e 'import("./scripts/package-consumer-check.mjs").then(({checkPackedConsumer}) => checkPackedConsumer()).then(({ok, errors}) => { if (!ok) { console.error(errors); process.exit(1); } })'	2026-08-14T08:44:53.4188659Z     at maybeClose (node:internal/child_process:1124:16)
package consumer (node 24)	Run node --input-type=module -e 'import("./scripts/package-consumer-check.mjs").then(({checkPackedConsumer}) => checkPackedConsumer()).then(({ok, errors}) => { if (!ok) { console.error(errors); process.exit(1); } })'	2026-08-14T08:44:53.4189197Z     at ChildProcess._handle.onexit (node:internal/child_process:306:5) {
package consumer (node 24)	Run node --input-type=module -e 'import("./scripts/package-consumer-check.mjs").then(({checkPackedConsumer}) => checkPackedConsumer()).then(({ok, errors}) => { if (!ok) { console.error(errors); process.exit(1); } })'	2026-08-14T08:44:53.4189658Z   code: 1,
package consumer (node 24)	Run node --input-type=module -e 'import("./scripts/package-consumer-check.mjs").then(({checkPackedConsumer}) => checkPackedConsumer()).then(({ok, errors}) => { if (!ok) { console.error(errors); process.exit(1); } })'	2026-08-14T08:44:53.4189919Z   killed: false,
package consumer (node 24)	Run node --input-type=module -e 'import("./scripts/package-consumer-check.mjs").then(({checkPackedConsumer}) => checkPackedConsumer()).then(({ok, errors}) => { if (!ok) { console.error(errors); process.exit(1); } })'	2026-08-14T08:44:53.4190195Z   signal: null,
package consumer (node 24)	Run node --input-type=module -e 'import("./scripts/package-consumer-check.mjs").then(({checkPackedConsumer}) => checkPackedConsumer()).then(({ok, errors}) => { if (!ok) { console.error(errors); process.exit(1); } })'	2026-08-14T08:44:53.4190437Z   cmd: 'node esm.mjs',
package consumer (node 24)	Run node --input-type=module -e 'import("./scripts/package-consumer-check.mjs").then(({checkPackedConsumer}) => checkPackedConsumer()).then(({ok, errors}) => { if (!ok) { console.error(errors); process.exit(1); } })'	2026-08-14T08:44:53.4190687Z   stdout: '',
package consumer (node 24)	Run node --input-type=module -e 'import("./scripts/package-consumer-check.mjs").then(({checkPackedConsumer}) => checkPackedConsumer()).then(({ok, errors}) => { if (!ok) { console.error(errors); process.exit(1); } })'	2026-08-14T08:44:53.4191014Z   stderr: 'node:internal/modules/esm/resolve:271\n' +
package consumer (node 24)	Run node --input-type=module -e 'import("./scripts/package-consumer-check.mjs").then(({checkPackedConsumer}) => checkPackedConsumer()).then(({ok, errors}) => { if (!ok) { console.error(errors); process.exit(1); } })'	2026-08-14T08:44:53.4191427Z     '    throw new ERR_MODULE_NOT_FOUND(\n' +
package consumer (node 24)	Run node --input-type=module -e 'import("./scripts/package-consumer-check.mjs").then(({checkPackedConsumer}) => checkPackedConsumer()).then(({ok, errors}) => { if (!ok) { console.error(errors); process.exit(1); } })'	2026-08-14T08:44:53.4191731Z     '          ^\n' +
package consumer (node 24)	Run node --input-type=module -e 'import("./scripts/package-consumer-check.mjs").then(({checkPackedConsumer}) => checkPackedConsumer()).then(({ok, errors}) => { if (!ok) { console.error(errors); process.exit(1); } })'	2026-08-14T08:44:53.4191939Z     '\n' +
package consumer (node 24)	Run node --input-type=module -e 'import("./scripts/package-consumer-check.mjs").then(({checkPackedConsumer}) => checkPackedConsumer()).then(({ok, errors}) => { if (!ok) { console.error(errors); process.exit(1); } })'	2026-08-14T08:44:53.4193097Z     "Error [ERR_MODULE_NOT_FOUND]: Cannot find module '/home/runner/work/motion5/motion5/.tmp-package-consumer-hx1NMG/consumer/node_modules/@motion5/core/dist/index.js' imported from /home/runner/work/motion5/motion5/.tmp-package-consumer-hx1NMG/consumer/esm.mjs\n" +
package consumer (node 24)	Run node --input-type=module -e 'import("./scripts/package-consumer-check.mjs").then(({checkPackedConsumer}) => checkPackedConsumer()).then(({ok, errors}) => { if (!ok) { console.error(errors); process.exit(1); } })'	2026-08-14T08:44:53.4194353Z     '    at finalizeResolution (node:internal/modules/esm/resolve:271:11)\n' +
package consumer (node 24)	Run node --input-type=module -e 'import("./scripts/package-consumer-check.mjs").then(({checkPackedConsumer}) => checkPackedConsumer()).then(({ok, errors}) => { if (!ok) { console.error(errors); process.exit(1); } })'	2026-08-14T08:44:53.4195394Z     '    at moduleResolve (node:internal/modules/esm/resolve:865:10)\n' +
package consumer (node 24)	Run node --input-type=module -e 'import("./scripts/package-consumer-check.mjs").then(({checkPackedConsumer}) => checkPackedConsumer()).then(({ok, errors}) => { if (!ok) { console.error(errors); process.exit(1); } })'	2026-08-14T08:44:53.4197659Z     '    at defaultResolve (node:internal/modules/esm/resolve:992:11)\n' +
package consumer (node 24)	Run node --input-type=module -e 'import("./scripts/package-consumer-check.mjs").then(({checkPackedConsumer}) => checkPackedConsumer()).then(({ok, errors}) => { if (!ok) { console.error(errors); process.exit(1); } })'	2026-08-14T08:44:53.4198421Z     '    at #cachedDefaultResolve (node:internal/modules/esm/loader:701:20)\n' +
package consumer (node 24)	Run node --input-type=module -e 'import("./scripts/package-consumer-check.mjs").then(({checkPackedConsumer}) => checkPackedConsumer()).then(({ok, errors}) => { if (!ok) { console.error(errors); process.exit(1); } })'	2026-08-14T08:44:53.4199179Z     '    at #resolveAndMaybeBlockOnLoaderThread (node:internal/modules/esm/loader:721:38)\n' +
package consumer (node 24)	Run node --input-type=module -e 'import("./scripts/package-consumer-check.mjs").then(({checkPackedConsumer}) => checkPackedConsumer()).then(({ok, errors}) => { if (!ok) { console.error(errors); process.exit(1); } })'	2026-08-14T08:44:53.4199958Z     '    at ModuleLoader.resolveSync (node:internal/modules/esm/loader:759:56)\n' +
package consumer (node 24)	Run node --input-type=module -e 'import("./scripts/package-consumer-check.mjs").then(({checkPackedConsumer}) => checkPackedConsumer()).then(({ok, errors}) => { if (!ok) { console.error(errors); process.exit(1); } })'	2026-08-14T08:44:53.4200602Z     '    at #resolve (node:internal/modules/esm/loader:683:17)\n' +
package consumer (node 24)	Run node --input-type=module -e 'import("./scripts/package-consumer-check.mjs").then(({checkPackedConsumer}) => checkPackedConsumer()).then(({ok, errors}) => { if (!ok) { console.error(errors); process.exit(1); } })'	2026-08-14T08:44:53.4201317Z     '    at ModuleLoader.getOrCreateModuleJob (node:internal/modules/esm/loader:603:35)\n' +
package consumer (node 24)	Run node --input-type=module -e 'import("./scripts/package-consumer-check.mjs").then(({checkPackedConsumer}) => checkPackedConsumer()).then(({ok, errors}) => { if (!ok) { console.error(errors); process.exit(1); } })'	2026-08-14T08:44:53.4201931Z     '    at ModuleJob.syncLink (node:internal/modules/esm/module_job:163:33)\n' +
package consumer (node 24)	Run node --input-type=module -e 'import("./scripts/package-consumer-check.mjs").then(({checkPackedConsumer}) => checkPackedConsumer()).then(({ok, errors}) => { if (!ok) { console.error(errors); process.exit(1); } })'	2026-08-14T08:44:53.4202474Z     '    at ModuleJob.link (node:internal/modules/esm/module_job:253:17) {\n' +
package consumer (node 24)	Run node --input-type=module -e 'import("./scripts/package-consumer-check.mjs").then(({checkPackedConsumer}) => checkPackedConsumer()).then(({ok, errors}) => { if (!ok) { console.error(errors); process.exit(1); } })'	2026-08-14T08:44:53.4202923Z     "  code: 'ERR_MODULE_NOT_FOUND',\n" +
package consumer (node 24)	Run node --input-type=module -e 'import("./scripts/package-consumer-check.mjs").then(({checkPackedConsumer}) => checkPackedConsumer()).then(({ok, errors}) => { if (!ok) { console.error(errors); process.exit(1); } })'	2026-08-14T08:44:53.4203638Z     "  url: 'file:///home/runner/work/motion5/motion5/.tmp-package-consumer-hx1NMG/consumer/node_modules/@motion5/core/dist/index.js'\n" +
package consumer (node 24)	Run node --input-type=module -e 'import("./scripts/package-consumer-check.mjs").then(({checkPackedConsumer}) => checkPackedConsumer()).then(({ok, errors}) => { if (!ok) { console.error(errors); process.exit(1); } })'	2026-08-14T08:44:53.4204248Z     '}\n' +
package consumer (node 24)	Run node --input-type=module -e 'import("./scripts/package-consumer-check.mjs").then(({checkPackedConsumer}) => checkPackedConsumer()).then(({ok, errors}) => { if (!ok) { console.error(errors); process.exit(1); } })'	2026-08-14T08:44:53.4204442Z     '\n' +
package consumer (node 24)	Run node --input-type=module -e 'import("./scripts/package-consumer-check.mjs").then(({checkPackedConsumer}) => checkPackedConsumer()).then(({ok, errors}) => { if (!ok) { console.error(errors); process.exit(1); } })'	2026-08-14T08:44:53.4204654Z     'Node.js v24.18.0\n'
package consumer (node 24)	Run node --input-type=module -e 'import("./scripts/package-consumer-check.mjs").then(({checkPackedConsumer}) => checkPackedConsumer()).then(({ok, errors}) => { if (!ok) { console.error(errors); process.exit(1); } })'	2026-08-14T08:44:53.4204884Z }
package consumer (node 24)	Run node --input-type=module -e 'import("./scripts/package-consumer-check.mjs").then(({checkPackedConsumer}) => checkPackedConsumer()).then(({ok, errors}) => { if (!ok) { console.error(errors); process.exit(1); } })'	2026-08-14T08:44:53.4204988Z 
package consumer (node 24)	Run node --input-type=module -e 'import("./scripts/package-consumer-check.mjs").then(({checkPackedConsumer}) => checkPackedConsumer()).then(({ok, errors}) => { if (!ok) { console.error(errors); process.exit(1); } })'	2026-08-14T08:44:53.4205089Z Node.js v24.18.0
package consumer (node 24)	Run node --input-type=module -e 'import("./scripts/package-consumer-check.mjs").then(({checkPackedConsumer}) => checkPackedConsumer()).then(({ok, errors}) => { if (!ok) { console.error(errors); process.exit(1); } })'	2026-08-14T08:44:53.4256609Z ##[error]Process completed with exit code 1.
quality (node 24)	Run npm test	﻿2026-08-14T08:44:48.9732899Z ##[group]Run npm test
quality (node 24)	Run npm test	2026-08-14T08:44:48.9733227Z ^[[36;1mnpm test^[[0m
quality (node 24)	Run npm test	2026-08-14T08:44:48.9774259Z shell: /usr/bin/bash -e {0}
quality (node 24)	Run npm test	2026-08-14T08:44:48.9774589Z env:
quality (node 24)	Run npm test	2026-08-14T08:44:48.9774811Z   NODE_VERSION: 24
quality (node 24)	Run npm test	2026-08-14T08:44:48.9775035Z ##[endgroup]
quality (node 24)	Run npm test	2026-08-14T08:44:49.0953898Z 
quality (node 24)	Run npm test	2026-08-14T08:44:49.0954312Z > motion5@0.0.0 test
quality (node 24)	Run npm test	2026-08-14T08:44:49.0954756Z > vitest run
quality (node 24)	Run npm test	2026-08-14T08:44:49.0954990Z 
quality (node 24)	Run npm test	2026-08-14T08:44:49.3911216Z 
quality (node 24)	Run npm test	2026-08-14T08:44:49.3913625Z ^[[1m^[[30m^[[46m RUN ^[[49m^[[39m^[[22m ^[[36mv4.1.10 ^[[39m^[[90m/home/runner/work/motion5/motion5^[[39m
quality (node 24)	Run npm test	2026-08-14T08:44:49.3914543Z 
quality (node 24)	Run npm test	2026-08-14T08:44:49.8169610Z  ^[[32m✓^[[39m packages/core/test/unit/domain/plugins.test.ts ^[[2m(^[[22m^[[2m12 tests^[[22m^[[2m)^[[22m^[[32m 20^[[2mms^[[22m^[[39m
quality (node 24)	Run npm test	2026-08-14T08:44:49.8688695Z  ^[[32m✓^[[39m packages/core/test/unit/runtime/publisher-reentrancy.test.ts ^[[2m(^[[22m^[[2m5 tests^[[22m^[[2m)^[[22m^[[32m 18^[[2mms^[[22m^[[39m
quality (node 24)	Run npm test	2026-08-14T08:44:50.1277538Z  ^[[32m✓^[[39m packages/core/test/unit/graph/observation-state.test.ts ^[[2m(^[[22m^[[2m8 tests^[[22m^[[2m)^[[22m^[[32m 14^[[2mms^[[22m^[[39m
quality (node 24)	Run npm test	2026-08-14T08:44:50.1885417Z  ^[[32m✓^[[39m packages/core/test/integration/engine-x3-contribution.test.ts ^[[2m(^[[22m^[[2m5 tests^[[22m^[[2m)^[[22m^[[32m 32^[[2mms^[[22m^[[39m
quality (node 24)	Run npm test	2026-08-14T08:44:50.3877289Z  ^[[32m✓^[[39m packages/core/test/contract/v5-validator.test.ts ^[[2m(^[[22m^[[2m9 tests^[[22m^[[2m)^[[22m^[[32m 18^[[2mms^[[22m^[[39m
quality (node 24)	Run npm test	2026-08-14T08:44:50.4247037Z  ^[[32m✓^[[39m packages/core/test/contract/validation-owner.test.ts ^[[2m(^[[22m^[[2m6 tests^[[22m^[[2m)^[[22m^[[32m 23^[[2mms^[[22m^[[39m
quality (node 24)	Run npm test	2026-08-14T08:44:50.6718835Z  ^[[32m✓^[[39m packages/core/test/integration/p2-runtime-smells.test.ts ^[[2m(^[[22m^[[2m6 tests^[[22m^[[2m)^[[22m^[[32m 13^[[2mms^[[22m^[[39m
quality (node 24)	Run npm test	2026-08-14T08:44:50.7178520Z  ^[[32m✓^[[39m packages/core/test/unit/scripts/boundary-scan.test.ts ^[[2m(^[[22m^[[2m10 tests^[[22m^[[2m)^[[22m^[[32m 71^[[2mms^[[22m^[[39m
quality (node 24)	Run npm test	2026-08-14T08:44:50.9588781Z  ^[[32m✓^[[39m packages/core/test/unit/runtime/clock-tick-identity.test.ts ^[[2m(^[[22m^[[2m4 tests^[[22m^[[2m)^[[22m^[[32m 14^[[2mms^[[22m^[[39m
quality (node 24)	Run npm test	2026-08-14T08:44:50.9858000Z  ^[[32m✓^[[39m packages/core/test/unit/runtime/publisher-flat-inputs.test.ts ^[[2m(^[[22m^[[2m3 tests^[[22m^[[2m)^[[22m^[[32m 10^[[2mms^[[22m^[[39m
quality (node 24)	Run npm test	2026-08-14T08:44:51.1733013Z  ^[[32m✓^[[39m packages/core/test/unit/runtime/patch-registry-structural-change.test.ts ^[[2m(^[[22m^[[2m7 tests^[[22m^[[2m)^[[22m^[[32m 9^[[2mms^[[22m^[[39m
quality (node 24)	Run npm test	2026-08-14T08:44:51.2190339Z  ^[[32m✓^[[39m packages/core/test/unit/graph/order.test.ts ^[[2m(^[[22m^[[2m8 tests^[[22m^[[2m)^[[22m^[[32m 12^[[2mms^[[22m^[[39m
quality (node 24)	Run npm test	2026-08-14T08:44:51.3691302Z  ^[[32m✓^[[39m packages/core/test/unit/graph/ir-validation.test.ts ^[[2m(^[[22m^[[2m6 tests^[[22m^[[2m)^[[22m^[[32m 11^[[2mms^[[22m^[[39m
quality (node 24)	Run npm test	2026-08-14T08:44:51.4511663Z  ^[[32m✓^[[39m packages/core/test/integration/cross-motion.test.ts ^[[2m(^[[22m^[[2m3 tests^[[22m^[[2m)^[[22m^[[32m 9^[[2mms^[[22m^[[39m
quality (node 24)	Run npm test	2026-08-14T08:44:51.6336721Z  ^[[32m✓^[[39m packages/core/test/integration/diagnostics.test.ts ^[[2m(^[[22m^[[2m4 tests^[[22m^[[2m)^[[22m^[[32m 16^[[2mms^[[22m^[[39m
quality (node 24)	Run npm test	2026-08-14T08:44:51.6985712Z  ^[[32m✓^[[39m packages/core/test/unit/runtime/composition-output-shape.test.ts ^[[2m(^[[22m^[[2m3 tests^[[22m^[[2m)^[[22m^[[32m 11^[[2mms^[[22m^[[39m
quality (node 24)	Run npm test	2026-08-14T08:44:51.9977767Z  ^[[32m✓^[[39m packages/core/test/unit/domain/plugin-contribution-contract.test.ts ^[[2m(^[[22m^[[2m4 tests^[[22m^[[2m)^[[22m^[[32m 11^[[2mms^[[22m^[[39m
quality (node 24)	Run npm test	2026-08-14T08:44:52.0416648Z  ^[[32m✓^[[39m packages/core/test/contract/gsap-authored-duration.test.ts ^[[2m(^[[22m^[[2m5 tests^[[22m^[[2m)^[[22m^[[32m 19^[[2mms^[[22m^[[39m
quality (node 24)	Run npm test	2026-08-14T08:44:52.2450707Z  ^[[32m✓^[[39m packages/core/test/unit/runtime/scheduler-reentrancy.test.ts ^[[2m(^[[22m^[[2m4 tests^[[22m^[[2m)^[[22m^[[32m 13^[[2mms^[[22m^[[39m
quality (node 24)	Run npm test	2026-08-14T08:44:52.2806990Z  ^[[32m✓^[[39m packages/core/test/unit/runtime/patch-registry-subscriber-errors.test.ts ^[[2m(^[[22m^[[2m4 tests^[[22m^[[2m)^[[22m^[[32m 9^[[2mms^[[22m^[[39m
quality (node 24)	Run npm test	2026-08-14T08:44:52.4591451Z  ^[[32m✓^[[39m packages/core/test/unit/domain/track.test.ts ^[[2m(^[[22m^[[2m5 tests^[[22m^[[2m)^[[22m^[[32m 13^[[2mms^[[22m^[[39m
quality (node 24)	Run npm test	2026-08-14T08:44:52.5463193Z  ^[[32m✓^[[39m packages/core/test/integration/engine-headless.test.ts ^[[2m(^[[22m^[[2m4 tests^[[22m^[[2m)^[[22m^[[32m 17^[[2mms^[[22m^[[39m
quality (node 24)	Run npm test	2026-08-14T08:44:52.5908190Z  ^[[32m✓^[[39m packages/core/test/unit/scripts/public-declaration-surface.test.ts ^[[2m(^[[22m^[[2m3 tests^[[22m^[[2m)^[[22m^[[33m 2910^[[2mms^[[22m^[[39m
quality (node 24)	Run npm test	2026-08-14T08:44:52.5929254Z      ^[[33m^[[2m✓^[[22m^[[39m scans the emitted entry declaration closure, not just source strings ^[[33m 2907^[[2mms^[[22m^[[39m
quality (node 24)	Run npm test	2026-08-14T08:44:52.6633360Z  ^[[32m✓^[[39m packages/core/test/integration/publisher-output-merge-consistency.test.ts ^[[2m(^[[22m^[[2m2 tests^[[22m^[[2m)^[[22m^[[32m 9^[[2mms^[[22m^[[39m
quality (node 24)	Run npm test	2026-08-14T08:44:52.7339442Z  ^[[32m✓^[[39m packages/core/test/integration/adoption.test.ts ^[[2m(^[[22m^[[2m4 tests^[[22m^[[2m)^[[22m^[[32m 10^[[2mms^[[22m^[[39m
quality (node 24)	Run npm test	2026-08-14T08:44:52.7828399Z  ^[[32m✓^[[39m packages/core/test/unit/graph/references.test.ts ^[[2m(^[[22m^[[2m7 tests^[[22m^[[2m)^[[22m^[[32m 7^[[2mms^[[22m^[[39m
quality (node 24)	Run npm test	2026-08-14T08:44:52.9143075Z  ^[[32m✓^[[39m packages/core/test/contract/gsap-absolute-stops.test.ts ^[[2m(^[[22m^[[2m3 tests^[[22m^[[2m)^[[22m^[[32m 17^[[2mms^[[22m^[[39m
quality (node 24)	Run npm test	2026-08-14T08:44:52.9266192Z  ^[[32m✓^[[39m packages/core/test/unit/runtime/patch-registry.test.ts ^[[2m(^[[22m^[[2m5 tests^[[22m^[[2m)^[[22m^[[32m 8^[[2mms^[[22m^[[39m
quality (node 24)	Run npm test	2026-08-14T08:44:52.9789912Z  ^[[32m✓^[[39m packages/core/test/integration/graph-publisher.test.ts ^[[2m(^[[22m^[[2m3 tests^[[22m^[[2m)^[[22m^[[32m 9^[[2mms^[[22m^[[39m
quality (node 24)	Run npm test	2026-08-14T08:44:53.1456838Z  ^[[32m✓^[[39m packages/core/test/contract/adapters.test.ts ^[[2m(^[[22m^[[2m4 tests^[[22m^[[2m)^[[22m^[[32m 10^[[2mms^[[22m^[[39m
quality (node 24)	Run npm test	2026-08-14T08:44:53.1518898Z  ^[[32m✓^[[39m packages/core/test/integration/remount.test.ts ^[[2m(^[[22m^[[2m2 tests^[[22m^[[2m)^[[22m^[[32m 17^[[2mms^[[22m^[[39m
quality (node 24)	Run npm test	2026-08-14T08:44:53.1928682Z  ^[[32m✓^[[39m packages/core/test/integration/graph-rollback.test.ts ^[[2m(^[[22m^[[2m4 tests^[[22m^[[2m)^[[22m^[[32m 12^[[2mms^[[22m^[[39m
quality (node 24)	Run npm test	2026-08-14T08:44:53.3374750Z  ^[[32m✓^[[39m packages/core/test/integration/motion-trigger-types.test.ts ^[[2m(^[[22m^[[2m5 tests^[[22m^[[2m)^[[22m^[[32m 12^[[2mms^[[22m^[[39m
quality (node 24)	Run npm test	2026-08-14T08:44:53.3835683Z  ^[[32m✓^[[39m packages/core/test/unit/domain/motion.test.ts ^[[2m(^[[22m^[[2m6 tests^[[22m^[[2m)^[[22m^[[32m 11^[[2mms^[[22m^[[39m
quality (node 24)	Run npm test	2026-08-14T08:44:53.3898130Z  ^[[32m✓^[[39m packages/core/test/integration/engine-load-validation.test.ts ^[[2m(^[[22m^[[2m4 tests^[[22m^[[2m)^[[22m^[[32m 13^[[2mms^[[22m^[[39m
quality (node 24)	Run npm test	2026-08-14T08:44:53.5364339Z  ^[[32m✓^[[39m packages/core/test/integration/graph-runtime.test.ts ^[[2m(^[[22m^[[2m4 tests^[[22m^[[2m)^[[22m^[[32m 13^[[2mms^[[22m^[[39m
quality (node 24)	Run npm test	2026-08-14T08:44:53.5776525Z  ^[[32m✓^[[39m packages/core/test/migration/v4-to-v5.test.ts ^[[2m(^[[22m^[[2m6 tests^[[22m^[[2m)^[[22m^[[32m 8^[[2mms^[[22m^[[39m
quality (node 24)	Run npm test	2026-08-14T08:44:53.5848339Z  ^[[32m✓^[[39m packages/core/test/integration/flush-output-merge.test.ts ^[[2m(^[[22m^[[2m2 tests^[[22m^[[2m)^[[22m^[[32m 7^[[2mms^[[22m^[[39m
quality (node 24)	Run npm test	2026-08-14T08:44:53.7186510Z  ^[[32m✓^[[39m packages/core/test/integration/dom-plugin-metadata.test.ts ^[[2m(^[[22m^[[2m2 tests^[[22m^[[2m)^[[22m^[[32m 8^[[2mms^[[22m^[[39m
quality (node 24)	Run npm test	2026-08-14T08:44:53.7667624Z  ^[[32m✓^[[39m packages/core/test/integration/dom-patch-apply.test.ts ^[[2m(^[[22m^[[2m2 tests^[[22m^[[2m)^[[22m^[[32m 6^[[2mms^[[22m^[[39m
quality (node 24)	Run npm test	2026-08-14T08:44:53.7797336Z  ^[[32m✓^[[39m packages/core/test/unit/runtime/patch-registry-listener-snapshot.test.ts ^[[2m(^[[22m^[[2m3 tests^[[22m^[[2m)^[[22m^[[32m 6^[[2mms^[[22m^[[39m
quality (node 24)	Run npm test	2026-08-14T08:44:53.8952647Z  ^[[32m✓^[[39m packages/core/test/unit/scripts/governance-gates.test.ts ^[[2m(^[[22m^[[2m5 tests^[[22m^[[2m)^[[22m^[[32m 8^[[2mms^[[22m^[[39m
quality (node 24)	Run npm test	2026-08-14T08:44:53.9714228Z  ^[[32m✓^[[39m packages/react/test/patch-store-lifecycle.test.ts ^[[2m(^[[22m^[[2m2 tests^[[22m^[[2m)^[[22m^[[32m 7^[[2mms^[[22m^[[39m
quality (node 24)	Run npm test	2026-08-14T08:44:53.9823950Z ^[[90mstderr^[[2m | packages/react/test/public-package-surface.test.ts^[[2m > ^[[22m^[[2mReact public package surface (C2)^[[2m > ^[[22m^[[2mrenders and updates through the package entry alone
quality (node 24)	Run npm test	2026-08-14T08:44:53.9846473Z ^[[22m^[[39mreact-test-renderer is deprecated. See https://react.dev/warnings/react-test-renderer
quality (node 24)	Run npm test	2026-08-14T08:44:53.9855790Z The current testing environment is not configured to support act(...)
quality (node 24)	Run npm test	2026-08-14T08:44:53.9857187Z The current testing environment is not configured to support act(...)
quality (node 24)	Run npm test	2026-08-14T08:44:53.9858320Z The current testing environment is not configured to support act(...)
quality (node 24)	Run npm test	2026-08-14T08:44:53.9859317Z 
quality (node 24)	Run npm test	2026-08-14T08:44:53.9883636Z  ^[[32m✓^[[39m packages/react/test/public-package-surface.test.ts ^[[2m(^[[22m^[[2m1 test^[[22m^[[2m)^[[22m^[[32m 18^[[2mms^[[22m^[[39m
quality (node 24)	Run npm test	2026-08-14T08:44:54.0710971Z  ^[[32m✓^[[39m packages/core/test/contract/gsap-sparse-percent-map.test.ts ^[[2m(^[[22m^[[2m3 tests^[[22m^[[2m)^[[22m^[[32m 14^[[2mms^[[22m^[[39m
quality (node 24)	Run npm test	2026-08-14T08:44:54.1824944Z  ^[[32m✓^[[39m packages/core/test/integration/project-runtime.test.ts ^[[2m(^[[22m^[[2m3 tests^[[22m^[[2m)^[[22m^[[32m 8^[[2mms^[[22m^[[39m
quality (node 24)	Run npm test	2026-08-14T08:44:54.1827960Z  ^[[32m✓^[[39m packages/core/test/contract/ports.test.ts ^[[2m(^[[22m^[[2m5 tests^[[22m^[[2m)^[[22m^[[32m 9^[[2mms^[[22m^[[39m
quality (node 24)	Run npm test	2026-08-14T08:44:54.2538679Z  ^[[32m✓^[[39m packages/core/test/unit/domain/plugin-contribution-completeness.test.ts ^[[2m(^[[22m^[[2m3 tests^[[22m^[[2m)^[[22m^[[32m 5^[[2mms^[[22m^[[39m
quality (node 24)	Run npm test	2026-08-14T08:44:54.3909852Z  ^[[32m✓^[[39m packages/core/test/unit/domain/s7-plugin-evidence.test.ts ^[[2m(^[[22m^[[2m3 tests^[[22m^[[2m)^[[22m^[[32m 9^[[2mms^[[22m^[[39m
quality (node 24)	Run npm test	2026-08-14T08:44:54.4417582Z  ^[[32m✓^[[39m packages/core/test/integration/partial-seed-inputs.test.ts ^[[2m(^[[22m^[[2m1 test^[[22m^[[2m)^[[22m^[[32m 5^[[2mms^[[22m^[[39m
quality (node 24)	Run npm test	2026-08-14T08:44:54.4467447Z  ^[[32m✓^[[39m packages/core/test/integration/end-to-end.test.ts ^[[2m(^[[22m^[[2m1 test^[[22m^[[2m)^[[22m^[[32m 14^[[2mms^[[22m^[[39m
quality (node 24)	Run npm test	2026-08-14T08:44:54.5954784Z  ^[[32m✓^[[39m packages/core/test/integration/contract-baseline.test.ts ^[[2m(^[[22m^[[2m5 tests^[[22m^[[2m)^[[22m^[[32m 15^[[2mms^[[22m^[[39m
quality (node 24)	Run npm test	2026-08-14T08:44:54.6310594Z  ^[[32m✓^[[39m packages/core/test/unit/domain/lifecycle.test.ts ^[[2m(^[[22m^[[2m5 tests^[[22m^[[2m)^[[22m^[[32m 8^[[2mms^[[22m^[[39m
quality (node 24)	Run npm test	2026-08-14T08:44:54.6658550Z  ^[[32m✓^[[39m packages/core/test/contract/gsap-paused-timeline.test.ts ^[[2m(^[[22m^[[2m2 tests^[[22m^[[2m)^[[22m^[[32m 6^[[2mms^[[22m^[[39m
quality (node 24)	Run npm test	2026-08-14T08:44:54.7792323Z  ^[[32m✓^[[39m packages/core/test/unit/graph/ids.test.ts ^[[2m(^[[22m^[[2m5 tests^[[22m^[[2m)^[[22m^[[32m 8^[[2mms^[[22m^[[39m
quality (node 24)	Run npm test	2026-08-14T08:44:54.8347428Z  ^[[32m✓^[[39m packages/core/test/unit/domain/values.test.ts ^[[2m(^[[22m^[[2m6 tests^[[22m^[[2m)^[[22m^[[32m 8^[[2mms^[[22m^[[39m
quality (node 24)	Run npm test	2026-08-14T08:44:54.8426950Z  ^[[32m✓^[[39m packages/core/test/unit/scripts/acceptance-scan.test.ts ^[[2m(^[[22m^[[2m3 tests^[[22m^[[2m)^[[22m^[[32m 15^[[2mms^[[22m^[[39m
quality (node 24)	Run npm test	2026-08-14T08:44:54.9642284Z  ^[[32m✓^[[39m packages/core/test/unit/runtime/patch-registry-retention.test.ts ^[[2m(^[[22m^[[2m2 tests^[[22m^[[2m)^[[22m^[[32m 8^[[2mms^[[22m^[[39m
quality (node 24)	Run npm test	2026-08-14T08:44:55.0181093Z  ^[[32m✓^[[39m packages/core/test/unit/graph/observation-projection-validation.test.ts ^[[2m(^[[22m^[[2m2 tests^[[22m^[[2m)^[[22m^[[32m 7^[[2mms^[[22m^[[39m
quality (node 24)	Run npm test	2026-08-14T08:44:55.1451540Z  ^[[32m✓^[[39m packages/core/test/integration/motion-trigger-lifecycle.test.ts ^[[2m(^[[22m^[[2m1 test^[[22m^[[2m)^[[22m^[[32m 6^[[2mms^[[22m^[[39m
quality (node 24)	Run npm test	2026-08-14T08:44:55.1923682Z  ^[[32m✓^[[39m packages/core/test/unit/scripts/mutation-config.test.ts ^[[2m(^[[22m^[[2m1 test^[[22m^[[2m)^[[22m^[[32m 8^[[2mms^[[22m^[[39m
quality (node 24)	Run npm test	2026-08-14T08:44:55.3328512Z  ^[[32m✓^[[39m packages/core/test/integration/dom-transform-removal.test.ts ^[[2m(^[[22m^[[2m2 tests^[[22m^[[2m)^[[22m^[[32m 7^[[2mms^[[22m^[[39m
quality (node 24)	Run npm test	2026-08-14T08:44:55.3785140Z  ^[[32m✓^[[39m packages/core/test/contract/s4-validation-owner.test.ts ^[[2m(^[[22m^[[2m2 tests^[[22m^[[2m)^[[22m^[[32m 4^[[2mms^[[22m^[[39m
quality (node 24)	Run npm test	2026-08-14T08:44:55.5476273Z  ^[[32m✓^[[39m packages/core/test/unit/domain/triggers.test.ts ^[[2m(^[[22m^[[2m6 tests^[[22m^[[2m)^[[22m^[[32m 12^[[2mms^[[22m^[[39m
quality (node 24)	Run npm test	2026-08-14T08:44:55.5683472Z  ^[[32m✓^[[39m packages/react/test/patch-store.test.ts ^[[2m(^[[22m^[[2m1 test^[[22m^[[2m)^[[22m^[[32m 7^[[2mms^[[22m^[[39m
quality (node 24)	Run npm test	2026-08-14T08:44:55.7387842Z  ^[[32m✓^[[39m packages/core/test/unit/scripts/s7-recovery-audit.test.ts ^[[2m(^[[22m^[[2m1 test^[[22m^[[2m)^[[22m^[[32m 6^[[2mms^[[22m^[[39m
quality (node 24)	Run npm test	2026-08-14T08:44:55.8248706Z ^[[90mstderr^[[2m | packages/react/test/public-hook-render.test.ts^[[2m > ^[[22m^[[2mReact public hook render/update (C2)^[[2m > ^[[22m^[[2mrenders the current patch and updates after publication
quality (node 24)	Run npm test	2026-08-14T08:44:55.8251791Z  ^[[32m✓^[[39m packages/react/test/public-hook-render.test.ts ^[[2m(^[[22m^[[2m1 test^[[22m^[[2m)^[[22m^[[32m 16^[[2mms^[[22m^[[39m
quality (node 24)	Run npm test	2026-08-14T08:44:55.8272162Z ^[[22m^[[39mreact-test-renderer is deprecated. See https://react.dev/warnings/react-test-renderer
quality (node 24)	Run npm test	2026-08-14T08:44:55.8274027Z The current testing environment is not configured to support act(...)
quality (node 24)	Run npm test	2026-08-14T08:44:55.8274636Z The current testing environment is not configured to support act(...)
quality (node 24)	Run npm test	2026-08-14T08:44:55.8275192Z The current testing environment is not configured to support act(...)
quality (node 24)	Run npm test	2026-08-14T08:44:55.8275475Z 
quality (node 24)	Run npm test	2026-08-14T08:44:56.0188926Z  ^[[32m✓^[[39m packages/core/test/integration/project-handle-surface.test.ts ^[[2m(^[[22m^[[2m1 test^[[22m^[[2m)^[[22m^[[32m 14^[[2mms^[[22m^[[39m
quality (node 24)	Run npm test	2026-08-14T08:44:56.0609618Z  ^[[32m✓^[[39m packages/core/test/integration/membership-gating.test.ts ^[[2m(^[[22m^[[2m1 test^[[22m^[[2m)^[[22m^[[32m 9^[[2mms^[[22m^[[39m
quality (node 24)	Run npm test	2026-08-14T08:44:56.2555013Z  ^[[32m✓^[[39m packages/core/test/integration/plugin-use-contract.test.ts ^[[2m(^[[22m^[[2m1 test^[[22m^[[2m)^[[22m^[[32m 5^[[2mms^[[22m^[[39m
quality (node 24)	Run npm test	2026-08-14T08:44:56.3069303Z  ^[[32m✓^[[39m packages/core/test/contract/gsap-multi-stop.test.ts ^[[2m(^[[22m^[[2m1 test^[[22m^[[2m)^[[22m^[[32m 6^[[2mms^[[22m^[[39m
quality (node 24)	Run npm test	2026-08-14T08:44:56.5454787Z  ^[[32m✓^[[39m packages/core/test/unit/placeholder.test.ts ^[[2m(^[[22m^[[2m2 tests^[[22m^[[2m)^[[22m^[[32m 5^[[2mms^[[22m^[[39m
quality (node 24)	Run npm test	2026-08-14T08:44:56.7406750Z  ^[[32m✓^[[39m packages/core/test/integration/golden-roundtrip.test.ts ^[[2m(^[[22m^[[2m1 test^[[22m^[[2m)^[[22m^[[32m 12^[[2mms^[[22m^[[39m
quality (node 24)	Run npm test	2026-08-14T08:44:56.9268664Z  ^[[32m✓^[[39m packages/react/test/public-hook.test.ts ^[[2m(^[[22m^[[2m1 test^[[22m^[[2m)^[[22m^[[32m 4^[[2mms^[[22m^[[39m
quality (node 24)	Run npm test	2026-08-14T08:44:57.5274228Z  ^[[32m✓^[[39m packages/core/test/unit/scripts/api-surface-check.test.ts ^[[2m(^[[22m^[[2m5 tests^[[22m^[[2m)^[[22m^[[33m 2510^[[2mms^[[22m^[[39m
quality (node 24)	Run npm test	2026-08-14T08:44:57.5276595Z      ^[[33m^[[2m✓^[[22m^[[39m accepts the committed public declaration surface ^[[33m 2505^[[2mms^[[22m^[[39m
quality (node 24)	Run npm test	2026-08-14T08:45:01.7119314Z  ^[[31m❯^[[39m packages/core/test/unit/scripts/packed-consumer-check.test.ts ^[[2m(^[[22m^[[2m2 tests^[[22m^[[2m | ^[[22m^[[31m1 failed^[[39m^[[2m)^[[22m^[[33m 5257^[[2mms^[[22m^[[39m
quality (node 24)	Run npm test	2026-08-14T08:45:01.7121271Z ^[[31m     ^[[31m×^[[31m accepts documented ESM and TypeScript imports from the packed core artifact^[[39m^[[33m 2783^[[2mms^[[22m^[[39m
quality (node 24)	Run npm test	2026-08-14T08:45:01.7122807Z      ^[[33m^[[2m✓^[[22m^[[39m rejects deep wildcard imports that bypass the documented export map ^[[33m 2473^[[2mms^[[22m^[[39m
quality (node 24)	Run npm test	2026-08-14T08:45:01.7153432Z 
quality (node 24)	Run npm test	2026-08-14T08:45:01.7154133Z ^[[31m⎯⎯⎯⎯⎯⎯⎯^[[39m^[[1m^[[41m Failed Tests 1 ^[[49m^[[22m^[[31m⎯⎯⎯⎯⎯⎯⎯^[[39m
quality (node 24)	Run npm test	2026-08-14T08:45:01.7154546Z 
quality (node 24)	Run npm test	2026-08-14T08:45:01.7157640Z ^[[41m^[[1m FAIL ^[[22m^[[49m packages/core/test/unit/scripts/packed-consumer-check.test.ts^[[2m > ^[[22mP6-02 packed package consumer^[[2m > ^[[22maccepts documented ESM and TypeScript imports from the packed core artifact
quality (node 24)	Run npm test	2026-08-14T08:45:01.7161706Z ^[[31m^[[1mAssertionError^[[22m: promise rejected "Error: Command failed: node esm.mjs
quality (node 24)	Run npm test	2026-08-14T08:45:01.7162664Z node:… { …(6) }" instead of resolving^[[39m
quality (node 24)	Run npm test	2026-08-14T08:45:01.7163805Z ^[[36m ^[[2m❯^[[22m packages/core/test/unit/scripts/packed-consumer-check.test.ts:^[[2m6:40^[[22m^[[39m
quality (node 24)	Run npm test	2026-08-14T08:45:01.7188575Z     ^[[90m  4|^[[39m ^[[34mdescribe^[[39m(^[[32m"P6-02 packed package consumer"^[[39m^[[33m,^[[39m () ^[[33m=>^[[39m {
quality (node 24)	Run npm test	2026-08-14T08:45:01.7189697Z     ^[[90m  5|^[[39m   it("accepts documented ESM and TypeScript imports from the packed co…
quality (node 24)	Run npm test	2026-08-14T08:45:01.7193401Z     ^[[90m  6|^[[39m     await expect(checkPackedConsumer()).resolves.toEqual({ ok: true, e…
quality (node 24)	Run npm test	2026-08-14T08:45:01.7194274Z     ^[[90m   |^[[39m                                        ^[[31m^^[[39m
quality (node 24)	Run npm test	2026-08-14T08:45:01.7194840Z     ^[[90m  7|^[[39m   })^[[33m;^[[39m
quality (node 24)	Run npm test	2026-08-14T08:45:01.7195279Z     ^[[90m  8|^[[39m
quality (node 24)	Run npm test	2026-08-14T08:45:01.7195483Z 
quality (node 24)	Run npm test	2026-08-14T08:45:01.7196113Z ^[[31m^[[1mCaused by: Error^[[22m: Command failed: node esm.mjs
quality (node 24)	Run npm test	2026-08-14T08:45:01.7196712Z node:internal/modules/esm/resolve:271
quality (node 24)	Run npm test	2026-08-14T08:45:01.7197513Z     throw new ERR_MODULE_NOT_FOUND(
quality (node 24)	Run npm test	2026-08-14T08:45:01.7197920Z           ^
quality (node 24)	Run npm test	2026-08-14T08:45:01.7198088Z 
quality (node 24)	Run npm test	2026-08-14T08:45:01.7199905Z Error [ERR_MODULE_NOT_FOUND]: Cannot find module '/home/runner/work/motion5/motion5/.tmp-package-consumer-NZH044/consumer/node_modules/@motion5/core/dist/index.js' imported from /home/runner/work/motion5/motion5/.tmp-package-consumer-NZH044/consumer/esm.mjs
quality (node 24)	Run npm test	2026-08-14T08:45:01.7201311Z     at finalizeResolution (node:internal/modules/esm/resolve:271:11)
quality (node 24)	Run npm test	2026-08-14T08:45:01.7202084Z     at moduleResolve (node:internal/modules/esm/resolve:865:10)
quality (node 24)	Run npm test	2026-08-14T08:45:01.7202791Z     at defaultResolve (node:internal/modules/esm/resolve:992:11)
quality (node 24)	Run npm test	2026-08-14T08:45:01.7203538Z     at #cachedDefaultResolve (node:internal/modules/esm/loader:701:20)
quality (node 24)	Run npm test	2026-08-14T08:45:01.7204429Z     at #resolveAndMaybeBlockOnLoaderThread (node:internal/modules/esm/loader:721:38)
quality (node 24)	Run npm test	2026-08-14T08:45:01.7205335Z     at ModuleLoader.resolveSync (node:internal/modules/esm/loader:759:56)
quality (node 24)	Run npm test	2026-08-14T08:45:01.7206216Z     at #resolve (node:internal/modules/esm/loader:683:17)
quality (node 24)	Run npm test	2026-08-14T08:45:01.7207002Z     at ModuleLoader.getOrCreateModuleJob (node:internal/modules/esm/loader:603:35)
quality (node 24)	Run npm test	2026-08-14T08:45:01.7207866Z     at ModuleJob.syncLink (node:internal/modules/esm/module_job:163:33)
quality (node 24)	Run npm test	2026-08-14T08:45:01.7208631Z     at ModuleJob.link (node:internal/modules/esm/module_job:253:17) {
quality (node 24)	Run npm test	2026-08-14T08:45:01.7209232Z   code: 'ERR_MODULE_NOT_FOUND',
quality (node 24)	Run npm test	2026-08-14T08:45:01.7210217Z   url: 'file:///home/runner/work/motion5/motion5/.tmp-package-consumer-NZH044/consumer/node_modules/@motion5/core/dist/index.js'
quality (node 24)	Run npm test	2026-08-14T08:45:01.7210816Z }
quality (node 24)	Run npm test	2026-08-14T08:45:01.7210928Z 
quality (node 24)	Run npm test	2026-08-14T08:45:01.7211020Z Node.js v24.19.0
quality (node 24)	Run npm test	2026-08-14T08:45:01.7211291Z ^[[39m
quality (node 24)	Run npm test	2026-08-14T08:45:01.7211648Z ^[[31m^[[2m⎯⎯⎯⎯⎯⎯⎯⎯⎯⎯⎯⎯⎯⎯⎯⎯⎯⎯⎯⎯⎯⎯⎯⎯⎯⎯⎯⎯⎯⎯^[[22m^[[39m
quality (node 24)	Run npm test	2026-08-14T08:45:01.7222604Z ^[[31m^[[1mSerialized Error:^[[22m^[[39m ^[[90m{ code: 1, killed: false, signal: null, cmd: 'node esm.mjs', stdout: '', stderr: 'node:internal/modules/esm/resolve:271\n    throw new ERR_MODULE_NOT_FOUND(\n          ^\n\nError [ERR_MODULE_NOT_FOUND]: Cannot find module \'/home/runner/work/motion5/motion5/.tmp-package-consumer-NZH044/consumer/node_modules/@motion5/core/dist/index.js\' imported from /home/runner/work/motion5/motion5/.tmp-package-consumer-NZH044/consumer/esm.mjs\n    at finalizeResolution (node:internal/modules/esm/resolve:271:11)\n    at moduleResolve (node:internal/modules/esm/resolve:865:10)\n    at defaultResolve (node:internal/modules/esm/resolve:992:11)\n    at #cachedDefaultResolve (node:internal/modules/esm/loader:701:20)\n    at #resolveAndMaybeBlockOnLoaderThread (node:internal/modules/esm/loader:721:38)\n    at ModuleLoader.resolveSync (node:internal/modules/esm/loader:759:56)\n    at #resolve (node:internal/modules/esm/loader:683:17)\n    at ModuleLoader.getOrCreateModuleJob (node:internal/modules/esm/loader:603:35)\n    at ModuleJob.syncLink (node:internal/modules/esm/module_job:163:33)\n    at ModuleJob.link (node:internal/modules/esm/module_job:253:17) {\n  code: \'ERR_MODULE_NOT_FOUND\',\n  url: \'file:///home/runner/work/motion5/motion5/.tmp-package-consumer-NZH044/consumer/node_modules/@motion5/core/dist/index.js\'\n}\n\nNode.js v24.19.0\n' }^[[39m
quality (node 24)	Run npm test	2026-08-14T08:45:01.7229896Z ^[[31m^[[2m⎯⎯⎯⎯⎯⎯⎯⎯⎯⎯⎯⎯⎯⎯⎯⎯⎯⎯⎯⎯⎯⎯⎯⎯[1/1]⎯^[[22m^[[39m
quality (node 24)	Run npm test	2026-08-14T08:45:01.7230278Z 
quality (node 24)	Run npm test	2026-08-14T08:45:01.7230304Z 
quality (node 24)	Run npm test	2026-08-14T08:45:01.7231065Z ^[[2m Test Files ^[[22m ^[[1m^[[31m1 failed^[[39m^[[22m^[[2m | ^[[22m^[[1m^[[32m75 passed^[[39m^[[22m^[[90m (76)^[[39m
quality (node 24)	Run npm test	2026-08-14T08:45:01.7232002Z ^[[2m      Tests ^[[22m ^[[1m^[[31m1 failed^[[39m^[[22m^[[2m | ^[[22m^[[1m^[[32m282 passed^[[39m^[[22m^[[90m (283)^[[39m
quality (node 24)	Run npm test	2026-08-14T08:45:01.7232531Z ^[[2m   Start at ^[[22m 08:44:49
quality (node 24)	Run npm test	2026-08-14T08:45:01.7233197Z ^[[2m   Duration ^[[22m 12.30s^[[2m (transform 1.24s, setup 0ms, import 3.53s, tests 11.53s, environment 10ms)^[[22m
quality (node 24)	Run npm test	2026-08-14T08:45:01.7233585Z 
quality (node 24)	Run npm test	2026-08-14T08:45:01.7238771Z 
quality (node 24)	Run npm test	2026-08-14T08:45:01.7285250Z ##[error]AssertionError: promise rejected "Error: Command failed: node esm.mjs
quality (node 24)	Run npm test	node:… { …(6) }" instead of resolving
quality (node 24)	Run npm test	 ❯ packages/core/test/unit/scripts/packed-consumer-check.test.ts:6:40
quality (node 24)	Run npm test	
quality (node 24)	Run npm test	Caused by: Caused by: Error: Command failed: node esm.mjs
quality (node 24)	Run npm test	node:internal/modules/esm/resolve:271
quality (node 24)	Run npm test	    throw new ERR_MODULE_NOT_FOUND(
quality (node 24)	Run npm test	          ^
quality (node 24)	Run npm test	
quality (node 24)	Run npm test	Error [ERR_MODULE_NOT_FOUND]: Cannot find module '/home/runner/work/motion5/motion5/.tmp-package-consumer-NZH044/consumer/node_modules/@motion5/core/dist/index.js' imported from /home/runner/work/motion5/motion5/.tmp-package-consumer-NZH044/consumer/esm.mjs
quality (node 24)	Run npm test	    at finalizeResolution (node:internal/modules/esm/resolve:271:11)
quality (node 24)	Run npm test	    at moduleResolve (node:internal/modules/esm/resolve:865:10)
quality (node 24)	Run npm test	    at defaultResolve (node:internal/modules/esm/resolve:992:11)
quality (node 24)	Run npm test	    at #cachedDefaultResolve (node:internal/modules/esm/loader:701:20)
quality (node 24)	Run npm test	    at #resolveAndMaybeBlockOnLoaderThread (node:internal/modules/esm/loader:721:38)
quality (node 24)	Run npm test	    at ModuleLoader.resolveSync (node:internal/modules/esm/loader:759:56)
quality (node 24)	Run npm test	    at #resolve (node:internal/modules/esm/loader:683:17)
quality (node 24)	Run npm test	    at ModuleLoader.getOrCreateModuleJob (node:internal/modules/esm/loader:603:35)
quality (node 24)	Run npm test	    at ModuleJob.syncLink (node:internal/modules/esm/module_job:163:33)
quality (node 24)	Run npm test	    at ModuleJob.link (node:internal/modules/esm/module_job:253:17) {
quality (node 24)	Run npm test	  code: 'ERR_MODULE_NOT_FOUND',
quality (node 24)	Run npm test	  url: 'file:///home/runner/work/motion5/motion5/.tmp-package-consumer-NZH044/consumer/node_modules/@motion5/core/dist/index.js'
quality (node 24)	Run npm test	}
quality (node 24)	Run npm test	
quality (node 24)	Run npm test	Node.js v24.19.0
quality (node 24)	Run npm test	
quality (node 24)	Run npm test	⎯⎯⎯⎯⎯⎯⎯⎯⎯⎯⎯⎯⎯⎯⎯⎯⎯⎯⎯⎯⎯⎯⎯⎯⎯⎯⎯⎯⎯⎯
quality (node 24)	Run npm test	Serialized Error: { code: 1, killed: false, signal: null, cmd: 'node esm.mjs', stdout: '', stderr: 'node:internal/modules/esm/resolve:271\n    throw new ERR_MODULE_NOT_FOUND(\n          ^\n\nError [ERR_MODULE_NOT_FOUND]: Cannot find module \'/home/runner/work/motion5/motion5/.tmp-package-consumer-NZH044/consumer/node_modules/@motion5/core/dist/index.js\' imported from /home/runner/work/motion5/motion5/.tmp-package-consumer-NZH044/consumer/esm.mjs\n    at finalizeResolution (node:internal/modules/esm/resolve:271:11)\n    at moduleResolve (node:internal/modules/esm/resolve:865:10)\n    at defaultResolve (node:internal/modules/esm/resolve:992:11)\n    at #cachedDefaultResolve (node:internal/modules/esm/loader:701:20)\n    at #resolveAndMaybeBlockOnLoaderThread (node:internal/modules/esm/loader:721:38)\n    at ModuleLoader.resolveSync (node:internal/modules/esm/loader:759:56)\n    at #resolve (node:internal/modules/esm/loader:683:17)\n    at ModuleLoader.getOrCreateModuleJob (node:internal/modules/esm/loader:603:35)\n    at ModuleJob.syncLink (node:internal/modules/esm/module_job:163:33)\n    at ModuleJob.link (node:internal/modules/esm/module_job:253:17) {\n  code: \'ERR_MODULE_NOT_FOUND\',\n  url: \'file:///home/runner/work/motion5/motion5/.tmp-package-consumer-NZH044/consumer/node_modules/@motion5/core/dist/index.js\'\n}\n\nNode.js v24.19.0\n' }
quality (node 24)	Run npm test	
quality (node 24)	Run npm test	2026-08-14T08:45:01.7609915Z ##[error]Process completed with exit code 1.
